Archive member included to satisfy reference by file (symbol)

/usr/lib/gcc/arm-none-eabi/15/../../../../arm-none-eabi/lib/thumb/v7-m/nofp/libc.a(interrupt.c.o)
                              /usr/lib/gcc/arm-none-eabi/15/../../../../arm-none-eabi/lib/thumb/v7-m/nofp/crt0.o (__interrupt_vector)
/usr/lib/gcc/arm-none-eabi/15/../../../../arm-none-eabi/lib/thumb/v7-m/nofp/libc.a(memcpy.S.o)
                              /usr/lib/gcc/arm-none-eabi/15/../../../../arm-none-eabi/lib/thumb/v7-m/nofp/crt0.o (memcpy)
/usr/lib/gcc/arm-none-eabi/15/../../../../arm-none-eabi/lib/thumb/v7-m/nofp/libc.a(memset.c.o)
                              /usr/lib/gcc/arm-none-eabi/15/../../../../arm-none-eabi/lib/thumb/v7-m/nofp/crt0.o (memset)
/usr/lib/gcc/arm-none-eabi/15/../../../../arm-none-eabi/lib/thumb/v7-m/nofp/libc.a(set_tls.c.o)
                              /usr/lib/gcc/arm-none-eabi/15/../../../../arm-none-eabi/lib/thumb/v7-m/nofp/crt0.o (_set_tls)
/usr/lib/gcc/arm-none-eabi/15/../../../../arm-none-eabi/lib/thumb/v7-m/nofp/libc.a(tls.c.o)
                              /usr/lib/gcc/arm-none-eabi/15/../../../../arm-none-eabi/lib/thumb/v7-m/nofp/libc.a(set_tls.c.o) (__tls)
/usr/lib/gcc/arm-none-eabi/15/../../../../arm-none-eabi/lib/thumb/v7-m/nofp/libc.a(libc_misc_init.c.o)
                              /usr/lib/gcc/arm-none-eabi/15/../../../../arm-none-eabi/lib/thumb/v7-m/nofp/crt0.o (__libc_init_array)
/usr/lib/gcc/arm-none-eabi/15/thumb/v7-m/nofp/libgcc.a(_aeabi_uldivmod.o)
                              src/util/tinyprintf.o (__aeabi_uldivmod)
/usr/lib/gcc/arm-none-eabi/15/thumb/v7-m/nofp/libgcc.a(_udivmoddi4.o)
                              /usr/lib/gcc/arm-none-eabi/15/thumb/v7-m/nofp/libgcc.a(_aeabi_uldivmod.o) (__udivmoddi4)
/usr/lib/gcc/arm-none-eabi/15/thumb/v7-m/nofp/libgcc.a(_dvmd_tls.o)
                              /usr/lib/gcc/arm-none-eabi/15/thumb/v7-m/nofp/libgcc.a(_aeabi_uldivmod.o) (__aeabi_ldiv0)
/usr/lib/gcc/arm-none-eabi/15/../../../../arm-none-eabi/lib/thumb/v7-m/nofp/libc.a(strlen.c.o)
                              src/btctl/vendor_request_handler.o (strlen)

Merging object attributes


Discarded input sections

 .text          0x00000000       0x44 /usr/lib/gcc/arm-none-eabi/15/../../../../arm-none-eabi/lib/thumb/v7-m/nofp/crt0.o
 .data          0x00000000        0x0 /usr/lib/gcc/arm-none-eabi/15/../../../../arm-none-eabi/lib/thumb/v7-m/nofp/crt0.o
 .bss           0x00000000        0x0 /usr/lib/gcc/arm-none-eabi/15/../../../../arm-none-eabi/lib/thumb/v7-m/nofp/crt0.o
 .comment       0x00000000       0x27 /usr/lib/gcc/arm-none-eabi/15/../../../../arm-none-eabi/lib/thumb/v7-m/nofp/crt0.o
 .debug_aranges
                0x00000000       0x20 /usr/lib/gcc/arm-none-eabi/15/../../../../arm-none-eabi/lib/thumb/v7-m/nofp/crt0.o
 .debug_info    0x00000000      0x200 /usr/lib/gcc/arm-none-eabi/15/../../../../arm-none-eabi/lib/thumb/v7-m/nofp/crt0.o
 .debug_abbrev  0x00000000      0x155 /usr/lib/gcc/arm-none-eabi/15/../../../../arm-none-eabi/lib/thumb/v7-m/nofp/crt0.o
 .debug_line    0x00000000      0x168 /usr/lib/gcc/arm-none-eabi/15/../../../../arm-none-eabi/lib/thumb/v7-m/nofp/crt0.o
 .debug_frame   0x00000000       0x28 /usr/lib/gcc/arm-none-eabi/15/../../../../arm-none-eabi/lib/thumb/v7-m/nofp/crt0.o
 .debug_str     0x00000000      0x1e3 /usr/lib/gcc/arm-none-eabi/15/../../../../arm-none-eabi/lib/thumb/v7-m/nofp/crt0.o
 .ARM.attributes
                0x00000000       0x2d /usr/lib/gcc/arm-none-eabi/15/../../../../arm-none-eabi/lib/thumb/v7-m/nofp/crt0.o
 .text          0x00000000        0x0 /usr/lib/gcc/arm-none-eabi/15/../../../../arm-none-eabi/lib/thumb/v7-m/nofp/libc.a(interrupt.c.o)
 .data          0x00000000        0x0 /usr/lib/gcc/arm-none-eabi/15/../../../../arm-none-eabi/lib/thumb/v7-m/nofp/libc.a(interrupt.c.o)
 .bss           0x00000000        0x0 /usr/lib/gcc/arm-none-eabi/15/../../../../arm-none-eabi/lib/thumb/v7-m/nofp/libc.a(interrupt.c.o)
 .text.arm_halt_isr
                0x00000000        0x4 /usr/lib/gcc/arm-none-eabi/15/../../../../arm-none-eabi/lib/thumb/v7-m/nofp/libc.a(interrupt.c.o)
 .text.arm_ignore_isr
                0x00000000        0x4 /usr/lib/gcc/arm-none-eabi/15/../../../../arm-none-eabi/lib/thumb/v7-m/nofp/libc.a(interrupt.c.o)
 .text.init.enter
                0x00000000       0x40 /usr/lib/gcc/arm-none-eabi/15/../../../../arm-none-eabi/lib/thumb/v7-m/nofp/libc.a(interrupt.c.o)
 .debug_info    0x00000000      0x109 /usr/lib/gcc/arm-none-eabi/15/../../../../arm-none-eabi/lib/thumb/v7-m/nofp/libc.a(interrupt.c.o)
 .debug_abbrev  0x00000000       0xd5 /usr/lib/gcc/arm-none-eabi/15/../../../../arm-none-eabi/lib/thumb/v7-m/nofp/libc.a(interrupt.c.o)
 .debug_aranges
                0x00000000       0x28 /usr/lib/gcc/arm-none-eabi/15/../../../../arm-none-eabi/lib/thumb/v7-m/nofp/libc.a(interrupt.c.o)
 .debug_rnglists
                0x00000000       0x19 /usr/lib/gcc/arm-none-eabi/15/../../../../arm-none-eabi/lib/thumb/v7-m/nofp/libc.a(interrupt.c.o)
[...]
Memory Configuration

Name             Origin             Length             Attributes
rom              0x00004000         0x0001c000         xr
ram              0x10000000         0x00004000         xrw
*default*        0x00000000         0xffffffff

Linker script and memory map

LOAD /usr/lib/gcc/arm-none-eabi/15/../../../../arm-none-eabi/lib/thumb/v7-m/nofp/crt0.o
START GROUP
LOAD /usr/lib/gcc/arm-none-eabi/15/../../../../arm-none-eabi/lib/thumb/v7-m/nofp/libc.a
LOAD /usr/lib/gcc/arm-none-eabi/15/../../../../arm-none-eabi/lib/thumb/v7-m/nofp/libg.a
LOAD /usr/lib/gcc/arm-none-eabi/15/thumb/v7-m/nofp/libgcc.a
LOAD /usr/lib/gcc/arm-none-eabi/15/../../../../arm-none-eabi/lib/thumb/v7-m/nofp/libm.a
END GROUP
LOAD src/drivers/ubertooth_dma.o
LOAD src/drivers/ubertooth_usb.o
LOAD src/btctl/vendor_request_handler.o
LOAD src/btctl/btctl.o
LOAD src/btctl/main.o
LOAD src/codec/perm5.o
LOAD src/codec/btbb.o
LOAD src/codec/packet_proc.o
LOAD src/codec/codec.o
LOAD src/codec/bitstream_proc.o
LOAD src/util/mem_pool.o
LOAD src/util/fault.o
LOAD src/util/console.o
LOAD src/util/debug.o
LOAD src/util/tinyprintf.o
LOAD src/util/queue.o
LOAD src/btphy/hop.o
LOAD src/btphy/slave_state.o
LOAD src/btphy/master_state.o
LOAD src/btphy/scan_task.o
LOAD src/btphy/page_scan_state.o
LOAD src/btphy/tx_task.o
LOAD src/btphy/monitor1_state.o
LOAD src/btphy/inquiry_state.o
LOAD src/btphy/rx_task.o
LOAD src/btphy/ll.o
LOAD src/btphy/inquiry_scan_state.o
LOAD src/btphy/btphy.o
LOAD src/btphy/paging_state.o
LOAD src/btphy/monitor2_state.o
LOAD src/btphy/rf.o
LOAD src/btphy/tdma_sched.o
LOAD ../common/usb_serial.o
LOAD ../common/serial_fifo.o
LOAD ../common/LPC17xx_Startup.o
LOAD ../common/LPC17xx_Interrupts.o
LOAD ../common/ubertooth.o
LOAD ../common/lpcusb/target/usbcontrol.o
LOAD ../common/lpcusb/target/usbinit.o
LOAD ../common/lpcusb/target/usbhw_lpc.o
LOAD ../common/lpcusb/target/usbstdreq.o
START GROUP
LOAD /usr/lib/gcc/arm-none-eabi/15/thumb/v7-m/nofp/libgcc.a
START GROUP
LOAD /usr/lib/gcc/arm-none-eabi/15/../../../../arm-none-eabi/lib/thumb/v7-m/nofp/libc.a
LOAD /usr/lib/gcc/arm-none-eabi/15/thumb/v7-m/nofp/libgcc.a
END GROUP
END GROUP
START GROUP
LOAD /usr/lib/gcc/arm-none-eabi/15/thumb/v7-m/nofp/libgcc.a
LOAD /usr/lib/gcc/arm-none-eabi/15/../../../../arm-none-eabi/lib/thumb/v7-m/nofp/libc.a
LOAD /usr/lib/gcc/arm-none-eabi/15/../../../../arm-none-eabi/lib/thumb/v7-m/nofp/libm.a
LOAD /usr/lib/gcc/arm-none-eabi/15/../../../../arm-none-eabi/lib/thumb/v7-m/nofp/libnosys.a
END GROUP

.text           0x00004000     0xa960
                0x00004000                        . = ALIGN (0x400)
                0x00004000                        _interrupt_vector_table = .
 *(.irq_handler_table)
 .irq_handler_table
                0x00004000       0xcc ../common/LPC17xx_Interrupts.o
                0x00004000                _NVIC_Handler_Functions
 *(.text .text.* .gnu.linkonce.t.*)
 .text          0x000040cc       0xec /usr/lib/gcc/arm-none-eabi/15/../../../../arm-none-eabi/lib/thumb/v7-m/nofp/libc.a(memcpy.S.o)
                0x000040cc                memcpy
                0x000040cc                __aeabi_memcpy
                0x000040cc                __aeabi_memcpy4
                0x000040cc                __aeabi_memcpy8
 .text.memset   0x000041b8       0xa0 /usr/lib/gcc/arm-none-eabi/15/../../../../arm-none-eabi/lib/thumb/v7-m/nofp/libc.a(memset.c.o)
                0x000041b8                memset
 .text.__libc_init_array
                0x00004258       0x20 /usr/lib/gcc/arm-none-eabi/15/../../../../arm-none-eabi/lib/thumb/v7-m/nofp/libc.a(libc_misc_init.c.o)
                0x00004258                __libc_init_array
 .text.DMA_IRQHandler
                0x00004278       0x1c src/drivers/ubertooth_dma.o
                0x00004278                DMA_IRQHandler
 .text.dma_poweron
                0x00004294       0x70 src/drivers/ubertooth_dma.o
                0x00004294                dma_poweron
 .text.dio_ssp_stop
                0x00004304       0x60 src/drivers/ubertooth_dma.o
                0x00004304                dio_ssp_stop
 .text.dio_ssp_start_rx
                0x00004364       0x44 src/drivers/ubertooth_dma.o
                0x00004364                dio_ssp_start_rx
 .text.dma_init_rx_single
                0x000043a8       0x40 src/drivers/ubertooth_dma.o
                0x000043a8                dma_init_rx_single
 .text.dma_get_rx_offset
                0x000043e8       0x18 src/drivers/ubertooth_dma.o
                0x000043e8                dma_get_rx_offset
 .text.usb_vendor_request_handler
                0x00004400       0x34 src/drivers/ubertooth_usb.o
                0x00004400                usb_vendor_request_handler
 .text.usb_bulk_out_handler
                0x00004434       0xdc src/drivers/ubertooth_usb.o
                0x00004434                usb_bulk_out_handler
 .text.set_serial_descriptor
                0x00004510       0x58 src/drivers/ubertooth_usb.o
                0x00004510                set_serial_descriptor
 .text.ubertooth_usb_init
                0x00004568       0x5c src/drivers/ubertooth_usb.o
                0x00004568                ubertooth_usb_init
 .text.usb_send_sync
                0x000045c4       0x40 src/drivers/ubertooth_usb.o
                0x000045c4                usb_send_sync
 .text.usb_work
                0x00004604      0x154 src/drivers/ubertooth_usb.o
                0x00004604                usb_work
 .text.vendor_request_handler
                0x00004758      0x1f0 src/btctl/vendor_request_handler.o
                0x00004758                vendor_request_handler
 .text.btctl_set_state
                0x00004948      0x144 src/btctl/btctl.o
                0x00004948                btctl_set_state
 .text.btctl_work
                0x00004a8c      0x1a8 src/btctl/btctl.o
                0x00004a8c                btctl_work
 .text.btctl_init
                0x00004c34       0x2c src/btctl/btctl.o
                0x00004c34                btctl_init
 .text.startup.main
                0x00004c60       0x4c src/btctl/main.o
                0x00004c60                main
 .text.btbb_gen_syncword
                0x00004cac       0x3c src/codec/btbb.o
                0x00004cac                btbb_gen_syncword
 .text.bbpkt_fhs_prepare_payload
                0x00004ce8       0x68 src/codec/packet_proc.o
                0x00004ce8                bbpkt_fhs_prepare_payload
 .text.bbpkt_fhs_finalize_payload
                0x00004d50       0x2c src/codec/packet_proc.o
                0x00004d50                bbpkt_fhs_finalize_payload
 .text.bbpkt_decode_fhs
                0x00004d7c       0x5c src/codec/packet_proc.o
                0x00004d7c                bbpkt_decode_fhs
 .text.bbcodec_decode_header
                0x00004dd8      0x188 src/codec/codec.o
                0x00004dd8                bbcodec_decode_header
 .text.bbcodec_encode_header
                0x00004f60      0x12c src/codec/codec.o
                0x00004f60                bbcodec_encode_header
 .text.bbcodec_encode_chunk
                0x0000508c       0xc0 src/codec/codec.o
                0x0000508c                bbcodec_encode_chunk
 .text.bbcodec_decode_chunk
                0x0000514c      0x180 src/codec/codec.o
                0x0000514c                bbcodec_decode_chunk
 .text.bbcodec_decode_finalize
                0x000052cc       0x58 src/codec/codec.o
                0x000052cc                bbcodec_decode_finalize
 .text.null_decode
                0x00005324       0x44 src/codec/bitstream_proc.o
                0x00005324                null_decode
 .text.null_encode
                0x00005368       0x6c src/codec/bitstream_proc.o
                0x00005368                null_encode
 .text.whiten   0x000053d4       0x70 src/codec/bitstream_proc.o
                0x000053d4                whiten
 .text.fec23    0x00005444      0x19c src/codec/bitstream_proc.o
                0x00005444                fec23
 .text.unfec23_10bytes
                0x000055e0      0x250 src/codec/bitstream_proc.o
                0x000055e0                unfec23_10bytes
 .text.unfec23  0x00005830      0x1f4 src/codec/bitstream_proc.o
                0x00005830                unfec23
 .text.fec13    0x00005a24      0x198 src/codec/bitstream_proc.o
                0x00005a24                fec13
 .text.mem_pool_init
                0x00005bbc       0x9c src/util/mem_pool.o
                0x00005bbc                mem_pool_init
 .text.mem_pool_alloc
                0x00005c58       0x48 src/util/mem_pool.o
                0x00005c58                mem_pool_alloc
 .text.mem_pool_free
                0x00005ca0       0x20 src/util/mem_pool.o
                0x00005ca0                mem_pool_free
 .text.dump_debug_registers
                0x00005cc0       0xa8 src/util/fault.o
 .text.die      0x00005d68       0x48 src/util/fault.o
                0x00005d68                die
 .text.HardFault_Handler
                0x00005db0       0x28 src/util/fault.o
                0x00005db0                HardFault_Handler
 .text.MemManagement_Handler
                0x00005dd8       0x28 src/util/fault.o
                0x00005dd8                MemManagement_Handler
 .text.BusFault_Handler
                0x00005e00       0x28 src/util/fault.o
                0x00005e00                BusFault_Handler
 .text.UsageFault_Handler
                0x00005e28       0x28 src/util/fault.o
                0x00005e28                UsageFault_Handler
 .text.console_flush
                0x00005e50       0x64 src/util/console.o
                0x00005e50                console_flush
 .text.console_putc
                0x00005eb4       0x8c src/util/console.o
                0x00005eb4                console_putc
 .text.a_putc   0x00005f40        0x8 src/util/debug.o
 .text.cprintf  0x00005f48       0x24 src/util/debug.o
                0x00005f48                cprintf
 .text.early_printf
                0x00005f6c       0x4c src/util/debug.o
                0x00005f6c                early_printf
 .text.flash_leds
                0x00005fb8       0x30 src/util/debug.o
                0x00005fb8                flash_leds
 .text.ulli2a   0x00005fe8       0xf8 src/util/tinyprintf.o
 .text.putchw   0x000060e0      0x130 src/util/tinyprintf.o
 .text._vsnprintf_putcf
                0x00006210       0x14 src/util/tinyprintf.o
 .text.tfp_format
                0x00006224      0x958 src/util/tinyprintf.o
                0x00006224                tfp_format
 .text.tfp_vsnprintf
                0x00006b7c       0x40 src/util/tinyprintf.o
                0x00006b7c                tfp_vsnprintf
 .text.msg_dequeue
                0x00006bbc       0x2c src/util/queue.o
                0x00006bbc                msg_dequeue
 .text.msg_enqueue
                0x00006be8       0x34 src/util/queue.o
                0x00006be8                msg_enqueue
 .text.msg_queue_init
                0x00006c1c        0x8 src/util/queue.o
                0x00006c1c                msg_queue_init
 .text.hop_init
                0x00006c24       0xd4 src/btphy/hop.o
                0x00006c24                hop_init
 .text.hop_cfg_afh
                0x00006cf8       0x84 src/btphy/hop.o
                0x00006cf8                hop_cfg_afh
 .text.hop_basic
                0x00006d7c       0xac src/btphy/hop.o
                0x00006d7c                hop_basic
 .text.hop_channel
                0x00006e28       0xa0 src/btphy/hop.o
                0x00006e28                hop_channel
 .text.tx_done_cb
                0x00006ec8       0x1c src/btphy/slave_state.o
 .text.slave_rx_cb
                0x00006ee4       0xc0 src/btphy/slave_state.o
 .text.slave_state_init
                0x00006fa4       0x5c src/btphy/slave_state.o
                0x00006fa4                slave_state_init
 .text.tx_done_cb
                0x00007000       0x1c src/btphy/master_state.o
 .text.master_rx_cb
                0x0000701c       0xa0 src/btphy/master_state.o
 .text.master_state_init
                0x000070bc       0x64 src/btphy/master_state.o
                0x000070bc                master_state_init
 .text.scan_wait
                0x00007120       0xa8 src/btphy/scan_task.o
 .text.scan_start
                0x000071c8       0x70 src/btphy/scan_task.o
 .text.scan_wait_more
                0x00007238        0xc src/btphy/scan_task.o
 .text.scan_task_schedule
                0x00007244       0x40 src/btphy/scan_task.o
                0x00007244                scan_task_schedule
 .text.page_scan_tx_cb
                0x00007284       0x30 src/btphy/page_scan_state.o
 .text.page_scan_rx_fhs_cb
                0x000072b4       0xe4 src/btphy/page_scan_state.o
 .text.page_scan_rx_id_cb
                0x00007398       0xa8 src/btphy/page_scan_state.o
 .text.page_scan_state_setup
                0x00007440       0x64 src/btphy/page_scan_state.o
                0x00007440                page_scan_state_setup
 .text.tx_finalize
                0x000074a4       0x58 src/btphy/tx_task.o
 .text.tx_prepare
                0x000074fc      0x134 src/btphy/tx_task.o
 .text.tx_fifo_cb
                0x00007630       0x5c src/btphy/tx_task.o
 .text.tx_execute
                0x0000768c       0xac src/btphy/tx_task.o
 .text.tx_task_reset
                0x00007738       0x18 src/btphy/tx_task.o
                0x00007738                tx_task_reset
 .text.tx_task_schedule
                0x00007750       0x3c src/btphy/tx_task.o
                0x00007750                tx_task_schedule
 .text.start_monitor2
                0x0000778c       0x30 src/btphy/monitor1_state.o
 .text.monitor1_rx_fhs_cb
                0x000077bc       0xe4 src/btphy/monitor1_state.o
 .text.monitor1_rx_id_cb
                0x000078a0       0xa8 src/btphy/monitor1_state.o
 .text.monitor1_state_setup
                0x00007948       0x68 src/btphy/monitor1_state.o
                0x00007948                monitor1_state_setup
 .text.inquiry_start_sync
                0x000079b0       0x68 src/btphy/inquiry_state.o
 .text.inquiry_rx_cb
                0x00007a18      0x110 src/btphy/inquiry_state.o
 .text.inquiry_state_setup
                0x00007b28       0x38 src/btphy/inquiry_state.o
                0x00007b28                inquiry_state_setup
 .text.rx_prepare
                0x00007b60      0x110 src/btphy/rx_task.o
 .text.rx_finalize
                0x00007c70      0x1ec src/btphy/rx_task.o
 .text.rx_execute
                0x00007e5c      0x398 src/btphy/rx_task.o
 .text.rx_decode
                0x000081f4      0x324 src/btphy/rx_task.o
 .text.rx_task_reset
                0x00008518       0x1c src/btphy/rx_task.o
                0x00008518                rx_task_reset
 .text.rx_task_schedule
                0x00008534       0x44 src/btphy/rx_task.o
                0x00008534                rx_task_schedule
 .text.ll_process_rx
                0x00008578      0x164 src/btphy/ll.o
                0x00008578                ll_process_rx
 .text.ll_prepare_tx
                0x000086dc       0x7c src/btphy/ll.o
                0x000086dc                ll_prepare_tx
 .text.ll_reset
                0x00008758       0x1c src/btphy/ll.o
                0x00008758                ll_reset
 .text.ll_init  0x00008774       0x4c src/btphy/ll.o
                0x00008774                ll_init
 .text.inquiry_scan_rx_cb
                0x000087c0       0xa8 src/btphy/inquiry_scan_state.o
 .text.tx_eir_cb
                0x00008868       0x48 src/btphy/inquiry_scan_state.o
 .text.tx_fhs_cb
                0x000088b0       0x84 src/btphy/inquiry_scan_state.o
 .text.inquiry_scan_state_setup
                0x00008934       0xac src/btphy/inquiry_scan_state.o
                0x00008934                inquiry_scan_state_setup
 .text.btphy_timer_add
                0x000089e0       0xb8 src/btphy/btphy.o
                0x000089e0                btphy_timer_add
 .text.TIMER0_IRQHandler
                0x00008a98       0xec src/btphy/btphy.o
                0x00008a98                TIMER0_IRQHandler
 .text.btphy_adj_clkn_delay
                0x00008b84       0x24 src/btphy/btphy.o
                0x00008b84                btphy_adj_clkn_delay
 .text.btphy_cancel_clkn_delay
                0x00008ba8       0x4c src/btphy/btphy.o
                0x00008ba8                btphy_cancel_clkn_delay
 .text.btphy_whiten_seed
                0x00008bf4       0x38 src/btphy/btphy.o
                0x00008bf4                btphy_whiten_seed
 .text.btphy_set_mode
                0x00008c2c       0x94 src/btphy/btphy.o
                0x00008c2c                btphy_set_mode
 .text.btphy_set_bdaddr
                0x00008cc0       0x4c src/btphy/btphy.o
                0x00008cc0                btphy_set_bdaddr
 *fill*         0x00008d0c        0x4 
 .text.btphy_init
                0x00008d10       0xd8 src/btphy/btphy.o
                0x00008d10                btphy_init
 .text.paging_rx_cb
                0x00008de8       0xbc src/btphy/paging_state.o
 .text.paging_start_sync
                0x00008ea4       0x68 src/btphy/paging_state.o
 .text.paging_rx_ack_cb
                0x00008f0c       0xb0 src/btphy/paging_state.o
 .text.paging_state_setup
                0x00008fbc       0x74 src/btphy/paging_state.o
                0x00008fbc                paging_state_setup
 .text.monitor2_rx_cb
                0x00009030       0xbc src/btphy/monitor2_state.o
 .text.monitor2_state_init
                0x000090ec       0x44 src/btphy/monitor2_state.o
                0x000090ec                monitor2_state_init
 .text.EINT3_IRQHandler
                0x00009130       0x34 src/btphy/rf.o
                0x00009130                EINT3_IRQHandler
 .text.btphy_rf_enable_int
                0x00009164       0x68 src/btphy/rf.o
                0x00009164                btphy_rf_enable_int
 .text.btphy_rf_disable_int
                0x000091cc       0x3c src/btphy/rf.o
                0x000091cc                btphy_rf_disable_int
 .text.btphy_rf_set_freq_off
                0x00009208       0x38 src/btphy/rf.o
                0x00009208                btphy_rf_set_freq_off
 .text.btphy_rf_set_max_ac_errors
                0x00009240       0x18 src/btphy/rf.o
                0x00009240                btphy_rf_set_max_ac_errors
 .text.btphy_rf_cfg_sync
                0x00009258       0x18 src/btphy/rf.o
                0x00009258                btphy_rf_cfg_sync
 .text.btphy_rf_init
                0x00009270       0xc4 src/btphy/rf.o
                0x00009270                btphy_rf_init
 .text.btphy_rf_fifo_write
                0x00009334       0xf0 src/btphy/rf.o
                0x00009334                btphy_rf_fifo_write
 .text.btphy_rf_tune_chan
                0x00009424       0x28 src/btphy/rf.o
                0x00009424                btphy_rf_tune_chan
 .text.tdma_end_set
                0x0000944c        0x4 src/btphy/tdma_sched.o
                0x0000944c                tdma_end_set
 .text.tdma_schedule
                0x00009450       0x70 src/btphy/tdma_sched.o
                0x00009450                tdma_schedule
 .text.tdma_schedule_set
                0x000094c0       0xb0 src/btphy/tdma_sched.o
                0x000094c0                tdma_schedule_set
 .text.tdma_sched_advance
                0x00009570       0x18 src/btphy/tdma_sched.o
                0x00009570                tdma_sched_advance
 .text.tdma_sched_execute
                0x00009588       0xf4 src/btphy/tdma_sched.o
                0x00009588                tdma_sched_execute
 .text.tdma_sched_reset
                0x0000967c      0x1b4 src/btphy/tdma_sched.o
                0x0000967c                tdma_sched_reset
 .text.USB_IRQHandler
                0x00009830        0x4 ../common/usb_serial.o
                0x00009830                USB_IRQHandler
 .text.Reset_Handler
                0x00009834       0xbc ../common/LPC17xx_Startup.o
                0x00009834                Reset_Handler
 .text.Default_Handler
                0x000098f0        0x4 ../common/LPC17xx_Interrupts.o
                0x000098f0                TIMER2_IRQHandler
                0x000098f0                DebugMon_Handler
                0x000098f0                RIT_IRQHandler
                0x000098f0                I2C0_IRQHandler
                0x000098f0                SysTick_Handler
                0x000098f0                PWM1_IRQHandler
                0x000098f0                PendSV_Handler
                0x000098f0                NMI_Handler
                0x000098f0                I2C1_IRQHandler
                0x000098f0                EINT2_IRQHandler
                0x000098f0                UART1_IRQHandler
                0x000098f0                TIMER3_IRQHandler
                0x000098f0                UART0_IRQHandler
                0x000098f0                PLL0_IRQHandler
                0x000098f0                CAN_IRQHandler
                0x000098f0                PLL1_IRQHandler
                0x000098f0                SSP0_IRQHandler
                0x000098f0                I2S_IRQHandler
                0x000098f0                I2C2_IRQHandler
                0x000098f0                RTC_IRQHandler
                0x000098f0                SPI_IRQHandler
                0x000098f0                EINT1_IRQHandler
                0x000098f0                TIMER1_IRQHandler
                0x000098f0                UART2_IRQHandler
                0x000098f0                ADC_IRQHandler
                0x000098f0                SSP1_IRQHandler
                0x000098f0                BOD_IRQHandler
                0x000098f0                WDT_IRQHandler
                0x000098f0                SVC_Handler
                0x000098f0                QEI_IRQHandler
                0x000098f0                EINT0_IRQHandler
                0x000098f0                USBACT_IRQHandler
                0x000098f0                CANACT_IRQHandler
                0x000098f0                UART3_IRQHandler
                0x000098f0                MCPWM_IRQHandler
                0x000098f0                ENET_IRQHandler
 .text.dio_ssp_init
                0x000098f4       0x54 ../common/ubertooth.o
                0x000098f4                dio_ssp_init
 .text.cc2400_init
                0x00009948       0xb4 ../common/ubertooth.o
                0x00009948                cc2400_init
 .text.cc2400_get
                0x000099fc       0x64 ../common/ubertooth.o
                0x000099fc                cc2400_get
 .text.cc2400_set
                0x00009a60       0x64 ../common/ubertooth.o
                0x00009a60                cc2400_set
 .text.cc2400_status
                0x00009ac4       0x90 ../common/ubertooth.o
                0x00009ac4                cc2400_status
 .text.cc2400_strobe
                0x00009b54      0x104 ../common/ubertooth.o
                0x00009b54                cc2400_strobe
 .text.cc2400_reset
                0x00009c58      0x154 ../common/ubertooth.o
                0x00009c58                cc2400_reset
 .text.clock_start
                0x00009dac      0x228 ../common/ubertooth.o
                0x00009dac                clock_start
 .text.ubertooth_init
                0x00009fd4       0x7c ../common/ubertooth.o
                0x00009fd4                ubertooth_init
 .text.reset    0x0000a050       0x84 ../common/ubertooth.o
                0x0000a050                reset
 .text.get_part_num
                0x0000a0d4       0x40 ../common/ubertooth.o
                0x0000a0d4                get_part_num
 .text.get_device_serial
                0x0000a114       0xa8 ../common/ubertooth.o
                0x0000a114                get_device_serial
 .text.set_isp  0x0000a1bc       0x18 ../common/ubertooth.o
                0x0000a1bc                set_isp
 .text.USBHandleControlTransfer
                0x0000a1d4      0x14c ../common/lpcusb/target/usbcontrol.o
                0x0000a1d4                USBHandleControlTransfer
 .text.USBRegisterRequestHandler
                0x0000a320       0x10 ../common/lpcusb/target/usbcontrol.o
                0x0000a320                USBRegisterRequestHandler
 .text.HandleUsbReset
                0x0000a330        0x4 ../common/lpcusb/target/usbinit.o
 .text.USBInit  0x0000a334       0x4c ../common/lpcusb/target/usbinit.o
                0x0000a334                USBInit
 .text.USBHwEPConfig
                0x0000a380       0x80 ../common/lpcusb/target/usbhw_lpc.o
                0x0000a380                USBHwEPConfig
 .text.USBHwRegisterEPIntHandler
                0x0000a400       0x40 ../common/lpcusb/target/usbhw_lpc.o
                0x0000a400                USBHwRegisterEPIntHandler
 .text.USBHwRegisterDevIntHandler
                0x0000a440       0x1c ../common/lpcusb/target/usbhw_lpc.o
                0x0000a440                USBHwRegisterDevIntHandler
 .text.USBHwSetAddress
                0x0000a45c       0x48 ../common/lpcusb/target/usbhw_lpc.o
                0x0000a45c                USBHwSetAddress
 .text.USBHwConnect
                0x0000a4a4       0x4c ../common/lpcusb/target/usbhw_lpc.o
                0x0000a4a4                USBHwConnect
 .text.USBHwEPGetStatus
                0x0000a4f0       0x50 ../common/lpcusb/target/usbhw_lpc.o
                0x0000a4f0                USBHwEPGetStatus
 .text.USBHwEPStall
                0x0000a540       0x58 ../common/lpcusb/target/usbhw_lpc.o
                0x0000a540                USBHwEPStall
 .text.USBHwEPWrite
                0x0000a598       0x94 ../common/lpcusb/target/usbhw_lpc.o
                0x0000a598                USBHwEPWrite
 .text.USBHwEPRead
                0x0000a62c      0x100 ../common/lpcusb/target/usbhw_lpc.o
                0x0000a62c                USBHwEPRead
 .text.USBHwConfigDevice
                0x0000a72c       0x4c ../common/lpcusb/target/usbhw_lpc.o
                0x0000a72c                USBHwConfigDevice
 .text.USBHwISR
                0x0000a778      0x118 ../common/lpcusb/target/usbhw_lpc.o
                0x0000a778                USBHwISR
 .text.USBHwInit
                0x0000a890       0xd8 ../common/lpcusb/target/usbhw_lpc.o
                0x0000a890                USBHwInit
 .text.USBFilterOsVendorMessage
                0x0000a968       0x78 ../common/lpcusb/target/usbstdreq.o
                0x0000a968                USBFilterOsVendorMessage
 .text.USBRegisterWinusbInterface
                0x0000a9e0       0x30 ../common/lpcusb/target/usbstdreq.o
                0x0000a9e0                USBRegisterWinusbInterface
 .text.USBRegisterDescriptors
                0x0000aa10        0xc ../common/lpcusb/target/usbstdreq.o
                0x0000aa10                USBRegisterDescriptors
 .text.USBHandleStandardRequest
                0x0000aa1c      0x1b4 ../common/lpcusb/target/usbstdreq.o
                0x0000aa1c                USBHandleStandardRequest
 .text          0x0000abd0       0x30 /usr/lib/gcc/arm-none-eabi/15/thumb/v7-m/nofp/libgcc.a(_aeabi_uldivmod.o)
                0x0000abd0                __aeabi_uldivmod
 .text          0x0000ac00      0x318 /usr/lib/gcc/arm-none-eabi/15/thumb/v7-m/nofp/libgcc.a(_udivmoddi4.o)
                0x0000ac00                __udivmoddi4
 .text          0x0000af18        0x4 /usr/lib/gcc/arm-none-eabi/15/thumb/v7-m/nofp/libgcc.a(_dvmd_tls.o)
                0x0000af18                __aeabi_ldiv0
                0x0000af18                __aeabi_idiv0
 .text.strlen   0x0000af1c       0x5c /usr/lib/gcc/arm-none-eabi/15/../../../../arm-none-eabi/lib/thumb/v7-m/nofp/libc.a(strlen.c.o)
                0x0000af1c                strlen
 *(.rodata .rodata.* .gnu.linkonce.r.*)
 .rodata.str1.4
                0x0000af78      0x7ac src/drivers/ubertooth_dma.o
                                 0x14 (size before relaxing)
 .rodata.str1.4
                0x0000b724        0x0 src/drivers/ubertooth_usb.o
                                 0xa3 (size before relaxing)
 .rodata.str1.4
                0x0000b724        0x0 src/btctl/vendor_request_handler.o
                                  0xb (size before relaxing)
 .rodata.str1.4
                0x0000b724        0x0 src/btctl/btctl.o
                                 0xde (size before relaxing)
 .rodata        0x0000b724       0x18 src/btctl/btctl.o
 .rodata        0x0000b73c     0x2000 src/codec/perm5.o
                0x0000b73c                perm5_lut
 *fill*         0x0000d73c        0x4 
 .rodata        0x0000d740       0xc0 src/codec/btbb.o
 .rodata.str1.4
                0x0000d800        0x0 src/codec/codec.o
                                 0x89 (size before relaxing)
 .rodata        0x0000d800       0x60 src/codec/codec.o
                0x0000d800                bbcodec_acl_types
 .rodata.str1.4
                0x0000d860        0x0 src/codec/bitstream_proc.o
                                 0x37 (size before relaxing)
 .rodata        0x0000d860     0x1060 src/codec/bitstream_proc.o
                0x0000d860                whiten_word_tbl
                0x0000d8e0                whiten_state_tbl
                0x0000dce0                fec23_tbl
                0x0000e120                fec13_tbl
                0x0000e520                unfec13_tbl
                0x0000e5a0                hec_tbl
                0x0000e5c0                crc_tbl
                0x0000e7c0                rev8_map
 .rodata.str1.4
                0x0000e8c0        0x0 src/util/mem_pool.o
                                 0x4a (size before relaxing)
 .rodata.str1.4
                0x0000e8c0        0x0 src/util/fault.o
                                 0xc2 (size before relaxing)
 .rodata.str1.4
                0x0000e8c0        0x0 src/util/console.o
                                 0x36 (size before relaxing)
 .rodata.str1.4
                0x0000e8c0        0x0 src/btphy/hop.o
                                 0x2a (size before relaxing)
 .rodata.str1.4
                0x0000e8c0        0x0 src/btphy/slave_state.o
                                  0xf (size before relaxing)
 .rodata.str1.4
                0x0000e8c0        0x0 src/btphy/master_state.o
                                 0x10 (size before relaxing)
 .rodata.str1.4
                0x0000e8c0        0x0 src/btphy/scan_task.o
                                 0x19 (size before relaxing)
 .rodata.str1.4
                0x0000e8c0        0x0 src/btphy/page_scan_state.o
                                 0x57 (size before relaxing)
 .rodata.str1.4
                0x0000e8c0        0x0 src/btphy/tx_task.o
                                 0x6a (size before relaxing)
 .rodata        0x0000e8c0       0x3c src/btphy/tx_task.o
                0x0000e8c0                tx_sched_set
 .rodata.str1.4
                0x0000e8fc        0x0 src/btphy/monitor1_state.o
                                 0x56 (size before relaxing)
 .rodata.str1.4
                0x0000e8fc        0x0 src/btphy/inquiry_state.o
                                 0x4a (size before relaxing)
 .rodata.str1.4
                0x0000e8fc        0x0 src/btphy/rx_task.o
                                 0x78 (size before relaxing)
 .rodata        0x0000e8fc       0x3c src/btphy/rx_task.o
                0x0000e8fc                rx_sched_set
 .rodata.str1.4
                0x0000e938        0x0 src/btphy/ll.o
                                 0x78 (size before relaxing)
 .rodata.str1.4
                0x0000e938        0x0 src/btphy/inquiry_scan_state.o
                                 0x2a (size before relaxing)
 .rodata.str1.4
                0x0000e938        0x0 src/btphy/btphy.o
                                 0x7c (size before relaxing)
 .rodata.str1.4
                0x0000e938        0x0 src/btphy/paging_state.o
                                 0x22 (size before relaxing)
 .rodata.str1.4
                0x0000e938        0x0 src/btphy/monitor2_state.o
                                 0x4e (size before relaxing)
 .rodata.str1.4
                0x0000e938        0x0 src/btphy/rf.o
                                 0x3f (size before relaxing)
 .rodata.str1.4
                0x0000e938        0x0 src/btphy/tdma_sched.o
                                 0x2c (size before relaxing)
 .rodata        0x0000e938       0x28 ../common/lpcusb/target/usbstdreq.o
 *(.eh_frame_hdr)
 *(.eh_frame)
                0x0000e960                        . = ALIGN (0x4)
 *(.init)
                0x0000e960                        . = ALIGN (0x4)
                0x0000e960                        __preinit_array_start = .
 *(.preinit_array)
                0x0000e960                        __preinit_array_end = .
                0x0000e960                        . = ALIGN (0x4)
                0x0000e960                        __init_array_start = .
 *(SORT_BY_NAME(.init_array.*))
 *(.init_array)
                0x0000e960                        __init_array_end = .
                0x0000e960                        . = ALIGN (0x4)
 *crtbegin.o(.ctors)
 *(EXCLUDE_FILE(*crtend.o) .ctors)
 *(SORT_BY_NAME(.ctors.*))
 *crtend.o(.ctors)
                0x0000e960                        . = ALIGN (0x4)
 *(.fini)
                0x0000e960                        . = ALIGN (0x4)
                0x0000e960                        __fini_array_start = .
 *(.fini_array)
 *(SORT_BY_NAME(.fini_array.*))
                0x0000e960                        __fini_array_end = .
 *crtbegin.o(.dtors)
 *(EXCLUDE_FILE(*crtend.o) .dtors)
 *(SORT_BY_NAME(.dtors.*))
 *crtend.o(.dtors)
                0x0000e960                        . = ALIGN (0x8)
                0x0000e968                        _etext = .

.glue_7         0x0000e960        0x0
 .glue_7        0x0000e960        0x0 linker stubs

.glue_7t        0x0000e960        0x0
 .glue_7t       0x0000e960        0x0 linker stubs

.vfp11_veneer   0x0000e960        0x0
 .vfp11_veneer  0x0000e960        0x0 linker stubs

.v4_bx          0x0000e960        0x0
 .v4_bx         0x0000e960        0x0 linker stubs

.iplt           0x0000e960        0x0
 .iplt          0x0000e960        0x0 /usr/lib/gcc/arm-none-eabi/15/../../../../arm-none-eabi/lib/thumb/v7-m/nofp/libc.a(libc_misc_init.c.o)

.ARM.extab
 *(.ARM.extab* .gnu.linkonce.armextab.*)
                0x0000e960                        __exidx_start = .

.ARM.exidx      0x0000e960        0x8
 *(.ARM.exidx* .gnu.linkonce.armexidx.*)
 .ARM.exidx     0x0000e960        0x8 /usr/lib/gcc/arm-none-eabi/15/thumb/v7-m/nofp/libgcc.a(_udivmoddi4.o)
                0x0000e968                        __exidx_end = .
                0x0000e968                        _etext = .

.rel.dyn        0x0000e968        0x0
 .rel.iplt      0x0000e968        0x0 /usr/lib/gcc/arm-none-eabi/15/../../../../arm-none-eabi/lib/thumb/v7-m/nofp/libc.a(libc_misc_init.c.o)

.persistent     0x10000000       0x20
                0x10000000                        _persistent_start = .
                0x10000020                        . = (. + 0x20)
 *fill*         0x10000000       0x20 
                0x10000020                        _persistent_end = .
                0x1000001c                        bootloader_ctrl = (_persistent_start + 0x1c)

.data           0x10000020      0x166 load address 0x0000e968
                0x10000020                        _data = .
 *(vtable)
 *(.data*)
 .data          0x10000020       0xbd src/drivers/ubertooth_usb.o
 *fill*         0x100000dd        0x3 
 .data          0x100000e0       0xa6 ../common/lpcusb/target/usbstdreq.o
                0x10000186                        _edata = .

.igot.plt       0x10000188        0x0 load address 0x0000eace
 .igot.plt      0x10000188        0x0 /usr/lib/gcc/arm-none-eabi/15/../../../../arm-none-eabi/lib/thumb/v7-m/nofp/libc.a(libc_misc_init.c.o)

.bss            0x10000188     0x245d load address 0x0000eace
                0x10000188                        _bss = .
                0x10000188                        __bss_start__ = .
 *(.bss*)
 .bss           0x10000188       0x20 src/drivers/ubertooth_dma.o
                0x10000188                dma_user_rx_buf
                0x1000018c                dma_user_tx_cb_arg
                0x10000190                dma_user_tx_cb
                0x10000194                dma_user_tx_buf
                0x10000198                dma_rx_lli
 .bss           0x100001a8      0x110 src/drivers/ubertooth_usb.o
                0x100001a8                v_req_handler
 .bss           0x100002b8       0x8f src/btctl/btctl.o
                0x100002b8                btctl
 *fill*         0x10000347        0x1 
 .bss           0x10000348     0x1788 src/util/mem_pool.o
 .bss           0x10001ad0        0x4 src/util/console.o
 .bss           0x10001ad4       0xb0 src/btphy/hop.o
                0x10001ad4                hop_state
 *fill*         0x10001b84        0x4 
 .bss           0x10001b88       0x30 src/btphy/slave_state.o
 .bss           0x10001bb8       0x24 src/btphy/master_state.o
 .bss           0x10001bdc       0x10 src/btphy/scan_task.o
 *fill*         0x10001bec        0x4 
 .bss           0x10001bf0       0x18 src/btphy/page_scan_state.o
                0x10001bf0                page_scan_state
 .bss           0x10001c08      0x250 src/btphy/tx_task.o
 .bss           0x10001e58       0x18 src/btphy/monitor1_state.o
                0x10001e58                monitor1_state
 .bss           0x10001e70        0x4 src/btphy/inquiry_state.o
 *fill*         0x10001e74        0x4 
 .bss           0x10001e78      0x258 src/btphy/rx_task.o
 .bss           0x100020d0       0x1c src/btphy/inquiry_scan_state.o
 *fill*         0x100020ec        0x4 
 .bss           0x100020f0       0xf0 src/btphy/btphy.o
                0x100020f0                btphy_timers
                0x10002198                btphy
 .bss           0x100021e0       0x1c src/btphy/paging_state.o
 .bss           0x100021fc        0xc src/btphy/rf.o
                0x100021fc                rf_state
 .bss           0x10002208      0x344 src/btphy/tdma_sched.o
 .bss           0x1000254c        0x8 ../common/ubertooth.o
 .bss           0x10002554       0x34 ../common/lpcusb/target/usbcontrol.o
 .bss           0x10002588        0x8 ../common/lpcusb/target/usbinit.o
 .bss           0x10002590       0x48 ../common/lpcusb/target/usbhw_lpc.o
 .bss           0x100025d8        0xd ../common/lpcusb/target/usbstdreq.o
 *(COMMON)
                0x100025e5                        _ebss = .
                0x100025e5                        __bss_end__ = .

.cr_heap        0x100025e5        0x0 load address 0x0000eace
                0x100025e5                        end = .
                0x100025e5                        __end__ = .
                0x100025e5                        _pvHeapStart = .
                0x10003fe0                        _StackTop = ((ORIGIN (ram) + LENGTH (ram)) - 0x20)
OUTPUT(btbr.elf elf32-littlearm)
LOAD linker stubs

.ARM.attributes
                0x00000000       0x2f
 .ARM.attributes
                0x00000000       0x1b /usr/lib/gcc/arm-none-eabi/15/../../../../arm-none-eabi/lib/thumb/v7-m/nofp/libc.a(memcpy.S.o)
 .ARM.attributes
                0x0000001b       0x31 /usr/lib/gcc/arm-none-eabi/15/../../../../arm-none-eabi/lib/thumb/v7-m/nofp/libc.a(memset.c.o)
 .ARM.attributes
                0x0000004c       0x31 /usr/lib/gcc/arm-none-eabi/15/../../../../arm-none-eabi/lib/thumb/v7-m/nofp/libc.a(libc_misc_init.c.o)
 .ARM.attributes
                0x0000007d       0x2d src/drivers/ubertooth_dma.o
 .ARM.attributes
                0x000000aa       0x2d src/drivers/ubertooth_usb.o
 .ARM.attributes
                0x000000d7       0x2d src/btctl/vendor_request_handler.o
 .ARM.attributes
                0x00000104       0x2d src/btctl/btctl.o
 .ARM.attributes
                0x00000131       0x2d src/btctl/main.o
 .ARM.attributes
                0x0000015e       0x2d src/codec/perm5.o
 .ARM.attributes
                0x0000018b       0x2d src/codec/btbb.o
 .ARM.attributes
                0x000001b8       0x2d src/codec/packet_proc.o
 .ARM.attributes
                0x000001e5       0x2d src/codec/codec.o
 .ARM.attributes
                0x00000212       0x2d src/codec/bitstream_proc.o
 .ARM.attributes
                0x0000023f       0x2d src/util/mem_pool.o
 .ARM.attributes
                0x0000026c       0x2d src/util/fault.o
 .ARM.attributes
                0x00000299       0x2d src/util/console.o
 .ARM.attributes
                0x000002c6       0x2d src/util/debug.o
 .ARM.attributes
                0x000002f3       0x2d src/util/tinyprintf.o
 .ARM.attributes
                0x00000320       0x2d src/util/queue.o
 .ARM.attributes
                0x0000034d       0x2d src/btphy/hop.o
 .ARM.attributes
                0x0000037a       0x2d src/btphy/slave_state.o
 .ARM.attributes
                0x000003a7       0x2d src/btphy/master_state.o
 .ARM.attributes
                0x000003d4       0x2d src/btphy/scan_task.o
 .ARM.attributes
                0x00000401       0x2d src/btphy/page_scan_state.o
 .ARM.attributes
                0x0000042e       0x2d src/btphy/tx_task.o
 .ARM.attributes
                0x0000045b       0x2d src/btphy/monitor1_state.o
 .ARM.attributes
                0x00000488       0x2d src/btphy/inquiry_state.o
 .ARM.attributes
                0x000004b5       0x2d src/btphy/rx_task.o
 .ARM.attributes
                0x000004e2       0x2d src/btphy/ll.o
 .ARM.attributes
                0x0000050f       0x2d src/btphy/inquiry_scan_state.o
 .ARM.attributes
                0x0000053c       0x2d src/btphy/btphy.o
 .ARM.attributes
                0x00000569       0x2d src/btphy/paging_state.o
 .ARM.attributes
                0x00000596       0x2d src/btphy/monitor2_state.o
 .ARM.attributes
                0x000005c3       0x2d src/btphy/rf.o
 .ARM.attributes
                0x000005f0       0x2d src/btphy/tdma_sched.o
 .ARM.attributes
                0x0000061d       0x2d ../common/usb_serial.o
 .ARM.attributes
                0x0000064a       0x2d ../common/LPC17xx_Startup.o
 .ARM.attributes
                0x00000677       0x2d ../common/LPC17xx_Interrupts.o
 .ARM.attributes
                0x000006a4       0x2d ../common/ubertooth.o
 .ARM.attributes
                0x000006d1       0x2d ../common/lpcusb/target/usbcontrol.o
 .ARM.attributes
                0x000006fe       0x2d ../common/lpcusb/target/usbinit.o
 .ARM.attributes
                0x0000072b       0x2d ../common/lpcusb/target/usbhw_lpc.o
 .ARM.attributes
                0x00000758       0x2d ../common/lpcusb/target/usbstdreq.o
 .ARM.attributes
                0x00000785       0x1d /usr/lib/gcc/arm-none-eabi/15/thumb/v7-m/nofp/libgcc.a(_aeabi_uldivmod.o)
 .ARM.attributes
                0x000007a2       0x2d /usr/lib/gcc/arm-none-eabi/15/thumb/v7-m/nofp/libgcc.a(_udivmoddi4.o)
 .ARM.attributes
                0x000007cf       0x1d /usr/lib/gcc/arm-none-eabi/15/thumb/v7-m/nofp/libgcc.a(_dvmd_tls.o)
 .ARM.attributes
                0x000007ec       0x31 /usr/lib/gcc/arm-none-eabi/15/../../../../arm-none-eabi/lib/thumb/v7-m/nofp/libc.a(strlen.c.o)

.comment        0x00000000       0x26
 .comment       0x00000000       0x26 /usr/lib/gcc/arm-none-eabi/15/../../../../arm-none-eabi/lib/thumb/v7-m/nofp/libc.a(memset.c.o)
                                 0x27 (size before relaxing)
 .comment       0x00000026        0x0 /usr/lib/gcc/arm-none-eabi/15/../../../../arm-none-eabi/lib/thumb/v7-m/nofp/libc.a(libc_misc_init.c.o)
                                 0x27 (size before relaxing)
 .comment       0x00000026        0x0 src/drivers/ubertooth_dma.o
                                 0x27 (size before relaxing)
 .comment       0x00000026        0x0 src/drivers/ubertooth_usb.o
                                 0x27 (size before relaxing)
 .comment       0x00000026        0x0 src/btctl/vendor_request_handler.o
                                 0x27 (size before relaxing)
 .comment       0x00000026        0x0 src/btctl/btctl.o
                                 0x27 (size before relaxing)
 .comment       0x00000026        0x0 src/btctl/main.o
                                 0x27 (size before relaxing)
 .comment       0x00000026        0x0 src/codec/perm5.o
                                 0x27 (size before relaxing)
 .comment       0x00000026        0x0 src/codec/btbb.o
                                 0x27 (size before relaxing)
 .comment       0x00000026        0x0 src/codec/packet_proc.o
                                 0x27 (size before relaxing)
 .comment       0x00000026        0x0 src/codec/codec.o
                                 0x27 (size before relaxing)
 .comment       0x00000026        0x0 src/codec/bitstream_proc.o
                                 0x27 (size before relaxing)
 .comment       0x00000026        0x0 src/util/mem_pool.o
                                 0x27 (size before relaxing)
 .comment       0x00000026        0x0 src/util/fault.o
                                 0x27 (size before relaxing)
 .comment       0x00000026        0x0 src/util/console.o
                                 0x27 (size before relaxing)
 .comment       0x00000026        0x0 src/util/debug.o
                                 0x27 (size before relaxing)
 .comment       0x00000026        0x0 src/util/tinyprintf.o
                                 0x27 (size before relaxing)
 .comment       0x00000026        0x0 src/util/queue.o
                                 0x27 (size before relaxing)
 .comment       0x00000026        0x0 src/btphy/hop.o
                                 0x27 (size before relaxing)
 .comment       0x00000026        0x0 src/btphy/slave_state.o
                                 0x27 (size before relaxing)
 .comment       0x00000026        0x0 src/btphy/master_state.o
                                 0x27 (size before relaxing)
 .comment       0x00000026        0x0 src/btphy/scan_task.o
                                 0x27 (size before relaxing)
 .comment       0x00000026        0x0 src/btphy/page_scan_state.o
                                 0x27 (size before relaxing)
 .comment       0x00000026        0x0 src/btphy/tx_task.o
                                 0x27 (size before relaxing)
 .comment       0x00000026        0x0 src/btphy/monitor1_state.o
                                 0x27 (size before relaxing)
 .comment       0x00000026        0x0 src/btphy/inquiry_state.o
                                 0x27 (size before relaxing)
 .comment       0x00000026        0x0 src/btphy/rx_task.o
                                 0x27 (size before relaxing)
 .comment       0x00000026        0x0 src/btphy/ll.o
                                 0x27 (size before relaxing)
 .comment       0x00000026        0x0 src/btphy/inquiry_scan_state.o
                                 0x27 (size before relaxing)
 .comment       0x00000026        0x0 src/btphy/btphy.o
                                 0x27 (size before relaxing)
 .comment       0x00000026        0x0 src/btphy/paging_state.o
                                 0x27 (size before relaxing)
 .comment       0x00000026        0x0 src/btphy/monitor2_state.o
                                 0x27 (size before relaxing)
 .comment       0x00000026        0x0 src/btphy/rf.o
                                 0x27 (size before relaxing)
 .comment       0x00000026        0x0 src/btphy/tdma_sched.o
                                 0x27 (size before relaxing)
 .comment       0x00000026        0x0 ../common/usb_serial.o
                                 0x27 (size before relaxing)
 .comment       0x00000026        0x0 ../common/LPC17xx_Startup.o
                                 0x27 (size before relaxing)
 .comment       0x00000026        0x0 ../common/LPC17xx_Interrupts.o
                                 0x27 (size before relaxing)
 .comment       0x00000026        0x0 ../common/ubertooth.o
                                 0x27 (size before relaxing)
 .comment       0x00000026        0x0 ../common/lpcusb/target/usbcontrol.o
                                 0x27 (size before relaxing)
 .comment       0x00000026        0x0 ../common/lpcusb/target/usbinit.o
                                 0x27 (size before relaxing)
 .comment       0x00000026        0x0 ../common/lpcusb/target/usbhw_lpc.o
                                 0x27 (size before relaxing)
 .comment       0x00000026        0x0 ../common/lpcusb/target/usbstdreq.o
                                 0x27 (size before relaxing)
 .comment       0x00000026        0x0 /usr/lib/gcc/arm-none-eabi/15/thumb/v7-m/nofp/libgcc.a(_udivmoddi4.o)
                                 0x27 (size before relaxing)
 .comment       0x00000026        0x0 /usr/lib/gcc/arm-none-eabi/15/../../../../arm-none-eabi/lib/thumb/v7-m/nofp/libc.a(strlen.c.o)
                                 0x27 (size before relaxing)

.debug_line     0x00000000    0x13055
 .debug_line    0x00000000       0xbd /usr/lib/gcc/arm-none-eabi/15/../../../../arm-none-eabi/lib/thumb/v7-m/nofp/libc.a(memcpy.S.o)
 .debug_line    0x000000bd      0x209 /usr/lib/gcc/arm-none-eabi/15/../../../../arm-none-eabi/lib/thumb/v7-m/nofp/libc.a(memset.c.o)
 .debug_line    0x000002c6       0x9c /usr/lib/gcc/arm-none-eabi/15/../../../../arm-none-eabi/lib/thumb/v7-m/nofp/libc.a(libc_misc_init.c.o)
 .debug_line    0x00000362      0x398 src/drivers/ubertooth_dma.o
 .debug_line    0x000006fa      0x891 src/drivers/ubertooth_usb.o
 .debug_line    0x00000f8b      0x4d0 src/btctl/vendor_request_handler.o
 .debug_line    0x0000145b      0xb14 src/btctl/btctl.o
 .debug_line    0x00001f6f      0x16b src/btctl/main.o
 .debug_line    0x000020da       0x95 src/codec/perm5.o
 .debug_line    0x0000216f       0xee src/codec/btbb.o
 .debug_line    0x0000225d      0x222 src/codec/packet_proc.o
 .debug_line    0x0000247f      0x9c1 src/codec/codec.o
 .debug_line    0x00002e40      0xa4a src/codec/bitstream_proc.o
 .debug_line    0x0000388a      0x2e3 src/util/mem_pool.o
 .debug_line    0x00003b6d      0x330 src/util/fault.o
 .debug_line    0x00003e9d      0x3f1 src/util/console.o
 .debug_line    0x0000428e      0xa16 src/util/debug.o
 .debug_line    0x00004ca4     0x262d src/util/tinyprintf.o
 .debug_line    0x000072d1      0x193 src/util/queue.o
 .debug_line    0x00007464      0x54b src/btphy/hop.o
 .debug_line    0x000079af      0x2f4 src/btphy/slave_state.o
 .debug_line    0x00007ca3      0x2ac src/btphy/master_state.o
 .debug_line    0x00007f4f      0x343 src/btphy/scan_task.o
 .debug_line    0x00008292      0x40f src/btphy/page_scan_state.o
 .debug_line    0x000086a1      0x67a src/btphy/tx_task.o
 .debug_line    0x00008d1b      0x464 src/btphy/monitor1_state.o
 .debug_line    0x0000917f      0x3a4 src/btphy/inquiry_state.o
 .debug_line    0x00009523     0x135f src/btphy/rx_task.o
 .debug_line    0x0000a882      0x5eb src/btphy/ll.o
 .debug_line    0x0000ae6d      0x3b5 src/btphy/inquiry_scan_state.o
 .debug_line    0x0000b222      0x8f7 src/btphy/btphy.o
 .debug_line    0x0000bb19      0x410 src/btphy/paging_state.o
 .debug_line    0x0000bf29      0x2f5 src/btphy/monitor2_state.o
 .debug_line    0x0000c21e      0x6c1 src/btphy/rf.o
 .debug_line    0x0000c8df      0xf39 src/btphy/tdma_sched.o
 .debug_line    0x0000d818      0x4a7 ../common/usb_serial.o
 .debug_line    0x0000dcbf      0x127 ../common/LPC17xx_Startup.o
 .debug_line    0x0000dde6       0x62 ../common/LPC17xx_Interrupts.o
 .debug_line    0x0000de48     0x2c70 ../common/ubertooth.o
 .debug_line    0x00010ab8      0x2ee ../common/lpcusb/target/usbcontrol.o
 .debug_line    0x00010da6       0xb3 ../common/lpcusb/target/usbinit.o
 .debug_line    0x00010e59     0x14d7 ../common/lpcusb/target/usbhw_lpc.o
 .debug_line    0x00012330      0x61e ../common/lpcusb/target/usbstdreq.o
 .debug_line    0x0001294e       0x4e /usr/lib/gcc/arm-none-eabi/15/thumb/v7-m/nofp/libgcc.a(_aeabi_uldivmod.o)
 .debug_line    0x0001299c      0x5df /usr/lib/gcc/arm-none-eabi/15/thumb/v7-m/nofp/libgcc.a(_udivmoddi4.o)
 .debug_line    0x00012f7b       0x4a /usr/lib/gcc/arm-none-eabi/15/thumb/v7-m/nofp/libgcc.a(_dvmd_tls.o)
 .debug_line    0x00012fc5       0x90 /usr/lib/gcc/arm-none-eabi/15/../../../../arm-none-eabi/lib/thumb/v7-m/nofp/libc.a(strlen.c.o)

.debug_line_str
                0x00000000       0xe0
 .debug_line_str
                0x00000000       0xe0 /usr/lib/gcc/arm-none-eabi/15/../../../../arm-none-eabi/lib/thumb/v7-m/nofp/libc.a(memcpy.S.o)
                                 0x3a (size before relaxing)
 .debug_line_str
                0x000000e0        0x0 /usr/lib/gcc/arm-none-eabi/15/thumb/v7-m/nofp/libgcc.a(_aeabi_uldivmod.o)
                                 0x9a (size before relaxing)
 .debug_line_str
                0x000000e0        0x0 /usr/lib/gcc/arm-none-eabi/15/thumb/v7-m/nofp/libgcc.a(_dvmd_tls.o)
                                 0x9e (size before relaxing)

.debug_info     0x00000000    0x19c7c
 .debug_info    0x00000000       0x33 /usr/lib/gcc/arm-none-eabi/15/../../../../arm-none-eabi/lib/thumb/v7-m/nofp/libc.a(memcpy.S.o)
 .debug_info    0x00000033      0x153 /usr/lib/gcc/arm-none-eabi/15/../../../../arm-none-eabi/lib/thumb/v7-m/nofp/libc.a(memset.c.o)
 .debug_info    0x00000186       0xd9 /usr/lib/gcc/arm-none-eabi/15/../../../../arm-none-eabi/lib/thumb/v7-m/nofp/libc.a(libc_misc_init.c.o)
 .debug_info    0x0000025f      0x2fa src/drivers/ubertooth_dma.o
 .debug_info    0x00000559     0x116e src/drivers/ubertooth_usb.o
 .debug_info    0x000016c7      0xc0f src/btctl/vendor_request_handler.o
 .debug_info    0x000022d6     0x19b7 src/btctl/btctl.o
 .debug_info    0x00003c8d      0x1ee src/btctl/main.o
 .debug_info    0x00003e7b       0xb0 src/codec/perm5.o
 .debug_info    0x00003f2b      0x11f src/codec/btbb.o
 .debug_info    0x0000404a      0x292 src/codec/packet_proc.o
 .debug_info    0x000042dc     0x1073 src/codec/codec.o
 .debug_info    0x0000534f      0xc0d src/codec/bitstream_proc.o
 .debug_info    0x00005f5c      0x32c src/util/mem_pool.o
 .debug_info    0x00006288      0x613 src/util/fault.o
 .debug_info    0x0000689b      0x97a src/util/console.o
 .debug_info    0x00007215      0x7a6 src/util/debug.o
 .debug_info    0x000079bb     0x174f src/util/tinyprintf.o
 .debug_info    0x0000910a      0x278 src/util/queue.o
 .debug_info    0x00009382      0x8b8 src/btphy/hop.o
 .debug_info    0x00009c3a      0xc19 src/btphy/slave_state.o
 .debug_info    0x0000a853      0xad5 src/btphy/master_state.o
 .debug_info    0x0000b328      0x7e9 src/btphy/scan_task.o
 .debug_info    0x0000bb11      0xc99 src/btphy/page_scan_state.o
 .debug_info    0x0000c7aa      0xeab src/btphy/tx_task.o
 .debug_info    0x0000d655      0xf41 src/btphy/monitor1_state.o
 .debug_info    0x0000e596      0xe50 src/btphy/inquiry_state.o
 .debug_info    0x0000f3e6     0x16ad src/btphy/rx_task.o
 .debug_info    0x00010a93      0xc4d src/btphy/ll.o
 .debug_info    0x000116e0      0xac7 src/btphy/inquiry_scan_state.o
 .debug_info    0x000121a7      0xa24 src/btphy/btphy.o
 .debug_info    0x00012bcb      0xe4a src/btphy/paging_state.o
 .debug_info    0x00013a15      0xb34 src/btphy/monitor2_state.o
 .debug_info    0x00014549      0x6eb src/btphy/rf.o
 .debug_info    0x00014c34      0x856 src/btphy/tdma_sched.o
 .debug_info    0x0001548a      0xa93 ../common/usb_serial.o
 .debug_info    0x00015f1d      0x12c ../common/LPC17xx_Startup.o
 .debug_info    0x00016049       0x8a ../common/LPC17xx_Interrupts.o
 .debug_info    0x000160d3     0x11df ../common/ubertooth.o
 .debug_info    0x000172b2      0x5c6 ../common/lpcusb/target/usbcontrol.o
 .debug_info    0x00017878      0x2bb ../common/lpcusb/target/usbinit.o
 .debug_info    0x00017b33     0x1058 ../common/lpcusb/target/usbhw_lpc.o
 .debug_info    0x00018b8b      0x8d8 ../common/lpcusb/target/usbstdreq.o
 .debug_info    0x00019463       0x24 /usr/lib/gcc/arm-none-eabi/15/thumb/v7-m/nofp/libgcc.a(_aeabi_uldivmod.o)
 .debug_info    0x00019487      0x6fa /usr/lib/gcc/arm-none-eabi/15/thumb/v7-m/nofp/libgcc.a(_udivmoddi4.o)
 .debug_info    0x00019b81       0x3c /usr/lib/gcc/arm-none-eabi/15/thumb/v7-m/nofp/libgcc.a(_dvmd_tls.o)
 .debug_info    0x00019bbd       0xbf /usr/lib/gcc/arm-none-eabi/15/../../../../arm-none-eabi/lib/thumb/v7-m/nofp/libc.a(strlen.c.o)

.debug_abbrev   0x00000000     0x75fb
 .debug_abbrev  0x00000000       0x28 /usr/lib/gcc/arm-none-eabi/15/../../../../arm-none-eabi/lib/thumb/v7-m/nofp/libc.a(memcpy.S.o)
 .debug_abbrev  0x00000028       0xbd /usr/lib/gcc/arm-none-eabi/15/../../../../arm-none-eabi/lib/thumb/v7-m/nofp/libc.a(memset.c.o)
 .debug_abbrev  0x000000e5       0xa2 /usr/lib/gcc/arm-none-eabi/15/../../../../arm-none-eabi/lib/thumb/v7-m/nofp/libc.a(libc_misc_init.c.o)
 .debug_abbrev  0x00000187      0x1d7 src/drivers/ubertooth_dma.o
 .debug_abbrev  0x0000035e      0x4fb src/drivers/ubertooth_usb.o
 .debug_abbrev  0x00000859      0x367 src/btctl/vendor_request_handler.o
 .debug_abbrev  0x00000bc0      0x485 src/btctl/btctl.o
 .debug_abbrev  0x00001045       0xf4 src/btctl/main.o
 .debug_abbrev  0x00001139       0x6a src/codec/perm5.o
 .debug_abbrev  0x000011a3       0xba src/codec/btbb.o
 .debug_abbrev  0x0000125d      0x121 src/codec/packet_proc.o
 .debug_abbrev  0x0000137e      0x3d8 src/codec/codec.o
 .debug_abbrev  0x00001756      0x278 src/codec/bitstream_proc.o
 .debug_abbrev  0x000019ce      0x219 src/util/mem_pool.o
 .debug_abbrev  0x00001be7      0x217 src/util/fault.o
 .debug_abbrev  0x00001dfe      0x2ee src/util/console.o
 .debug_abbrev  0x000020ec      0x2e9 src/util/debug.o
 .debug_abbrev  0x000023d5      0x4bc src/util/tinyprintf.o
 .debug_abbrev  0x00002891      0x161 src/util/queue.o
 .debug_abbrev  0x000029f2      0x2d3 src/btphy/hop.o
 .debug_abbrev  0x00002cc5      0x32e src/btphy/slave_state.o
 .debug_abbrev  0x00002ff3      0x319 src/btphy/master_state.o
 .debug_abbrev  0x0000330c      0x2c7 src/btphy/scan_task.o
 .debug_abbrev  0x000035d3      0x31c src/btphy/page_scan_state.o
 .debug_abbrev  0x000038ef      0x453 src/btphy/tx_task.o
 .debug_abbrev  0x00003d42      0x36f src/btphy/monitor1_state.o
 .debug_abbrev  0x000040b1      0x364 src/btphy/inquiry_state.o
 .debug_abbrev  0x00004415      0x520 src/btphy/rx_task.o
 .debug_abbrev  0x00004935      0x38a src/btphy/ll.o
 .debug_abbrev  0x00004cbf      0x2ee src/btphy/inquiry_scan_state.o
 .debug_abbrev  0x00004fad      0x3f3 src/btphy/btphy.o
 .debug_abbrev  0x000053a0      0x35a src/btphy/paging_state.o
 .debug_abbrev  0x000056fa      0x32f src/btphy/monitor2_state.o
 .debug_abbrev  0x00005a29      0x34b src/btphy/rf.o
 .debug_abbrev  0x00005d74      0x2f5 src/btphy/tdma_sched.o
 .debug_abbrev  0x00006069      0x3b2 ../common/usb_serial.o
 .debug_abbrev  0x0000641b       0xcb ../common/LPC17xx_Startup.o
 .debug_abbrev  0x000064e6       0x9a ../common/LPC17xx_Interrupts.o
 .debug_abbrev  0x00006580      0x459 ../common/ubertooth.o
 .debug_abbrev  0x000069d9      0x239 ../common/lpcusb/target/usbcontrol.o
 .debug_abbrev  0x00006c12      0x15f ../common/lpcusb/target/usbinit.o
 .debug_abbrev  0x00006d71      0x343 ../common/lpcusb/target/usbhw_lpc.o
 .debug_abbrev  0x000070b4      0x31d ../common/lpcusb/target/usbstdreq.o
 .debug_abbrev  0x000073d1       0x14 /usr/lib/gcc/arm-none-eabi/15/thumb/v7-m/nofp/libgcc.a(_aeabi_uldivmod.o)
 .debug_abbrev  0x000073e5      0x170 /usr/lib/gcc/arm-none-eabi/15/thumb/v7-m/nofp/libgcc.a(_udivmoddi4.o)
 .debug_abbrev  0x00007555       0x26 /usr/lib/gcc/arm-none-eabi/15/thumb/v7-m/nofp/libgcc.a(_dvmd_tls.o)
 .debug_abbrev  0x0000757b       0x80 /usr/lib/gcc/arm-none-eabi/15/../../../../arm-none-eabi/lib/thumb/v7-m/nofp/libc.a(strlen.c.o)

.debug_aranges  0x00000000      0xbc8
 .debug_aranges
                0x00000000       0x20 /usr/lib/gcc/arm-none-eabi/15/../../../../arm-none-eabi/lib/thumb/v7-m/nofp/libc.a(memcpy.S.o)
 .debug_aranges
                0x00000020       0x20 /usr/lib/gcc/arm-none-eabi/15/../../../../arm-none-eabi/lib/thumb/v7-m/nofp/libc.a(memset.c.o)
 .debug_aranges
                0x00000040       0x20 /usr/lib/gcc/arm-none-eabi/15/../../../../arm-none-eabi/lib/thumb/v7-m/nofp/libc.a(libc_misc_init.c.o)
 .debug_aranges
                0x00000060       0x60 src/drivers/ubertooth_dma.o
 .debug_aranges
                0x000000c0       0x48 src/drivers/ubertooth_usb.o
 .debug_aranges
                0x00000108       0x20 src/btctl/vendor_request_handler.o
 .debug_aranges
                0x00000128       0x38 src/btctl/btctl.o
 .debug_aranges
                0x00000160       0x20 src/btctl/main.o
 .debug_aranges
                0x00000180       0x18 src/codec/perm5.o
 .debug_aranges
                0x00000198       0x20 src/codec/btbb.o
 .debug_aranges
                0x000001b8       0x30 src/codec/packet_proc.o
 .debug_aranges
                0x000001e8       0x40 src/codec/codec.o
 .debug_aranges
                0x00000228       0x58 src/codec/bitstream_proc.o
 .debug_aranges
                0x00000280       0x30 src/util/mem_pool.o
 .debug_aranges
                0x000002b0       0x48 src/util/fault.o
 .debug_aranges
                0x000002f8       0x28 src/util/console.o
 .debug_aranges
                0x00000320       0x78 src/util/debug.o
 .debug_aranges
                0x00000398       0x80 src/util/tinyprintf.o
 .debug_aranges
                0x00000418       0x30 src/util/queue.o
 .debug_aranges
                0x00000448       0x40 src/btphy/hop.o
 .debug_aranges
                0x00000488       0x30 src/btphy/slave_state.o
 .debug_aranges
                0x000004b8       0x30 src/btphy/master_state.o
 .debug_aranges
                0x000004e8       0x38 src/btphy/scan_task.o
 .debug_aranges
                0x00000520       0x38 src/btphy/page_scan_state.o
 .debug_aranges
                0x00000558       0x48 src/btphy/tx_task.o
 .debug_aranges
                0x000005a0       0x38 src/btphy/monitor1_state.o
 .debug_aranges
                0x000005d8       0x30 src/btphy/inquiry_state.o
 .debug_aranges
                0x00000608       0x48 src/btphy/rx_task.o
 .debug_aranges
                0x00000650       0x38 src/btphy/ll.o
 .debug_aranges
                0x00000688       0x38 src/btphy/inquiry_scan_state.o
 .debug_aranges
                0x000006c0       0x60 src/btphy/btphy.o
 .debug_aranges
                0x00000720       0x38 src/btphy/paging_state.o
 .debug_aranges
                0x00000758       0x28 src/btphy/monitor2_state.o
 .debug_aranges
                0x00000780       0x68 src/btphy/rf.o
 .debug_aranges
                0x000007e8       0x58 src/btphy/tdma_sched.o
 .debug_aranges
                0x00000840       0x68 ../common/usb_serial.o
 .debug_aranges
                0x000008a8       0x20 ../common/LPC17xx_Startup.o
 .debug_aranges
                0x000008c8       0x20 ../common/LPC17xx_Interrupts.o
 .debug_aranges
                0x000008e8      0x100 ../common/ubertooth.o
 .debug_aranges
                0x000009e8       0x28 ../common/lpcusb/target/usbcontrol.o
 .debug_aranges
                0x00000a10       0x28 ../common/lpcusb/target/usbinit.o
 .debug_aranges
                0x00000a38       0xc0 ../common/lpcusb/target/usbhw_lpc.o
 .debug_aranges
                0x00000af8       0x50 ../common/lpcusb/target/usbstdreq.o
 .debug_aranges
                0x00000b48       0x20 /usr/lib/gcc/arm-none-eabi/15/thumb/v7-m/nofp/libgcc.a(_aeabi_uldivmod.o)
 .debug_aranges
                0x00000b68       0x20 /usr/lib/gcc/arm-none-eabi/15/thumb/v7-m/nofp/libgcc.a(_udivmoddi4.o)
 .debug_aranges
                0x00000b88       0x20 /usr/lib/gcc/arm-none-eabi/15/thumb/v7-m/nofp/libgcc.a(_dvmd_tls.o)
 .debug_aranges
                0x00000ba8       0x20 /usr/lib/gcc/arm-none-eabi/15/../../../../arm-none-eabi/lib/thumb/v7-m/nofp/libc.a(strlen.c.o)

.debug_str      0x00000000     0x3ff2
 .debug_str     0x00000000     0x3ff2 /usr/lib/gcc/arm-none-eabi/15/../../../../arm-none-eabi/lib/thumb/v7-m/nofp/libc.a(memcpy.S.o)
                                 0x4d (size before relaxing)
 .debug_str     0x00003ff2        0x0 /usr/lib/gcc/arm-none-eabi/15/../../../../arm-none-eabi/lib/thumb/v7-m/nofp/libc.a(memset.c.o)
                                0x233 (size before relaxing)
 .debug_str     0x00003ff2        0x0 /usr/lib/gcc/arm-none-eabi/15/../../../../arm-none-eabi/lib/thumb/v7-m/nofp/libc.a(libc_misc_init.c.o)
                                0x215 (size before relaxing)
 .debug_str     0x00003ff2        0x0 src/drivers/ubertooth_dma.o
                                0x315 (size before relaxing)
 .debug_str     0x00003ff2        0x0 src/drivers/ubertooth_usb.o
                                0x72a (size before relaxing)
 .debug_str     0x00003ff2        0x0 src/btctl/vendor_request_handler.o
                                0xcbb (size before relaxing)
 .debug_str     0x00003ff2        0x0 src/btctl/btctl.o
                                0xa62 (size before relaxing)
 .debug_str     0x00003ff2        0x0 src/btctl/main.o
                                0x29d (size before relaxing)
 .debug_str     0x00003ff2        0x0 src/codec/perm5.o
                                0x1de (size before relaxing)
 .debug_str     0x00003ff2        0x0 src/codec/btbb.o
                                0x20e (size before relaxing)
 .debug_str     0x00003ff2        0x0 src/codec/packet_proc.o
                                0x2b7 (size before relaxing)
 .debug_str     0x00003ff2        0x0 src/codec/codec.o
                                0x61b (size before relaxing)
 .debug_str     0x00003ff2        0x0 src/codec/bitstream_proc.o
                                0x35a (size before relaxing)
 .debug_str     0x00003ff2        0x0 src/util/mem_pool.o
                                0x268 (size before relaxing)
 .debug_str     0x00003ff2        0x0 src/util/fault.o
                                0x33a (size before relaxing)
 .debug_str     0x00003ff2        0x0 src/util/console.o
                                0x581 (size before relaxing)
 .debug_str     0x00003ff2        0x0 src/util/debug.o
                                0x359 (size before relaxing)
 .debug_str     0x00003ff2        0x0 src/util/tinyprintf.o
                                0x35e (size before relaxing)
 .debug_str     0x00003ff2        0x0 src/util/queue.o
                                0x279 (size before relaxing)
 .debug_str     0x00003ff2        0x0 src/btphy/hop.o
                                0x457 (size before relaxing)
 .debug_str     0x00003ff2        0x0 src/btphy/slave_state.o
                                0x752 (size before relaxing)
 .debug_str     0x00003ff2        0x0 src/btphy/master_state.o
                                0x6ed (size before relaxing)
 .debug_str     0x00003ff2        0x0 src/btphy/scan_task.o
                                0x564 (size before relaxing)
 .debug_str     0x00003ff2        0x0 src/btphy/page_scan_state.o
                                0x7d9 (size before relaxing)
 .debug_str     0x00003ff2        0x0 src/btphy/tx_task.o
                                0x739 (size before relaxing)
 .debug_str     0x00003ff2        0x0 src/btphy/monitor1_state.o
                                0x87a (size before relaxing)
 .debug_str     0x00003ff2        0x0 src/btphy/inquiry_state.o
                                0x8e9 (size before relaxing)
 .debug_str     0x00003ff2        0x0 src/btphy/rx_task.o
                                0x9fc (size before relaxing)
 .debug_str     0x00003ff2        0x0 src/btphy/ll.o
                                0x8dc (size before relaxing)
 .debug_str     0x00003ff2        0x0 src/btphy/inquiry_scan_state.o
                                0x758 (size before relaxing)
 .debug_str     0x00003ff2        0x0 src/btphy/btphy.o
                                0x5ce (size before relaxing)
 .debug_str     0x00003ff2        0x0 src/btphy/paging_state.o
                                0x7d6 (size before relaxing)
 .debug_str     0x00003ff2        0x0 src/btphy/monitor2_state.o
                                0x7e5 (size before relaxing)
 .debug_str     0x00003ff2        0x0 src/btphy/rf.o
                                0x3eb (size before relaxing)
 .debug_str     0x00003ff2        0x0 src/btphy/tdma_sched.o
                                0x3a7 (size before relaxing)
 .debug_str     0x00003ff2        0x0 ../common/usb_serial.o
                                0x4d8 (size before relaxing)
 .debug_str     0x00003ff2        0x0 ../common/LPC17xx_Startup.o
                                0x241 (size before relaxing)
 .debug_str     0x00003ff2        0x0 ../common/LPC17xx_Interrupts.o
                                0x1aa (size before relaxing)
 .debug_str     0x00003ff2        0x0 ../common/ubertooth.o
                                0x3ce (size before relaxing)
 .debug_str     0x00003ff2        0x0 ../common/lpcusb/target/usbcontrol.o
                                0x306 (size before relaxing)
 .debug_str     0x00003ff2        0x0 ../common/lpcusb/target/usbinit.o
                                0x2b5 (size before relaxing)
 .debug_str     0x00003ff2        0x0 ../common/lpcusb/target/usbhw_lpc.o
                                0x5d8 (size before relaxing)
 .debug_str     0x00003ff2        0x0 ../common/lpcusb/target/usbstdreq.o
                                0x4e8 (size before relaxing)
 .debug_str     0x00003ff2        0x0 /usr/lib/gcc/arm-none-eabi/15/thumb/v7-m/nofp/libgcc.a(_aeabi_uldivmod.o)
                                 0xa6 (size before relaxing)
 .debug_str     0x00003ff2        0x0 /usr/lib/gcc/arm-none-eabi/15/thumb/v7-m/nofp/libgcc.a(_udivmoddi4.o)
                                0x69b (size before relaxing)
 .debug_str     0x00003ff2        0x0 /usr/lib/gcc/arm-none-eabi/15/thumb/v7-m/nofp/libgcc.a(_dvmd_tls.o)
                                 0xc6 (size before relaxing)
 .debug_str     0x00003ff2        0x0 /usr/lib/gcc/arm-none-eabi/15/../../../../arm-none-eabi/lib/thumb/v7-m/nofp/libc.a(strlen.c.o)
                                0x1fd (size before relaxing)

.debug_frame    0x00000000     0x1e18
 .debug_frame   0x00000000       0x28 /usr/lib/gcc/arm-none-eabi/15/../../../../arm-none-eabi/lib/thumb/v7-m/nofp/libc.a(memcpy.S.o)
 .debug_frame   0x00000028       0x2c /usr/lib/gcc/arm-none-eabi/15/../../../../arm-none-eabi/lib/thumb/v7-m/nofp/libc.a(memset.c.o)
 .debug_frame   0x00000054       0x2c /usr/lib/gcc/arm-none-eabi/15/../../../../arm-none-eabi/lib/thumb/v7-m/nofp/libc.a(libc_misc_init.c.o)
 .debug_frame   0x00000080       0xd4 src/drivers/ubertooth_dma.o
 .debug_frame   0x00000154       0xd8 src/drivers/ubertooth_usb.o
 .debug_frame   0x0000022c       0x38 src/btctl/vendor_request_handler.o
 .debug_frame   0x00000264       0x98 src/btctl/btctl.o
 .debug_frame   0x000002fc       0x2c src/btctl/main.o
 .debug_frame   0x00000328       0x2c src/codec/btbb.o
 .debug_frame   0x00000354       0x50 src/codec/packet_proc.o
 .debug_frame   0x000003a4       0xe4 src/codec/codec.o
 .debug_frame   0x00000488      0x138 src/codec/bitstream_proc.o
 .debug_frame   0x000005c0       0x50 src/util/mem_pool.o
 .debug_frame   0x00000610       0xb8 src/util/fault.o
 .debug_frame   0x000006c8       0x5c src/util/console.o
 .debug_frame   0x00000724      0x180 src/util/debug.o
 .debug_frame   0x000008a4      0x1e8 src/util/tinyprintf.o
 .debug_frame   0x00000a8c       0x40 src/util/queue.o
 .debug_frame   0x00000acc       0xa4 src/btphy/hop.o
 .debug_frame   0x00000b70       0x74 src/btphy/slave_state.o
 .debug_frame   0x00000be4       0x74 src/btphy/master_state.o
 .debug_frame   0x00000c58       0x84 src/btphy/scan_task.o
 .debug_frame   0x00000cdc       0xcc src/btphy/page_scan_state.o
 .debug_frame   0x00000da8       0xe0 src/btphy/tx_task.o
 .debug_frame   0x00000e88       0xbc src/btphy/monitor1_state.o
 .debug_frame   0x00000f44       0x80 src/btphy/inquiry_state.o
 .debug_frame   0x00000fc4      0x110 src/btphy/rx_task.o
 .debug_frame   0x000010d4       0x88 src/btphy/ll.o
 .debug_frame   0x0000115c       0xd4 src/btphy/inquiry_scan_state.o
 .debug_frame   0x00001230      0x124 src/btphy/btphy.o
 .debug_frame   0x00001354       0xac src/btphy/paging_state.o
 .debug_frame   0x00001400       0x54 src/btphy/monitor2_state.o
 .debug_frame   0x00001454      0x120 src/btphy/rf.o
 .debug_frame   0x00001574      0x100 src/btphy/tdma_sched.o
 .debug_frame   0x00001674      0x10c ../common/usb_serial.o
 .debug_frame   0x00001780       0x2c ../common/LPC17xx_Startup.o
 .debug_frame   0x000017ac       0x20 ../common/LPC17xx_Interrupts.o
 .debug_frame   0x000017cc      0x2bc ../common/ubertooth.o
 .debug_frame   0x00001a88       0x60 ../common/lpcusb/target/usbcontrol.o
 .debug_frame   0x00001ae8       0x38 ../common/lpcusb/target/usbinit.o
 .debug_frame   0x00001b20      0x1c4 ../common/lpcusb/target/usbhw_lpc.o
 .debug_frame   0x00001ce4       0xb4 ../common/lpcusb/target/usbstdreq.o
 .debug_frame   0x00001d98       0x2c /usr/lib/gcc/arm-none-eabi/15/thumb/v7-m/nofp/libgcc.a(_aeabi_uldivmod.o)
 .debug_frame   0x00001dc4       0x34 /usr/lib/gcc/arm-none-eabi/15/thumb/v7-m/nofp/libgcc.a(_udivmoddi4.o)
 .debug_frame   0x00001df8       0x20 /usr/lib/gcc/arm-none-eabi/15/../../../../arm-none-eabi/lib/thumb/v7-m/nofp/libc.a(strlen.c.o)

.debug_loclists
                0x00000000    0x10b38
 .debug_loclists
                0x00000000      0x18d /usr/lib/gcc/arm-none-eabi/15/../../../../arm-none-eabi/lib/thumb/v7-m/nofp/libc.a(memset.c.o)
 .debug_loclists
                0x0000018d       0x29 /usr/lib/gcc/arm-none-eabi/15/../../../../arm-none-eabi/lib/thumb/v7-m/nofp/libc.a(libc_misc_init.c.o)
 .debug_loclists
                0x000001b6       0x5e src/drivers/ubertooth_dma.o
 .debug_loclists
                0x00000214      0x57f src/drivers/ubertooth_usb.o
 .debug_loclists
                0x00000793      0x937 src/btctl/vendor_request_handler.o
 .debug_loclists
                0x000010ca      0x8e1 src/btctl/btctl.o
 .debug_loclists
                0x000019ab       0x2c src/btctl/main.o
 .debug_loclists
                0x000019d7       0x83 src/codec/btbb.o
 .debug_loclists
                0x00001a5a      0x1fd src/codec/packet_proc.o
 .debug_loclists
                0x00001c57      0xbc5 src/codec/codec.o
 .debug_loclists
                0x0000281c     0x1a2d src/codec/bitstream_proc.o
 .debug_loclists
                0x00004249      0x17d src/util/mem_pool.o
 .debug_loclists
                0x000043c6       0x30 src/util/fault.o
 .debug_loclists
                0x000043f6      0x1bc src/util/console.o
 .debug_loclists
                0x000045b2      0x3a9 src/util/debug.o
 .debug_loclists
                0x0000495b     0x3e6d src/util/tinyprintf.o
 .debug_loclists
                0x000087c8       0x95 src/util/queue.o
 .debug_loclists
                0x0000885d      0x6f8 src/btphy/hop.o
 .debug_loclists
                0x00008f55      0x1f9 src/btphy/slave_state.o
 .debug_loclists
                0x0000914e      0x1a5 src/btphy/master_state.o
 .debug_loclists
                0x000092f3      0x13e src/btphy/scan_task.o
 .debug_loclists
                0x00009431      0x27e src/btphy/page_scan_state.o
 .debug_loclists
                0x000096af      0x444 src/btphy/tx_task.o
 .debug_loclists
                0x00009af3      0x336 src/btphy/monitor1_state.o
 .debug_loclists
                0x00009e29      0x3de src/btphy/inquiry_state.o
 .debug_loclists
                0x0000a207      0xb88 src/btphy/rx_task.o
 .debug_loclists
                0x0000ad8f      0x302 src/btphy/ll.o
 .debug_loclists
                0x0000b091      0x209 src/btphy/inquiry_scan_state.o
 .debug_loclists
                0x0000b29a      0x457 src/btphy/btphy.o
 .debug_loclists
                0x0000b6f1      0x320 src/btphy/paging_state.o
 .debug_loclists
                0x0000ba11      0x221 src/btphy/monitor2_state.o
 .debug_loclists
                0x0000bc32      0x367 src/btphy/rf.o
 .debug_loclists
                0x0000bf99     0x1117 src/btphy/tdma_sched.o
 .debug_loclists
                0x0000d0b0      0x233 ../common/usb_serial.o
 .debug_loclists
                0x0000d2e3       0x31 ../common/LPC17xx_Startup.o
 .debug_loclists
                0x0000d314     0x14cc ../common/ubertooth.o
 .debug_loclists
                0x0000e7e0      0x297 ../common/lpcusb/target/usbcontrol.o
 .debug_loclists
                0x0000ea77      0xe50 ../common/lpcusb/target/usbhw_lpc.o
 .debug_loclists
                0x0000f8c7      0x8d7 ../common/lpcusb/target/usbstdreq.o
 .debug_loclists
                0x0001019e      0x971 /usr/lib/gcc/arm-none-eabi/15/thumb/v7-m/nofp/libgcc.a(_udivmoddi4.o)
 .debug_loclists
                0x00010b0f       0x29 /usr/lib/gcc/arm-none-eabi/15/../../../../arm-none-eabi/lib/thumb/v7-m/nofp/libc.a(strlen.c.o)

.debug_rnglists
                0x00000000     0x22e1
 .debug_rnglists
                0x00000000       0x14 /usr/lib/gcc/arm-none-eabi/15/../../../../arm-none-eabi/lib/thumb/v7-m/nofp/libc.a(memset.c.o)
 .debug_rnglists
                0x00000014       0x13 /usr/lib/gcc/arm-none-eabi/15/../../../../arm-none-eabi/lib/thumb/v7-m/nofp/libc.a(libc_misc_init.c.o)
 .debug_rnglists
                0x00000027       0x5b src/drivers/ubertooth_dma.o
 .debug_rnglists
                0x00000082       0xb1 src/drivers/ubertooth_usb.o
 .debug_rnglists
                0x00000133       0x59 src/btctl/vendor_request_handler.o
 .debug_rnglists
                0x0000018c      0x1fe src/btctl/btctl.o
 .debug_rnglists
                0x0000038a       0x13 src/btctl/main.o
 .debug_rnglists
                0x0000039d       0x13 src/codec/btbb.o
 .debug_rnglists
                0x000003b0       0x1f src/codec/packet_proc.o
 .debug_rnglists
                0x000003cf       0xfd src/codec/codec.o
 .debug_rnglists
                0x000004cc       0xf4 src/codec/bitstream_proc.o
 .debug_rnglists
                0x000005c0       0x20 src/util/mem_pool.o
 .debug_rnglists
                0x000005e0       0x32 src/util/fault.o
 .debug_rnglists
                0x00000612       0xb0 src/util/console.o
 .debug_rnglists
                0x000006c2       0xa4 src/util/debug.o
 .debug_rnglists
                0x00000766      0x569 src/util/tinyprintf.o
 .debug_rnglists
                0x00000ccf       0x1f src/util/queue.o
 .debug_rnglists
                0x00000cee       0xb4 src/btphy/hop.o
 .debug_rnglists
                0x00000da2       0x48 src/btphy/slave_state.o
 .debug_rnglists
                0x00000dea       0x2f src/btphy/master_state.o
 .debug_rnglists
                0x00000e19       0x6b src/btphy/scan_task.o
 .debug_rnglists
                0x00000e84       0x95 src/btphy/page_scan_state.o
 .debug_rnglists
                0x00000f19       0xf0 src/btphy/tx_task.o
 .debug_rnglists
                0x00001009       0x8b src/btphy/monitor1_state.o
 .debug_rnglists
                0x00001094       0x6e src/btphy/inquiry_state.o
 .debug_rnglists
                0x00001102      0x2b5 src/btphy/rx_task.o
 .debug_rnglists
                0x000013b7       0x74 src/btphy/ll.o
 .debug_rnglists
                0x0000142b       0xbf src/btphy/inquiry_scan_state.o
 .debug_rnglists
                0x000014ea      0x10e src/btphy/btphy.o
 .debug_rnglists
                0x000015f8       0x81 src/btphy/paging_state.o
 .debug_rnglists
                0x00001679       0x3f src/btphy/monitor2_state.o
 .debug_rnglists
                0x000016b8       0x81 src/btphy/rf.o
 .debug_rnglists
                0x00001739      0x27e src/btphy/tdma_sched.o
 .debug_rnglists
                0x000019b7       0x89 ../common/usb_serial.o
 .debug_rnglists
                0x00001a40       0x14 ../common/LPC17xx_Startup.o
 .debug_rnglists
                0x00001a54       0x13 ../common/LPC17xx_Interrupts.o
 .debug_rnglists
                0x00001a67      0x34c ../common/ubertooth.o
 .debug_rnglists
                0x00001db3       0x54 ../common/lpcusb/target/usbcontrol.o
 .debug_rnglists
                0x00001e07       0x19 ../common/lpcusb/target/usbinit.o
 .debug_rnglists
                0x00001e20      0x370 ../common/lpcusb/target/usbhw_lpc.o
 .debug_rnglists
                0x00002190       0xa6 ../common/lpcusb/target/usbstdreq.o
 .debug_rnglists
                0x00002236       0x98 /usr/lib/gcc/arm-none-eabi/15/thumb/v7-m/nofp/libgcc.a(_udivmoddi4.o)
 .debug_rnglists
                0x000022ce       0x13 /usr/lib/gcc/arm-none-eabi/15/../../../../arm-none-eabi/lib/thumb/v7-m/nofp/libc.a(strlen.c.o)
