Archive member included to satisfy reference by file (symbol)

/usr/lib/gcc/arm-none-eabi/15/../../../../arm-none-eabi/lib/thumb/v7-m/nofp/libc.a(interrupt.c.o)
                              /usr/lib/gcc/arm-none-eabi/15/../../../../arm-none-eabi/lib/thumb/v7-m/nofp/crt0.o (__interrupt_vector)
/usr/lib/gcc/arm-none-eabi/15/../../../../arm-none-eabi/lib/thumb/v7-m/nofp/libc.a(memcpy.S.o)
                              /usr/lib/gcc/arm-none-eabi/15/../../../../arm-none-eabi/lib/thumb/v7-m/nofp/crt0.o (memcpy)
/usr/lib/gcc/arm-none-eabi/15/../../../../arm-none-eabi/lib/thumb/v7-m/nofp/libc.a(memset.c.o)
                              /usr/lib/gcc/arm-none-eabi/15/../../../../arm-none-eabi/lib/thumb/v7-m/nofp/crt0.o (memset)
/usr/lib/gcc/arm-none-eabi/15/../../../../arm-none-eabi/lib/thumb/v7-m/nofp/libc.a(set_tls.c.o)
                              /usr/lib/gcc/arm-none-eabi/15/../../../../arm-none-eabi/lib/thumb/v7-m/nofp/crt0.o (_set_tls)
/usr/lib/gcc/arm-none-eabi/15/../../../../arm-none-eabi/lib/thumb/v7-m/nofp/libc.a(tls.c.o)
                              /usr/lib/gcc/arm-none-eabi/15/../../../../arm-none-eabi/lib/thumb/v7-m/nofp/libc.a(set_tls.c.o) (__tls)
/usr/lib/gcc/arm-none-eabi/15/../../../../arm-none-eabi/lib/thumb/v7-m/nofp/libc.a(libc_misc_init.c.o)
                              /usr/lib/gcc/arm-none-eabi/15/../../../../arm-none-eabi/lib/thumb/v7-m/nofp/crt0.o (__libc_init_array)

Merging object attributes


Discarded input sections

 .text          0x00000000       0x44 /usr/lib/gcc/arm-none-eabi/15/../../../../arm-none-eabi/lib/thumb/v7-m/nofp/crt0.o
 .data          0x00000000        0x0 /usr/lib/gcc/arm-none-eabi/15/../../../../arm-none-eabi/lib/thumb/v7-m/nofp/crt0.o
 .bss           0x00000000        0x0 /usr/lib/gcc/arm-none-eabi/15/../../../../arm-none-eabi/lib/thumb/v7-m/nofp/crt0.o
 .comment       0x00000000       0x27 /usr/lib/gcc/arm-none-eabi/15/../../../../arm-none-eabi/lib/thumb/v7-m/nofp/crt0.o
 .debug_aranges
                0x00000000       0x20 /usr/lib/gcc/arm-none-eabi/15/../../../../arm-none-eabi/lib/thumb/v7-m/nofp/crt0.o
 .debug_info    0x00000000      0x200 /usr/lib/gcc/arm-none-eabi/15/../../../../arm-none-eabi/lib/thumb/v7-m/nofp/crt0.o
 .debug_abbrev  0x00000000      0x155 /usr/lib/gcc/arm-none-eabi/15/../../../../arm-none-eabi/lib/thumb/v7-m/nofp/crt0.o
 .debug_line    0x00000000      0x168 /usr/lib/gcc/arm-none-eabi/15/../../../../arm-none-eabi/lib/thumb/v7-m/nofp/crt0.o
 .debug_frame   0x00000000       0x28 /usr/lib/gcc/arm-none-eabi/15/../../../../arm-none-eabi/lib/thumb/v7-m/nofp/crt0.o
 .debug_str     0x00000000      0x1e3 /usr/lib/gcc/arm-none-eabi/15/../../../../arm-none-eabi/lib/thumb/v7-m/nofp/crt0.o
 .ARM.attributes
                0x00000000       0x2d /usr/lib/gcc/arm-none-eabi/15/../../../../arm-none-eabi/lib/thumb/v7-m/nofp/crt0.o
 .text          0x00000000        0x0 /usr/lib/gcc/arm-none-eabi/15/../../../../arm-none-eabi/lib/thumb/v7-m/nofp/libc.a(interrupt.c.o)
 .data          0x00000000        0x0 /usr/lib/gcc/arm-none-eabi/15/../../../../arm-none-eabi/lib/thumb/v7-m/nofp/libc.a(interrupt.c.o)
 .bss           0x00000000        0x0 /usr/lib/gcc/arm-none-eabi/15/../../../../arm-none-eabi/lib/thumb/v7-m/nofp/libc.a(interrupt.c.o)
 .text.arm_halt_isr
                0x00000000        0x4 /usr/lib/gcc/arm-none-eabi/15/../../../../arm-none-eabi/lib/thumb/v7-m/nofp/libc.a(interrupt.c.o)
 .text.arm_ignore_isr
                0x00000000        0x4 /usr/lib/gcc/arm-none-eabi/15/../../../../arm-none-eabi/lib/thumb/v7-m/nofp/libc.a(interrupt.c.o)
 .text.init.enter
                0x00000000       0x40 /usr/lib/gcc/arm-none-eabi/15/../../../../arm-none-eabi/lib/thumb/v7-m/nofp/libc.a(interrupt.c.o)
 .debug_info    0x00000000      0x109 /usr/lib/gcc/arm-none-eabi/15/../../../../arm-none-eabi/lib/thumb/v7-m/nofp/libc.a(interrupt.c.o)
 .debug_abbrev  0x00000000       0xd5 /usr/lib/gcc/arm-none-eabi/15/../../../../arm-none-eabi/lib/thumb/v7-m/nofp/libc.a(interrupt.c.o)
 .debug_aranges
                0x00000000       0x28 /usr/lib/gcc/arm-none-eabi/15/../../../../arm-none-eabi/lib/thumb/v7-m/nofp/libc.a(interrupt.c.o)
 .debug_rnglists
                0x00000000       0x19 /usr/lib/gcc/arm-none-eabi/15/../../../../arm-none-eabi/lib/thumb/v7-m/nofp/libc.a(interrupt.c.o)
 .debug_line    0x00000000       0xc5 /usr/lib/gcc/arm-none-eabi/15/../../../../arm-none-eabi/lib/thumb/v7-m/nofp/libc.a(interrupt.c.o)
 .debug_str     0x00000000      0x255 /usr/lib/gcc/arm-none-eabi/15/../../../../arm-none-eabi/lib/thumb/v7-m/nofp/libc.a(interrupt.c.o)
 .comment       0x00000000       0x27 /usr/lib/gcc/arm-none-eabi/15/../../../../arm-none-eabi/lib/thumb/v7-m/nofp/libc.a(interrupt.c.o)
 .debug_frame   0x00000000       0x30 /usr/lib/gcc/arm-none-eabi/15/../../../../arm-none-eabi/lib/thumb/v7-m/nofp/libc.a(interrupt.c.o)
 .ARM.attributes
                0x00000000       0x31 /usr/lib/gcc/arm-none-eabi/15/../../../../arm-none-eabi/lib/thumb/v7-m/nofp/libc.a(interrupt.c.o)
 .text          0x00000000       0xec /usr/lib/gcc/arm-none-eabi/15/../../../../arm-none-eabi/lib/thumb/v7-m/nofp/libc.a(memcpy.S.o)
 .data          0x00000000        0x0 /usr/lib/gcc/arm-none-eabi/15/../../../../arm-none-eabi/lib/thumb/v7-m/nofp/libc.a(memcpy.S.o)
 .bss           0x00000000        0x0 /usr/lib/gcc/arm-none-eabi/15/../../../../arm-none-eabi/lib/thumb/v7-m/nofp/libc.a(memcpy.S.o)
 .debug_line    0x00000000       0xbd /usr/lib/gcc/arm-none-eabi/15/../../../../arm-none-eabi/lib/thumb/v7-m/nofp/libc.a(memcpy.S.o)
 .debug_line_str
                0x00000000       0x3a /usr/lib/gcc/arm-none-eabi/15/../../../../arm-none-eabi/lib/thumb/v7-m/nofp/libc.a(memcpy.S.o)
 .debug_info    0x00000000       0x33 /usr/lib/gcc/arm-none-eabi/15/../../../../arm-none-eabi/lib/thumb/v7-m/nofp/libc.a(memcpy.S.o)
 .debug_abbrev  0x00000000       0x28 /usr/lib/gcc/arm-none-eabi/15/../../../../arm-none-eabi/lib/thumb/v7-m/nofp/libc.a(memcpy.S.o)
 .debug_aranges
                0x00000000       0x20 /usr/lib/gcc/arm-none-eabi/15/../../../../arm-none-eabi/lib/thumb/v7-m/nofp/libc.a(memcpy.S.o)
 .debug_str     0x00000000       0x4d /usr/lib/gcc/arm-none-eabi/15/../../../../arm-none-eabi/lib/thumb/v7-m/nofp/libc.a(memcpy.S.o)
 .debug_frame   0x00000000       0x28 /usr/lib/gcc/arm-none-eabi/15/../../../../arm-none-eabi/lib/thumb/v7-m/nofp/libc.a(memcpy.S.o)
 .ARM.attributes
                0x00000000       0x1b /usr/lib/gcc/arm-none-eabi/15/../../../../arm-none-eabi/lib/thumb/v7-m/nofp/libc.a(memcpy.S.o)
 .text          0x00000000        0x0 /usr/lib/gcc/arm-none-eabi/15/../../../../arm-none-eabi/lib/thumb/v7-m/nofp/libc.a(memset.c.o)
 .data          0x00000000        0x0 /usr/lib/gcc/arm-none-eabi/15/../../../../arm-none-eabi/lib/thumb/v7-m/nofp/libc.a(memset.c.o)
 .bss           0x00000000        0x0 /usr/lib/gcc/arm-none-eabi/15/../../../../arm-none-eabi/lib/thumb/v7-m/nofp/libc.a(memset.c.o)
 .text.memset   0x00000000       0xa0 /usr/lib/gcc/arm-none-eabi/15/../../../../arm-none-eabi/lib/thumb/v7-m/nofp/libc.a(memset.c.o)
 .debug_info    0x00000000      0x153 /usr/lib/gcc/arm-none-eabi/15/../../../../arm-none-eabi/lib/thumb/v7-m/nofp/libc.a(memset.c.o)
 .debug_abbrev  0x00000000       0xbd /usr/lib/gcc/arm-none-eabi/15/../../../../arm-none-eabi/lib/thumb/v7-m/nofp/libc.a(memset.c.o)
 .debug_loclists
                0x00000000      0x18d /usr/lib/gcc/arm-none-eabi/15/../../../../arm-none-eabi/lib/thumb/v7-m/nofp/libc.a(memset.c.o)
 .debug_aranges
                0x00000000       0x20 /usr/lib/gcc/arm-none-eabi/15/../../../../arm-none-eabi/lib/thumb/v7-m/nofp/libc.a(memset.c.o)
 .debug_rnglists
                0x00000000       0x14 /usr/lib/gcc/arm-none-eabi/15/../../../../arm-none-eabi/lib/thumb/v7-m/nofp/libc.a(memset.c.o)
 .debug_line    0x00000000      0x209 /usr/lib/gcc/arm-none-eabi/15/../../../../arm-none-eabi/lib/thumb/v7-m/nofp/libc.a(memset.c.o)
 .debug_str     0x00000000      0x233 /usr/lib/gcc/arm-none-eabi/15/../../../../arm-none-eabi/lib/thumb/v7-m/nofp/libc.a(memset.c.o)
 .comment       0x00000000       0x27 /usr/lib/gcc/arm-none-eabi/15/../../../../arm-none-eabi/lib/thumb/v7-m/nofp/libc.a(memset.c.o)
 .debug_frame   0x00000000       0x2c /usr/lib/gcc/arm-none-eabi/15/../../../../arm-none-eabi/lib/thumb/v7-m/nofp/libc.a(memset.c.o)
 .ARM.attributes
                0x00000000       0x31 /usr/lib/gcc/arm-none-eabi/15/../../../../arm-none-eabi/lib/thumb/v7-m/nofp/libc.a(memset.c.o)
 .text          0x00000000        0x0 /usr/lib/gcc/arm-none-eabi/15/../../../../arm-none-eabi/lib/thumb/v7-m/nofp/libc.a(set_tls.c.o)
 .data          0x00000000        0x0 /usr/lib/gcc/arm-none-eabi/15/../../../../arm-none-eabi/lib/thumb/v7-m/nofp/libc.a(set_tls.c.o)
 .bss           0x00000000        0x0 /usr/lib/gcc/arm-none-eabi/15/../../../../arm-none-eabi/lib/thumb/v7-m/nofp/libc.a(set_tls.c.o)
 .text._set_tls
                0x00000000       0x14 /usr/lib/gcc/arm-none-eabi/15/../../../../arm-none-eabi/lib/thumb/v7-m/nofp/libc.a(set_tls.c.o)
 .debug_info    0x00000000       0xee /usr/lib/gcc/arm-none-eabi/15/../../../../arm-none-eabi/lib/thumb/v7-m/nofp/libc.a(set_tls.c.o)
 .debug_abbrev  0x00000000       0x98 /usr/lib/gcc/arm-none-eabi/15/../../../../arm-none-eabi/lib/thumb/v7-m/nofp/libc.a(set_tls.c.o)
 .debug_loclists
                0x00000000       0x20 /usr/lib/gcc/arm-none-eabi/15/../../../../arm-none-eabi/lib/thumb/v7-m/nofp/libc.a(set_tls.c.o)
 .debug_aranges
                0x00000000       0x20 /usr/lib/gcc/arm-none-eabi/15/../../../../arm-none-eabi/lib/thumb/v7-m/nofp/libc.a(set_tls.c.o)
 .debug_rnglists
                0x00000000       0x13 /usr/lib/gcc/arm-none-eabi/15/../../../../arm-none-eabi/lib/thumb/v7-m/nofp/libc.a(set_tls.c.o)
 .debug_line    0x00000000      0x106 /usr/lib/gcc/arm-none-eabi/15/../../../../arm-none-eabi/lib/thumb/v7-m/nofp/libc.a(set_tls.c.o)
 .debug_str     0x00000000      0x22f /usr/lib/gcc/arm-none-eabi/15/../../../../arm-none-eabi/lib/thumb/v7-m/nofp/libc.a(set_tls.c.o)
 .comment       0x00000000       0x27 /usr/lib/gcc/arm-none-eabi/15/../../../../arm-none-eabi/lib/thumb/v7-m/nofp/libc.a(set_tls.c.o)
 .debug_frame   0x00000000       0x20 /usr/lib/gcc/arm-none-eabi/15/../../../../arm-none-eabi/lib/thumb/v7-m/nofp/libc.a(set_tls.c.o)
 .ARM.attributes
                0x00000000       0x31 /usr/lib/gcc/arm-none-eabi/15/../../../../arm-none-eabi/lib/thumb/v7-m/nofp/libc.a(set_tls.c.o)
 .text          0x00000000        0x0 /usr/lib/gcc/arm-none-eabi/15/../../../../arm-none-eabi/lib/thumb/v7-m/nofp/libc.a(tls.c.o)
 .data          0x00000000        0x0 /usr/lib/gcc/arm-none-eabi/15/../../../../arm-none-eabi/lib/thumb/v7-m/nofp/libc.a(tls.c.o)
 .bss           0x00000000        0x4 /usr/lib/gcc/arm-none-eabi/15/../../../../arm-none-eabi/lib/thumb/v7-m/nofp/libc.a(tls.c.o)
 .debug_info    0x00000000       0x9d /usr/lib/gcc/arm-none-eabi/15/../../../../arm-none-eabi/lib/thumb/v7-m/nofp/libc.a(tls.c.o)
 .debug_abbrev  0x00000000       0x67 /usr/lib/gcc/arm-none-eabi/15/../../../../arm-none-eabi/lib/thumb/v7-m/nofp/libc.a(tls.c.o)
 .debug_aranges
                0x00000000       0x18 /usr/lib/gcc/arm-none-eabi/15/../../../../arm-none-eabi/lib/thumb/v7-m/nofp/libc.a(tls.c.o)
 .debug_line    0x00000000       0x4d /usr/lib/gcc/arm-none-eabi/15/../../../../arm-none-eabi/lib/thumb/v7-m/nofp/libc.a(tls.c.o)
 .debug_str     0x00000000      0x1f2 /usr/lib/gcc/arm-none-eabi/15/../../../../arm-none-eabi/lib/thumb/v7-m/nofp/libc.a(tls.c.o)
 .comment       0x00000000       0x27 /usr/lib/gcc/arm-none-eabi/15/../../../../arm-none-eabi/lib/thumb/v7-m/nofp/libc.a(tls.c.o)
 .ARM.attributes
                0x00000000       0x31 /usr/lib/gcc/arm-none-eabi/15/../../../../arm-none-eabi/lib/thumb/v7-m/nofp/libc.a(tls.c.o)
 .text          0x00000000        0x0 /usr/lib/gcc/arm-none-eabi/15/../../../../arm-none-eabi/lib/thumb/v7-m/nofp/libc.a(libc_misc_init.c.o)
 .data          0x00000000        0x0 /usr/lib/gcc/arm-none-eabi/15/../../../../arm-none-eabi/lib/thumb/v7-m/nofp/libc.a(libc_misc_init.c.o)
 .bss           0x00000000        0x0 /usr/lib/gcc/arm-none-eabi/15/../../../../arm-none-eabi/lib/thumb/v7-m/nofp/libc.a(libc_misc_init.c.o)
 .text          0x00000000        0x0 clock_test.o
 .data          0x00000000        0x0 clock_test.o
 .bss           0x00000000        0x0 clock_test.o
 .text          0x00000000        0x0 ../common/LPC17xx_Startup.o
 .data          0x00000000        0x0 ../common/LPC17xx_Startup.o
 .bss           0x00000000        0x0 ../common/LPC17xx_Startup.o
 .text          0x00000000        0x0 ../common/LPC17xx_Interrupts.o
 .data          0x00000000        0x0 ../common/LPC17xx_Interrupts.o
 .bss           0x00000000        0x0 ../common/LPC17xx_Interrupts.o
 .text          0x00000000        0x0 ../common/ubertooth.o
 .data          0x00000000        0x0 ../common/ubertooth.o
 .text.spi_delay
                0x00000000       0x18 ../common/ubertooth.o
 .text.rbit     0x00000000        0x6 ../common/ubertooth.o
 .text.wait_ms  0x00000000        0xa ../common/ubertooth.o
 .text.dio_ssp_init
                0x00000000       0x54 ../common/ubertooth.o
 .text.cc2400_set
                0x00000000        0xa ../common/ubertooth.o
 .text.cc2400_get8
                0x00000000       0x12 ../common/ubertooth.o
 .text.cc2400_set8
                0x00000000        0xa ../common/ubertooth.o
 .text.cc2400_fifo_write
                0x00000000       0x7c ../common/ubertooth.o
 .text.cc2400_fifo_read
                0x00000000       0x74 ../common/ubertooth.o
 .text.ubertooth_init
                0x00000000       0x12 ../common/ubertooth.o
 .text.reset    0x00000000       0x34 ../common/ubertooth.o
 .text.cc2400_tune_rx
                0x00000000        0xa ../common/ubertooth.o
 .text.cc2400_tune_tx
                0x00000000        0x8 ../common/ubertooth.o
 .text.cc2400_hop_rx
                0x00000000       0x38 ../common/ubertooth.o
 .text.cc2400_hop_tx
                0x00000000        0x4 ../common/ubertooth.o
 .text.get_part_num
                0x00000000       0x34 ../common/ubertooth.o
 .text.get_device_serial
                0x00000000       0x64 ../common/ubertooth.o
 .text.set_isp  0x00000000       0x18 ../common/ubertooth.o
 .rodata        0x00000000        0x4 ../common/ubertooth.o

Memory Configuration

Name             Origin             Length             Attributes
rom              0x00004000         0x0001c000         xr
ram              0x10000000         0x00004000         xrw
*default*        0x00000000         0xffffffff

Linker script and memory map

LOAD /usr/lib/gcc/arm-none-eabi/15/../../../../arm-none-eabi/lib/thumb/v7-m/nofp/crt0.o
START GROUP
LOAD /usr/lib/gcc/arm-none-eabi/15/../../../../arm-none-eabi/lib/thumb/v7-m/nofp/libc.a
LOAD /usr/lib/gcc/arm-none-eabi/15/../../../../arm-none-eabi/lib/thumb/v7-m/nofp/libg.a
LOAD /usr/lib/gcc/arm-none-eabi/15/thumb/v7-m/nofp/libgcc.a
LOAD /usr/lib/gcc/arm-none-eabi/15/../../../../arm-none-eabi/lib/thumb/v7-m/nofp/libm.a
END GROUP
LOAD clock_test.o
LOAD ../common/LPC17xx_Startup.o
LOAD ../common/LPC17xx_Interrupts.o
LOAD ../common/ubertooth.o
START GROUP
LOAD /usr/lib/gcc/arm-none-eabi/15/thumb/v7-m/nofp/libgcc.a
START GROUP
LOAD /usr/lib/gcc/arm-none-eabi/15/../../../../arm-none-eabi/lib/thumb/v7-m/nofp/libc.a
LOAD /usr/lib/gcc/arm-none-eabi/15/thumb/v7-m/nofp/libgcc.a
END GROUP
END GROUP
START GROUP
LOAD /usr/lib/gcc/arm-none-eabi/15/thumb/v7-m/nofp/libgcc.a
LOAD /usr/lib/gcc/arm-none-eabi/15/../../../../arm-none-eabi/lib/thumb/v7-m/nofp/libc.a
LOAD /usr/lib/gcc/arm-none-eabi/15/../../../../arm-none-eabi/lib/thumb/v7-m/nofp/libm.a
LOAD /usr/lib/gcc/arm-none-eabi/15/../../../../arm-none-eabi/lib/thumb/v7-m/nofp/libnosys.a
END GROUP

.text           0x00004000      0x488
                0x00004000                        . = ALIGN (0x400)
                0x00004000                        _interrupt_vector_table = .
 *(.irq_handler_table)
 .irq_handler_table
                0x00004000       0xcc ../common/LPC17xx_Interrupts.o
                0x00004000                _NVIC_Handler_Functions
 *(.text .text.* .gnu.linkonce.t.*)
 .text.__libc_init_array
                0x000040cc       0x20 /usr/lib/gcc/arm-none-eabi/15/../../../../arm-none-eabi/lib/thumb/v7-m/nofp/libc.a(libc_misc_init.c.o)
                0x000040cc                __libc_init_array
 .text.startup.main
                0x000040ec       0x34 clock_test.o
                0x000040ec                main
 .text.Reset_Handler
                0x00004120       0x54 ../common/LPC17xx_Startup.o
                0x00004120                Reset_Handler
 .text.Default_Handler
                0x00004174        0x2 ../common/LPC17xx_Interrupts.o
                0x00004174                TIMER2_IRQHandler
                0x00004174                DebugMon_Handler
                0x00004174                RIT_IRQHandler
                0x00004174                I2C0_IRQHandler
                0x00004174                HardFault_Handler
                0x00004174                SysTick_Handler
                0x00004174                PWM1_IRQHandler
                0x00004174                PendSV_Handler
                0x00004174                NMI_Handler
                0x00004174                I2C1_IRQHandler
                0x00004174                EINT2_IRQHandler
                0x00004174                UART1_IRQHandler
                0x00004174                EINT3_IRQHandler
                0x00004174                TIMER3_IRQHandler
                0x00004174                UART0_IRQHandler
                0x00004174                MemManagement_Handler
                0x00004174                UsageFault_Handler
                0x00004174                PLL0_IRQHandler
                0x00004174                CAN_IRQHandler
                0x00004174                PLL1_IRQHandler
                0x00004174                SSP0_IRQHandler
                0x00004174                I2S_IRQHandler
                0x00004174                I2C2_IRQHandler
                0x00004174                RTC_IRQHandler
                0x00004174                TIMER0_IRQHandler
                0x00004174                SPI_IRQHandler
                0x00004174                EINT1_IRQHandler
                0x00004174                TIMER1_IRQHandler
                0x00004174                UART2_IRQHandler
                0x00004174                ADC_IRQHandler
                0x00004174                SSP1_IRQHandler
                0x00004174                USB_IRQHandler
                0x00004174                BOD_IRQHandler
                0x00004174                WDT_IRQHandler
                0x00004174                SVC_Handler
                0x00004174                QEI_IRQHandler
                0x00004174                EINT0_IRQHandler
                0x00004174                USBACT_IRQHandler
                0x00004174                CANACT_IRQHandler
                0x00004174                DMA_IRQHandler
                0x00004174                BusFault_Handler
                0x00004174                UART3_IRQHandler
                0x00004174                MCPWM_IRQHandler
                0x00004174                ENET_IRQHandler
 *fill*         0x00004176        0x2 
 .text.wait_us  0x00004178       0x2c ../common/ubertooth.o
                0x00004178                wait_us
 .text.wait     0x000041a4        0xc ../common/ubertooth.o
                0x000041a4                wait
 .text.all_pins_off
                0x000041b0       0x48 ../common/ubertooth.o
                0x000041b0                all_pins_off
 .text.gpio_init
                0x000041f8       0x34 ../common/ubertooth.o
                0x000041f8                gpio_init
 .text.atest_init
                0x0000422c       0x30 ../common/ubertooth.o
                0x0000422c                atest_init
 .text.cc2400_spi
                0x0000425c       0x40 ../common/ubertooth.o
                0x0000425c                cc2400_spi
 .text.cc2400_init
                0x0000429c       0x34 ../common/ubertooth.o
                0x0000429c                cc2400_init
 .text.cc2400_get
                0x000042d0       0x12 ../common/ubertooth.o
                0x000042d0                cc2400_get
 .text.cc2400_status
                0x000042e2        0xe ../common/ubertooth.o
                0x000042e2                cc2400_status
 .text.cc2400_strobe
                0x000042f0        0xe ../common/ubertooth.o
                0x000042f0                cc2400_strobe
 .text.cc2400_reset
                0x000042fe       0x2c ../common/ubertooth.o
                0x000042fe                cc2400_reset
 *fill*         0x0000432a        0x2 
 .text.clock_start
                0x0000432c      0x158 ../common/ubertooth.o
                0x0000432c                clock_start
 *(.rodata .rodata.* .gnu.linkonce.r.*)
 *(.eh_frame_hdr)
 *(.eh_frame)
                0x00004484                        . = ALIGN (0x4)
 *(.init)
                0x00004484                        . = ALIGN (0x4)
                0x00004484                        __preinit_array_start = .
 *(.preinit_array)
                0x00004484                        __preinit_array_end = .
                0x00004484                        . = ALIGN (0x4)
                0x00004484                        __init_array_start = .
 *(SORT_BY_NAME(.init_array.*))
 *(.init_array)
                0x00004484                        __init_array_end = .
                0x00004484                        . = ALIGN (0x4)
 *crtbegin.o(.ctors)
 *(EXCLUDE_FILE(*crtend.o) .ctors)
 *(SORT_BY_NAME(.ctors.*))
 *crtend.o(.ctors)
                0x00004484                        . = ALIGN (0x4)
 *(.fini)
                0x00004484                        . = ALIGN (0x4)
                0x00004484                        __fini_array_start = .
 *(.fini_array)
 *(SORT_BY_NAME(.fini_array.*))
                0x00004484                        __fini_array_end = .
 *crtbegin.o(.dtors)
 *(EXCLUDE_FILE(*crtend.o) .dtors)
 *(SORT_BY_NAME(.dtors.*))
 *crtend.o(.dtors)
                0x00004488                        . = ALIGN (0x8)
 *fill*         0x00004484        0x4 
                0x00004488                        _etext = .

.glue_7         0x00004488        0x0
 .glue_7        0x00004488        0x0 linker stubs

.glue_7t        0x00004488        0x0
 .glue_7t       0x00004488        0x0 linker stubs

.vfp11_veneer   0x00004488        0x0
 .vfp11_veneer  0x00004488        0x0 linker stubs

.v4_bx          0x00004488        0x0
 .v4_bx         0x00004488        0x0 linker stubs

.iplt           0x00004488        0x0
 .iplt          0x00004488        0x0 /usr/lib/gcc/arm-none-eabi/15/../../../../arm-none-eabi/lib/thumb/v7-m/nofp/libc.a(libc_misc_init.c.o)

.rel.dyn        0x00004488        0x0
 .rel.iplt      0x00004488        0x0 /usr/lib/gcc/arm-none-eabi/15/../../../../arm-none-eabi/lib/thumb/v7-m/nofp/libc.a(libc_misc_init.c.o)

.ARM.extab
 *(.ARM.extab* .gnu.linkonce.armextab.*)
                0x00004488                        __exidx_start = .

.ARM.exidx
 *(.ARM.exidx* .gnu.linkonce.armexidx.*)
                0x00004488                        __exidx_end = .
                0x00004488                        _etext = .

.persistent     0x10000000       0x20
                0x10000000                        _persistent_start = .
                0x10000020                        . = (. + 0x20)
 *fill*         0x10000000       0x20 
                0x10000020                        _persistent_end = .
                0x1000001c                        bootloader_ctrl = (_persistent_start + 0x1c)

.data           0x10000020        0x0 load address 0x00004488
                0x10000020                        _data = .
 *(vtable)
 *(.data*)
                0x10000020                        _edata = .

.igot.plt       0x10000020        0x0 load address 0x00004488
 .igot.plt      0x10000020        0x0 /usr/lib/gcc/arm-none-eabi/15/../../../../arm-none-eabi/lib/thumb/v7-m/nofp/libc.a(libc_misc_init.c.o)

.bss            0x10000020        0x8 load address 0x00004488
                0x10000020                        _bss = .
                0x10000020                        __bss_start__ = .
 *(.bss*)
 .bss           0x10000020        0x8 ../common/ubertooth.o
 *(COMMON)
                0x10000028                        _ebss = .
                0x10000028                        __bss_end__ = .

.cr_heap        0x10000028        0x0 load address 0x00004488
                0x10000028                        end = .
                0x10000028                        __end__ = .
                0x10000028                        _pvHeapStart = .
                0x10003fe0                        _StackTop = ((ORIGIN (ram) + LENGTH (ram)) - 0x20)
OUTPUT(clock_test.elf elf32-littlearm)
LOAD linker stubs

.debug_info     0x00000000      0xf14
 .debug_info    0x00000000       0xd9 /usr/lib/gcc/arm-none-eabi/15/../../../../arm-none-eabi/lib/thumb/v7-m/nofp/libc.a(libc_misc_init.c.o)
 .debug_info    0x000000d9      0x11b clock_test.o
 .debug_info    0x000001f4      0x12c ../common/LPC17xx_Startup.o
 .debug_info    0x00000320       0x8a ../common/LPC17xx_Interrupts.o
 .debug_info    0x000003aa      0xb6a ../common/ubertooth.o

.debug_abbrev   0x00000000      0x60d
 .debug_abbrev  0x00000000       0xa2 /usr/lib/gcc/arm-none-eabi/15/../../../../arm-none-eabi/lib/thumb/v7-m/nofp/libc.a(libc_misc_init.c.o)
 .debug_abbrev  0x000000a2       0xa9 clock_test.o
 .debug_abbrev  0x0000014b       0xcb ../common/LPC17xx_Startup.o
 .debug_abbrev  0x00000216       0x9a ../common/LPC17xx_Interrupts.o
 .debug_abbrev  0x000002b0      0x35d ../common/ubertooth.o

.debug_loclists
                0x00000000      0x65e
 .debug_loclists
                0x00000000       0x29 /usr/lib/gcc/arm-none-eabi/15/../../../../arm-none-eabi/lib/thumb/v7-m/nofp/libc.a(libc_misc_init.c.o)
 .debug_loclists
                0x00000029       0x72 ../common/LPC17xx_Startup.o
 .debug_loclists
                0x0000009b      0x5c3 ../common/ubertooth.o

.debug_aranges  0x00000000      0x188
 .debug_aranges
                0x00000000       0x20 /usr/lib/gcc/arm-none-eabi/15/../../../../arm-none-eabi/lib/thumb/v7-m/nofp/libc.a(libc_misc_init.c.o)
 .debug_aranges
                0x00000020       0x20 clock_test.o
 .debug_aranges
                0x00000040       0x20 ../common/LPC17xx_Startup.o
 .debug_aranges
                0x00000060       0x20 ../common/LPC17xx_Interrupts.o
 .debug_aranges
                0x00000080      0x108 ../common/ubertooth.o

.debug_rnglists
                0x00000000      0x12c
 .debug_rnglists
                0x00000000       0x13 /usr/lib/gcc/arm-none-eabi/15/../../../../arm-none-eabi/lib/thumb/v7-m/nofp/libc.a(libc_misc_init.c.o)
 .debug_rnglists
                0x00000013       0x13 clock_test.o
 .debug_rnglists
                0x00000026       0x13 ../common/LPC17xx_Startup.o
 .debug_rnglists
                0x00000039       0x13 ../common/LPC17xx_Interrupts.o
 .debug_rnglists
                0x0000004c       0xe0 ../common/ubertooth.o

.debug_line     0x00000000      0xe43
 .debug_line    0x00000000       0x9c /usr/lib/gcc/arm-none-eabi/15/../../../../arm-none-eabi/lib/thumb/v7-m/nofp/libc.a(libc_misc_init.c.o)
 .debug_line    0x0000009c       0xe5 clock_test.o
 .debug_line    0x00000181       0xfe ../common/LPC17xx_Startup.o
 .debug_line    0x0000027f       0x59 ../common/LPC17xx_Interrupts.o
 .debug_line    0x000002d8      0xb6b ../common/ubertooth.o

.debug_str      0x00000000      0x600
 .debug_str     0x00000000      0x600 /usr/lib/gcc/arm-none-eabi/15/../../../../arm-none-eabi/lib/thumb/v7-m/nofp/libc.a(libc_misc_init.c.o)
                                0x215 (size before relaxing)
 .debug_str     0x00000600        0x0 clock_test.o
                                0x215 (size before relaxing)
 .debug_str     0x00000600        0x0 ../common/LPC17xx_Startup.o
                                0x243 (size before relaxing)
 .debug_str     0x00000600        0x0 ../common/LPC17xx_Interrupts.o
                                0x1ac (size before relaxing)
 .debug_str     0x00000600        0x0 ../common/ubertooth.o
                                0x3d0 (size before relaxing)

.comment        0x00000000       0x26
 .comment       0x00000000       0x26 /usr/lib/gcc/arm-none-eabi/15/../../../../arm-none-eabi/lib/thumb/v7-m/nofp/libc.a(libc_misc_init.c.o)
                                 0x27 (size before relaxing)
 .comment       0x00000026        0x0 clock_test.o
                                 0x27 (size before relaxing)
 .comment       0x00000026        0x0 ../common/LPC17xx_Startup.o
                                 0x27 (size before relaxing)
 .comment       0x00000026        0x0 ../common/LPC17xx_Interrupts.o
                                 0x27 (size before relaxing)
 .comment       0x00000026        0x0 ../common/ubertooth.o
                                 0x27 (size before relaxing)

.ARM.attributes
                0x00000000       0x2f
 .ARM.attributes
                0x00000000       0x31 /usr/lib/gcc/arm-none-eabi/15/../../../../arm-none-eabi/lib/thumb/v7-m/nofp/libc.a(libc_misc_init.c.o)
 .ARM.attributes
                0x00000031       0x2d clock_test.o
 .ARM.attributes
                0x0000005e       0x2d ../common/LPC17xx_Startup.o
 .ARM.attributes
                0x0000008b       0x2d ../common/LPC17xx_Interrupts.o
 .ARM.attributes
                0x000000b8       0x2d ../common/ubertooth.o

.debug_frame    0x00000000      0x348
 .debug_frame   0x00000000       0x2c /usr/lib/gcc/arm-none-eabi/15/../../../../arm-none-eabi/lib/thumb/v7-m/nofp/libc.a(libc_misc_init.c.o)
 .debug_frame   0x0000002c       0x28 clock_test.o
 .debug_frame   0x00000054       0x28 ../common/LPC17xx_Startup.o
 .debug_frame   0x0000007c       0x20 ../common/LPC17xx_Interrupts.o
 .debug_frame   0x0000009c      0x2ac ../common/ubertooth.o
