ARM GAS  /tmp/ccZVpE6x.s 			page 1


   1              		.cpu cortex-m3
   2              		.arch armv7-m
   3              		.fpu softvfp
   4              		.eabi_attribute 20, 1
   5              		.eabi_attribute 21, 1
   6              		.eabi_attribute 23, 3
   7              		.eabi_attribute 24, 1
   8              		.eabi_attribute 25, 1
   9              		.eabi_attribute 26, 1
  10              		.eabi_attribute 30, 4
  11              		.eabi_attribute 34, 1
  12              		.eabi_attribute 18, 4
  13              		.file	"blinky.c"
  14              		.text
  15              	.Ltext0:
  16              		.cfi_sections	.debug_frame
  17              		.file 1 "blinky.c"
  18              		.section	.text.startup.main,"ax",%progbits
  19              		.align	1
  20              		.global	main
  21              		.syntax unified
  22              		.thumb
  23              		.thumb_func
  25              	main:
  26              	.LFB0:
   1:blinky.c      **** /*
   2:blinky.c      ****  * Copyright 2010 Michael Ossmann
   3:blinky.c      ****  *
   4:blinky.c      ****  * This file is part of Project Ubertooth.
   5:blinky.c      ****  *
   6:blinky.c      ****  * This program is free software; you can redistribute it and/or modify
   7:blinky.c      ****  * it under the terms of the GNU General Public License as published by
   8:blinky.c      ****  * the Free Software Foundation; either version 2, or (at your option)
   9:blinky.c      ****  * any later version.
  10:blinky.c      ****  *
  11:blinky.c      ****  * This program is distributed in the hope that it will be useful,
  12:blinky.c      ****  * but WITHOUT ANY WARRANTY; without even the implied warranty of
  13:blinky.c      ****  * MERCHANTABILITY or FITNESS FOR A PARTICULAR PURPOSE.  See the
  14:blinky.c      ****  * GNU General Public License for more details.
  15:blinky.c      ****  *
  16:blinky.c      ****  * You should have received a copy of the GNU General Public License
  17:blinky.c      ****  * along with this program; see the file COPYING.  If not, write to
  18:blinky.c      ****  * the Free Software Foundation, Inc., 51 Franklin Street,
  19:blinky.c      ****  * Boston, MA 02110-1301, USA.
  20:blinky.c      ****  */
  21:blinky.c      **** 
  22:blinky.c      **** #include "ubertooth.h"
  23:blinky.c      **** 
  24:blinky.c      **** int main()
  25:blinky.c      **** {
  27              		.loc 1 25 1 view -0
  28              		.cfi_startproc
  29              		@ Volatile: function does not return.
  30              		@ args = 0, pretend = 0, frame = 0
  31              		@ frame_needed = 0, uses_anonymous_args = 0
  32 0000 80B5     		push	{r7, lr}
  33              		.cfi_def_cfa_offset 8
ARM GAS  /tmp/ccZVpE6x.s 			page 2


  34              		.cfi_offset 7, -8
  35              		.cfi_offset 14, -4
  26:blinky.c      **** 	gpio_init();
  36              		.loc 1 26 2 view .LVU1
  37 0002 FFF7FEFF 		bl	gpio_init
  38              	.LVL0:
  27:blinky.c      **** 
  28:blinky.c      **** 	while (1) {
  29:blinky.c      **** 		USRLED_SET;
  39              		.loc 1 29 3 is_stmt 0 view .LVU2
  40 0006 0227     		movs	r7, #2
  41 0008 084C     		ldr	r4, .L3
  42              	.L2:
  28:blinky.c      **** 		USRLED_SET;
  43              		.loc 1 28 2 is_stmt 1 view .LVU3
  44              		.loc 1 29 3 view .LVU4
  30:blinky.c      **** 		TXLED_SET;
  45              		.loc 1 30 3 is_stmt 0 view .LVU5
  46 000a 4FF48076 		mov	r6, #256
  31:blinky.c      **** 		RXLED_SET;
  47              		.loc 1 31 3 view .LVU6
  48 000e 1025     		movs	r5, #16
  29:blinky.c      **** 		TXLED_SET;
  49              		.loc 1 29 3 view .LVU7
  50 0010 A763     		str	r7, [r4, #56]
  30:blinky.c      **** 		TXLED_SET;
  51              		.loc 1 30 3 is_stmt 1 view .LVU8
  32:blinky.c      **** 		wait(1);
  52              		.loc 1 32 3 is_stmt 0 view .LVU9
  53 0012 0120     		movs	r0, #1
  30:blinky.c      **** 		RXLED_SET;
  54              		.loc 1 30 3 view .LVU10
  55 0014 A663     		str	r6, [r4, #56]
  31:blinky.c      **** 		wait(1);
  56              		.loc 1 31 3 is_stmt 1 view .LVU11
  57 0016 A563     		str	r5, [r4, #56]
  58              		.loc 1 32 3 view .LVU12
  59 0018 FFF7FEFF 		bl	wait
  60              	.LVL1:
  33:blinky.c      **** 		USRLED_CLR;
  61              		.loc 1 33 3 view .LVU13
  62 001c E763     		str	r7, [r4, #60]
  34:blinky.c      **** 		TXLED_CLR;
  63              		.loc 1 34 3 view .LVU14
  35:blinky.c      **** 		RXLED_CLR;
  36:blinky.c      **** 		wait(1);
  64              		.loc 1 36 3 is_stmt 0 discriminator 2 view .LVU15
  65 001e 0120     		movs	r0, #1
  34:blinky.c      **** 		TXLED_CLR;
  66              		.loc 1 34 3 view .LVU16
  67 0020 E663     		str	r6, [r4, #60]
  35:blinky.c      **** 		RXLED_CLR;
  68              		.loc 1 35 3 is_stmt 1 view .LVU17
  69 0022 E563     		str	r5, [r4, #60]
  70              		.loc 1 36 3 discriminator 2 view .LVU18
  71 0024 FFF7FEFF 		bl	wait
  72              	.LVL2:
ARM GAS  /tmp/ccZVpE6x.s 			page 3


  28:blinky.c      **** 		USRLED_SET;
  73              		.loc 1 28 8 view .LVU19
  74 0028 EFE7     		b	.L2
  75              	.L4:
  76 002a 00BF     		.align	2
  77              	.L3:
  78 002c 00C00920 		.word	537509888
  79              		.cfi_endproc
  80              	.LFE0:
  82              		.text
  83              	.Letext0:
  84              		.file 2 "/usr/arm-none-eabi/include/machine/_default_types.h"
  85              		.file 3 "/usr/arm-none-eabi/include/sys/_stdint.h"
  86              		.file 4 "../common/ubertooth.h"
ARM GAS  /tmp/ccZVpE6x.s 			page 4


DEFINED SYMBOLS
                            *ABS*:00000000 blinky.c
     /tmp/ccZVpE6x.s:19     .text.startup.main:00000000 $t
     /tmp/ccZVpE6x.s:25     .text.startup.main:00000000 main
     /tmp/ccZVpE6x.s:78     .text.startup.main:0000002c $d

UNDEFINED SYMBOLS
gpio_init
wait
