Archive member included to satisfy reference by file (symbol)

/usr/lib/gcc/arm-none-eabi/15/../../../../arm-none-eabi/lib/thumb/v7-m/nofp/libc.a(interrupt.c.o)
                              /usr/lib/gcc/arm-none-eabi/15/../../../../arm-none-eabi/lib/thumb/v7-m/nofp/crt0.o (__interrupt_vector)
/usr/lib/gcc/arm-none-eabi/15/../../../../arm-none-eabi/lib/thumb/v7-m/nofp/libc.a(memcpy.S.o)
                              /usr/lib/gcc/arm-none-eabi/15/../../../../arm-none-eabi/lib/thumb/v7-m/nofp/crt0.o (memcpy)
/usr/lib/gcc/arm-none-eabi/15/../../../../arm-none-eabi/lib/thumb/v7-m/nofp/libc.a(memset.c.o)
                              /usr/lib/gcc/arm-none-eabi/15/../../../../arm-none-eabi/lib/thumb/v7-m/nofp/crt0.o (memset)
/usr/lib/gcc/arm-none-eabi/15/../../../../arm-none-eabi/lib/thumb/v7-m/nofp/libc.a(set_tls.c.o)
                              /usr/lib/gcc/arm-none-eabi/15/../../../../arm-none-eabi/lib/thumb/v7-m/nofp/crt0.o (_set_tls)
/usr/lib/gcc/arm-none-eabi/15/../../../../arm-none-eabi/lib/thumb/v7-m/nofp/libc.a(tls.c.o)
                              /usr/lib/gcc/arm-none-eabi/15/../../../../arm-none-eabi/lib/thumb/v7-m/nofp/libc.a(set_tls.c.o) (__tls)
/usr/lib/gcc/arm-none-eabi/15/../../../../arm-none-eabi/lib/thumb/v7-m/nofp/libc.a(libc_misc_init.c.o)
                              /usr/lib/gcc/arm-none-eabi/15/../../../../arm-none-eabi/lib/thumb/v7-m/nofp/crt0.o (__libc_init_array)

Merging object attributes


Discarded input sections

 .text          0x00000000       0x44 /usr/lib/gcc/arm-none-eabi/15/../../../../arm-none-eabi/lib/thumb/v7-m/nofp/crt0.o
 .data          0x00000000        0x0 /usr/lib/gcc/arm-none-eabi/15/../../../../arm-none-eabi/lib/thumb/v7-m/nofp/crt0.o
 .bss           0x00000000        0x0 /usr/lib/gcc/arm-none-eabi/15/../../../../arm-none-eabi/lib/thumb/v7-m/nofp/crt0.o
 .comment       0x00000000       0x27 /usr/lib/gcc/arm-none-eabi/15/../../../../arm-none-eabi/lib/thumb/v7-m/nofp/crt0.o
 .debug_aranges
                0x00000000       0x20 /usr/lib/gcc/arm-none-eabi/15/../../../../arm-none-eabi/lib/thumb/v7-m/nofp/crt0.o
 .debug_info    0x00000000      0x200 /usr/lib/gcc/arm-none-eabi/15/../../../../arm-none-eabi/lib/thumb/v7-m/nofp/crt0.o
 .debug_abbrev  0x00000000      0x155 /usr/lib/gcc/arm-none-eabi/15/../../../../arm-none-eabi/lib/thumb/v7-m/nofp/crt0.o
 .debug_line    0x00000000      0x168 /usr/lib/gcc/arm-none-eabi/15/../../../../arm-none-eabi/lib/thumb/v7-m/nofp/crt0.o
 .debug_frame   0x00000000       0x28 /usr/lib/gcc/arm-none-eabi/15/../../../../arm-none-eabi/lib/thumb/v7-m/nofp/crt0.o
 .debug_str     0x00000000      0x1e3 /usr/lib/gcc/arm-none-eabi/15/../../../../arm-none-eabi/lib/thumb/v7-m/nofp/crt0.o
 .ARM.attributes
                0x00000000       0x2d /usr/lib/gcc/arm-none-eabi/15/../../../../arm-none-eabi/lib/thumb/v7-m/nofp/crt0.o
 .text          0x00000000        0x0 /usr/lib/gcc/arm-none-eabi/15/../../../../arm-none-eabi/lib/thumb/v7-m/nofp/libc.a(interrupt.c.o)
 .data          0x00000000        0x0 /usr/lib/gcc/arm-none-eabi/15/../../../../arm-none-eabi/lib/thumb/v7-m/nofp/libc.a(interrupt.c.o)
 .bss           0x00000000        0x0 /usr/lib/gcc/arm-none-eabi/15/../../../../arm-none-eabi/lib/thumb/v7-m/nofp/libc.a(interrupt.c.o)
 .text.arm_halt_isr
                0x00000000        0x4 /usr/lib/gcc/arm-none-eabi/15/../../../../arm-none-eabi/lib/thumb/v7-m/nofp/libc.a(interrupt.c.o)
 .text.arm_ignore_isr
                0x00000000        0x4 /usr/lib/gcc/arm-none-eabi/15/../../../../arm-none-eabi/lib/thumb/v7-m/nofp/libc.a(interrupt.c.o)
 .text.init.enter
                0x00000000       0x40 /usr/lib/gcc/arm-none-eabi/15/../../../../arm-none-eabi/lib/thumb/v7-m/nofp/libc.a(interrupt.c.o)
 .debug_info    0x00000000      0x109 /usr/lib/gcc/arm-none-eabi/15/../../../../arm-none-eabi/lib/thumb/v7-m/nofp/libc.a(interrupt.c.o)
 .debug_abbrev  0x00000000       0xd5 /usr/lib/gcc/arm-none-eabi/15/../../../../arm-none-eabi/lib/thumb/v7-m/nofp/libc.a(interrupt.c.o)
 .debug_aranges
                0x00000000       0x28 /usr/lib/gcc/arm-none-eabi/15/../../../../arm-none-eabi/lib/thumb/v7-m/nofp/libc.a(interrupt.c.o)
 .debug_rnglists
                0x00000000       0x19 /usr/lib/gcc/arm-none-eabi/15/../../../../arm-none-eabi/lib/thumb/v7-m/nofp/libc.a(interrupt.c.o)
 .debug_line    0x00000000       0xc5 /usr/lib/gcc/arm-none-eabi/15/../../../../arm-none-eabi/lib/thumb/v7-m/nofp/libc.a(interrupt.c.o)
 .debug_str     0x00000000      0x255 /usr/lib/gcc/arm-none-eabi/15/../../../../arm-none-eabi/lib/thumb/v7-m/nofp/libc.a(interrupt.c.o)
 .comment       0x00000000       0x27 /usr/lib/gcc/arm-none-eabi/15/../../../../arm-none-eabi/lib/thumb/v7-m/nofp/libc.a(interrupt.c.o)
 .debug_frame   0x00000000       0x30 /usr/lib/gcc/arm-none-eabi/15/../../../../arm-none-eabi/lib/thumb/v7-m/nofp/libc.a(interrupt.c.o)
 .ARM.attributes
                0x00000000       0x31 /usr/lib/gcc/arm-none-eabi/15/../../../../arm-none-eabi/lib/thumb/v7-m/nofp/libc.a(interrupt.c.o)
 .data          0x00000000        0x0 /usr/lib/gcc/arm-none-eabi/15/../../../../arm-none-eabi/lib/thumb/v7-m/nofp/libc.a(memcpy.S.o)
 .bss           0x00000000        0x0 /usr/lib/gcc/arm-none-eabi/15/../../../../arm-none-eabi/lib/thumb/v7-m/nofp/libc.a(memcpy.S.o)
 .text          0x00000000        0x0 /usr/lib/gcc/arm-none-eabi/15/../../../../arm-none-eabi/lib/thumb/v7-m/nofp/libc.a(memset.c.o)
 .data          0x00000000        0x0 /usr/lib/gcc/arm-none-eabi/15/../../../../arm-none-eabi/lib/thumb/v7-m/nofp/libc.a(memset.c.o)
 .bss           0x00000000        0x0 /usr/lib/gcc/arm-none-eabi/15/../../../../arm-none-eabi/lib/thumb/v7-m/nofp/libc.a(memset.c.o)
 .text.memset   0x00000000       0xa0 /usr/lib/gcc/arm-none-eabi/15/../../../../arm-none-eabi/lib/thumb/v7-m/nofp/libc.a(memset.c.o)
 .debug_info    0x00000000      0x153 /usr/lib/gcc/arm-none-eabi/15/../../../../arm-none-eabi/lib/thumb/v7-m/nofp/libc.a(memset.c.o)
 .debug_abbrev  0x00000000       0xbd /usr/lib/gcc/arm-none-eabi/15/../../../../arm-none-eabi/lib/thumb/v7-m/nofp/libc.a(memset.c.o)
 .debug_loclists
                0x00000000      0x18d /usr/lib/gcc/arm-none-eabi/15/../../../../arm-none-eabi/lib/thumb/v7-m/nofp/libc.a(memset.c.o)
 .debug_aranges
                0x00000000       0x20 /usr/lib/gcc/arm-none-eabi/15/../../../../arm-none-eabi/lib/thumb/v7-m/nofp/libc.a(memset.c.o)
 .debug_rnglists
                0x00000000       0x14 /usr/lib/gcc/arm-none-eabi/15/../../../../arm-none-eabi/lib/thumb/v7-m/nofp/libc.a(memset.c.o)
 .debug_line    0x00000000      0x209 /usr/lib/gcc/arm-none-eabi/15/../../../../arm-none-eabi/lib/thumb/v7-m/nofp/libc.a(memset.c.o)
 .debug_str     0x00000000      0x233 /usr/lib/gcc/arm-none-eabi/15/../../../../arm-none-eabi/lib/thumb/v7-m/nofp/libc.a(memset.c.o)
 .comment       0x00000000       0x27 /usr/lib/gcc/arm-none-eabi/15/../../../../arm-none-eabi/lib/thumb/v7-m/nofp/libc.a(memset.c.o)
 .debug_frame   0x00000000       0x2c /usr/lib/gcc/arm-none-eabi/15/../../../../arm-none-eabi/lib/thumb/v7-m/nofp/libc.a(memset.c.o)
 .ARM.attributes
                0x00000000       0x31 /usr/lib/gcc/arm-none-eabi/15/../../../../arm-none-eabi/lib/thumb/v7-m/nofp/libc.a(memset.c.o)
 .text          0x00000000        0x0 /usr/lib/gcc/arm-none-eabi/15/../../../../arm-none-eabi/lib/thumb/v7-m/nofp/libc.a(set_tls.c.o)
 .data          0x00000000        0x0 /usr/lib/gcc/arm-none-eabi/15/../../../../arm-none-eabi/lib/thumb/v7-m/nofp/libc.a(set_tls.c.o)
 .bss           0x00000000        0x0 /usr/lib/gcc/arm-none-eabi/15/../../../../arm-none-eabi/lib/thumb/v7-m/nofp/libc.a(set_tls.c.o)
 .text._set_tls
                0x00000000       0x14 /usr/lib/gcc/arm-none-eabi/15/../../../../arm-none-eabi/lib/thumb/v7-m/nofp/libc.a(set_tls.c.o)
 .debug_info    0x00000000       0xee /usr/lib/gcc/arm-none-eabi/15/../../../../arm-none-eabi/lib/thumb/v7-m/nofp/libc.a(set_tls.c.o)
 .debug_abbrev  0x00000000       0x98 /usr/lib/gcc/arm-none-eabi/15/../../../../arm-none-eabi/lib/thumb/v7-m/nofp/libc.a(set_tls.c.o)
 .debug_loclists
                0x00000000       0x20 /usr/lib/gcc/arm-none-eabi/15/../../../../arm-none-eabi/lib/thumb/v7-m/nofp/libc.a(set_tls.c.o)
 .debug_aranges
                0x00000000       0x20 /usr/lib/gcc/arm-none-eabi/15/../../../../arm-none-eabi/lib/thumb/v7-m/nofp/libc.a(set_tls.c.o)
 .debug_rnglists
                0x00000000       0x13 /usr/lib/gcc/arm-none-eabi/15/../../../../arm-none-eabi/lib/thumb/v7-m/nofp/libc.a(set_tls.c.o)
 .debug_line    0x00000000      0x106 /usr/lib/gcc/arm-none-eabi/15/../../../../arm-none-eabi/lib/thumb/v7-m/nofp/libc.a(set_tls.c.o)
 .debug_str     0x00000000      0x22f /usr/lib/gcc/arm-none-eabi/15/../../../../arm-none-eabi/lib/thumb/v7-m/nofp/libc.a(set_tls.c.o)
 .comment       0x00000000       0x27 /usr/lib/gcc/arm-none-eabi/15/../../../../arm-none-eabi/lib/thumb/v7-m/nofp/libc.a(set_tls.c.o)
 .debug_frame   0x00000000       0x20 /usr/lib/gcc/arm-none-eabi/15/../../../../arm-none-eabi/lib/thumb/v7-m/nofp/libc.a(set_tls.c.o)
 .ARM.attributes
                0x00000000       0x31 /usr/lib/gcc/arm-none-eabi/15/../../../../arm-none-eabi/lib/thumb/v7-m/nofp/libc.a(set_tls.c.o)
 .text          0x00000000        0x0 /usr/lib/gcc/arm-none-eabi/15/../../../../arm-none-eabi/lib/thumb/v7-m/nofp/libc.a(tls.c.o)
 .data          0x00000000        0x0 /usr/lib/gcc/arm-none-eabi/15/../../../../arm-none-eabi/lib/thumb/v7-m/nofp/libc.a(tls.c.o)
 .bss           0x00000000        0x4 /usr/lib/gcc/arm-none-eabi/15/../../../../arm-none-eabi/lib/thumb/v7-m/nofp/libc.a(tls.c.o)
 .debug_info    0x00000000       0x9d /usr/lib/gcc/arm-none-eabi/15/../../../../arm-none-eabi/lib/thumb/v7-m/nofp/libc.a(tls.c.o)
 .debug_abbrev  0x00000000       0x67 /usr/lib/gcc/arm-none-eabi/15/../../../../arm-none-eabi/lib/thumb/v7-m/nofp/libc.a(tls.c.o)
 .debug_aranges
                0x00000000       0x18 /usr/lib/gcc/arm-none-eabi/15/../../../../arm-none-eabi/lib/thumb/v7-m/nofp/libc.a(tls.c.o)
 .debug_line    0x00000000       0x4d /usr/lib/gcc/arm-none-eabi/15/../../../../arm-none-eabi/lib/thumb/v7-m/nofp/libc.a(tls.c.o)
 .debug_str     0x00000000      0x1f2 /usr/lib/gcc/arm-none-eabi/15/../../../../arm-none-eabi/lib/thumb/v7-m/nofp/libc.a(tls.c.o)
 .comment       0x00000000       0x27 /usr/lib/gcc/arm-none-eabi/15/../../../../arm-none-eabi/lib/thumb/v7-m/nofp/libc.a(tls.c.o)
 .ARM.attributes
                0x00000000       0x31 /usr/lib/gcc/arm-none-eabi/15/../../../../arm-none-eabi/lib/thumb/v7-m/nofp/libc.a(tls.c.o)
 .text          0x00000000        0x0 /usr/lib/gcc/arm-none-eabi/15/../../../../arm-none-eabi/lib/thumb/v7-m/nofp/libc.a(libc_misc_init.c.o)
 .data          0x00000000        0x0 /usr/lib/gcc/arm-none-eabi/15/../../../../arm-none-eabi/lib/thumb/v7-m/nofp/libc.a(libc_misc_init.c.o)
 .bss           0x00000000        0x0 /usr/lib/gcc/arm-none-eabi/15/../../../../arm-none-eabi/lib/thumb/v7-m/nofp/libc.a(libc_misc_init.c.o)
 .text          0x00000000        0x0 usb_test.o
 .data          0x00000000        0x0 usb_test.o
 .bss           0x00000000        0x0 usb_test.o
 .text          0x00000000        0x0 ../common/usb_serial.o
 .text          0x00000000        0x0 ../common/serial_fifo.o
 .data          0x00000000        0x0 ../common/serial_fifo.o
 .bss           0x00000000        0x0 ../common/serial_fifo.o
 .text          0x00000000        0x0 ../common/LPC17xx_Startup.o
 .data          0x00000000        0x0 ../common/LPC17xx_Startup.o
 .bss           0x00000000        0x0 ../common/LPC17xx_Startup.o
 .text          0x00000000        0x0 ../common/LPC17xx_Interrupts.o
 .data          0x00000000        0x0 ../common/LPC17xx_Interrupts.o
 .bss           0x00000000        0x0 ../common/LPC17xx_Interrupts.o
 .text          0x00000000        0x0 ../common/ubertooth.o
 .data          0x00000000        0x0 ../common/ubertooth.o
 .text.spi_delay
                0x00000000       0x18 ../common/ubertooth.o
 .text.rbit     0x00000000        0x6 ../common/ubertooth.o
 .text.wait     0x00000000        0xc ../common/ubertooth.o
 .text.wait_ms  0x00000000        0xa ../common/ubertooth.o
 .text.dio_ssp_init
                0x00000000       0x54 ../common/ubertooth.o
 .text.cc2400_set
                0x00000000        0xa ../common/ubertooth.o
 .text.cc2400_get8
                0x00000000       0x12 ../common/ubertooth.o
 .text.cc2400_set8
                0x00000000        0xa ../common/ubertooth.o
 .text.cc2400_fifo_write
                0x00000000       0x7c ../common/ubertooth.o
 .text.cc2400_fifo_read
                0x00000000       0x74 ../common/ubertooth.o
 .text.reset    0x00000000       0x34 ../common/ubertooth.o
 .text.cc2400_tune_rx
                0x00000000        0xa ../common/ubertooth.o
 .text.cc2400_tune_tx
                0x00000000        0x8 ../common/ubertooth.o
 .text.cc2400_hop_rx
                0x00000000       0x38 ../common/ubertooth.o
 .text.cc2400_hop_tx
                0x00000000        0x4 ../common/ubertooth.o
 .text.get_part_num
                0x00000000       0x34 ../common/ubertooth.o
 .text.get_device_serial
                0x00000000       0x64 ../common/ubertooth.o
 .text.set_isp  0x00000000       0x18 ../common/ubertooth.o
 .rodata        0x00000000        0x4 ../common/ubertooth.o
 .text          0x00000000        0x0 ../common/lpcusb/target/usbcontrol.o
 .data          0x00000000        0x0 ../common/lpcusb/target/usbcontrol.o
 .text          0x00000000        0x0 ../common/lpcusb/target/usbinit.o
 .data          0x00000000        0x0 ../common/lpcusb/target/usbinit.o
 .text          0x00000000        0x0 ../common/lpcusb/target/usbhw_lpc.o
 .data          0x00000000        0x0 ../common/lpcusb/target/usbhw_lpc.o
 .text.USBHwISOCEPRead
                0x00000000       0x88 ../common/lpcusb/target/usbhw_lpc.o
 .text.USBSetupDMADescriptor
                0x00000000       0x48 ../common/lpcusb/target/usbhw_lpc.o
 .text.USBDisableDMAForEndpoint
                0x00000000       0x1c ../common/lpcusb/target/usbhw_lpc.o
 .text.USBEnableDMAForEndpoint
                0x00000000       0x1c ../common/lpcusb/target/usbhw_lpc.o
 .text.USBInitializeISOCFrameArray
                0x00000000       0x22 ../common/lpcusb/target/usbhw_lpc.o
 .text.USBSetHeadDDForDMA
                0x00000000       0x10 ../common/lpcusb/target/usbhw_lpc.o
 .text.USBInitializeUSBDMA
                0x00000000       0x1c ../common/lpcusb/target/usbhw_lpc.o
 .text          0x00000000        0x0 ../common/lpcusb/target/usbstdreq.o
 .text.USBRegisterWinusbInterface
                0x00000000       0x2c ../common/lpcusb/target/usbstdreq.o
 .text.USBGetOsStringDescriptor
                0x00000000       0x1c ../common/lpcusb/target/usbstdreq.o
 .text.USBRegisterCustomReqHandler
                0x00000000        0xc ../common/lpcusb/target/usbstdreq.o

Memory Configuration

Name             Origin             Length             Attributes
rom              0x00004000         0x0001c000         xr
ram              0x10000000         0x00004000         xrw
*default*        0x00000000         0xffffffff

Linker script and memory map

LOAD /usr/lib/gcc/arm-none-eabi/15/../../../../arm-none-eabi/lib/thumb/v7-m/nofp/crt0.o
START GROUP
LOAD /usr/lib/gcc/arm-none-eabi/15/../../../../arm-none-eabi/lib/thumb/v7-m/nofp/libc.a
LOAD /usr/lib/gcc/arm-none-eabi/15/../../../../arm-none-eabi/lib/thumb/v7-m/nofp/libg.a
LOAD /usr/lib/gcc/arm-none-eabi/15/thumb/v7-m/nofp/libgcc.a
LOAD /usr/lib/gcc/arm-none-eabi/15/../../../../arm-none-eabi/lib/thumb/v7-m/nofp/libm.a
END GROUP
LOAD usb_test.o
LOAD ../common/usb_serial.o
LOAD ../common/serial_fifo.o
LOAD ../common/LPC17xx_Startup.o
LOAD ../common/LPC17xx_Interrupts.o
LOAD ../common/ubertooth.o
LOAD ../common/lpcusb/target/usbcontrol.o
LOAD ../common/lpcusb/target/usbinit.o
LOAD ../common/lpcusb/target/usbhw_lpc.o
LOAD ../common/lpcusb/target/usbstdreq.o
START GROUP
LOAD /usr/lib/gcc/arm-none-eabi/15/thumb/v7-m/nofp/libgcc.a
START GROUP
LOAD /usr/lib/gcc/arm-none-eabi/15/../../../../arm-none-eabi/lib/thumb/v7-m/nofp/libc.a
LOAD /usr/lib/gcc/arm-none-eabi/15/thumb/v7-m/nofp/libgcc.a
END GROUP
END GROUP
START GROUP
LOAD /usr/lib/gcc/arm-none-eabi/15/thumb/v7-m/nofp/libgcc.a
LOAD /usr/lib/gcc/arm-none-eabi/15/../../../../arm-none-eabi/lib/thumb/v7-m/nofp/libc.a
LOAD /usr/lib/gcc/arm-none-eabi/15/../../../../arm-none-eabi/lib/thumb/v7-m/nofp/libm.a
LOAD /usr/lib/gcc/arm-none-eabi/15/../../../../arm-none-eabi/lib/thumb/v7-m/nofp/libnosys.a
END GROUP

.text           0x00004000      0xf20
                0x00004000                        . = ALIGN (0x400)
                0x00004000                        _interrupt_vector_table = .
 *(.irq_handler_table)
 .irq_handler_table
                0x00004000       0xcc ../common/LPC17xx_Interrupts.o
                0x00004000                _NVIC_Handler_Functions
 *(.text .text.* .gnu.linkonce.t.*)
 .text          0x000040cc       0xec /usr/lib/gcc/arm-none-eabi/15/../../../../arm-none-eabi/lib/thumb/v7-m/nofp/libc.a(memcpy.S.o)
                0x000040cc                memcpy
                0x000040cc                __aeabi_memcpy
                0x000040cc                __aeabi_memcpy4
                0x000040cc                __aeabi_memcpy8
 .text.__libc_init_array
                0x000041b8       0x20 /usr/lib/gcc/arm-none-eabi/15/../../../../arm-none-eabi/lib/thumb/v7-m/nofp/libc.a(libc_misc_init.c.o)
                0x000041b8                __libc_init_array
 .text.startup.main
                0x000041d8       0x2c usb_test.o
                0x000041d8                main
 .text.USBDevIntHandler
                0x00004204       0x10 ../common/usb_serial.o
 .text.HandleClassRequest
                0x00004214       0x34 ../common/usb_serial.o
 .text.SendNextBulkIn.part.0
                0x00004248       0x3c ../common/usb_serial.o
 .text.USBFrameHandler
                0x00004284       0x2c ../common/usb_serial.o
 .text.BulkOut  0x000042b0       0x40 ../common/usb_serial.o
 .text.BulkIn   0x000042f0       0x14 ../common/usb_serial.o
 .text.VCOM_init
                0x00004304       0x2c ../common/usb_serial.o
                0x00004304                VCOM_init
 .text.VCOM_putchar
                0x00004330       0x1c ../common/usb_serial.o
                0x00004330                VCOM_putchar
 .text.VCOM_getchar
                0x0000434c       0x20 ../common/usb_serial.o
                0x0000434c                VCOM_getchar
 .text.USB_IRQHandler
                0x0000436c        0x4 ../common/usb_serial.o
                0x0000436c                USB_IRQHandler
 .text.usb_serial_init
                0x00004370       0x74 ../common/usb_serial.o
                0x00004370                usb_serial_init
 .text.fifo_init
                0x000043e4        0xa ../common/serial_fifo.o
                0x000043e4                fifo_init
 .text.fifo_put
                0x000043ee       0x28 ../common/serial_fifo.o
                0x000043ee                fifo_put
 .text.fifo_get
                0x00004416       0x28 ../common/serial_fifo.o
                0x00004416                fifo_get
 .text.fifo_avail
                0x0000443e       0x18 ../common/serial_fifo.o
                0x0000443e                fifo_avail
 .text.fifo_free
                0x00004456        0xc ../common/serial_fifo.o
                0x00004456                fifo_free
 *fill*         0x00004462        0x2 
 .text.Reset_Handler
                0x00004464       0x54 ../common/LPC17xx_Startup.o
                0x00004464                Reset_Handler
 .text.Default_Handler
                0x000044b8        0x2 ../common/LPC17xx_Interrupts.o
                0x000044b8                TIMER2_IRQHandler
                0x000044b8                DebugMon_Handler
                0x000044b8                RIT_IRQHandler
                0x000044b8                I2C0_IRQHandler
                0x000044b8                HardFault_Handler
                0x000044b8                SysTick_Handler
                0x000044b8                PWM1_IRQHandler
                0x000044b8                PendSV_Handler
                0x000044b8                NMI_Handler
                0x000044b8                I2C1_IRQHandler
                0x000044b8                EINT2_IRQHandler
                0x000044b8                UART1_IRQHandler
                0x000044b8                EINT3_IRQHandler
                0x000044b8                TIMER3_IRQHandler
                0x000044b8                UART0_IRQHandler
                0x000044b8                MemManagement_Handler
                0x000044b8                UsageFault_Handler
                0x000044b8                PLL0_IRQHandler
                0x000044b8                CAN_IRQHandler
                0x000044b8                PLL1_IRQHandler
                0x000044b8                SSP0_IRQHandler
                0x000044b8                I2S_IRQHandler
                0x000044b8                I2C2_IRQHandler
                0x000044b8                RTC_IRQHandler
                0x000044b8                TIMER0_IRQHandler
                0x000044b8                SPI_IRQHandler
                0x000044b8                EINT1_IRQHandler
                0x000044b8                TIMER1_IRQHandler
                0x000044b8                UART2_IRQHandler
                0x000044b8                ADC_IRQHandler
                0x000044b8                SSP1_IRQHandler
                0x000044b8                BOD_IRQHandler
                0x000044b8                WDT_IRQHandler
                0x000044b8                SVC_Handler
                0x000044b8                QEI_IRQHandler
                0x000044b8                EINT0_IRQHandler
                0x000044b8                USBACT_IRQHandler
                0x000044b8                CANACT_IRQHandler
                0x000044b8                DMA_IRQHandler
                0x000044b8                BusFault_Handler
                0x000044b8                UART3_IRQHandler
                0x000044b8                MCPWM_IRQHandler
                0x000044b8                ENET_IRQHandler
 *fill*         0x000044ba        0x2 
 .text.wait_us  0x000044bc       0x2c ../common/ubertooth.o
                0x000044bc                wait_us
 .text.all_pins_off
                0x000044e8       0x48 ../common/ubertooth.o
                0x000044e8                all_pins_off
 .text.gpio_init
                0x00004530       0x34 ../common/ubertooth.o
                0x00004530                gpio_init
 .text.atest_init
                0x00004564       0x30 ../common/ubertooth.o
                0x00004564                atest_init
 .text.cc2400_spi
                0x00004594       0x40 ../common/ubertooth.o
                0x00004594                cc2400_spi
 .text.cc2400_init
                0x000045d4       0x34 ../common/ubertooth.o
                0x000045d4                cc2400_init
 .text.cc2400_get
                0x00004608       0x12 ../common/ubertooth.o
                0x00004608                cc2400_get
 .text.cc2400_status
                0x0000461a        0xe ../common/ubertooth.o
                0x0000461a                cc2400_status
 .text.cc2400_strobe
                0x00004628        0xe ../common/ubertooth.o
                0x00004628                cc2400_strobe
 .text.cc2400_reset
                0x00004636       0x2c ../common/ubertooth.o
                0x00004636                cc2400_reset
 *fill*         0x00004662        0x2 
 .text.clock_start
                0x00004664      0x158 ../common/ubertooth.o
                0x00004664                clock_start
 .text.ubertooth_init
                0x000047bc       0x12 ../common/ubertooth.o
                0x000047bc                ubertooth_init
 *fill*         0x000047ce        0x2 
 .text.DataIn   0x000047d0       0x28 ../common/lpcusb/target/usbcontrol.o
 .text._HandleRequest.constprop.0
                0x000047f8       0x50 ../common/lpcusb/target/usbcontrol.o
 .text.USBHandleControlTransfer
                0x00004848       0xa0 ../common/lpcusb/target/usbcontrol.o
                0x00004848                USBHandleControlTransfer
 .text.USBRegisterRequestHandler
                0x000048e8       0x10 ../common/lpcusb/target/usbcontrol.o
                0x000048e8                USBRegisterRequestHandler
 .text.HandleUsbReset
                0x000048f8        0x2 ../common/lpcusb/target/usbinit.o
 *fill*         0x000048fa        0x2 
 .text.USBInit  0x000048fc       0x4c ../common/lpcusb/target/usbinit.o
                0x000048fc                USBInit
 .text.Wait4DevInt
                0x00004948       0x18 ../common/lpcusb/target/usbhw_lpc.o
 .text.USBHwCmd
                0x00004960       0x1c ../common/lpcusb/target/usbhw_lpc.o
 .text.USBHwCmdWrite
                0x0000497c       0x20 ../common/lpcusb/target/usbhw_lpc.o
 .text.USBHwEPConfig
                0x0000499c       0x40 ../common/lpcusb/target/usbhw_lpc.o
                0x0000499c                USBHwEPConfig
 .text.USBHwRegisterEPIntHandler
                0x000049dc       0x38 ../common/lpcusb/target/usbhw_lpc.o
                0x000049dc                USBHwRegisterEPIntHandler
 .text.USBHwRegisterDevIntHandler
                0x00004a14       0x1c ../common/lpcusb/target/usbhw_lpc.o
                0x00004a14                USBHwRegisterDevIntHandler
 .text.USBHwRegisterFrameHandler
                0x00004a30       0x1c ../common/lpcusb/target/usbhw_lpc.o
                0x00004a30                USBHwRegisterFrameHandler
 .text.USBHwSetAddress
                0x00004a4c        0xa ../common/lpcusb/target/usbhw_lpc.o
                0x00004a4c                USBHwSetAddress
 .text.USBHwConnect
                0x00004a56        0xc ../common/lpcusb/target/usbhw_lpc.o
                0x00004a56                USBHwConnect
 .text.USBHwNakIntEnable
                0x00004a62        0x8 ../common/lpcusb/target/usbhw_lpc.o
                0x00004a62                USBHwNakIntEnable
 *fill*         0x00004a6a        0x2 
 .text.USBHwEPGetStatus
                0x00004a6c       0x30 ../common/lpcusb/target/usbhw_lpc.o
                0x00004a6c                USBHwEPGetStatus
 .text.USBHwEPStall
                0x00004a9c       0x18 ../common/lpcusb/target/usbhw_lpc.o
                0x00004a9c                USBHwEPStall
 .text.USBHwEPWrite
                0x00004ab4       0x50 ../common/lpcusb/target/usbhw_lpc.o
                0x00004ab4                USBHwEPWrite
 .text.USBHwEPRead
                0x00004b04       0x70 ../common/lpcusb/target/usbhw_lpc.o
                0x00004b04                USBHwEPRead
 .text.USBHwConfigDevice
                0x00004b74        0xc ../common/lpcusb/target/usbhw_lpc.o
                0x00004b74                USBHwConfigDevice
 .text.USBHwISR
                0x00004b80       0xc0 ../common/lpcusb/target/usbhw_lpc.o
                0x00004b80                USBHwISR
 .text.USBHwInit
                0x00004c40       0xa0 ../common/lpcusb/target/usbhw_lpc.o
                0x00004c40                USBHwInit
 .text.USBFilterOsVendorMessage
                0x00004ce0       0x5c ../common/lpcusb/target/usbstdreq.o
                0x00004ce0                USBFilterOsVendorMessage
 .text.USBRegisterDescriptors
                0x00004d3c        0xc ../common/lpcusb/target/usbstdreq.o
                0x00004d3c                USBRegisterDescriptors
 .text.USBGetDescriptor
                0x00004d48       0x58 ../common/lpcusb/target/usbstdreq.o
                0x00004d48                USBGetDescriptor
 .text.USBHandleStandardRequest
                0x00004da0      0x154 ../common/lpcusb/target/usbstdreq.o
                0x00004da0                USBHandleStandardRequest
 *(.rodata .rodata.* .gnu.linkonce.r.*)
 .rodata        0x00004ef4       0x28 ../common/lpcusb/target/usbstdreq.o
 *(.eh_frame_hdr)
 *(.eh_frame)
                0x00004f1c                        . = ALIGN (0x4)
 *(.init)
                0x00004f1c                        . = ALIGN (0x4)
                0x00004f1c                        __preinit_array_start = .
 *(.preinit_array)
                0x00004f1c                        __preinit_array_end = .
                0x00004f1c                        . = ALIGN (0x4)
                0x00004f1c                        __init_array_start = .
 *(SORT_BY_NAME(.init_array.*))
 *(.init_array)
                0x00004f1c                        __init_array_end = .
                0x00004f1c                        . = ALIGN (0x4)
 *crtbegin.o(.ctors)
 *(EXCLUDE_FILE(*crtend.o) .ctors)
 *(SORT_BY_NAME(.ctors.*))
 *crtend.o(.ctors)
                0x00004f1c                        . = ALIGN (0x4)
 *(.fini)
                0x00004f1c                        . = ALIGN (0x4)
                0x00004f1c                        __fini_array_start = .
 *(.fini_array)
 *(SORT_BY_NAME(.fini_array.*))
                0x00004f1c                        __fini_array_end = .
 *crtbegin.o(.dtors)
 *(EXCLUDE_FILE(*crtend.o) .dtors)
 *(SORT_BY_NAME(.dtors.*))
 *crtend.o(.dtors)
                0x00004f20                        . = ALIGN (0x8)
 *fill*         0x00004f1c        0x4 
                0x00004f20                        _etext = .

.glue_7         0x00004f20        0x0
 .glue_7        0x00004f20        0x0 linker stubs

.glue_7t        0x00004f20        0x0
 .glue_7t       0x00004f20        0x0 linker stubs

.vfp11_veneer   0x00004f20        0x0
 .vfp11_veneer  0x00004f20        0x0 linker stubs

.v4_bx          0x00004f20        0x0
 .v4_bx         0x00004f20        0x0 linker stubs

.iplt           0x00004f20        0x0
 .iplt          0x00004f20        0x0 /usr/lib/gcc/arm-none-eabi/15/../../../../arm-none-eabi/lib/thumb/v7-m/nofp/libc.a(libc_misc_init.c.o)

.rel.dyn        0x00004f20        0x0
 .rel.iplt      0x00004f20        0x0 /usr/lib/gcc/arm-none-eabi/15/../../../../arm-none-eabi/lib/thumb/v7-m/nofp/libc.a(libc_misc_init.c.o)

.ARM.extab
 *(.ARM.extab* .gnu.linkonce.armextab.*)
                0x00004f20                        __exidx_start = .

.ARM.exidx
 *(.ARM.exidx* .gnu.linkonce.armexidx.*)
                0x00004f20                        __exidx_end = .
                0x00004f20                        _etext = .

.persistent     0x10000000       0x20
                0x10000000                        _persistent_start = .
                0x10000020                        . = (. + 0x20)
 *fill*         0x10000000       0x20 
                0x10000020                        _persistent_end = .
                0x1000001c                        bootloader_ctrl = (_persistent_start + 0x1c)

.data           0x10000020      0x17e load address 0x00004f20
                0x10000020                        _data = .
 *(vtable)
 *(.data*)
 .data          0x10000020       0xda ../common/usb_serial.o
 .data          0x100000fa       0xa4 ../common/lpcusb/target/usbstdreq.o
                0x1000019e                        _edata = .

.igot.plt       0x100001a0        0x0 load address 0x0000509e
 .igot.plt      0x100001a0        0x0 /usr/lib/gcc/arm-none-eabi/15/../../../../arm-none-eabi/lib/thumb/v7-m/nofp/libc.a(libc_misc_init.c.o)

.bss            0x100001a0      0x201 load address 0x0000509e
                0x100001a0                        _bss = .
                0x100001a0                        __bss_start__ = .
 *(.bss*)
 .bss           0x100001a0      0x168 ../common/usb_serial.o
 .bss           0x10000308        0x8 ../common/ubertooth.o
 .bss           0x10000310       0x34 ../common/lpcusb/target/usbcontrol.o
 .bss           0x10000344        0x8 ../common/lpcusb/target/usbinit.o
 .bss           0x1000034c       0x48 ../common/lpcusb/target/usbhw_lpc.o
 .bss           0x10000394        0xd ../common/lpcusb/target/usbstdreq.o
 *(COMMON)
                0x100003a1                        _ebss = .
                0x100003a1                        __bss_end__ = .

.cr_heap        0x100003a1        0x0 load address 0x0000509e
                0x100003a1                        end = .
                0x100003a1                        __end__ = .
                0x100003a1                        _pvHeapStart = .
                0x10003fe0                        _StackTop = ((ORIGIN (ram) + LENGTH (ram)) - 0x20)
OUTPUT(usb_test.elf elf32-littlearm)
LOAD linker stubs

.ARM.attributes
                0x00000000       0x2f
 .ARM.attributes
                0x00000000       0x1b /usr/lib/gcc/arm-none-eabi/15/../../../../arm-none-eabi/lib/thumb/v7-m/nofp/libc.a(memcpy.S.o)
 .ARM.attributes
                0x0000001b       0x31 /usr/lib/gcc/arm-none-eabi/15/../../../../arm-none-eabi/lib/thumb/v7-m/nofp/libc.a(libc_misc_init.c.o)
 .ARM.attributes
                0x0000004c       0x2d usb_test.o
 .ARM.attributes
                0x00000079       0x2d ../common/usb_serial.o
 .ARM.attributes
                0x000000a6       0x2d ../common/serial_fifo.o
 .ARM.attributes
                0x000000d3       0x2d ../common/LPC17xx_Startup.o
 .ARM.attributes
                0x00000100       0x2d ../common/LPC17xx_Interrupts.o
 .ARM.attributes
                0x0000012d       0x2d ../common/ubertooth.o
 .ARM.attributes
                0x0000015a       0x2d ../common/lpcusb/target/usbcontrol.o
 .ARM.attributes
                0x00000187       0x2d ../common/lpcusb/target/usbinit.o
 .ARM.attributes
                0x000001b4       0x2d ../common/lpcusb/target/usbhw_lpc.o
 .ARM.attributes
                0x000001e1       0x2d ../common/lpcusb/target/usbstdreq.o

.comment        0x00000000       0x26
 .comment       0x00000000       0x26 /usr/lib/gcc/arm-none-eabi/15/../../../../arm-none-eabi/lib/thumb/v7-m/nofp/libc.a(libc_misc_init.c.o)
                                 0x27 (size before relaxing)
 .comment       0x00000026        0x0 usb_test.o
                                 0x27 (size before relaxing)
 .comment       0x00000026        0x0 ../common/usb_serial.o
                                 0x27 (size before relaxing)
 .comment       0x00000026        0x0 ../common/serial_fifo.o
                                 0x27 (size before relaxing)
 .comment       0x00000026        0x0 ../common/LPC17xx_Startup.o
                                 0x27 (size before relaxing)
 .comment       0x00000026        0x0 ../common/LPC17xx_Interrupts.o
                                 0x27 (size before relaxing)
 .comment       0x00000026        0x0 ../common/ubertooth.o
                                 0x27 (size before relaxing)
 .comment       0x00000026        0x0 ../common/lpcusb/target/usbcontrol.o
                                 0x27 (size before relaxing)
 .comment       0x00000026        0x0 ../common/lpcusb/target/usbinit.o
                                 0x27 (size before relaxing)
 .comment       0x00000026        0x0 ../common/lpcusb/target/usbhw_lpc.o
                                 0x27 (size before relaxing)
 .comment       0x00000026        0x0 ../common/lpcusb/target/usbstdreq.o
                                 0x27 (size before relaxing)

.debug_line     0x00000000     0x25cc
 .debug_line    0x00000000       0xbd /usr/lib/gcc/arm-none-eabi/15/../../../../arm-none-eabi/lib/thumb/v7-m/nofp/libc.a(memcpy.S.o)
 .debug_line    0x000000bd       0x9c /usr/lib/gcc/arm-none-eabi/15/../../../../arm-none-eabi/lib/thumb/v7-m/nofp/libc.a(libc_misc_init.c.o)
 .debug_line    0x00000159       0xfb usb_test.o
 .debug_line    0x00000254      0x400 ../common/usb_serial.o
 .debug_line    0x00000654      0x173 ../common/serial_fifo.o
 .debug_line    0x000007c7       0xfe ../common/LPC17xx_Startup.o
 .debug_line    0x000008c5       0x59 ../common/LPC17xx_Interrupts.o
 .debug_line    0x0000091e      0xb6b ../common/ubertooth.o
 .debug_line    0x00001489      0x271 ../common/lpcusb/target/usbcontrol.o
 .debug_line    0x000016fa       0xb3 ../common/lpcusb/target/usbinit.o
 .debug_line    0x000017ad      0x95f ../common/lpcusb/target/usbhw_lpc.o
 .debug_line    0x0000210c      0x4c0 ../common/lpcusb/target/usbstdreq.o

.debug_line_str
                0x00000000       0x3a
 .debug_line_str
                0x00000000       0x3a /usr/lib/gcc/arm-none-eabi/15/../../../../arm-none-eabi/lib/thumb/v7-m/nofp/libc.a(memcpy.S.o)

.debug_info     0x00000000     0x36d2
 .debug_info    0x00000000       0x33 /usr/lib/gcc/arm-none-eabi/15/../../../../arm-none-eabi/lib/thumb/v7-m/nofp/libc.a(memcpy.S.o)
 .debug_info    0x00000033       0xd9 /usr/lib/gcc/arm-none-eabi/15/../../../../arm-none-eabi/lib/thumb/v7-m/nofp/libc.a(libc_misc_init.c.o)
 .debug_info    0x0000010c      0x105 usb_test.o
 .debug_info    0x00000211      0x9ed ../common/usb_serial.o
 .debug_info    0x00000bfe      0x1d8 ../common/serial_fifo.o
 .debug_info    0x00000dd6      0x12c ../common/LPC17xx_Startup.o
 .debug_info    0x00000f02       0x8a ../common/LPC17xx_Interrupts.o
 .debug_info    0x00000f8c      0xb6a ../common/ubertooth.o
 .debug_info    0x00001af6      0x517 ../common/lpcusb/target/usbcontrol.o
 .debug_info    0x0000200d      0x2bb ../common/lpcusb/target/usbinit.o
 .debug_info    0x000022c8      0xc27 ../common/lpcusb/target/usbhw_lpc.o
 .debug_info    0x00002eef      0x7e3 ../common/lpcusb/target/usbstdreq.o

.debug_abbrev   0x00000000     0x1514
 .debug_abbrev  0x00000000       0x28 /usr/lib/gcc/arm-none-eabi/15/../../../../arm-none-eabi/lib/thumb/v7-m/nofp/libc.a(memcpy.S.o)
 .debug_abbrev  0x00000028       0xa2 /usr/lib/gcc/arm-none-eabi/15/../../../../arm-none-eabi/lib/thumb/v7-m/nofp/libc.a(libc_misc_init.c.o)
 .debug_abbrev  0x000000ca       0xc8 usb_test.o
 .debug_abbrev  0x00000192      0x364 ../common/usb_serial.o
 .debug_abbrev  0x000004f6      0x11c ../common/serial_fifo.o
 .debug_abbrev  0x00000612       0xcb ../common/LPC17xx_Startup.o
 .debug_abbrev  0x000006dd       0x9a ../common/LPC17xx_Interrupts.o
 .debug_abbrev  0x00000777      0x35d ../common/ubertooth.o
 .debug_abbrev  0x00000ad4      0x271 ../common/lpcusb/target/usbcontrol.o
 .debug_abbrev  0x00000d45      0x15f ../common/lpcusb/target/usbinit.o
 .debug_abbrev  0x00000ea4      0x346 ../common/lpcusb/target/usbhw_lpc.o
 .debug_abbrev  0x000011ea      0x32a ../common/lpcusb/target/usbstdreq.o

.debug_aranges  0x00000000      0x3e0
 .debug_aranges
                0x00000000       0x20 /usr/lib/gcc/arm-none-eabi/15/../../../../arm-none-eabi/lib/thumb/v7-m/nofp/libc.a(memcpy.S.o)
 .debug_aranges
                0x00000020       0x20 /usr/lib/gcc/arm-none-eabi/15/../../../../arm-none-eabi/lib/thumb/v7-m/nofp/libc.a(libc_misc_init.c.o)
 .debug_aranges
                0x00000040       0x20 usb_test.o
 .debug_aranges
                0x00000060       0x70 ../common/usb_serial.o
 .debug_aranges
                0x000000d0       0x40 ../common/serial_fifo.o
 .debug_aranges
                0x00000110       0x20 ../common/LPC17xx_Startup.o
 .debug_aranges
                0x00000130       0x20 ../common/LPC17xx_Interrupts.o
 .debug_aranges
                0x00000150      0x108 ../common/ubertooth.o
 .debug_aranges
                0x00000258       0x38 ../common/lpcusb/target/usbcontrol.o
 .debug_aranges
                0x00000290       0x28 ../common/lpcusb/target/usbinit.o
 .debug_aranges
                0x000002b8       0xd8 ../common/lpcusb/target/usbhw_lpc.o
 .debug_aranges
                0x00000390       0x50 ../common/lpcusb/target/usbstdreq.o

.debug_str      0x00000000     0x1039
 .debug_str     0x00000000     0x1039 /usr/lib/gcc/arm-none-eabi/15/../../../../arm-none-eabi/lib/thumb/v7-m/nofp/libc.a(memcpy.S.o)
                                 0x4d (size before relaxing)
 .debug_str     0x00001039        0x0 /usr/lib/gcc/arm-none-eabi/15/../../../../arm-none-eabi/lib/thumb/v7-m/nofp/libc.a(libc_misc_init.c.o)
                                0x215 (size before relaxing)
 .debug_str     0x00001039        0x0 usb_test.o
                                0x211 (size before relaxing)
 .debug_str     0x00001039        0x0 ../common/usb_serial.o
                                0x4e2 (size before relaxing)
 .debug_str     0x00001039        0x0 ../common/serial_fifo.o
                                0x1e4 (size before relaxing)
 .debug_str     0x00001039        0x0 ../common/LPC17xx_Startup.o
                                0x243 (size before relaxing)
 .debug_str     0x00001039        0x0 ../common/LPC17xx_Interrupts.o
                                0x1ac (size before relaxing)
 .debug_str     0x00001039        0x0 ../common/ubertooth.o
                                0x3d0 (size before relaxing)
 .debug_str     0x00001039        0x0 ../common/lpcusb/target/usbcontrol.o
                                0x310 (size before relaxing)
 .debug_str     0x00001039        0x0 ../common/lpcusb/target/usbinit.o
                                0x2bf (size before relaxing)
 .debug_str     0x00001039        0x0 ../common/lpcusb/target/usbhw_lpc.o
                                0x5e2 (size before relaxing)
 .debug_str     0x00001039        0x0 ../common/lpcusb/target/usbstdreq.o
                                0x4f2 (size before relaxing)

.debug_frame    0x00000000      0x8a0
 .debug_frame   0x00000000       0x28 /usr/lib/gcc/arm-none-eabi/15/../../../../arm-none-eabi/lib/thumb/v7-m/nofp/libc.a(memcpy.S.o)
 .debug_frame   0x00000028       0x2c /usr/lib/gcc/arm-none-eabi/15/../../../../arm-none-eabi/lib/thumb/v7-m/nofp/libc.a(libc_misc_init.c.o)
 .debug_frame   0x00000054       0x2c usb_test.o
 .debug_frame   0x00000080      0x120 ../common/usb_serial.o
 .debug_frame   0x000001a0       0x70 ../common/serial_fifo.o
 .debug_frame   0x00000210       0x28 ../common/LPC17xx_Startup.o
 .debug_frame   0x00000238       0x20 ../common/LPC17xx_Interrupts.o
 .debug_frame   0x00000258      0x2ac ../common/ubertooth.o
 .debug_frame   0x00000504       0x98 ../common/lpcusb/target/usbcontrol.o
 .debug_frame   0x0000059c       0x38 ../common/lpcusb/target/usbinit.o
 .debug_frame   0x000005d4      0x20c ../common/lpcusb/target/usbhw_lpc.o
 .debug_frame   0x000007e0       0xc0 ../common/lpcusb/target/usbstdreq.o

.debug_loclists
                0x00000000     0x1956
 .debug_loclists
                0x00000000       0x29 /usr/lib/gcc/arm-none-eabi/15/../../../../arm-none-eabi/lib/thumb/v7-m/nofp/libc.a(libc_misc_init.c.o)
 .debug_loclists
                0x00000029       0x17 usb_test.o
 .debug_loclists
                0x00000040      0x266 ../common/usb_serial.o
 .debug_loclists
                0x000002a6       0xdb ../common/serial_fifo.o
 .debug_loclists
                0x00000381       0x72 ../common/LPC17xx_Startup.o
 .debug_loclists
                0x000003f3      0x5c3 ../common/ubertooth.o
 .debug_loclists
                0x000009b6      0x169 ../common/lpcusb/target/usbcontrol.o
 .debug_loclists
                0x00000b1f      0x749 ../common/lpcusb/target/usbhw_lpc.o
 .debug_loclists
                0x00001268      0x6ee ../common/lpcusb/target/usbstdreq.o

.debug_rnglists
                0x00000000      0x351
 .debug_rnglists
                0x00000000       0x13 /usr/lib/gcc/arm-none-eabi/15/../../../../arm-none-eabi/lib/thumb/v7-m/nofp/libc.a(libc_misc_init.c.o)
 .debug_rnglists
                0x00000013       0x13 usb_test.o
 .debug_rnglists
                0x00000026       0x67 ../common/usb_serial.o
 .debug_rnglists
                0x0000008d       0x2b ../common/serial_fifo.o
 .debug_rnglists
                0x000000b8       0x13 ../common/LPC17xx_Startup.o
 .debug_rnglists
                0x000000cb       0x13 ../common/LPC17xx_Interrupts.o
 .debug_rnglists
                0x000000de       0xe0 ../common/ubertooth.o
 .debug_rnglists
                0x000001be       0x32 ../common/lpcusb/target/usbcontrol.o
 .debug_rnglists
                0x000001f0       0x19 ../common/lpcusb/target/usbinit.o
 .debug_rnglists
                0x00000209       0xc4 ../common/lpcusb/target/usbhw_lpc.o
 .debug_rnglists
                0x000002cd       0x84 ../common/lpcusb/target/usbstdreq.o
