ARM GAS  /tmp/ccY7jWvK.s 			page 1


   1              		.cpu cortex-m3
   2              		.arch armv7-m
   3              		.fpu softvfp
   4              		.eabi_attribute 20, 1
   5              		.eabi_attribute 21, 1
   6              		.eabi_attribute 23, 3
   7              		.eabi_attribute 24, 1
   8              		.eabi_attribute 25, 1
   9              		.eabi_attribute 26, 1
  10              		.eabi_attribute 30, 2
  11              		.eabi_attribute 34, 1
  12              		.eabi_attribute 18, 4
  13              		.file	"ubertooth_dma.c"
  14              		.text
  15              	.Ltext0:
  16              		.cfi_sections	.debug_frame
  17              		.file 1 "src/drivers/ubertooth_dma.c"
  18              		.section	.rodata.str1.4,"aMS",%progbits,1
  19              		.align	2
  20              	.LC0:
  21 0000 444D4149 		.ascii	"DMAI %x\012\000"
  21      2025780A 
  21      00
  22              		.section	.text.DMA_IRQHandler,"ax",%progbits
  23              		.align	1
  24              		.p2align 2,,3
  25              		.global	DMA_IRQHandler
  26              		.syntax unified
  27              		.thumb
  28              		.thumb_func
  30              	DMA_IRQHandler:
  31              	.LFB1:
   1:src/drivers/ubertooth_dma.c **** /*
   2:src/drivers/ubertooth_dma.c ****  * Copyright 2015 Hannes Ellinger
   3:src/drivers/ubertooth_dma.c ****  * Copyright 2020 Etienne Helluy-Lafont, Univ. Lille, CNRS.
   4:src/drivers/ubertooth_dma.c ****  *
   5:src/drivers/ubertooth_dma.c ****  * This file is part of Project Ubertooth.
   6:src/drivers/ubertooth_dma.c ****  *
   7:src/drivers/ubertooth_dma.c ****  * This program is free software; you can redistribute it and/or modify
   8:src/drivers/ubertooth_dma.c ****  * it under the terms of the GNU General Public License as published by
   9:src/drivers/ubertooth_dma.c ****  * the Free Software Foundation; either version 2, or (at your option)
  10:src/drivers/ubertooth_dma.c ****  * any later version.
  11:src/drivers/ubertooth_dma.c ****  *
  12:src/drivers/ubertooth_dma.c ****  * This program is distributed in the hope that it will be useful,
  13:src/drivers/ubertooth_dma.c ****  * but WITHOUT ANY WARRANTY; without even the implied warranty of
  14:src/drivers/ubertooth_dma.c ****  * MERCHANTABILITY or FITNESS FOR A PARTICULAR PURPOSE.  See the
  15:src/drivers/ubertooth_dma.c ****  * GNU General Public License for more details.
  16:src/drivers/ubertooth_dma.c ****  *
  17:src/drivers/ubertooth_dma.c ****  * You should have received a copy of the GNU General Public License
  18:src/drivers/ubertooth_dma.c ****  * along with this program; see the file COPYING.  If not, write to
  19:src/drivers/ubertooth_dma.c ****  * the Free Software Foundation, Inc., 51 Franklin Street,
  20:src/drivers/ubertooth_dma.c ****  * Boston, MA 02110-1301, USA.
  21:src/drivers/ubertooth_dma.c ****  */
  22:src/drivers/ubertooth_dma.c **** 
  23:src/drivers/ubertooth_dma.c **** #include <ubertooth.h>
  24:src/drivers/ubertooth_dma.c **** #include <ubtbr/cfg.h>
  25:src/drivers/ubertooth_dma.c **** #include <ubtbr/ubertooth_dma.h>
ARM GAS  /tmp/ccY7jWvK.s 			page 2


  26:src/drivers/ubertooth_dma.c **** #include <ubtbr/debug.h>
  27:src/drivers/ubertooth_dma.c **** 
  28:src/drivers/ubertooth_dma.c **** /* DMA linked list items */
  29:src/drivers/ubertooth_dma.c **** typedef struct {
  30:src/drivers/ubertooth_dma.c **** 	uint32_t src;
  31:src/drivers/ubertooth_dma.c **** 	uint32_t dest;
  32:src/drivers/ubertooth_dma.c **** 	uint32_t next_lli;
  33:src/drivers/ubertooth_dma.c **** 	uint32_t control;
  34:src/drivers/ubertooth_dma.c **** } dma_lli;
  35:src/drivers/ubertooth_dma.c **** 
  36:src/drivers/ubertooth_dma.c **** dma_lli dma_rx_lli;
  37:src/drivers/ubertooth_dma.c **** 
  38:src/drivers/ubertooth_dma.c **** volatile uint8_t *dma_user_rx_buf = (void*)0;
  39:src/drivers/ubertooth_dma.c **** volatile uint8_t *dma_user_tx_buf = (void*)0;
  40:src/drivers/ubertooth_dma.c **** dma_tx_cb_t dma_user_tx_cb = (void*)0;
  41:src/drivers/ubertooth_dma.c **** void *dma_user_tx_cb_arg = (void*)0;
  42:src/drivers/ubertooth_dma.c **** 
  43:src/drivers/ubertooth_dma.c **** void DMA_IRQHandler(void)
  44:src/drivers/ubertooth_dma.c **** {
  32              		.loc 1 44 1 view -0
  33              		.cfi_startproc
  34              		@ args = 0, pretend = 0, frame = 0
  35              		@ frame_needed = 0, uses_anonymous_args = 0
  36 0000 10B5     		push	{r4, lr}
  37              		.cfi_def_cfa_offset 8
  38              		.cfi_offset 4, -8
  39              		.cfi_offset 14, -4
  45:src/drivers/ubertooth_dma.c **** 	cprintf ("DMAI %x\n", DMACIntStat);
  40              		.loc 1 45 2 view .LVU1
  41 0002 044C     		ldr	r4, .L3
  42 0004 0448     		ldr	r0, .L3+4
  43 0006 2168     		ldr	r1, [r4]
  44 0008 FFF7FEFF 		bl	cprintf
  45              	.LVL0:
  46:src/drivers/ubertooth_dma.c **** 	DMACIntTCClear = 0xFF;
  46              		.loc 1 46 2 view .LVU2
  47              		.loc 1 46 17 is_stmt 0 view .LVU3
  48 000c FF23     		movs	r3, #255
  49 000e A360     		str	r3, [r4, #8]
  47:src/drivers/ubertooth_dma.c **** 	DMACIntErrClr = 0xFF;
  50              		.loc 1 47 2 is_stmt 1 view .LVU4
  51              		.loc 1 47 16 is_stmt 0 view .LVU5
  52 0010 2361     		str	r3, [r4, #16]
  48:src/drivers/ubertooth_dma.c **** #if 0
  49:src/drivers/ubertooth_dma.c **** 	if (DMACIntStat & (1 << 1)) {
  50:src/drivers/ubertooth_dma.c **** 		if (DMACIntTCStat & (1 << 1)) {
  51:src/drivers/ubertooth_dma.c **** 			DMACIntTCClear = (1 << 1);
  52:src/drivers/ubertooth_dma.c **** 			cprintf ("Int TC\n");
  53:src/drivers/ubertooth_dma.c **** 			if (dma_user_tx_cb)
  54:src/drivers/ubertooth_dma.c **** 			{
  55:src/drivers/ubertooth_dma.c **** 				/* Execute the callback handler and uninstall */
  56:src/drivers/ubertooth_dma.c **** 				dma_user_tx_cb(dma_user_tx_cb_arg);
  57:src/drivers/ubertooth_dma.c **** 				dma_user_tx_cb = (void*)0;
  58:src/drivers/ubertooth_dma.c **** 			}
  59:src/drivers/ubertooth_dma.c **** 			else
  60:src/drivers/ubertooth_dma.c **** 			{
  61:src/drivers/ubertooth_dma.c **** 				cprintf("Unk DMA IRQ\n");
ARM GAS  /tmp/ccY7jWvK.s 			page 3


  62:src/drivers/ubertooth_dma.c **** 			}
  63:src/drivers/ubertooth_dma.c **** 		}
  64:src/drivers/ubertooth_dma.c **** 		if (DMACIntErrStat & (1 << 1)) {
  65:src/drivers/ubertooth_dma.c **** 			DMACIntErrClr = (1 << 1);
  66:src/drivers/ubertooth_dma.c **** 		}
  67:src/drivers/ubertooth_dma.c **** 	}
  68:src/drivers/ubertooth_dma.c **** #endif
  69:src/drivers/ubertooth_dma.c **** }
  53              		.loc 1 69 1 view .LVU6
  54 0012 10BD     		pop	{r4, pc}
  55              	.L4:
  56              		.align	2
  57              	.L3:
  58 0014 00400050 		.word	1342193664
  59 0018 00000000 		.word	.LC0
  60              		.cfi_endproc
  61              	.LFE1:
  63              		.section	.text.dma_poweron,"ax",%progbits
  64              		.align	1
  65              		.p2align 2,,3
  66              		.global	dma_poweron
  67              		.syntax unified
  68              		.thumb
  69              		.thumb_func
  71              	dma_poweron:
  72              	.LFB2:
  70:src/drivers/ubertooth_dma.c **** 
  71:src/drivers/ubertooth_dma.c **** void dma_poweron(void) {
  73              		.loc 1 71 24 is_stmt 1 view -0
  74              		.cfi_startproc
  75              		@ args = 0, pretend = 0, frame = 0
  76              		@ frame_needed = 0, uses_anonymous_args = 0
  77 0000 30B5     		push	{r4, r5, lr}
  78              		.cfi_def_cfa_offset 12
  79              		.cfi_offset 4, -12
  80              		.cfi_offset 5, -8
  81              		.cfi_offset 14, -4
  72:src/drivers/ubertooth_dma.c **** 	// refer to UM10360 LPC17xx User Manual Ch 31 Sec 31.6.1, PDF page 616
  73:src/drivers/ubertooth_dma.c **** 	PCONP |= PCONP_PCGPDMA;
  82              		.loc 1 73 2 view .LVU8
  74:src/drivers/ubertooth_dma.c **** 
  75:src/drivers/ubertooth_dma.c **** 	// enable DMA interrupts at lowest priority
  76:src/drivers/ubertooth_dma.c **** 	//IPR6 |= IPR6_IP_DMA; // hack, sets it to 31 (lowest)
  77:src/drivers/ubertooth_dma.c **** 	IPR6 |= 31<<19; // pri 
  83              		.loc 1 77 2 is_stmt 0 view .LVU9
  84 0002 4FF0E021 		mov	r1, #-536813568
  78:src/drivers/ubertooth_dma.c **** 	ISER0 = ISER0_ISE_DMA;
  79:src/drivers/ubertooth_dma.c **** 
  80:src/drivers/ubertooth_dma.c **** 	/* Disable DMA interrupt */
  81:src/drivers/ubertooth_dma.c **** 	//ICER0 = ICER0_ICE_DMA;
  82:src/drivers/ubertooth_dma.c **** 
  83:src/drivers/ubertooth_dma.c **** 	// disable active channels
  84:src/drivers/ubertooth_dma.c **** 	DMACC0Config = 0;
  85              		.loc 1 84 15 view .LVU10
  86 0006 0022     		movs	r2, #0
  85:src/drivers/ubertooth_dma.c **** 	DMACC1Config = 0;
  86:src/drivers/ubertooth_dma.c **** 	DMACC2Config = 0;
ARM GAS  /tmp/ccY7jWvK.s 			page 4


  87:src/drivers/ubertooth_dma.c **** 	DMACC3Config = 0;
  88:src/drivers/ubertooth_dma.c **** 	DMACC4Config = 0;
  89:src/drivers/ubertooth_dma.c **** 	DMACC5Config = 0;
  90:src/drivers/ubertooth_dma.c **** 	DMACC6Config = 0;
  91:src/drivers/ubertooth_dma.c **** 	DMACC7Config = 0;
  92:src/drivers/ubertooth_dma.c **** 	DMACIntTCClear = 0xFF;
  87              		.loc 1 92 17 view .LVU11
  88 0008 4FF0FF0C 		mov	ip, #255
  78:src/drivers/ubertooth_dma.c **** 	ISER0 = ISER0_ISE_DMA;
  89              		.loc 1 78 8 view .LVU12
  90 000c 4FF08065 		mov	r5, #67108864
  93:src/drivers/ubertooth_dma.c **** 	DMACIntErrClr = 0xFF;
  94:src/drivers/ubertooth_dma.c **** 
  95:src/drivers/ubertooth_dma.c **** 	/* enable DMA globally */
  96:src/drivers/ubertooth_dma.c **** 	DMACConfig = DMACConfig_E;
  91              		.loc 1 96 13 view .LVU13
  92 0010 0124     		movs	r4, #1
  73:src/drivers/ubertooth_dma.c **** 
  93              		.loc 1 73 2 view .LVU14
  94 0012 DFF854E0 		ldr	lr, .L9
  84:src/drivers/ubertooth_dma.c **** 	DMACC1Config = 0;
  95              		.loc 1 84 15 view .LVU15
  96 0016 154B     		ldr	r3, .L9+4
  73:src/drivers/ubertooth_dma.c **** 
  97              		.loc 1 73 2 view .LVU16
  98 0018 DEF8C400 		ldr	r0, [lr, #196]
  73:src/drivers/ubertooth_dma.c **** 
  99              		.loc 1 73 8 view .LVU17
 100 001c 40F00050 		orr	r0, r0, #536870912
 101 0020 CEF8C400 		str	r0, [lr, #196]
  77:src/drivers/ubertooth_dma.c **** 	ISER0 = ISER0_ISE_DMA;
 102              		.loc 1 77 2 is_stmt 1 view .LVU18
 103 0024 D1F81804 		ldr	r0, [r1, #1048]
  77:src/drivers/ubertooth_dma.c **** 	ISER0 = ISER0_ISE_DMA;
 104              		.loc 1 77 7 is_stmt 0 view .LVU19
 105 0028 40F47800 		orr	r0, r0, #16252928
 106 002c C1F81804 		str	r0, [r1, #1048]
  78:src/drivers/ubertooth_dma.c **** 
 107              		.loc 1 78 2 is_stmt 1 view .LVU20
  78:src/drivers/ubertooth_dma.c **** 
 108              		.loc 1 78 8 is_stmt 0 view .LVU21
 109 0030 C1F80051 		str	r5, [r1, #256]
  84:src/drivers/ubertooth_dma.c **** 	DMACC1Config = 0;
 110              		.loc 1 84 2 is_stmt 1 view .LVU22
  84:src/drivers/ubertooth_dma.c **** 	DMACC1Config = 0;
 111              		.loc 1 84 15 is_stmt 0 view .LVU23
 112 0034 C3F81021 		str	r2, [r3, #272]
  85:src/drivers/ubertooth_dma.c **** 	DMACC2Config = 0;
 113              		.loc 1 85 2 is_stmt 1 view .LVU24
  85:src/drivers/ubertooth_dma.c **** 	DMACC2Config = 0;
 114              		.loc 1 85 15 is_stmt 0 view .LVU25
 115 0038 C3F83021 		str	r2, [r3, #304]
  86:src/drivers/ubertooth_dma.c **** 	DMACC3Config = 0;
 116              		.loc 1 86 2 is_stmt 1 view .LVU26
  86:src/drivers/ubertooth_dma.c **** 	DMACC3Config = 0;
 117              		.loc 1 86 15 is_stmt 0 view .LVU27
 118 003c C3F85021 		str	r2, [r3, #336]
ARM GAS  /tmp/ccY7jWvK.s 			page 5


  87:src/drivers/ubertooth_dma.c **** 	DMACC4Config = 0;
 119              		.loc 1 87 2 is_stmt 1 view .LVU28
  87:src/drivers/ubertooth_dma.c **** 	DMACC4Config = 0;
 120              		.loc 1 87 15 is_stmt 0 view .LVU29
 121 0040 C3F87021 		str	r2, [r3, #368]
  88:src/drivers/ubertooth_dma.c **** 	DMACC5Config = 0;
 122              		.loc 1 88 2 is_stmt 1 view .LVU30
  88:src/drivers/ubertooth_dma.c **** 	DMACC5Config = 0;
 123              		.loc 1 88 15 is_stmt 0 view .LVU31
 124 0044 C3F89021 		str	r2, [r3, #400]
  89:src/drivers/ubertooth_dma.c **** 	DMACC6Config = 0;
 125              		.loc 1 89 2 is_stmt 1 view .LVU32
  89:src/drivers/ubertooth_dma.c **** 	DMACC6Config = 0;
 126              		.loc 1 89 15 is_stmt 0 view .LVU33
 127 0048 C3F8B021 		str	r2, [r3, #432]
  90:src/drivers/ubertooth_dma.c **** 	DMACC7Config = 0;
 128              		.loc 1 90 2 is_stmt 1 view .LVU34
  90:src/drivers/ubertooth_dma.c **** 	DMACC7Config = 0;
 129              		.loc 1 90 15 is_stmt 0 view .LVU35
 130 004c C3F8D021 		str	r2, [r3, #464]
  91:src/drivers/ubertooth_dma.c **** 	DMACIntTCClear = 0xFF;
 131              		.loc 1 91 2 is_stmt 1 view .LVU36
  91:src/drivers/ubertooth_dma.c **** 	DMACIntTCClear = 0xFF;
 132              		.loc 1 91 15 is_stmt 0 view .LVU37
 133 0050 C3F8F021 		str	r2, [r3, #496]
  92:src/drivers/ubertooth_dma.c **** 	DMACIntErrClr = 0xFF;
 134              		.loc 1 92 2 is_stmt 1 view .LVU38
  92:src/drivers/ubertooth_dma.c **** 	DMACIntErrClr = 0xFF;
 135              		.loc 1 92 17 is_stmt 0 view .LVU39
 136 0054 C3F808C0 		str	ip, [r3, #8]
  93:src/drivers/ubertooth_dma.c **** 
 137              		.loc 1 93 2 is_stmt 1 view .LVU40
  93:src/drivers/ubertooth_dma.c **** 
 138              		.loc 1 93 16 is_stmt 0 view .LVU41
 139 0058 C3F810C0 		str	ip, [r3, #16]
 140              		.loc 1 96 2 is_stmt 1 view .LVU42
 141              		.loc 1 96 13 is_stmt 0 view .LVU43
 142 005c 1C63     		str	r4, [r3, #48]
  97:src/drivers/ubertooth_dma.c **** 	while (!(DMACConfig & DMACConfig_E));
 143              		.loc 1 97 2 is_stmt 1 view .LVU44
 144              	.L6:
 145              		.loc 1 97 9 discriminator 1 view .LVU45
 146              		.loc 1 97 11 is_stmt 0 discriminator 1 view .LVU46
 147 005e 1A6B     		ldr	r2, [r3, #48]
 148              		.loc 1 97 9 discriminator 1 view .LVU47
 149 0060 D207     		lsls	r2, r2, #31
 150 0062 FCD5     		bpl	.L6
  98:src/drivers/ubertooth_dma.c **** }
 151              		.loc 1 98 1 view .LVU48
 152 0064 30BD     		pop	{r4, r5, pc}
 153              	.L10:
 154 0066 00BF     		.align	2
 155              	.L9:
 156 0068 00C00F40 		.word	1074774016
 157 006c 00400050 		.word	1342193664
 158              		.cfi_endproc
 159              	.LFE2:
ARM GAS  /tmp/ccY7jWvK.s 			page 6


 161              		.section	.text.dma_poweroff,"ax",%progbits
 162              		.align	1
 163              		.p2align 2,,3
 164              		.global	dma_poweroff
 165              		.syntax unified
 166              		.thumb
 167              		.thumb_func
 169              	dma_poweroff:
 170              	.LFB3:
  99:src/drivers/ubertooth_dma.c **** 
 100:src/drivers/ubertooth_dma.c **** void dma_poweroff(void) {
 171              		.loc 1 100 25 is_stmt 1 view -0
 172              		.cfi_startproc
 173              		@ args = 0, pretend = 0, frame = 0
 174              		@ frame_needed = 0, uses_anonymous_args = 0
 175              		@ link register save eliminated.
 101:src/drivers/ubertooth_dma.c **** 	// Disable the DMA controller by writing 0 to the DMA Enable bit in the DMACConfig
 102:src/drivers/ubertooth_dma.c **** 	// register.
 103:src/drivers/ubertooth_dma.c **** 	DMACConfig &= ~DMACConfig_E;
 176              		.loc 1 103 2 view .LVU50
 177              		.loc 1 103 13 is_stmt 0 view .LVU51
 178 0000 0A4A     		ldr	r2, .L14
 179 0002 136B     		ldr	r3, [r2, #48]
 180 0004 23F00103 		bic	r3, r3, #1
 181 0008 1363     		str	r3, [r2, #48]
 104:src/drivers/ubertooth_dma.c **** 	while (DMACConfig & DMACConfig_E);
 182              		.loc 1 104 2 is_stmt 1 view .LVU52
 183              	.L12:
 184              		.loc 1 104 9 discriminator 1 view .LVU53
 185 000a 136B     		ldr	r3, [r2, #48]
 186 000c DB07     		lsls	r3, r3, #31
 187 000e FCD4     		bmi	.L12
 105:src/drivers/ubertooth_dma.c **** 
 106:src/drivers/ubertooth_dma.c **** 	ICER0 = ICER0_ICE_DMA;
 188              		.loc 1 106 2 view .LVU54
 189              		.loc 1 106 8 is_stmt 0 view .LVU55
 190 0010 4FF0E023 		mov	r3, #-536813568
 191 0014 4FF08061 		mov	r1, #67108864
 107:src/drivers/ubertooth_dma.c **** 
 108:src/drivers/ubertooth_dma.c **** 	PCONP &= ~PCONP_PCGPDMA;
 192              		.loc 1 108 8 view .LVU56
 193 0018 054A     		ldr	r2, .L14+4
 106:src/drivers/ubertooth_dma.c **** 
 194              		.loc 1 106 8 view .LVU57
 195 001a C3F88011 		str	r1, [r3, #384]
 196              		.loc 1 108 2 is_stmt 1 view .LVU58
 197              		.loc 1 108 8 is_stmt 0 view .LVU59
 198 001e D2F8C430 		ldr	r3, [r2, #196]
 199 0022 23F00053 		bic	r3, r3, #536870912
 200 0026 C2F8C430 		str	r3, [r2, #196]
 109:src/drivers/ubertooth_dma.c **** }
 201              		.loc 1 109 1 view .LVU60
 202 002a 7047     		bx	lr
 203              	.L15:
 204              		.align	2
 205              	.L14:
 206 002c 00400050 		.word	1342193664
ARM GAS  /tmp/ccY7jWvK.s 			page 7


 207 0030 00C00F40 		.word	1074774016
 208              		.cfi_endproc
 209              	.LFE3:
 211              		.section	.text.dma_clear_interrupts,"ax",%progbits
 212              		.align	1
 213              		.p2align 2,,3
 214              		.global	dma_clear_interrupts
 215              		.syntax unified
 216              		.thumb
 217              		.thumb_func
 219              	dma_clear_interrupts:
 220              	.LVL1:
 221              	.LFB4:
 110:src/drivers/ubertooth_dma.c **** 
 111:src/drivers/ubertooth_dma.c **** void dma_clear_interrupts(unsigned channel) {
 222              		.loc 1 111 45 is_stmt 1 view -0
 223              		.cfi_startproc
 224              		@ args = 0, pretend = 0, frame = 0
 225              		@ frame_needed = 0, uses_anonymous_args = 0
 226              		@ link register save eliminated.
 227              		.loc 1 111 45 is_stmt 0 view .LVU62
 112:src/drivers/ubertooth_dma.c **** 	DMACIntTCClear = 1 << channel;
 228              		.loc 1 112 2 is_stmt 1 view .LVU63
 229              		.loc 1 112 21 is_stmt 0 view .LVU64
 230 0000 0123     		movs	r3, #1
 231              		.loc 1 112 17 view .LVU65
 232 0002 034A     		ldr	r2, .L17
 233              		.loc 1 112 21 view .LVU66
 234 0004 03FA00F0 		lsl	r0, r3, r0
 235              	.LVL2:
 236              		.loc 1 112 17 view .LVU67
 237 0008 9060     		str	r0, [r2, #8]
 113:src/drivers/ubertooth_dma.c **** 	DMACIntErrClr  = 1 << channel;
 238              		.loc 1 113 2 is_stmt 1 view .LVU68
 239              		.loc 1 113 17 is_stmt 0 view .LVU69
 240 000a 1061     		str	r0, [r2, #16]
 114:src/drivers/ubertooth_dma.c **** }
 241              		.loc 1 114 1 view .LVU70
 242 000c 7047     		bx	lr
 243              	.L18:
 244 000e 00BF     		.align	2
 245              	.L17:
 246 0010 00400050 		.word	1342193664
 247              		.cfi_endproc
 248              	.LFE4:
 250              		.section	.rodata.str1.4
 251 0009 000000   		.align	2
 252              	.LC1:
 253 000c 73737020 		.ascii	"ssp ne\012\000"
 253      6E650A00 
 254              		.section	.text.dio_ssp_stop,"ax",%progbits
 255              		.align	1
 256              		.p2align 2,,3
 257              		.global	dio_ssp_stop
 258              		.syntax unified
 259              		.thumb
 260              		.thumb_func
ARM GAS  /tmp/ccY7jWvK.s 			page 8


 262              	dio_ssp_stop:
 263              	.LFB5:
 115:src/drivers/ubertooth_dma.c **** 
 116:src/drivers/ubertooth_dma.c **** void dio_ssp_stop(void)
 117:src/drivers/ubertooth_dma.c **** {
 264              		.loc 1 117 1 is_stmt 1 view -0
 265              		.cfi_startproc
 266              		@ args = 0, pretend = 0, frame = 8
 267              		@ frame_needed = 0, uses_anonymous_args = 0
 268 0000 10B5     		push	{r4, lr}
 269              		.cfi_def_cfa_offset 8
 270              		.cfi_offset 4, -8
 271              		.cfi_offset 14, -4
 272 0002 82B0     		sub	sp, sp, #8
 273              		.cfi_def_cfa_offset 16
 118:src/drivers/ubertooth_dma.c **** 	// disable CC2400's output (active low)
 119:src/drivers/ubertooth_dma.c **** 	DIO_SSEL_SET;
 274              		.loc 1 119 2 view .LVU72
 275 0004 4FF0805E 		mov	lr, #268435456
 120:src/drivers/ubertooth_dma.c **** 
 121:src/drivers/ubertooth_dma.c **** 	// disable DMA on SSP; disable SSP ; disable DMA channel
 122:src/drivers/ubertooth_dma.c **** 	DIO_SSP_CR1 &= ~SSPCR1_SSE;
 123:src/drivers/ubertooth_dma.c **** 	DIO_SSP_DMACR = 0;
 276              		.loc 1 123 16 is_stmt 0 view .LVU73
 277 0008 4FF0000C 		mov	ip, #0
 278              	.LBB7:
 279              	.LBB8:
 112:src/drivers/ubertooth_dma.c **** 	DMACIntErrClr  = 1 << channel;
 280              		.loc 1 112 17 view .LVU74
 281 000c 0120     		movs	r0, #1
 282              	.LBE8:
 283              	.LBE7:
 284              	.LBB10:
 285              	.LBB11:
 286 000e 0221     		movs	r1, #2
 287              	.LBE11:
 288              	.LBE10:
 119:src/drivers/ubertooth_dma.c **** 
 289              		.loc 1 119 2 view .LVU75
 290 0010 0F4A     		ldr	r2, .L26
 122:src/drivers/ubertooth_dma.c **** 	DIO_SSP_DMACR = 0;
 291              		.loc 1 122 14 view .LVU76
 292 0012 104C     		ldr	r4, .L26+4
 119:src/drivers/ubertooth_dma.c **** 
 293              		.loc 1 119 2 view .LVU77
 294 0014 C2F898E0 		str	lr, [r2, #152]
 122:src/drivers/ubertooth_dma.c **** 	DIO_SSP_DMACR = 0;
 295              		.loc 1 122 2 is_stmt 1 view .LVU78
 122:src/drivers/ubertooth_dma.c **** 	DIO_SSP_DMACR = 0;
 296              		.loc 1 122 14 is_stmt 0 view .LVU79
 297 0018 6268     		ldr	r2, [r4, #4]
 124:src/drivers/ubertooth_dma.c **** 	DMACC0Config = 0;
 298              		.loc 1 124 15 view .LVU80
 299 001a 0F4B     		ldr	r3, .L26+8
 122:src/drivers/ubertooth_dma.c **** 	DIO_SSP_DMACR = 0;
 300              		.loc 1 122 14 view .LVU81
 301 001c 22F00202 		bic	r2, r2, #2
ARM GAS  /tmp/ccY7jWvK.s 			page 9


 302 0020 6260     		str	r2, [r4, #4]
 123:src/drivers/ubertooth_dma.c **** 	DMACC0Config = 0;
 303              		.loc 1 123 2 is_stmt 1 view .LVU82
 123:src/drivers/ubertooth_dma.c **** 	DMACC0Config = 0;
 304              		.loc 1 123 16 is_stmt 0 view .LVU83
 305 0022 C4F824C0 		str	ip, [r4, #36]
 306              		.loc 1 124 2 is_stmt 1 view .LVU84
 307              		.loc 1 124 15 is_stmt 0 view .LVU85
 308 0026 C3F810C1 		str	ip, [r3, #272]
 125:src/drivers/ubertooth_dma.c **** 
 126:src/drivers/ubertooth_dma.c **** 	dma_clear_interrupts(0);
 309              		.loc 1 126 2 is_stmt 1 view .LVU86
 310              	.LVL3:
 311              	.LBB13:
 312              	.LBI7:
 111:src/drivers/ubertooth_dma.c **** 	DMACIntTCClear = 1 << channel;
 313              		.loc 1 111 6 view .LVU87
 314              	.LBB9:
 112:src/drivers/ubertooth_dma.c **** 	DMACIntErrClr  = 1 << channel;
 315              		.loc 1 112 2 view .LVU88
 112:src/drivers/ubertooth_dma.c **** 	DMACIntErrClr  = 1 << channel;
 316              		.loc 1 112 17 is_stmt 0 view .LVU89
 317 002a 9860     		str	r0, [r3, #8]
 113:src/drivers/ubertooth_dma.c **** }
 318              		.loc 1 113 2 is_stmt 1 view .LVU90
 113:src/drivers/ubertooth_dma.c **** }
 319              		.loc 1 113 17 is_stmt 0 view .LVU91
 320 002c 1861     		str	r0, [r3, #16]
 321              	.LVL4:
 113:src/drivers/ubertooth_dma.c **** }
 322              		.loc 1 113 17 view .LVU92
 323              	.LBE9:
 324              	.LBE13:
 127:src/drivers/ubertooth_dma.c **** 	dma_clear_interrupts(1);
 325              		.loc 1 127 2 is_stmt 1 view .LVU93
 326              	.LBB14:
 327              	.LBI10:
 111:src/drivers/ubertooth_dma.c **** 	DMACIntTCClear = 1 << channel;
 328              		.loc 1 111 6 view .LVU94
 329              	.LBB12:
 112:src/drivers/ubertooth_dma.c **** 	DMACIntErrClr  = 1 << channel;
 330              		.loc 1 112 2 view .LVU95
 112:src/drivers/ubertooth_dma.c **** 	DMACIntErrClr  = 1 << channel;
 331              		.loc 1 112 17 is_stmt 0 view .LVU96
 332 002e 9960     		str	r1, [r3, #8]
 113:src/drivers/ubertooth_dma.c **** }
 333              		.loc 1 113 2 is_stmt 1 view .LVU97
 113:src/drivers/ubertooth_dma.c **** }
 334              		.loc 1 113 17 is_stmt 0 view .LVU98
 335 0030 1961     		str	r1, [r3, #16]
 336              	.LVL5:
 113:src/drivers/ubertooth_dma.c **** }
 337              		.loc 1 113 17 view .LVU99
 338              	.LBE12:
 339              	.LBE14:
 128:src/drivers/ubertooth_dma.c **** 
 129:src/drivers/ubertooth_dma.c **** 	// flush SSP
ARM GAS  /tmp/ccY7jWvK.s 			page 10


 130:src/drivers/ubertooth_dma.c **** 	while (SSP1SR & SSPSR_RNE) {
 340              		.loc 1 130 2 is_stmt 1 view .LVU100
 341              		.loc 1 130 9 view .LVU101
 342 0032 E368     		ldr	r3, [r4, #12]
 343 0034 5A07     		lsls	r2, r3, #29
 344 0036 08D5     		bpl	.L19
 345              	.L21:
 346              	.LBB15:
 131:src/drivers/ubertooth_dma.c **** 		cprintf("ssp ne\n");
 347              		.loc 1 131 3 view .LVU102
 348 0038 0848     		ldr	r0, .L26+12
 349 003a FFF7FEFF 		bl	cprintf
 350              	.LVL6:
 132:src/drivers/ubertooth_dma.c **** 		volatile uint8_t tmp = (uint8_t)DIO_SSP_DR;
 351              		.loc 1 132 3 view .LVU103
 352              		.loc 1 132 35 is_stmt 0 view .LVU104
 353 003e A368     		ldr	r3, [r4, #8]
 354              		.loc 1 132 20 view .LVU105
 355 0040 8DF80730 		strb	r3, [sp, #7]
 356              	.LBE15:
 130:src/drivers/ubertooth_dma.c **** 		cprintf("ssp ne\n");
 357              		.loc 1 130 9 is_stmt 1 view .LVU106
 358 0044 E368     		ldr	r3, [r4, #12]
 359 0046 5B07     		lsls	r3, r3, #29
 360 0048 F6D4     		bmi	.L21
 361              	.L19:
 133:src/drivers/ubertooth_dma.c **** 	}
 134:src/drivers/ubertooth_dma.c **** }
 362              		.loc 1 134 1 is_stmt 0 view .LVU107
 363 004a 02B0     		add	sp, sp, #8
 364              		.cfi_def_cfa_offset 8
 365              		@ sp needed
 366 004c 10BD     		pop	{r4, pc}
 367              	.L27:
 368 004e 00BF     		.align	2
 369              	.L26:
 370 0050 00C00920 		.word	537509888
 371 0054 00000340 		.word	1073938432
 372 0058 00400050 		.word	1342193664
 373 005c 0C000000 		.word	.LC1
 374              		.cfi_endproc
 375              	.LFE5:
 377              		.section	.text.dio_ssp_start_rx,"ax",%progbits
 378              		.align	1
 379              		.p2align 2,,3
 380              		.global	dio_ssp_start_rx
 381              		.syntax unified
 382              		.thumb
 383              		.thumb_func
 385              	dio_ssp_start_rx:
 386              	.LFB6:
 135:src/drivers/ubertooth_dma.c **** 
 136:src/drivers/ubertooth_dma.c **** void dio_ssp_start_rx(void)
 137:src/drivers/ubertooth_dma.c **** {
 387              		.loc 1 137 1 is_stmt 1 view -0
 388              		.cfi_startproc
 389              		@ args = 0, pretend = 0, frame = 0
ARM GAS  /tmp/ccY7jWvK.s 			page 11


 390              		@ frame_needed = 0, uses_anonymous_args = 0
 391 0000 00B5     		push	{lr}
 392              		.cfi_def_cfa_offset 4
 393              		.cfi_offset 14, -4
 138:src/drivers/ubertooth_dma.c **** 	/* make sure the (active low) slave select signal is not active */
 139:src/drivers/ubertooth_dma.c **** 	DIO_SSEL_SET;
 394              		.loc 1 139 2 view .LVU109
 395 0002 4FF08050 		mov	r0, #268435456
 140:src/drivers/ubertooth_dma.c **** 	//SCLK_SET_IN;
 141:src/drivers/ubertooth_dma.c **** 
 142:src/drivers/ubertooth_dma.c **** 	/* Configure RX DMA on DIO_SSP (SSP1 for Ubertooth One) */
 143:src/drivers/ubertooth_dma.c **** 	DIO_SSP_DMACR = SSPDMACR_RXDMAE ;
 396              		.loc 1 143 16 is_stmt 0 view .LVU110
 397 0006 4FF0010E 		mov	lr, #1
 144:src/drivers/ubertooth_dma.c **** 	/* Configuration of DMA : Slave, Slave output disable
 145:src/drivers/ubertooth_dma.c **** 		DIO_SSP_CR1 = SSPCR1_MS | SSPCR1_SOD;
 146:src/drivers/ubertooth_dma.c **** 	DIO_SSP_CR1 = SSPCR1_MS | SSPCR1_SOD;
 147:src/drivers/ubertooth_dma.c **** 	 */
 148:src/drivers/ubertooth_dma.c **** 	DIO_SSP_CR1 = SSPCR1_MS | SSPCR1_SOD;
 398              		.loc 1 148 14 view .LVU111
 399 000a 0C22     		movs	r2, #12
 143:src/drivers/ubertooth_dma.c **** 	/* Configuration of DMA : Slave, Slave output disable
 400              		.loc 1 143 16 view .LVU112
 401 000c 0A4B     		ldr	r3, .L29
 139:src/drivers/ubertooth_dma.c **** 	//SCLK_SET_IN;
 402              		.loc 1 139 2 view .LVU113
 403 000e 0B49     		ldr	r1, .L29+4
 149:src/drivers/ubertooth_dma.c **** 
 150:src/drivers/ubertooth_dma.c **** 	/* Enable ssp */
 151:src/drivers/ubertooth_dma.c **** 	DIO_SSP_CR1 |= SSPCR1_SSE;
 152:src/drivers/ubertooth_dma.c **** 
 153:src/drivers/ubertooth_dma.c **** 	// enable channel
 154:src/drivers/ubertooth_dma.c **** 	DMACC0Config |= 1;
 404              		.loc 1 154 2 view .LVU114
 405 0010 DFF82CC0 		ldr	ip, .L29+8
 139:src/drivers/ubertooth_dma.c **** 	//SCLK_SET_IN;
 406              		.loc 1 139 2 view .LVU115
 407 0014 C1F89800 		str	r0, [r1, #152]
 143:src/drivers/ubertooth_dma.c **** 	/* Configuration of DMA : Slave, Slave output disable
 408              		.loc 1 143 2 is_stmt 1 view .LVU116
 143:src/drivers/ubertooth_dma.c **** 	/* Configuration of DMA : Slave, Slave output disable
 409              		.loc 1 143 16 is_stmt 0 view .LVU117
 410 0018 C3F824E0 		str	lr, [r3, #36]
 148:src/drivers/ubertooth_dma.c **** 
 411              		.loc 1 148 2 is_stmt 1 view .LVU118
 148:src/drivers/ubertooth_dma.c **** 
 412              		.loc 1 148 14 is_stmt 0 view .LVU119
 413 001c 5A60     		str	r2, [r3, #4]
 151:src/drivers/ubertooth_dma.c **** 
 414              		.loc 1 151 2 is_stmt 1 view .LVU120
 415 001e 5A68     		ldr	r2, [r3, #4]
 151:src/drivers/ubertooth_dma.c **** 
 416              		.loc 1 151 14 is_stmt 0 view .LVU121
 417 0020 42F00202 		orr	r2, r2, #2
 418 0024 5A60     		str	r2, [r3, #4]
 419              		.loc 1 154 2 is_stmt 1 view .LVU122
 420 0026 DCF81031 		ldr	r3, [ip, #272]
ARM GAS  /tmp/ccY7jWvK.s 			page 12


 421              		.loc 1 154 15 is_stmt 0 view .LVU123
 422 002a 43EA0E03 		orr	r3, r3, lr
 423 002e CCF81031 		str	r3, [ip, #272]
 155:src/drivers/ubertooth_dma.c **** 
 156:src/drivers/ubertooth_dma.c **** 	/* activate slave select pin */
 157:src/drivers/ubertooth_dma.c **** 	DIO_SSEL_CLR;
 424              		.loc 1 157 2 is_stmt 1 view .LVU124
 425 0032 C1F89C00 		str	r0, [r1, #156]
 158:src/drivers/ubertooth_dma.c **** }
 426              		.loc 1 158 1 is_stmt 0 view .LVU125
 427 0036 00BD     		pop	{pc}
 428              	.L30:
 429              		.align	2
 430              	.L29:
 431 0038 00000340 		.word	1073938432
 432 003c 00C00920 		.word	537509888
 433 0040 00400050 		.word	1342193664
 434              		.cfi_endproc
 435              	.LFE6:
 437              		.section	.text.dma_init_rx_single,"ax",%progbits
 438              		.align	1
 439              		.p2align 2,,3
 440              		.global	dma_init_rx_single
 441              		.syntax unified
 442              		.thumb
 443              		.thumb_func
 445              	dma_init_rx_single:
 446              	.LVL7:
 447              	.LFB7:
 159:src/drivers/ubertooth_dma.c **** 
 160:src/drivers/ubertooth_dma.c **** void dma_init_rx_single(volatile void *buf, unsigned buf_size)
 161:src/drivers/ubertooth_dma.c **** {
 448              		.loc 1 161 1 is_stmt 1 view -0
 449              		.cfi_startproc
 450              		@ args = 0, pretend = 0, frame = 0
 451              		@ frame_needed = 0, uses_anonymous_args = 0
 452              		.loc 1 161 1 is_stmt 0 view .LVU127
 453 0000 10B5     		push	{r4, lr}
 454              		.cfi_def_cfa_offset 8
 455              		.cfi_offset 4, -8
 456              		.cfi_offset 14, -4
 162:src/drivers/ubertooth_dma.c **** 	dma_user_rx_buf = buf;
 457              		.loc 1 162 2 is_stmt 1 view .LVU128
 163:src/drivers/ubertooth_dma.c **** 
 164:src/drivers/ubertooth_dma.c **** 	/* configure DMA channel 0: Rx single slot */
 165:src/drivers/ubertooth_dma.c **** 	DMACC0SrcAddr	= (uint32_t)&(DIO_SSP_DR);
 166:src/drivers/ubertooth_dma.c **** 	DMACC0DestAddr	= (uint32_t)buf;
 167:src/drivers/ubertooth_dma.c **** 	DMACC0LLI	= 0;
 458              		.loc 1 167 12 is_stmt 0 view .LVU129
 459 0002 4FF0000C 		mov	ip, #0
 168:src/drivers/ubertooth_dma.c **** 	// FIXME
 169:src/drivers/ubertooth_dma.c **** 	//DMACC0Control	= 4 |
 170:src/drivers/ubertooth_dma.c **** 	DMACC0Control	= buf_size |
 171:src/drivers/ubertooth_dma.c **** 			(1 << 12) |        /* source burst size = 1 */
 172:src/drivers/ubertooth_dma.c **** 			(0 << 15) |        /* destination burst size = 1 */
 173:src/drivers/ubertooth_dma.c **** 			(0 << 18) |        /* source width 8 bits */
 174:src/drivers/ubertooth_dma.c **** 			(0 << 21) |        /* destination width 8 bits */
ARM GAS  /tmp/ccY7jWvK.s 			page 13


 175:src/drivers/ubertooth_dma.c **** 			DMACCxControl_DI  /* destination increment */
 176:src/drivers/ubertooth_dma.c **** 			;
 177:src/drivers/ubertooth_dma.c **** 
 178:src/drivers/ubertooth_dma.c **** 	DMACC0Config	= DIO_SSP_SRC	/* Src periph (3 for Ubertooth One) */
 460              		.loc 1 178 15 view .LVU130
 461 0006 41F20602 		movw	r2, #4102
 165:src/drivers/ubertooth_dma.c **** 	DMACC0DestAddr	= (uint32_t)buf;
 462              		.loc 1 165 16 view .LVU131
 463 000a 0A4B     		ldr	r3, .L32
 162:src/drivers/ubertooth_dma.c **** 
 464              		.loc 1 162 18 view .LVU132
 465 000c 0A4C     		ldr	r4, .L32+4
 165:src/drivers/ubertooth_dma.c **** 	DMACC0DestAddr	= (uint32_t)buf;
 466              		.loc 1 165 16 view .LVU133
 467 000e DFF82CE0 		ldr	lr, .L32+8
 174:src/drivers/ubertooth_dma.c **** 			DMACCxControl_DI  /* destination increment */
 468              		.loc 1 174 14 view .LVU134
 469 0012 41F00061 		orr	r1, r1, #134217728
 470              	.LVL8:
 174:src/drivers/ubertooth_dma.c **** 			DMACCxControl_DI  /* destination increment */
 471              		.loc 1 174 14 view .LVU135
 472 0016 41F48051 		orr	r1, r1, #4096
 162:src/drivers/ubertooth_dma.c **** 
 473              		.loc 1 162 18 view .LVU136
 474 001a 2060     		str	r0, [r4]
 165:src/drivers/ubertooth_dma.c **** 	DMACC0DestAddr	= (uint32_t)buf;
 475              		.loc 1 165 2 is_stmt 1 view .LVU137
 165:src/drivers/ubertooth_dma.c **** 	DMACC0DestAddr	= (uint32_t)buf;
 476              		.loc 1 165 16 is_stmt 0 view .LVU138
 477 001c C3F800E1 		str	lr, [r3, #256]
 166:src/drivers/ubertooth_dma.c **** 	DMACC0LLI	= 0;
 478              		.loc 1 166 2 is_stmt 1 view .LVU139
 166:src/drivers/ubertooth_dma.c **** 	DMACC0LLI	= 0;
 479              		.loc 1 166 17 is_stmt 0 view .LVU140
 480 0020 C3F80401 		str	r0, [r3, #260]
 167:src/drivers/ubertooth_dma.c **** 	// FIXME
 481              		.loc 1 167 2 is_stmt 1 view .LVU141
 167:src/drivers/ubertooth_dma.c **** 	// FIXME
 482              		.loc 1 167 12 is_stmt 0 view .LVU142
 483 0024 C3F808C1 		str	ip, [r3, #264]
 170:src/drivers/ubertooth_dma.c **** 			(1 << 12) |        /* source burst size = 1 */
 484              		.loc 1 170 2 is_stmt 1 view .LVU143
 170:src/drivers/ubertooth_dma.c **** 			(1 << 12) |        /* source burst size = 1 */
 485              		.loc 1 170 16 is_stmt 0 view .LVU144
 486 0028 C3F80C11 		str	r1, [r3, #268]
 487              		.loc 1 178 2 is_stmt 1 view .LVU145
 488              		.loc 1 178 15 is_stmt 0 view .LVU146
 489 002c C3F81021 		str	r2, [r3, #272]
 179:src/drivers/ubertooth_dma.c **** 			| (0x2 << 11)	/* peripheral to memory */
 180:src/drivers/ubertooth_dma.c **** 			;
 181:src/drivers/ubertooth_dma.c **** }
 490              		.loc 1 181 1 view .LVU147
 491 0030 10BD     		pop	{r4, pc}
 492              	.L33:
 493 0032 00BF     		.align	2
 494              	.L32:
 495 0034 00400050 		.word	1342193664
ARM GAS  /tmp/ccY7jWvK.s 			page 14


 496 0038 00000000 		.word	.LANCHOR0
 497 003c 08000340 		.word	1073938440
 498              		.cfi_endproc
 499              	.LFE7:
 501              		.section	.text.dma_get_rx_offset,"ax",%progbits
 502              		.align	1
 503              		.p2align 2,,3
 504              		.global	dma_get_rx_offset
 505              		.syntax unified
 506              		.thumb
 507              		.thumb_func
 509              	dma_get_rx_offset:
 510              	.LFB8:
 182:src/drivers/ubertooth_dma.c **** 
 183:src/drivers/ubertooth_dma.c **** unsigned long dma_get_rx_offset(void)
 184:src/drivers/ubertooth_dma.c **** {
 511              		.loc 1 184 1 is_stmt 1 view -0
 512              		.cfi_startproc
 513              		@ args = 0, pretend = 0, frame = 0
 514              		@ frame_needed = 0, uses_anonymous_args = 0
 515              		@ link register save eliminated.
 185:src/drivers/ubertooth_dma.c **** 	return (unsigned long)DMACC0DestAddr - (unsigned long)dma_user_rx_buf;
 516              		.loc 1 185 2 view .LVU149
 517              		.loc 1 185 9 is_stmt 0 view .LVU150
 518 0000 034A     		ldr	r2, .L35
 519              		.loc 1 185 41 view .LVU151
 520 0002 044B     		ldr	r3, .L35+4
 521              		.loc 1 185 9 view .LVU152
 522 0004 D2F80401 		ldr	r0, [r2, #260]
 523              		.loc 1 185 39 view .LVU153
 524 0008 1B68     		ldr	r3, [r3]
 186:src/drivers/ubertooth_dma.c **** }
 525              		.loc 1 186 1 view .LVU154
 526 000a C01A     		subs	r0, r0, r3
 527 000c 7047     		bx	lr
 528              	.L36:
 529 000e 00BF     		.align	2
 530              	.L35:
 531 0010 00400050 		.word	1342193664
 532 0014 00000000 		.word	.LANCHOR0
 533              		.cfi_endproc
 534              	.LFE8:
 536              		.section	.text.dma_get_error,"ax",%progbits
 537              		.align	1
 538              		.p2align 2,,3
 539              		.global	dma_get_error
 540              		.syntax unified
 541              		.thumb
 542              		.thumb_func
 544              	dma_get_error:
 545              	.LFB9:
 187:src/drivers/ubertooth_dma.c **** 
 188:src/drivers/ubertooth_dma.c **** #ifdef USE_TX_DMA
 189:src/drivers/ubertooth_dma.c **** void dio_ssp_start_tx(void)
 190:src/drivers/ubertooth_dma.c **** {
 191:src/drivers/ubertooth_dma.c **** 	DIO_SSEL_SET;
 192:src/drivers/ubertooth_dma.c **** 
ARM GAS  /tmp/ccY7jWvK.s 			page 15


 193:src/drivers/ubertooth_dma.c **** 	/* Configure RX DMA on CC2400 SPI (SSP1 for Ubertooth One) */
 194:src/drivers/ubertooth_dma.c **** 	DIO_SSP_DMACR = SSPDMACR_TXDMAE ;
 195:src/drivers/ubertooth_dma.c **** 	/* Configuration of DMA : Slave, Slave output disable
 196:src/drivers/ubertooth_dma.c **** 	 */
 197:src/drivers/ubertooth_dma.c **** 	//DIO_SSP_CR1 = SSPCR1_MS;
 198:src/drivers/ubertooth_dma.c **** 	//DIO_SSP_CR1 = 0;// Master
 199:src/drivers/ubertooth_dma.c **** 	DIO_SSP_CR1 = SSPCR1_MS | SSPCR1_SOD;
 200:src/drivers/ubertooth_dma.c **** 
 201:src/drivers/ubertooth_dma.c **** 	/* Enable CC2400 SPI peripheral */
 202:src/drivers/ubertooth_dma.c **** 	DIO_SSP_CR1 |= SSPCR1_SSE;
 203:src/drivers/ubertooth_dma.c **** 
 204:src/drivers/ubertooth_dma.c **** 	// enable channel 1
 205:src/drivers/ubertooth_dma.c **** 	DMACC1Config |= 1;
 206:src/drivers/ubertooth_dma.c **** 
 207:src/drivers/ubertooth_dma.c **** 	/* activate slave select pin */
 208:src/drivers/ubertooth_dma.c **** 	DIO_SSEL_CLR;
 209:src/drivers/ubertooth_dma.c **** }
 210:src/drivers/ubertooth_dma.c **** 
 211:src/drivers/ubertooth_dma.c **** void dma_init_tx_single(volatile void *buf, unsigned buf_size, dma_tx_cb_t cb, void *cb_arg)
 212:src/drivers/ubertooth_dma.c **** {
 213:src/drivers/ubertooth_dma.c **** 	dma_user_tx_buf = buf;
 214:src/drivers/ubertooth_dma.c **** 	dma_user_tx_cb = cb;
 215:src/drivers/ubertooth_dma.c **** 	dma_user_tx_cb_arg = cb_arg;
 216:src/drivers/ubertooth_dma.c **** 
 217:src/drivers/ubertooth_dma.c **** 	/* configure DMA channel 1: Tx single slot */
 218:src/drivers/ubertooth_dma.c **** 	DMACC1SrcAddr	= (uint32_t)buf;
 219:src/drivers/ubertooth_dma.c **** 	DMACC1DestAddr	= (uint32_t)&(DIO_SSP_DR);
 220:src/drivers/ubertooth_dma.c **** 	DMACC1LLI	= 0;
 221:src/drivers/ubertooth_dma.c **** 	DMACC1Control	= buf_size |
 222:src/drivers/ubertooth_dma.c **** 			(1 << 12) |        /* source burst size = 1 */
 223:src/drivers/ubertooth_dma.c **** 			(0 << 15) |        /* destination burst size = 1 */
 224:src/drivers/ubertooth_dma.c **** 			(0 << 18) |        /* source width 8 bits */
 225:src/drivers/ubertooth_dma.c **** 			(0 << 21) |        /* destination width 8 bits */
 226:src/drivers/ubertooth_dma.c **** 			DMACCxControl_SI | /* Source increment */
 227:src/drivers/ubertooth_dma.c **** 			DMACCxControl_I;   /* terminal count interrupt enable */
 228:src/drivers/ubertooth_dma.c **** 
 229:src/drivers/ubertooth_dma.c **** 	DMACC1Config	= DIO_SSP_DST		/* SSP TX (3for Ubertooth One) */
 230:src/drivers/ubertooth_dma.c **** 			| DMACCxConfig_ITC 	/* Enable Terminal Count interrupts */
 231:src/drivers/ubertooth_dma.c **** 			| DMACCxConfig_IE 	/* Enable Error interrupts */
 232:src/drivers/ubertooth_dma.c **** 			| (0x1 << 11);	/* memory to peripheral */
 233:src/drivers/ubertooth_dma.c **** }
 234:src/drivers/ubertooth_dma.c **** unsigned long dma_get_tx_offset(void)
 235:src/drivers/ubertooth_dma.c **** {
 236:src/drivers/ubertooth_dma.c **** 	return (unsigned long)DMACC1SrcAddr - (unsigned long)dma_user_tx_buf;
 237:src/drivers/ubertooth_dma.c **** }
 238:src/drivers/ubertooth_dma.c **** #endif
 239:src/drivers/ubertooth_dma.c **** 
 240:src/drivers/ubertooth_dma.c **** int dma_get_error(void)
 241:src/drivers/ubertooth_dma.c **** {
 546              		.loc 1 241 1 is_stmt 1 view -0
 547              		.cfi_startproc
 548              		@ args = 0, pretend = 0, frame = 0
 549              		@ frame_needed = 0, uses_anonymous_args = 0
 550              		@ link register save eliminated.
 242:src/drivers/ubertooth_dma.c **** 	return 0;
 551              		.loc 1 242 2 view .LVU156
 243:src/drivers/ubertooth_dma.c **** }
ARM GAS  /tmp/ccY7jWvK.s 			page 16


 552              		.loc 1 243 1 is_stmt 0 view .LVU157
 553 0000 0020     		movs	r0, #0
 554 0002 7047     		bx	lr
 555              		.cfi_endproc
 556              	.LFE9:
 558              		.global	dma_user_tx_cb_arg
 559              		.global	dma_user_tx_cb
 560              		.global	dma_user_tx_buf
 561              		.global	dma_user_rx_buf
 562              		.global	dma_rx_lli
 563              		.bss
 564              		.align	2
 565              		.set	.LANCHOR0,. + 0
 568              	dma_user_rx_buf:
 569 0000 00000000 		.space	4
 572              	dma_user_tx_cb_arg:
 573 0004 00000000 		.space	4
 576              	dma_user_tx_cb:
 577 0008 00000000 		.space	4
 580              	dma_user_tx_buf:
 581 000c 00000000 		.space	4
 584              	dma_rx_lli:
 585 0010 00000000 		.space	16
 585      00000000 
 585      00000000 
 585      00000000 
 586              		.text
 587              	.Letext0:
 588              		.file 2 "/usr/arm-none-eabi/include/machine/_default_types.h"
 589              		.file 3 "/usr/arm-none-eabi/include/sys/_stdint.h"
 590              		.file 4 "include/ubtbr/ubertooth_dma.h"
 591              		.file 5 "include/ubtbr/debug.h"
ARM GAS  /tmp/ccY7jWvK.s 			page 17


DEFINED SYMBOLS
                            *ABS*:00000000 ubertooth_dma.c
     /tmp/ccY7jWvK.s:19     .rodata.str1.4:00000000 $d
     /tmp/ccY7jWvK.s:23     .text.DMA_IRQHandler:00000000 $t
     /tmp/ccY7jWvK.s:30     .text.DMA_IRQHandler:00000000 DMA_IRQHandler
     /tmp/ccY7jWvK.s:58     .text.DMA_IRQHandler:00000014 $d
     /tmp/ccY7jWvK.s:64     .text.dma_poweron:00000000 $t
     /tmp/ccY7jWvK.s:71     .text.dma_poweron:00000000 dma_poweron
     /tmp/ccY7jWvK.s:156    .text.dma_poweron:00000068 $d
     /tmp/ccY7jWvK.s:162    .text.dma_poweroff:00000000 $t
     /tmp/ccY7jWvK.s:169    .text.dma_poweroff:00000000 dma_poweroff
     /tmp/ccY7jWvK.s:206    .text.dma_poweroff:0000002c $d
     /tmp/ccY7jWvK.s:212    .text.dma_clear_interrupts:00000000 $t
     /tmp/ccY7jWvK.s:219    .text.dma_clear_interrupts:00000000 dma_clear_interrupts
     /tmp/ccY7jWvK.s:246    .text.dma_clear_interrupts:00000010 $d
     /tmp/ccY7jWvK.s:255    .text.dio_ssp_stop:00000000 $t
     /tmp/ccY7jWvK.s:262    .text.dio_ssp_stop:00000000 dio_ssp_stop
     /tmp/ccY7jWvK.s:370    .text.dio_ssp_stop:00000050 $d
     /tmp/ccY7jWvK.s:378    .text.dio_ssp_start_rx:00000000 $t
     /tmp/ccY7jWvK.s:385    .text.dio_ssp_start_rx:00000000 dio_ssp_start_rx
     /tmp/ccY7jWvK.s:431    .text.dio_ssp_start_rx:00000038 $d
     /tmp/ccY7jWvK.s:438    .text.dma_init_rx_single:00000000 $t
     /tmp/ccY7jWvK.s:445    .text.dma_init_rx_single:00000000 dma_init_rx_single
     /tmp/ccY7jWvK.s:495    .text.dma_init_rx_single:00000034 $d
     /tmp/ccY7jWvK.s:502    .text.dma_get_rx_offset:00000000 $t
     /tmp/ccY7jWvK.s:509    .text.dma_get_rx_offset:00000000 dma_get_rx_offset
     /tmp/ccY7jWvK.s:531    .text.dma_get_rx_offset:00000010 $d
     /tmp/ccY7jWvK.s:537    .text.dma_get_error:00000000 $t
     /tmp/ccY7jWvK.s:544    .text.dma_get_error:00000000 dma_get_error
     /tmp/ccY7jWvK.s:572    .bss:00000004 dma_user_tx_cb_arg
     /tmp/ccY7jWvK.s:576    .bss:00000008 dma_user_tx_cb
     /tmp/ccY7jWvK.s:580    .bss:0000000c dma_user_tx_buf
     /tmp/ccY7jWvK.s:568    .bss:00000000 dma_user_rx_buf
     /tmp/ccY7jWvK.s:584    .bss:00000010 dma_rx_lli
     /tmp/ccY7jWvK.s:564    .bss:00000000 $d

UNDEFINED SYMBOLS
cprintf
