Archive member included to satisfy reference by file (symbol)

/usr/lib/gcc/arm-none-eabi/15/../../../../arm-none-eabi/lib/thumb/v7-m/nofp/libc.a(interrupt.c.o)
                              /usr/lib/gcc/arm-none-eabi/15/../../../../arm-none-eabi/lib/thumb/v7-m/nofp/crt0.o (__interrupt_vector)
/usr/lib/gcc/arm-none-eabi/15/../../../../arm-none-eabi/lib/thumb/v7-m/nofp/libc.a(memcpy.S.o)
                              /usr/lib/gcc/arm-none-eabi/15/../../../../arm-none-eabi/lib/thumb/v7-m/nofp/crt0.o (memcpy)
/usr/lib/gcc/arm-none-eabi/15/../../../../arm-none-eabi/lib/thumb/v7-m/nofp/libc.a(memset.c.o)
                              /usr/lib/gcc/arm-none-eabi/15/../../../../arm-none-eabi/lib/thumb/v7-m/nofp/crt0.o (memset)
/usr/lib/gcc/arm-none-eabi/15/../../../../arm-none-eabi/lib/thumb/v7-m/nofp/libc.a(set_tls.c.o)
                              /usr/lib/gcc/arm-none-eabi/15/../../../../arm-none-eabi/lib/thumb/v7-m/nofp/crt0.o (_set_tls)
/usr/lib/gcc/arm-none-eabi/15/../../../../arm-none-eabi/lib/thumb/v7-m/nofp/libc.a(tls.c.o)
                              /usr/lib/gcc/arm-none-eabi/15/../../../../arm-none-eabi/lib/thumb/v7-m/nofp/libc.a(set_tls.c.o) (__tls)
/usr/lib/gcc/arm-none-eabi/15/../../../../arm-none-eabi/lib/thumb/v7-m/nofp/libc.a(libc_misc_init.c.o)
                              /usr/lib/gcc/arm-none-eabi/15/../../../../arm-none-eabi/lib/thumb/v7-m/nofp/crt0.o (__libc_init_array)
/usr/lib/gcc/arm-none-eabi/15/../../../../arm-none-eabi/lib/thumb/v7-m/nofp/libc.a(strlen.c.o)
                              assembly_test.o (strlen)

Merging object attributes


Discarded input sections

 .text          0x00000000       0x44 /usr/lib/gcc/arm-none-eabi/15/../../../../arm-none-eabi/lib/thumb/v7-m/nofp/crt0.o
 .data          0x00000000        0x0 /usr/lib/gcc/arm-none-eabi/15/../../../../arm-none-eabi/lib/thumb/v7-m/nofp/crt0.o
 .bss           0x00000000        0x0 /usr/lib/gcc/arm-none-eabi/15/../../../../arm-none-eabi/lib/thumb/v7-m/nofp/crt0.o
 .comment       0x00000000       0x27 /usr/lib/gcc/arm-none-eabi/15/../../../../arm-none-eabi/lib/thumb/v7-m/nofp/crt0.o
 .debug_aranges
                0x00000000       0x20 /usr/lib/gcc/arm-none-eabi/15/../../../../arm-none-eabi/lib/thumb/v7-m/nofp/crt0.o
 .debug_info    0x00000000      0x200 /usr/lib/gcc/arm-none-eabi/15/../../../../arm-none-eabi/lib/thumb/v7-m/nofp/crt0.o
 .debug_abbrev  0x00000000      0x155 /usr/lib/gcc/arm-none-eabi/15/../../../../arm-none-eabi/lib/thumb/v7-m/nofp/crt0.o
 .debug_line    0x00000000      0x168 /usr/lib/gcc/arm-none-eabi/15/../../../../arm-none-eabi/lib/thumb/v7-m/nofp/crt0.o
 .debug_frame   0x00000000       0x28 /usr/lib/gcc/arm-none-eabi/15/../../../../arm-none-eabi/lib/thumb/v7-m/nofp/crt0.o
 .debug_str     0x00000000      0x1e3 /usr/lib/gcc/arm-none-eabi/15/../../../../arm-none-eabi/lib/thumb/v7-m/nofp/crt0.o
 .ARM.attributes
                0x00000000       0x2d /usr/lib/gcc/arm-none-eabi/15/../../../../arm-none-eabi/lib/thumb/v7-m/nofp/crt0.o
 .text          0x00000000        0x0 /usr/lib/gcc/arm-none-eabi/15/../../../../arm-none-eabi/lib/thumb/v7-m/nofp/libc.a(interrupt.c.o)
 .data          0x00000000        0x0 /usr/lib/gcc/arm-none-eabi/15/../../../../arm-none-eabi/lib/thumb/v7-m/nofp/libc.a(interrupt.c.o)
 .bss           0x00000000        0x0 /usr/lib/gcc/arm-none-eabi/15/../../../../arm-none-eabi/lib/thumb/v7-m/nofp/libc.a(interrupt.c.o)
 .text.arm_halt_isr
                0x00000000        0x4 /usr/lib/gcc/arm-none-eabi/15/../../../../arm-none-eabi/lib/thumb/v7-m/nofp/libc.a(interrupt.c.o)
 .text.arm_ignore_isr
                0x00000000        0x4 /usr/lib/gcc/arm-none-eabi/15/../../../../arm-none-eabi/lib/thumb/v7-m/nofp/libc.a(interrupt.c.o)
 .text.init.enter
                0x00000000       0x40 /usr/lib/gcc/arm-none-eabi/15/../../../../arm-none-eabi/lib/thumb/v7-m/nofp/libc.a(interrupt.c.o)
 .debug_info    0x00000000      0x109 /usr/lib/gcc/arm-none-eabi/15/../../../../arm-none-eabi/lib/thumb/v7-m/nofp/libc.a(interrupt.c.o)
 .debug_abbrev  0x00000000       0xd5 /usr/lib/gcc/arm-none-eabi/15/../../../../arm-none-eabi/lib/thumb/v7-m/nofp/libc.a(interrupt.c.o)
 .debug_aranges
                0x00000000       0x28 /usr/lib/gcc/arm-none-eabi/15/../../../../arm-none-eabi/lib/thumb/v7-m/nofp/libc.a(interrupt.c.o)
 .debug_rnglists
                0x00000000       0x19 /usr/lib/gcc/arm-none-eabi/15/../../../../arm-none-eabi/lib/thumb/v7-m/nofp/libc.a(interrupt.c.o)
 .debug_line    0x00000000       0xc5 /usr/lib/gcc/arm-none-eabi/15/../../../../arm-none-eabi/lib/thumb/v7-m/nofp/libc.a(interrupt.c.o)
 .debug_str     0x00000000      0x255 /usr/lib/gcc/arm-none-eabi/15/../../../../arm-none-eabi/lib/thumb/v7-m/nofp/libc.a(interrupt.c.o)
 .comment       0x00000000       0x27 /usr/lib/gcc/arm-none-eabi/15/../../../../arm-none-eabi/lib/thumb/v7-m/nofp/libc.a(interrupt.c.o)
 .debug_frame   0x00000000       0x30 /usr/lib/gcc/arm-none-eabi/15/../../../../arm-none-eabi/lib/thumb/v7-m/nofp/libc.a(interrupt.c.o)
 .ARM.attributes
                0x00000000       0x31 /usr/lib/gcc/arm-none-eabi/15/../../../../arm-none-eabi/lib/thumb/v7-m/nofp/libc.a(interrupt.c.o)
 .data          0x00000000        0x0 /usr/lib/gcc/arm-none-eabi/15/../../../../arm-none-eabi/lib/thumb/v7-m/nofp/libc.a(memcpy.S.o)
 .bss           0x00000000        0x0 /usr/lib/gcc/arm-none-eabi/15/../../../../arm-none-eabi/lib/thumb/v7-m/nofp/libc.a(memcpy.S.o)
 .text          0x00000000        0x0 /usr/lib/gcc/arm-none-eabi/15/../../../../arm-none-eabi/lib/thumb/v7-m/nofp/libc.a(memset.c.o)
 .data          0x00000000        0x0 /usr/lib/gcc/arm-none-eabi/15/../../../../arm-none-eabi/lib/thumb/v7-m/nofp/libc.a(memset.c.o)
 .bss           0x00000000        0x0 /usr/lib/gcc/arm-none-eabi/15/../../../../arm-none-eabi/lib/thumb/v7-m/nofp/libc.a(memset.c.o)
 .text.memset   0x00000000       0xa0 /usr/lib/gcc/arm-none-eabi/15/../../../../arm-none-eabi/lib/thumb/v7-m/nofp/libc.a(memset.c.o)
 .debug_info    0x00000000      0x153 /usr/lib/gcc/arm-none-eabi/15/../../../../arm-none-eabi/lib/thumb/v7-m/nofp/libc.a(memset.c.o)
 .debug_abbrev  0x00000000       0xbd /usr/lib/gcc/arm-none-eabi/15/../../../../arm-none-eabi/lib/thumb/v7-m/nofp/libc.a(memset.c.o)
 .debug_loclists
                0x00000000      0x18d /usr/lib/gcc/arm-none-eabi/15/../../../../arm-none-eabi/lib/thumb/v7-m/nofp/libc.a(memset.c.o)
 .debug_aranges
                0x00000000       0x20 /usr/lib/gcc/arm-none-eabi/15/../../../../arm-none-eabi/lib/thumb/v7-m/nofp/libc.a(memset.c.o)
 .debug_rnglists
                0x00000000       0x14 /usr/lib/gcc/arm-none-eabi/15/../../../../arm-none-eabi/lib/thumb/v7-m/nofp/libc.a(memset.c.o)
 .debug_line    0x00000000      0x209 /usr/lib/gcc/arm-none-eabi/15/../../../../arm-none-eabi/lib/thumb/v7-m/nofp/libc.a(memset.c.o)
 .debug_str     0x00000000      0x233 /usr/lib/gcc/arm-none-eabi/15/../../../../arm-none-eabi/lib/thumb/v7-m/nofp/libc.a(memset.c.o)
 .comment       0x00000000       0x27 /usr/lib/gcc/arm-none-eabi/15/../../../../arm-none-eabi/lib/thumb/v7-m/nofp/libc.a(memset.c.o)
 .debug_frame   0x00000000       0x2c /usr/lib/gcc/arm-none-eabi/15/../../../../arm-none-eabi/lib/thumb/v7-m/nofp/libc.a(memset.c.o)
 .ARM.attributes
                0x00000000       0x31 /usr/lib/gcc/arm-none-eabi/15/../../../../arm-none-eabi/lib/thumb/v7-m/nofp/libc.a(memset.c.o)
 .text          0x00000000        0x0 /usr/lib/gcc/arm-none-eabi/15/../../../../arm-none-eabi/lib/thumb/v7-m/nofp/libc.a(set_tls.c.o)
 .data          0x00000000        0x0 /usr/lib/gcc/arm-none-eabi/15/../../../../arm-none-eabi/lib/thumb/v7-m/nofp/libc.a(set_tls.c.o)
 .bss           0x00000000        0x0 /usr/lib/gcc/arm-none-eabi/15/../../../../arm-none-eabi/lib/thumb/v7-m/nofp/libc.a(set_tls.c.o)
 .text._set_tls
                0x00000000       0x14 /usr/lib/gcc/arm-none-eabi/15/../../../../arm-none-eabi/lib/thumb/v7-m/nofp/libc.a(set_tls.c.o)
 .debug_info    0x00000000       0xee /usr/lib/gcc/arm-none-eabi/15/../../../../arm-none-eabi/lib/thumb/v7-m/nofp/libc.a(set_tls.c.o)
 .debug_abbrev  0x00000000       0x98 /usr/lib/gcc/arm-none-eabi/15/../../../../arm-none-eabi/lib/thumb/v7-m/nofp/libc.a(set_tls.c.o)
 .debug_loclists
                0x00000000       0x20 /usr/lib/gcc/arm-none-eabi/15/../../../../arm-none-eabi/lib/thumb/v7-m/nofp/libc.a(set_tls.c.o)
 .debug_aranges
                0x00000000       0x20 /usr/lib/gcc/arm-none-eabi/15/../../../../arm-none-eabi/lib/thumb/v7-m/nofp/libc.a(set_tls.c.o)
 .debug_rnglists
                0x00000000       0x13 /usr/lib/gcc/arm-none-eabi/15/../../../../arm-none-eabi/lib/thumb/v7-m/nofp/libc.a(set_tls.c.o)
 .debug_line    0x00000000      0x106 /usr/lib/gcc/arm-none-eabi/15/../../../../arm-none-eabi/lib/thumb/v7-m/nofp/libc.a(set_tls.c.o)
 .debug_str     0x00000000      0x22f /usr/lib/gcc/arm-none-eabi/15/../../../../arm-none-eabi/lib/thumb/v7-m/nofp/libc.a(set_tls.c.o)
 .comment       0x00000000       0x27 /usr/lib/gcc/arm-none-eabi/15/../../../../arm-none-eabi/lib/thumb/v7-m/nofp/libc.a(set_tls.c.o)
 .debug_frame   0x00000000       0x20 /usr/lib/gcc/arm-none-eabi/15/../../../../arm-none-eabi/lib/thumb/v7-m/nofp/libc.a(set_tls.c.o)
 .ARM.attributes
                0x00000000       0x31 /usr/lib/gcc/arm-none-eabi/15/../../../../arm-none-eabi/lib/thumb/v7-m/nofp/libc.a(set_tls.c.o)
 .text          0x00000000        0x0 /usr/lib/gcc/arm-none-eabi/15/../../../../arm-none-eabi/lib/thumb/v7-m/nofp/libc.a(tls.c.o)
 .data          0x00000000        0x0 /usr/lib/gcc/arm-none-eabi/15/../../../../arm-none-eabi/lib/thumb/v7-m/nofp/libc.a(tls.c.o)
 .bss           0x00000000        0x4 /usr/lib/gcc/arm-none-eabi/15/../../../../arm-none-eabi/lib/thumb/v7-m/nofp/libc.a(tls.c.o)
 .debug_info    0x00000000       0x9d /usr/lib/gcc/arm-none-eabi/15/../../../../arm-none-eabi/lib/thumb/v7-m/nofp/libc.a(tls.c.o)
 .debug_abbrev  0x00000000       0x67 /usr/lib/gcc/arm-none-eabi/15/../../../../arm-none-eabi/lib/thumb/v7-m/nofp/libc.a(tls.c.o)
 .debug_aranges
                0x00000000       0x18 /usr/lib/gcc/arm-none-eabi/15/../../../../arm-none-eabi/lib/thumb/v7-m/nofp/libc.a(tls.c.o)
 .debug_line    0x00000000       0x4d /usr/lib/gcc/arm-none-eabi/15/../../../../arm-none-eabi/lib/thumb/v7-m/nofp/libc.a(tls.c.o)
 .debug_str     0x00000000      0x1f2 /usr/lib/gcc/arm-none-eabi/15/../../../../arm-none-eabi/lib/thumb/v7-m/nofp/libc.a(tls.c.o)
 .comment       0x00000000       0x27 /usr/lib/gcc/arm-none-eabi/15/../../../../arm-none-eabi/lib/thumb/v7-m/nofp/libc.a(tls.c.o)
 .ARM.attributes
                0x00000000       0x31 /usr/lib/gcc/arm-none-eabi/15/../../../../arm-none-eabi/lib/thumb/v7-m/nofp/libc.a(tls.c.o)
 .text          0x00000000        0x0 /usr/lib/gcc/arm-none-eabi/15/../../../../arm-none-eabi/lib/thumb/v7-m/nofp/libc.a(libc_misc_init.c.o)
 .data          0x00000000        0x0 /usr/lib/gcc/arm-none-eabi/15/../../../../arm-none-eabi/lib/thumb/v7-m/nofp/libc.a(libc_misc_init.c.o)
 .bss           0x00000000        0x0 /usr/lib/gcc/arm-none-eabi/15/../../../../arm-none-eabi/lib/thumb/v7-m/nofp/libc.a(libc_misc_init.c.o)
 .text          0x00000000        0x0 assembly_test.o
 .text.waitms   0x00000000        0x2 assembly_test.o
 .text          0x00000000        0x0 ../common/usb_serial.o
 .data          0x00000000       0xda ../common/usb_serial.o
 .bss           0x00000000      0x168 ../common/usb_serial.o
 .text.USBDevIntHandler
                0x00000000       0x10 ../common/usb_serial.o
 .text.HandleClassRequest
                0x00000000       0x34 ../common/usb_serial.o
 .text.SendNextBulkIn.part.0
                0x00000000       0x3c ../common/usb_serial.o
 .text.USBFrameHandler
                0x00000000       0x2c ../common/usb_serial.o
 .text.BulkOut  0x00000000       0x40 ../common/usb_serial.o
 .text.BulkIn   0x00000000       0x14 ../common/usb_serial.o
 .text.VCOM_init
                0x00000000       0x2c ../common/usb_serial.o
 .text.VCOM_putchar
                0x00000000       0x1c ../common/usb_serial.o
 .text.VCOM_getchar
                0x00000000       0x20 ../common/usb_serial.o
 .text.usb_serial_init
                0x00000000       0x74 ../common/usb_serial.o
 .text          0x00000000        0x0 ../common/serial_fifo.o
 .data          0x00000000        0x0 ../common/serial_fifo.o
 .bss           0x00000000        0x0 ../common/serial_fifo.o
 .text.fifo_init
                0x00000000        0xa ../common/serial_fifo.o
 .text.fifo_put
                0x00000000       0x28 ../common/serial_fifo.o
 .text.fifo_get
                0x00000000       0x28 ../common/serial_fifo.o
 .text.fifo_avail
                0x00000000       0x18 ../common/serial_fifo.o
 .text.fifo_free
                0x00000000        0xc ../common/serial_fifo.o
 .debug_info    0x00000000      0x1d8 ../common/serial_fifo.o
 .debug_abbrev  0x00000000      0x11c ../common/serial_fifo.o
 .debug_loclists
                0x00000000       0xdb ../common/serial_fifo.o
 .debug_aranges
                0x00000000       0x40 ../common/serial_fifo.o
 .debug_rnglists
                0x00000000       0x2b ../common/serial_fifo.o
 .debug_line    0x00000000      0x173 ../common/serial_fifo.o
 .debug_str     0x00000000      0x1e4 ../common/serial_fifo.o
 .comment       0x00000000       0x27 ../common/serial_fifo.o
 .debug_frame   0x00000000       0x70 ../common/serial_fifo.o
 .ARM.attributes
                0x00000000       0x2d ../common/serial_fifo.o
 .text          0x00000000        0x0 ../common/LPC17xx_Startup.o
 .data          0x00000000        0x0 ../common/LPC17xx_Startup.o
 .bss           0x00000000        0x0 ../common/LPC17xx_Startup.o
 .text          0x00000000        0x0 ../common/LPC17xx_Interrupts.o
 .data          0x00000000        0x0 ../common/LPC17xx_Interrupts.o
 .bss           0x00000000        0x0 ../common/LPC17xx_Interrupts.o
 .text          0x00000000        0x0 ../common/ubertooth.o
 .data          0x00000000        0x0 ../common/ubertooth.o
 .text.spi_delay
                0x00000000       0x18 ../common/ubertooth.o
 .text.rbit     0x00000000        0x6 ../common/ubertooth.o
 .text.wait_ms  0x00000000        0xa ../common/ubertooth.o
 .text.cc2400_fifo_write
                0x00000000       0x7c ../common/ubertooth.o
 .text.cc2400_fifo_read
                0x00000000       0x74 ../common/ubertooth.o
 .text.ubertooth_init
                0x00000000       0x12 ../common/ubertooth.o
 .text.cc2400_tune_rx
                0x00000000        0xa ../common/ubertooth.o
 .text.cc2400_tune_tx
                0x00000000        0x8 ../common/ubertooth.o
 .text.cc2400_hop_rx
                0x00000000       0x38 ../common/ubertooth.o
 .text.cc2400_hop_tx
                0x00000000        0x4 ../common/ubertooth.o
 .text.get_part_num
                0x00000000       0x34 ../common/ubertooth.o
 .text.get_device_serial
                0x00000000       0x64 ../common/ubertooth.o
 .text.set_isp  0x00000000       0x18 ../common/ubertooth.o
 .text          0x00000000        0x0 ../common/lpcusb/target/usbcontrol.o
 .data          0x00000000        0x0 ../common/lpcusb/target/usbcontrol.o
 .text          0x00000000        0x0 ../common/lpcusb/target/usbinit.o
 .data          0x00000000        0x0 ../common/lpcusb/target/usbinit.o
 .text          0x00000000        0x0 ../common/lpcusb/target/usbhw_lpc.o
 .data          0x00000000        0x0 ../common/lpcusb/target/usbhw_lpc.o
 .text.USBHwRegisterFrameHandler
                0x00000000       0x1c ../common/lpcusb/target/usbhw_lpc.o
 .text.USBHwISOCEPRead
                0x00000000       0x88 ../common/lpcusb/target/usbhw_lpc.o
 .text.USBSetupDMADescriptor
                0x00000000       0x48 ../common/lpcusb/target/usbhw_lpc.o
 .text.USBDisableDMAForEndpoint
                0x00000000       0x1c ../common/lpcusb/target/usbhw_lpc.o
 .text.USBEnableDMAForEndpoint
                0x00000000       0x1c ../common/lpcusb/target/usbhw_lpc.o
 .text.USBInitializeISOCFrameArray
                0x00000000       0x22 ../common/lpcusb/target/usbhw_lpc.o
 .text.USBSetHeadDDForDMA
                0x00000000       0x10 ../common/lpcusb/target/usbhw_lpc.o
 .text.USBInitializeUSBDMA
                0x00000000       0x1c ../common/lpcusb/target/usbhw_lpc.o
 .text          0x00000000        0x0 ../common/lpcusb/target/usbstdreq.o
 .text.USBRegisterWinusbInterface
                0x00000000       0x2c ../common/lpcusb/target/usbstdreq.o
 .text.USBGetOsStringDescriptor
                0x00000000       0x1c ../common/lpcusb/target/usbstdreq.o
 .text.USBRegisterCustomReqHandler
                0x00000000        0xc ../common/lpcusb/target/usbstdreq.o
 .text          0x00000000        0x0 /usr/lib/gcc/arm-none-eabi/15/../../../../arm-none-eabi/lib/thumb/v7-m/nofp/libc.a(strlen.c.o)
 .data          0x00000000        0x0 /usr/lib/gcc/arm-none-eabi/15/../../../../arm-none-eabi/lib/thumb/v7-m/nofp/libc.a(strlen.c.o)
 .bss           0x00000000        0x0 /usr/lib/gcc/arm-none-eabi/15/../../../../arm-none-eabi/lib/thumb/v7-m/nofp/libc.a(strlen.c.o)

Memory Configuration

Name             Origin             Length             Attributes
rom              0x00000000         0x00020000         xr
ram              0x10000000         0x00004000         xrw
*default*        0x00000000         0xffffffff

Linker script and memory map

LOAD /usr/lib/gcc/arm-none-eabi/15/../../../../arm-none-eabi/lib/thumb/v7-m/nofp/crt0.o
START GROUP
LOAD /usr/lib/gcc/arm-none-eabi/15/../../../../arm-none-eabi/lib/thumb/v7-m/nofp/libc.a
LOAD /usr/lib/gcc/arm-none-eabi/15/../../../../arm-none-eabi/lib/thumb/v7-m/nofp/libg.a
LOAD /usr/lib/gcc/arm-none-eabi/15/thumb/v7-m/nofp/libgcc.a
LOAD /usr/lib/gcc/arm-none-eabi/15/../../../../arm-none-eabi/lib/thumb/v7-m/nofp/libm.a
END GROUP
LOAD assembly_test.o
LOAD ../common/usb_serial.o
LOAD ../common/serial_fifo.o
LOAD ../common/LPC17xx_Startup.o
LOAD ../common/LPC17xx_Interrupts.o
LOAD ../common/ubertooth.o
LOAD ../common/lpcusb/target/usbcontrol.o
LOAD ../common/lpcusb/target/usbinit.o
LOAD ../common/lpcusb/target/usbhw_lpc.o
LOAD ../common/lpcusb/target/usbstdreq.o
START GROUP
LOAD /usr/lib/gcc/arm-none-eabi/15/thumb/v7-m/nofp/libgcc.a
START GROUP
LOAD /usr/lib/gcc/arm-none-eabi/15/../../../../arm-none-eabi/lib/thumb/v7-m/nofp/libc.a
LOAD /usr/lib/gcc/arm-none-eabi/15/thumb/v7-m/nofp/libgcc.a
END GROUP
END GROUP
START GROUP
LOAD /usr/lib/gcc/arm-none-eabi/15/thumb/v7-m/nofp/libgcc.a
LOAD /usr/lib/gcc/arm-none-eabi/15/../../../../arm-none-eabi/lib/thumb/v7-m/nofp/libc.a
LOAD /usr/lib/gcc/arm-none-eabi/15/../../../../arm-none-eabi/lib/thumb/v7-m/nofp/libm.a
LOAD /usr/lib/gcc/arm-none-eabi/15/../../../../arm-none-eabi/lib/thumb/v7-m/nofp/libnosys.a
END GROUP

.text           0x00000000     0x1d48
                0x00000000                        . = ALIGN (0x400)
                0x00000000                        _interrupt_vector_table = .
 *(.irq_handler_table)
 .irq_handler_table
                0x00000000       0xcc ../common/LPC17xx_Interrupts.o
                0x00000000                _NVIC_Handler_Functions
 *(.text .text.* .gnu.linkonce.t.*)
 .text          0x000000cc       0xec /usr/lib/gcc/arm-none-eabi/15/../../../../arm-none-eabi/lib/thumb/v7-m/nofp/libc.a(memcpy.S.o)
                0x000000cc                memcpy
                0x000000cc                __aeabi_memcpy
                0x000000cc                __aeabi_memcpy4
                0x000000cc                __aeabi_memcpy8
 .text.__libc_init_array
                0x000001b8       0x20 /usr/lib/gcc/arm-none-eabi/15/../../../../arm-none-eabi/lib/thumb/v7-m/nofp/libc.a(libc_misc_init.c.o)
                0x000001b8                __libc_init_array
 .text.dma_init
                0x000001d8       0xb4 assembly_test.o
 .text.dio_ssp_start
                0x0000028c       0x4c assembly_test.o
 .text.usb_vendor_request_handler
                0x000002d8      0x2d0 assembly_test.o
 .text.queue_init
                0x000005a8       0x14 assembly_test.o
                0x000005a8                queue_init
 .text.enqueue  0x000005bc       0x7c assembly_test.o
                0x000005bc                enqueue
 .text.dequeue  0x00000638       0x4c assembly_test.o
                0x00000638                dequeue
 .text.ubertooth_usb_init
                0x00000684       0x2c assembly_test.o
                0x00000684                ubertooth_usb_init
 .text.TIMER0_IRQHandler
                0x000006b0       0x24 assembly_test.o
                0x000006b0                TIMER0_IRQHandler
 .text.DMA_IRQHandler
                0x000006d4       0x48 assembly_test.o
                0x000006d4                DMA_IRQHandler
 .text.cc2400_rx
                0x0000071c       0xc0 assembly_test.o
                0x0000071c                cc2400_rx
 .text.cc2400_txtest
                0x000007dc       0xb0 assembly_test.o
                0x000007dc                cc2400_txtest
 .text.cc2400_rangetest
                0x0000088c      0x288 assembly_test.o
                0x0000088c                cc2400_rangetest
 .text.cc2400_repeater
                0x00000b14      0x17c assembly_test.o
                0x00000b14                cc2400_repeater
 .text.bt_stream_rx
                0x00000c90       0xcc assembly_test.o
                0x00000c90                bt_stream_rx
 .text.specan   0x00000d5c      0x110 assembly_test.o
                0x00000d5c                specan
 .text.find_giac
                0x00000e6c       0x80 assembly_test.o
                0x00000e6c                find_giac
 .text.bt_test_rx
                0x00000eec       0xa4 assembly_test.o
                0x00000eec                bt_test_rx
 .text.startup.main
                0x00000f90      0x110 assembly_test.o
                0x00000f90                main
 .text.USB_IRQHandler
                0x000010a0        0x4 ../common/usb_serial.o
                0x000010a0                USB_IRQHandler
 .text.Reset_Handler
                0x000010a4       0x54 ../common/LPC17xx_Startup.o
                0x000010a4                Reset_Handler
 .text.Default_Handler
                0x000010f8        0x2 ../common/LPC17xx_Interrupts.o
                0x000010f8                TIMER2_IRQHandler
                0x000010f8                DebugMon_Handler
                0x000010f8                RIT_IRQHandler
                0x000010f8                I2C0_IRQHandler
                0x000010f8                HardFault_Handler
                0x000010f8                SysTick_Handler
                0x000010f8                PWM1_IRQHandler
                0x000010f8                PendSV_Handler
                0x000010f8                NMI_Handler
                0x000010f8                I2C1_IRQHandler
                0x000010f8                EINT2_IRQHandler
                0x000010f8                UART1_IRQHandler
                0x000010f8                EINT3_IRQHandler
                0x000010f8                TIMER3_IRQHandler
                0x000010f8                UART0_IRQHandler
                0x000010f8                MemManagement_Handler
                0x000010f8                UsageFault_Handler
                0x000010f8                PLL0_IRQHandler
                0x000010f8                CAN_IRQHandler
                0x000010f8                PLL1_IRQHandler
                0x000010f8                SSP0_IRQHandler
                0x000010f8                I2S_IRQHandler
                0x000010f8                I2C2_IRQHandler
                0x000010f8                RTC_IRQHandler
                0x000010f8                SPI_IRQHandler
                0x000010f8                EINT1_IRQHandler
                0x000010f8                TIMER1_IRQHandler
                0x000010f8                UART2_IRQHandler
                0x000010f8                ADC_IRQHandler
                0x000010f8                SSP1_IRQHandler
                0x000010f8                BOD_IRQHandler
                0x000010f8                WDT_IRQHandler
                0x000010f8                SVC_Handler
                0x000010f8                QEI_IRQHandler
                0x000010f8                EINT0_IRQHandler
                0x000010f8                USBACT_IRQHandler
                0x000010f8                CANACT_IRQHandler
                0x000010f8                BusFault_Handler
                0x000010f8                UART3_IRQHandler
                0x000010f8                MCPWM_IRQHandler
                0x000010f8                ENET_IRQHandler
 *fill*         0x000010fa        0x2 
 .text.wait_us  0x000010fc       0x2c ../common/ubertooth.o
                0x000010fc                wait_us
 .text.wait     0x00001128        0xc ../common/ubertooth.o
                0x00001128                wait
 .text.all_pins_off
                0x00001134       0x48 ../common/ubertooth.o
                0x00001134                all_pins_off
 .text.gpio_init
                0x0000117c       0x34 ../common/ubertooth.o
                0x0000117c                gpio_init
 .text.dio_ssp_init
                0x000011b0       0x54 ../common/ubertooth.o
                0x000011b0                dio_ssp_init
 .text.atest_init
                0x00001204       0x30 ../common/ubertooth.o
                0x00001204                atest_init
 .text.cc2400_spi
                0x00001234       0x40 ../common/ubertooth.o
                0x00001234                cc2400_spi
 .text.cc2400_init
                0x00001274       0x34 ../common/ubertooth.o
                0x00001274                cc2400_init
 .text.cc2400_get
                0x000012a8       0x12 ../common/ubertooth.o
                0x000012a8                cc2400_get
 .text.cc2400_set
                0x000012ba        0xa ../common/ubertooth.o
                0x000012ba                cc2400_set
 .text.cc2400_get8
                0x000012c4       0x12 ../common/ubertooth.o
                0x000012c4                cc2400_get8
 .text.cc2400_set8
                0x000012d6        0xa ../common/ubertooth.o
                0x000012d6                cc2400_set8
 .text.cc2400_status
                0x000012e0        0xe ../common/ubertooth.o
                0x000012e0                cc2400_status
 .text.cc2400_strobe
                0x000012ee        0xe ../common/ubertooth.o
                0x000012ee                cc2400_strobe
 .text.cc2400_reset
                0x000012fc       0x2c ../common/ubertooth.o
                0x000012fc                cc2400_reset
 .text.clock_start
                0x00001328      0x158 ../common/ubertooth.o
                0x00001328                clock_start
 .text.reset    0x00001480       0x34 ../common/ubertooth.o
                0x00001480                reset
 .text.DataIn   0x000014b4       0x28 ../common/lpcusb/target/usbcontrol.o
 .text._HandleRequest.constprop.0
                0x000014dc       0x50 ../common/lpcusb/target/usbcontrol.o
 .text.USBHandleControlTransfer
                0x0000152c       0xa0 ../common/lpcusb/target/usbcontrol.o
                0x0000152c                USBHandleControlTransfer
 .text.USBRegisterRequestHandler
                0x000015cc       0x10 ../common/lpcusb/target/usbcontrol.o
                0x000015cc                USBRegisterRequestHandler
 .text.HandleUsbReset
                0x000015dc        0x2 ../common/lpcusb/target/usbinit.o
 *fill*         0x000015de        0x2 
 .text.USBInit  0x000015e0       0x4c ../common/lpcusb/target/usbinit.o
                0x000015e0                USBInit
 .text.Wait4DevInt
                0x0000162c       0x18 ../common/lpcusb/target/usbhw_lpc.o
 .text.USBHwCmd
                0x00001644       0x1c ../common/lpcusb/target/usbhw_lpc.o
 .text.USBHwCmdWrite
                0x00001660       0x20 ../common/lpcusb/target/usbhw_lpc.o
 .text.USBHwEPConfig
                0x00001680       0x40 ../common/lpcusb/target/usbhw_lpc.o
                0x00001680                USBHwEPConfig
 .text.USBHwRegisterEPIntHandler
                0x000016c0       0x38 ../common/lpcusb/target/usbhw_lpc.o
                0x000016c0                USBHwRegisterEPIntHandler
 .text.USBHwRegisterDevIntHandler
                0x000016f8       0x1c ../common/lpcusb/target/usbhw_lpc.o
                0x000016f8                USBHwRegisterDevIntHandler
 .text.USBHwSetAddress
                0x00001714        0xa ../common/lpcusb/target/usbhw_lpc.o
                0x00001714                USBHwSetAddress
 .text.USBHwConnect
                0x0000171e        0xc ../common/lpcusb/target/usbhw_lpc.o
                0x0000171e                USBHwConnect
 .text.USBHwNakIntEnable
                0x0000172a        0x8 ../common/lpcusb/target/usbhw_lpc.o
                0x0000172a                USBHwNakIntEnable
 *fill*         0x00001732        0x2 
 .text.USBHwEPGetStatus
                0x00001734       0x30 ../common/lpcusb/target/usbhw_lpc.o
                0x00001734                USBHwEPGetStatus
 .text.USBHwEPStall
                0x00001764       0x18 ../common/lpcusb/target/usbhw_lpc.o
                0x00001764                USBHwEPStall
 .text.USBHwEPWrite
                0x0000177c       0x50 ../common/lpcusb/target/usbhw_lpc.o
                0x0000177c                USBHwEPWrite
 .text.USBHwEPRead
                0x000017cc       0x70 ../common/lpcusb/target/usbhw_lpc.o
                0x000017cc                USBHwEPRead
 .text.USBHwConfigDevice
                0x0000183c        0xc ../common/lpcusb/target/usbhw_lpc.o
                0x0000183c                USBHwConfigDevice
 .text.USBHwISR
                0x00001848       0xc0 ../common/lpcusb/target/usbhw_lpc.o
                0x00001848                USBHwISR
 .text.USBHwInit
                0x00001908       0xa0 ../common/lpcusb/target/usbhw_lpc.o
                0x00001908                USBHwInit
 .text.USBFilterOsVendorMessage
                0x000019a8       0x5c ../common/lpcusb/target/usbstdreq.o
                0x000019a8                USBFilterOsVendorMessage
 .text.USBRegisterDescriptors
                0x00001a04        0xc ../common/lpcusb/target/usbstdreq.o
                0x00001a04                USBRegisterDescriptors
 .text.USBGetDescriptor
                0x00001a10       0x58 ../common/lpcusb/target/usbstdreq.o
                0x00001a10                USBGetDescriptor
 .text.USBHandleStandardRequest
                0x00001a68      0x154 ../common/lpcusb/target/usbstdreq.o
                0x00001a68                USBHandleStandardRequest
 .text.strlen   0x00001bbc       0x5c /usr/lib/gcc/arm-none-eabi/15/../../../../arm-none-eabi/lib/thumb/v7-m/nofp/libc.a(strlen.c.o)
                0x00001bbc                strlen
 *(.rodata .rodata.* .gnu.linkonce.r.*)
 .rodata.str1.1
                0x00001c18        0xb assembly_test.o
 .rodata        0x00001c23       0xf5 assembly_test.o
 .rodata        0x00001d18        0x4 ../common/ubertooth.o
                0x00001d18                iap_entry
 .rodata        0x00001d1c       0x28 ../common/lpcusb/target/usbstdreq.o
 *(.eh_frame_hdr)
 *(.eh_frame)
                0x00001d44                        . = ALIGN (0x4)
 *(.init)
                0x00001d44                        . = ALIGN (0x4)
                0x00001d44                        __preinit_array_start = .
 *(.preinit_array)
                0x00001d44                        __preinit_array_end = .
                0x00001d44                        . = ALIGN (0x4)
                0x00001d44                        __init_array_start = .
 *(SORT_BY_NAME(.init_array.*))
 *(.init_array)
                0x00001d44                        __init_array_end = .
                0x00001d44                        . = ALIGN (0x4)
 *crtbegin.o(.ctors)
 *(EXCLUDE_FILE(*crtend.o) .ctors)
 *(SORT_BY_NAME(.ctors.*))
 *crtend.o(.ctors)
                0x00001d44                        . = ALIGN (0x4)
 *(.fini)
                0x00001d44                        . = ALIGN (0x4)
                0x00001d44                        __fini_array_start = .
 *(.fini_array)
 *(SORT_BY_NAME(.fini_array.*))
                0x00001d44                        __fini_array_end = .
 *crtbegin.o(.dtors)
 *(EXCLUDE_FILE(*crtend.o) .dtors)
 *(SORT_BY_NAME(.dtors.*))
 *crtend.o(.dtors)
                0x00001d48                        . = ALIGN (0x8)
 *fill*         0x00001d44        0x4 
                0x00001d48                        _etext = .

.glue_7         0x00001d48        0x0
 .glue_7        0x00001d48        0x0 linker stubs

.glue_7t        0x00001d48        0x0
 .glue_7t       0x00001d48        0x0 linker stubs

.vfp11_veneer   0x00001d48        0x0
 .vfp11_veneer  0x00001d48        0x0 linker stubs

.v4_bx          0x00001d48        0x0
 .v4_bx         0x00001d48        0x0 linker stubs

.iplt           0x00001d48        0x0
 .iplt          0x00001d48        0x0 /usr/lib/gcc/arm-none-eabi/15/../../../../arm-none-eabi/lib/thumb/v7-m/nofp/libc.a(libc_misc_init.c.o)

.rel.dyn        0x00001d48        0x0
 .rel.iplt      0x00001d48        0x0 /usr/lib/gcc/arm-none-eabi/15/../../../../arm-none-eabi/lib/thumb/v7-m/nofp/libc.a(libc_misc_init.c.o)

.ARM.extab
 *(.ARM.extab* .gnu.linkonce.armextab.*)
                0x00001d48                        __exidx_start = .

.ARM.exidx
 *(.ARM.exidx* .gnu.linkonce.armexidx.*)
                0x00001d48                        __exidx_end = .
                0x00001d48                        _etext = .

.persistent     0x10000000       0x20
                0x10000000                        _persistent_start = .
                0x10000020                        . = (. + 0x20)
 *fill*         0x10000000       0x20 
                0x10000020                        _persistent_end = .
                0x1000001c                        bootloader_ctrl = (_persistent_start + 0x1c)

.data           0x10000020       0xb4 load address 0x00001d48
                0x10000020                        _data = .
 *(vtable)
 *(.data*)
 .data          0x10000020       0x10 assembly_test.o
                0x10000020                channel
                0x10000022                low_freq
                0x10000024                high_freq
                0x10000028                active_rxbuf
                0x1000002c                idle_rxbuf
 .data          0x10000030       0xa4 ../common/lpcusb/target/usbstdreq.o
                0x100000d4                        _edata = .

.igot.plt       0x100000d4        0x0 load address 0x00001dfc
 .igot.plt      0x100000d4        0x0 /usr/lib/gcc/arm-none-eabi/15/../../../../arm-none-eabi/lib/thumb/v7-m/nofp/libc.a(libc_misc_init.c.o)

.bss            0x100000d4     0x215d load address 0x00001dfc
                0x100000d4                        _bss = .
                0x100000d4                        __bss_start__ = .
 *(.bss*)
 .bss           0x100000d4     0x20c4 assembly_test.o
                0x100000d4                rx_dma_lli1
                0x100000e4                rxbuf1
                0x10000118                rx_dma_lli2
                0x10000128                rxbuf2
                0x1000015c                rx_tc
                0x10000160                rx_err
                0x10000164                rx_pkts
                0x10000168                requested_mode
                0x1000016c                rr
                0x10000174                modulation
                0x10000178                head
                0x1000017c                tail
                0x10000180                clkn_high
                0x10000181                status
                0x10000194                mode
                0x10000198                fifo
 .bss           0x10002198        0x8 ../common/ubertooth.o
 .bss           0x100021a0       0x34 ../common/lpcusb/target/usbcontrol.o
 .bss           0x100021d4        0x8 ../common/lpcusb/target/usbinit.o
 .bss           0x100021dc       0x48 ../common/lpcusb/target/usbhw_lpc.o
 .bss           0x10002224        0xd ../common/lpcusb/target/usbstdreq.o
 *(COMMON)
                0x10002231                        _ebss = .
                0x10002231                        __bss_end__ = .

.cr_heap        0x10002231        0x0 load address 0x00001dfc
                0x10002231                        end = .
                0x10002231                        __end__ = .
                0x10002231                        _pvHeapStart = .
                0x10003fe0                        _StackTop = ((ORIGIN (ram) + LENGTH (ram)) - 0x20)
OUTPUT(assembly_test.elf elf32-littlearm)
LOAD linker stubs

.ARM.attributes
                0x00000000       0x2f
 .ARM.attributes
                0x00000000       0x1b /usr/lib/gcc/arm-none-eabi/15/../../../../arm-none-eabi/lib/thumb/v7-m/nofp/libc.a(memcpy.S.o)
 .ARM.attributes
                0x0000001b       0x31 /usr/lib/gcc/arm-none-eabi/15/../../../../arm-none-eabi/lib/thumb/v7-m/nofp/libc.a(libc_misc_init.c.o)
 .ARM.attributes
                0x0000004c       0x2d assembly_test.o
 .ARM.attributes
                0x00000079       0x2d ../common/usb_serial.o
 .ARM.attributes
                0x000000a6       0x2d ../common/LPC17xx_Startup.o
 .ARM.attributes
                0x000000d3       0x2d ../common/LPC17xx_Interrupts.o
 .ARM.attributes
                0x00000100       0x2d ../common/ubertooth.o
 .ARM.attributes
                0x0000012d       0x2d ../common/lpcusb/target/usbcontrol.o
 .ARM.attributes
                0x0000015a       0x2d ../common/lpcusb/target/usbinit.o
 .ARM.attributes
                0x00000187       0x2d ../common/lpcusb/target/usbhw_lpc.o
 .ARM.attributes
                0x000001b4       0x2d ../common/lpcusb/target/usbstdreq.o
 .ARM.attributes
                0x000001e1       0x31 /usr/lib/gcc/arm-none-eabi/15/../../../../arm-none-eabi/lib/thumb/v7-m/nofp/libc.a(strlen.c.o)

.comment        0x00000000       0x26
 .comment       0x00000000       0x26 /usr/lib/gcc/arm-none-eabi/15/../../../../arm-none-eabi/lib/thumb/v7-m/nofp/libc.a(libc_misc_init.c.o)
                                 0x27 (size before relaxing)
 .comment       0x00000026        0x0 assembly_test.o
                                 0x27 (size before relaxing)
 .comment       0x00000026        0x0 ../common/usb_serial.o
                                 0x27 (size before relaxing)
 .comment       0x00000026        0x0 ../common/LPC17xx_Startup.o
                                 0x27 (size before relaxing)
 .comment       0x00000026        0x0 ../common/LPC17xx_Interrupts.o
                                 0x27 (size before relaxing)
 .comment       0x00000026        0x0 ../common/ubertooth.o
                                 0x27 (size before relaxing)
 .comment       0x00000026        0x0 ../common/lpcusb/target/usbcontrol.o
                                 0x27 (size before relaxing)
 .comment       0x00000026        0x0 ../common/lpcusb/target/usbinit.o
                                 0x27 (size before relaxing)
 .comment       0x00000026        0x0 ../common/lpcusb/target/usbhw_lpc.o
                                 0x27 (size before relaxing)
 .comment       0x00000026        0x0 ../common/lpcusb/target/usbstdreq.o
                                 0x27 (size before relaxing)
 .comment       0x00000026        0x0 /usr/lib/gcc/arm-none-eabi/15/../../../../arm-none-eabi/lib/thumb/v7-m/nofp/libc.a(strlen.c.o)
                                 0x27 (size before relaxing)

.debug_line     0x00000000     0x384d
 .debug_line    0x00000000       0xbd /usr/lib/gcc/arm-none-eabi/15/../../../../arm-none-eabi/lib/thumb/v7-m/nofp/libc.a(memcpy.S.o)
 .debug_line    0x000000bd       0x9c /usr/lib/gcc/arm-none-eabi/15/../../../../arm-none-eabi/lib/thumb/v7-m/nofp/libc.a(libc_misc_init.c.o)
 .debug_line    0x00000159     0x145f assembly_test.o
 .debug_line    0x000015b8      0x400 ../common/usb_serial.o
 .debug_line    0x000019b8       0xfe ../common/LPC17xx_Startup.o
 .debug_line    0x00001ab6       0x59 ../common/LPC17xx_Interrupts.o
 .debug_line    0x00001b0f      0xb6b ../common/ubertooth.o
 .debug_line    0x0000267a      0x271 ../common/lpcusb/target/usbcontrol.o
 .debug_line    0x000028eb       0xb3 ../common/lpcusb/target/usbinit.o
 .debug_line    0x0000299e      0x95f ../common/lpcusb/target/usbhw_lpc.o
 .debug_line    0x000032fd      0x4c0 ../common/lpcusb/target/usbstdreq.o
 .debug_line    0x000037bd       0x90 /usr/lib/gcc/arm-none-eabi/15/../../../../arm-none-eabi/lib/thumb/v7-m/nofp/libc.a(strlen.c.o)

.debug_line_str
                0x00000000       0x3a
 .debug_line_str
                0x00000000       0x3a /usr/lib/gcc/arm-none-eabi/15/../../../../arm-none-eabi/lib/thumb/v7-m/nofp/libc.a(memcpy.S.o)

.debug_info     0x00000000     0x4d37
 .debug_info    0x00000000       0x33 /usr/lib/gcc/arm-none-eabi/15/../../../../arm-none-eabi/lib/thumb/v7-m/nofp/libc.a(memcpy.S.o)
 .debug_info    0x00000033       0xd9 /usr/lib/gcc/arm-none-eabi/15/../../../../arm-none-eabi/lib/thumb/v7-m/nofp/libc.a(libc_misc_init.c.o)
 .debug_info    0x0000010c     0x1883 assembly_test.o
 .debug_info    0x0000198f      0x9ed ../common/usb_serial.o
 .debug_info    0x0000237c      0x12c ../common/LPC17xx_Startup.o
 .debug_info    0x000024a8       0x8a ../common/LPC17xx_Interrupts.o
 .debug_info    0x00002532      0xb6a ../common/ubertooth.o
 .debug_info    0x0000309c      0x517 ../common/lpcusb/target/usbcontrol.o
 .debug_info    0x000035b3      0x2bb ../common/lpcusb/target/usbinit.o
 .debug_info    0x0000386e      0xc27 ../common/lpcusb/target/usbhw_lpc.o
 .debug_info    0x00004495      0x7e3 ../common/lpcusb/target/usbstdreq.o
 .debug_info    0x00004c78       0xbf /usr/lib/gcc/arm-none-eabi/15/../../../../arm-none-eabi/lib/thumb/v7-m/nofp/libc.a(strlen.c.o)

.debug_abbrev   0x00000000     0x1802
 .debug_abbrev  0x00000000       0x28 /usr/lib/gcc/arm-none-eabi/15/../../../../arm-none-eabi/lib/thumb/v7-m/nofp/libc.a(memcpy.S.o)
 .debug_abbrev  0x00000028       0xa2 /usr/lib/gcc/arm-none-eabi/15/../../../../arm-none-eabi/lib/thumb/v7-m/nofp/libc.a(libc_misc_init.c.o)
 .debug_abbrev  0x000000ca      0x452 assembly_test.o
 .debug_abbrev  0x0000051c      0x364 ../common/usb_serial.o
 .debug_abbrev  0x00000880       0xcb ../common/LPC17xx_Startup.o
 .debug_abbrev  0x0000094b       0x9a ../common/LPC17xx_Interrupts.o
 .debug_abbrev  0x000009e5      0x35d ../common/ubertooth.o
 .debug_abbrev  0x00000d42      0x271 ../common/lpcusb/target/usbcontrol.o
 .debug_abbrev  0x00000fb3      0x15f ../common/lpcusb/target/usbinit.o
 .debug_abbrev  0x00001112      0x346 ../common/lpcusb/target/usbhw_lpc.o
 .debug_abbrev  0x00001458      0x32a ../common/lpcusb/target/usbstdreq.o
 .debug_abbrev  0x00001782       0x80 /usr/lib/gcc/arm-none-eabi/15/../../../../arm-none-eabi/lib/thumb/v7-m/nofp/libc.a(strlen.c.o)

.debug_aranges  0x00000000      0x450
 .debug_aranges
                0x00000000       0x20 /usr/lib/gcc/arm-none-eabi/15/../../../../arm-none-eabi/lib/thumb/v7-m/nofp/libc.a(memcpy.S.o)
 .debug_aranges
                0x00000020       0x20 /usr/lib/gcc/arm-none-eabi/15/../../../../arm-none-eabi/lib/thumb/v7-m/nofp/libc.a(libc_misc_init.c.o)
 .debug_aranges
                0x00000040       0xb0 assembly_test.o
 .debug_aranges
                0x000000f0       0x70 ../common/usb_serial.o
 .debug_aranges
                0x00000160       0x20 ../common/LPC17xx_Startup.o
 .debug_aranges
                0x00000180       0x20 ../common/LPC17xx_Interrupts.o
 .debug_aranges
                0x000001a0      0x108 ../common/ubertooth.o
 .debug_aranges
                0x000002a8       0x38 ../common/lpcusb/target/usbcontrol.o
 .debug_aranges
                0x000002e0       0x28 ../common/lpcusb/target/usbinit.o
 .debug_aranges
                0x00000308       0xd8 ../common/lpcusb/target/usbhw_lpc.o
 .debug_aranges
                0x000003e0       0x50 ../common/lpcusb/target/usbstdreq.o
 .debug_aranges
                0x00000430       0x20 /usr/lib/gcc/arm-none-eabi/15/../../../../arm-none-eabi/lib/thumb/v7-m/nofp/libc.a(strlen.c.o)

.debug_str      0x00000000     0x1b5f
 .debug_str     0x00000000     0x1b5f /usr/lib/gcc/arm-none-eabi/15/../../../../arm-none-eabi/lib/thumb/v7-m/nofp/libc.a(memcpy.S.o)
                                 0x4d (size before relaxing)
 .debug_str     0x00001b5f        0x0 /usr/lib/gcc/arm-none-eabi/15/../../../../arm-none-eabi/lib/thumb/v7-m/nofp/libc.a(libc_misc_init.c.o)
                                0x215 (size before relaxing)
 .debug_str     0x00001b5f        0x0 assembly_test.o
                                0xddf (size before relaxing)
 .debug_str     0x00001b5f        0x0 ../common/usb_serial.o
                                0x4e2 (size before relaxing)
 .debug_str     0x00001b5f        0x0 ../common/LPC17xx_Startup.o
                                0x243 (size before relaxing)
 .debug_str     0x00001b5f        0x0 ../common/LPC17xx_Interrupts.o
                                0x1ac (size before relaxing)
 .debug_str     0x00001b5f        0x0 ../common/ubertooth.o
                                0x3d0 (size before relaxing)
 .debug_str     0x00001b5f        0x0 ../common/lpcusb/target/usbcontrol.o
                                0x310 (size before relaxing)
 .debug_str     0x00001b5f        0x0 ../common/lpcusb/target/usbinit.o
                                0x2bf (size before relaxing)
 .debug_str     0x00001b5f        0x0 ../common/lpcusb/target/usbhw_lpc.o
                                0x5e2 (size before relaxing)
 .debug_str     0x00001b5f        0x0 ../common/lpcusb/target/usbstdreq.o
                                0x4f2 (size before relaxing)
 .debug_str     0x00001b5f        0x0 /usr/lib/gcc/arm-none-eabi/15/../../../../arm-none-eabi/lib/thumb/v7-m/nofp/libc.a(strlen.c.o)
                                0x1fd (size before relaxing)

.debug_frame    0x00000000      0xa3c
 .debug_frame   0x00000000       0x28 /usr/lib/gcc/arm-none-eabi/15/../../../../arm-none-eabi/lib/thumb/v7-m/nofp/libc.a(memcpy.S.o)
 .debug_frame   0x00000028       0x2c /usr/lib/gcc/arm-none-eabi/15/../../../../arm-none-eabi/lib/thumb/v7-m/nofp/libc.a(libc_misc_init.c.o)
 .debug_frame   0x00000054      0x218 assembly_test.o
 .debug_frame   0x0000026c      0x120 ../common/usb_serial.o
 .debug_frame   0x0000038c       0x28 ../common/LPC17xx_Startup.o
 .debug_frame   0x000003b4       0x20 ../common/LPC17xx_Interrupts.o
 .debug_frame   0x000003d4      0x2ac ../common/ubertooth.o
 .debug_frame   0x00000680       0x98 ../common/lpcusb/target/usbcontrol.o
 .debug_frame   0x00000718       0x38 ../common/lpcusb/target/usbinit.o
 .debug_frame   0x00000750      0x20c ../common/lpcusb/target/usbhw_lpc.o
 .debug_frame   0x0000095c       0xc0 ../common/lpcusb/target/usbstdreq.o
 .debug_frame   0x00000a1c       0x20 /usr/lib/gcc/arm-none-eabi/15/../../../../arm-none-eabi/lib/thumb/v7-m/nofp/libc.a(strlen.c.o)

.debug_loclists
                0x00000000     0x1fb4
 .debug_loclists
                0x00000000       0x29 /usr/lib/gcc/arm-none-eabi/15/../../../../arm-none-eabi/lib/thumb/v7-m/nofp/libc.a(libc_misc_init.c.o)
 .debug_loclists
                0x00000029      0x727 assembly_test.o
 .debug_loclists
                0x00000750      0x266 ../common/usb_serial.o
 .debug_loclists
                0x000009b6       0x72 ../common/LPC17xx_Startup.o
 .debug_loclists
                0x00000a28      0x5c3 ../common/ubertooth.o
 .debug_loclists
                0x00000feb      0x169 ../common/lpcusb/target/usbcontrol.o
 .debug_loclists
                0x00001154      0x749 ../common/lpcusb/target/usbhw_lpc.o
 .debug_loclists
                0x0000189d      0x6ee ../common/lpcusb/target/usbstdreq.o
 .debug_loclists
                0x00001f8b       0x29 /usr/lib/gcc/arm-none-eabi/15/../../../../arm-none-eabi/lib/thumb/v7-m/nofp/libc.a(strlen.c.o)

.debug_rnglists
                0x00000000      0x3bc
 .debug_rnglists
                0x00000000       0x13 /usr/lib/gcc/arm-none-eabi/15/../../../../arm-none-eabi/lib/thumb/v7-m/nofp/libc.a(libc_misc_init.c.o)
 .debug_rnglists
                0x00000013       0x96 assembly_test.o
 .debug_rnglists
                0x000000a9       0x67 ../common/usb_serial.o
 .debug_rnglists
                0x00000110       0x13 ../common/LPC17xx_Startup.o
 .debug_rnglists
                0x00000123       0x13 ../common/LPC17xx_Interrupts.o
 .debug_rnglists
                0x00000136       0xe0 ../common/ubertooth.o
 .debug_rnglists
                0x00000216       0x32 ../common/lpcusb/target/usbcontrol.o
 .debug_rnglists
                0x00000248       0x19 ../common/lpcusb/target/usbinit.o
 .debug_rnglists
                0x00000261       0xc4 ../common/lpcusb/target/usbhw_lpc.o
 .debug_rnglists
                0x00000325       0x84 ../common/lpcusb/target/usbstdreq.o
 .debug_rnglists
                0x000003a9       0x13 /usr/lib/gcc/arm-none-eabi/15/../../../../arm-none-eabi/lib/thumb/v7-m/nofp/libc.a(strlen.c.o)
