ARM GAS  /tmp/ccxFrAjF.s 			page 1


   1              		.cpu cortex-m3
   2              		.arch armv7-m
   3              		.fpu softvfp
   4              		.eabi_attribute 20, 1
   5              		.eabi_attribute 21, 1
   6              		.eabi_attribute 23, 3
   7              		.eabi_attribute 24, 1
   8              		.eabi_attribute 25, 1
   9              		.eabi_attribute 26, 1
  10              		.eabi_attribute 30, 2
  11              		.eabi_attribute 34, 1
  12              		.eabi_attribute 18, 4
  13              		.file	"inquiry_state.c"
  14              		.text
  15              	.Ltext0:
  16              		.cfi_sections	.debug_frame
  17              		.file 1 "src/btphy/inquiry_state.c"
  18              		.section	.rodata.str1.4,"aMS",%progbits,1
  19              		.align	2
  20              	.LC0:
  21 0000 696E7175 		.ascii	"inquiry timeout\012\000"
  21      69727920 
  21      74696D65 
  21      6F75740A 
  21      00
  22              		.section	.text.inquiry_start_sync,"ax",%progbits
  23              		.align	1
  24              		.p2align 2,,3
  25              		.syntax unified
  26              		.thumb
  27              		.thumb_func
  29              	inquiry_start_sync:
  30              	.LVL0:
  31              	.LFB34:
   1:src/btphy/inquiry_state.c **** /* Inquiry state
   2:src/btphy/inquiry_state.c ****  *
   3:src/btphy/inquiry_state.c ****  * Copyright 2020 Etienne Helluy-Lafont, Univ. Lille, CNRS.
   4:src/btphy/inquiry_state.c ****  *
   5:src/btphy/inquiry_state.c ****  * This file is part of Project Ubertooth.
   6:src/btphy/inquiry_state.c ****  *
   7:src/btphy/inquiry_state.c ****  * This program is free software; you can redistribute it and/or modify
   8:src/btphy/inquiry_state.c ****  * it under the terms of the GNU General Public License as published by
   9:src/btphy/inquiry_state.c ****  * the Free Software Foundation; either version 2, or (at your option)
  10:src/btphy/inquiry_state.c ****  * any later version.
  11:src/btphy/inquiry_state.c ****  *
  12:src/btphy/inquiry_state.c ****  * This program is distributed in the hope that it will be useful,
  13:src/btphy/inquiry_state.c ****  * but WITHOUT ANY WARRANTY; without even the implied warranty of
  14:src/btphy/inquiry_state.c ****  * MERCHANTABILITY or FITNESS FOR A PARTICULAR PURPOSE.  See the
  15:src/btphy/inquiry_state.c ****  * GNU General Public License for more details.
  16:src/btphy/inquiry_state.c ****  *
  17:src/btphy/inquiry_state.c ****  * You should have received a copy of the GNU General Public License
  18:src/btphy/inquiry_state.c ****  * along with this program; see the file COPYING.  If not, write to
  19:src/btphy/inquiry_state.c ****  * the Free Software Foundation, Inc., 51 Franklin Street,
  20:src/btphy/inquiry_state.c ****  * Boston, MA 02110-1301, USA.
  21:src/btphy/inquiry_state.c ****  */
  22:src/btphy/inquiry_state.c **** #include <string.h>
  23:src/btphy/inquiry_state.c **** #include <ubtbr/cfg.h>
ARM GAS  /tmp/ccxFrAjF.s 			page 2


  24:src/btphy/inquiry_state.c **** #include <ubtbr/btctl_intf.h>
  25:src/btphy/inquiry_state.c **** #include <ubtbr/btphy.h>
  26:src/btphy/inquiry_state.c **** #include <ubtbr/tdma_sched.h>
  27:src/btphy/inquiry_state.c **** #include <ubtbr/bb.h>
  28:src/btphy/inquiry_state.c **** #include <ubtbr/rx_task.h>
  29:src/btphy/inquiry_state.c **** #include <ubtbr/tx_task.h>
  30:src/btphy/inquiry_state.c **** 
  31:src/btphy/inquiry_state.c **** /* Max duration : 60 seconds */
  32:src/btphy/inquiry_state.c **** #define INQ_MAX_TICKS (CLKN_RATE*60)
  33:src/btphy/inquiry_state.c **** 
  34:src/btphy/inquiry_state.c **** static struct {
  35:src/btphy/inquiry_state.c **** 	uint32_t clkn_start;
  36:src/btphy/inquiry_state.c **** } inquiry_state;
  37:src/btphy/inquiry_state.c **** 
  38:src/btphy/inquiry_state.c **** static int inquiry_canceled(void)
  39:src/btphy/inquiry_state.c **** {
  40:src/btphy/inquiry_state.c **** 	return btctl_get_state() != BTCTL_STATE_INQUIRY;
  41:src/btphy/inquiry_state.c **** }
  42:src/btphy/inquiry_state.c **** 
  43:src/btphy/inquiry_state.c **** #define TX_PREPARE_IDX	3  // We will transmit at clkn1_0 = 0
  44:src/btphy/inquiry_state.c **** 
  45:src/btphy/inquiry_state.c **** static void inquiry_schedule(unsigned delay);
  46:src/btphy/inquiry_state.c **** 
  47:src/btphy/inquiry_state.c **** static int inquiry_rx_cb(msg_t *msg, void *arg, int time_offset)
  48:src/btphy/inquiry_state.c **** {
  49:src/btphy/inquiry_state.c **** 	btctl_hdr_t *h = (btctl_hdr_t*)msg->data;
  50:src/btphy/inquiry_state.c **** 	btctl_rx_pkt_t *pkt;
  51:src/btphy/inquiry_state.c **** 
  52:src/btphy/inquiry_state.c **** 	if (inquiry_canceled())
  53:src/btphy/inquiry_state.c **** 	{
  54:src/btphy/inquiry_state.c **** 		msg_free(msg);
  55:src/btphy/inquiry_state.c **** 		return 0;
  56:src/btphy/inquiry_state.c **** 	}
  57:src/btphy/inquiry_state.c **** 
  58:src/btphy/inquiry_state.c **** 	if (h->type != BTCTL_RX_PKT)
  59:src/btphy/inquiry_state.c **** 		DIE("paging : expect acl rx");
  60:src/btphy/inquiry_state.c **** 	pkt = (btctl_rx_pkt_t *)h->data;
  61:src/btphy/inquiry_state.c **** 
  62:src/btphy/inquiry_state.c **** 	if (!BBPKT_GOOD_CRC(pkt))
  63:src/btphy/inquiry_state.c **** 	{
  64:src/btphy/inquiry_state.c **** 		msg_free(msg);
  65:src/btphy/inquiry_state.c **** 		inquiry_schedule(3&(TX_PREPARE_IDX-CUR_MASTER_SLOT_IDX()));	// schedule tx in next slot
  66:src/btphy/inquiry_state.c **** 	}
  67:src/btphy/inquiry_state.c **** 	else
  68:src/btphy/inquiry_state.c **** 	{
  69:src/btphy/inquiry_state.c **** 		if (pkt->bb_hdr.type == BB_TYPE_FHS)
  70:src/btphy/inquiry_state.c **** 		{
  71:src/btphy/inquiry_state.c **** 			/* Schedule rx EFHS for next RX slot*/
  72:src/btphy/inquiry_state.c **** 			rx_task_schedule(2,
  73:src/btphy/inquiry_state.c **** 				inquiry_rx_cb, NULL,	// efhs rx callback
  74:src/btphy/inquiry_state.c **** 				1<<RX_F_PAYLOAD		// wait for payload
  75:src/btphy/inquiry_state.c **** 			);
  76:src/btphy/inquiry_state.c **** 		}
  77:src/btphy/inquiry_state.c **** 		else
  78:src/btphy/inquiry_state.c **** 		{
  79:src/btphy/inquiry_state.c **** 			/* Schedule normal inquiry */
  80:src/btphy/inquiry_state.c **** 			inquiry_schedule(3&(TX_PREPARE_IDX-CUR_MASTER_SLOT_IDX()));
ARM GAS  /tmp/ccxFrAjF.s 			page 3


  81:src/btphy/inquiry_state.c **** 		}
  82:src/btphy/inquiry_state.c **** 		if (btctl_tx_enqueue(msg))
  83:src/btphy/inquiry_state.c **** 		{
  84:src/btphy/inquiry_state.c **** 			DIE("txq full in inquiry\n");
  85:src/btphy/inquiry_state.c **** 		}
  86:src/btphy/inquiry_state.c **** 	}
  87:src/btphy/inquiry_state.c **** 	return 0;
  88:src/btphy/inquiry_state.c **** }
  89:src/btphy/inquiry_state.c **** 
  90:src/btphy/inquiry_state.c **** static void inquiry_schedule(unsigned delay)
  91:src/btphy/inquiry_state.c **** {
  92:src/btphy/inquiry_state.c **** 	/* FIXME: wrap */
  93:src/btphy/inquiry_state.c **** 	if (btphy.master_clkn >= inquiry_state.clkn_start + INQ_MAX_TICKS)
  94:src/btphy/inquiry_state.c **** 	{
  95:src/btphy/inquiry_state.c **** 		cprintf("inquiry timeout\n");
  96:src/btphy/inquiry_state.c **** 		btctl_set_state(BTCTL_STATE_STANDBY, BTCTL_REASON_TIMEOUT);
  97:src/btphy/inquiry_state.c **** 		return;
  98:src/btphy/inquiry_state.c **** 	}
  99:src/btphy/inquiry_state.c **** 
 100:src/btphy/inquiry_state.c **** 	/* Schedule TX */
 101:src/btphy/inquiry_state.c **** 	tx_task_schedule(delay,
 102:src/btphy/inquiry_state.c **** 		NULL, NULL,
 103:src/btphy/inquiry_state.c **** 		NULL, NULL); // No packet / no payload
 104:src/btphy/inquiry_state.c **** 
 105:src/btphy/inquiry_state.c **** 	/* Schedule rx fhs: */
 106:src/btphy/inquiry_state.c **** 	rx_task_schedule(delay+2,
 107:src/btphy/inquiry_state.c **** 		inquiry_rx_cb, NULL,	// fhs rx callback
 108:src/btphy/inquiry_state.c **** 		1<<RX_F_PAYLOAD		// wait for payload
 109:src/btphy/inquiry_state.c **** 		);
 110:src/btphy/inquiry_state.c **** }
 111:src/btphy/inquiry_state.c **** 
 112:src/btphy/inquiry_state.c **** /* dummy tick handler to start TX'ing with a proper clock */
 113:src/btphy/inquiry_state.c **** static int inquiry_start_sync(uint8_t p1, uint8_t p2, uint16_t p3)
 114:src/btphy/inquiry_state.c **** {
  32              		.loc 1 114 1 view -0
  33              		.cfi_startproc
  34              		@ args = 0, pretend = 0, frame = 0
  35              		@ frame_needed = 0, uses_anonymous_args = 0
  36              		.loc 1 114 1 is_stmt 0 view .LVU1
  37 0000 10B5     		push	{r4, lr}
  38              		.cfi_def_cfa_offset 8
  39              		.cfi_offset 4, -8
  40              		.cfi_offset 14, -4
  41 0002 82B0     		sub	sp, sp, #8
  42              		.cfi_def_cfa_offset 16
 115:src/btphy/inquiry_state.c **** 	unsigned delay;
  43              		.loc 1 115 2 is_stmt 1 view .LVU2
 116:src/btphy/inquiry_state.c **** 
 117:src/btphy/inquiry_state.c **** 	/* Use the master clkn */
 118:src/btphy/inquiry_state.c **** 	btphy_cancel_clkn_delay();
  44              		.loc 1 118 2 view .LVU3
  45 0004 FFF7FEFF 		bl	btphy_cancel_clkn_delay
  46              	.LVL1:
 119:src/btphy/inquiry_state.c **** 	delay = 4+(3&(TX_PREPARE_IDX-CUR_MASTER_SLOT_IDX()));
  47              		.loc 1 119 2 view .LVU4
  48              		.loc 1 119 31 is_stmt 0 view .LVU5
  49 0008 134B     		ldr	r3, .L6
ARM GAS  /tmp/ccxFrAjF.s 			page 4


 120:src/btphy/inquiry_state.c **** 	inquiry_state.clkn_start = btphy.master_clkn+delay;
  50              		.loc 1 120 27 view .LVU6
  51 000a 1449     		ldr	r1, .L6+4
 119:src/btphy/inquiry_state.c **** 	delay = 4+(3&(TX_PREPARE_IDX-CUR_MASTER_SLOT_IDX()));
  52              		.loc 1 119 31 view .LVU7
  53 000c 5A68     		ldr	r2, [r3, #4]
 119:src/btphy/inquiry_state.c **** 	delay = 4+(3&(TX_PREPARE_IDX-CUR_MASTER_SLOT_IDX()));
  54              		.loc 1 119 30 view .LVU8
  55 000e D443     		mvns	r4, r2
 119:src/btphy/inquiry_state.c **** 	delay = 4+(3&(TX_PREPARE_IDX-CUR_MASTER_SLOT_IDX()));
  56              		.loc 1 119 14 view .LVU9
  57 0010 04F00304 		and	r4, r4, #3
 119:src/btphy/inquiry_state.c **** 	delay = 4+(3&(TX_PREPARE_IDX-CUR_MASTER_SLOT_IDX()));
  58              		.loc 1 119 8 view .LVU10
  59 0014 201D     		adds	r0, r4, #4
  60              	.LVL2:
  61              		.loc 1 120 2 is_stmt 1 view .LVU11
  62              		.loc 1 120 46 is_stmt 0 view .LVU12
  63 0016 1318     		adds	r3, r2, r0
  64              		.loc 1 120 27 view .LVU13
  65 0018 0B60     		str	r3, [r1]
 121:src/btphy/inquiry_state.c **** 	inquiry_schedule(delay);
  66              		.loc 1 121 2 is_stmt 1 view .LVU14
  67              	.LVL3:
  68              	.LBB49:
  69              	.LBI49:
  90:src/btphy/inquiry_state.c **** {
  70              		.loc 1 90 13 view .LVU15
  71              	.LBB50:
  93:src/btphy/inquiry_state.c **** 	{
  72              		.loc 1 93 2 view .LVU16
  93:src/btphy/inquiry_state.c **** 	{
  73              		.loc 1 93 52 is_stmt 0 view .LVU17
  74 001a 03F53B33 		add	r3, r3, #191488
  75 001e 03F50073 		add	r3, r3, #512
  93:src/btphy/inquiry_state.c **** 	{
  76              		.loc 1 93 5 view .LVU18
  77 0022 9A42     		cmp	r2, r3
  78 0024 0ED2     		bcs	.L5
 101:src/btphy/inquiry_state.c **** 		NULL, NULL,
  79              		.loc 1 101 2 is_stmt 1 view .LVU19
  80 0026 0022     		movs	r2, #0
  81 0028 1346     		mov	r3, r2
  82 002a 1146     		mov	r1, r2
  83 002c 0092     		str	r2, [sp]
  84 002e FFF7FEFF 		bl	tx_task_schedule
  85              	.LVL4:
 106:src/btphy/inquiry_state.c **** 		inquiry_rx_cb, NULL,	// fhs rx callback
  86              		.loc 1 106 2 view .LVU20
  87 0032 A01D     		adds	r0, r4, #6
  88 0034 0123     		movs	r3, #1
  89 0036 0022     		movs	r2, #0
  90 0038 0949     		ldr	r1, .L6+8
  91 003a FFF7FEFF 		bl	rx_task_schedule
  92              	.LVL5:
 106:src/btphy/inquiry_state.c **** 		inquiry_rx_cb, NULL,	// fhs rx callback
  93              		.loc 1 106 2 is_stmt 0 view .LVU21
ARM GAS  /tmp/ccxFrAjF.s 			page 5


  94              	.LBE50:
  95              	.LBE49:
 122:src/btphy/inquiry_state.c **** 	return 0;
  96              		.loc 1 122 2 is_stmt 1 view .LVU22
 123:src/btphy/inquiry_state.c **** }
  97              		.loc 1 123 1 is_stmt 0 view .LVU23
  98 003e 0020     		movs	r0, #0
  99 0040 02B0     		add	sp, sp, #8
 100              		.cfi_remember_state
 101              		.cfi_def_cfa_offset 8
 102              		@ sp needed
 103 0042 10BD     		pop	{r4, pc}
 104              	.LVL6:
 105              	.L5:
 106              		.cfi_restore_state
 107              	.LBB54:
 108              	.LBB53:
 109              	.LBB51:
 110              	.LBI51:
  90:src/btphy/inquiry_state.c **** {
 111              		.loc 1 90 13 is_stmt 1 view .LVU24
 112              	.LBB52:
  95:src/btphy/inquiry_state.c **** 		btctl_set_state(BTCTL_STATE_STANDBY, BTCTL_REASON_TIMEOUT);
 113              		.loc 1 95 3 view .LVU25
 114 0044 0748     		ldr	r0, .L6+12
 115              	.LVL7:
  95:src/btphy/inquiry_state.c **** 		btctl_set_state(BTCTL_STATE_STANDBY, BTCTL_REASON_TIMEOUT);
 116              		.loc 1 95 3 is_stmt 0 view .LVU26
 117 0046 FFF7FEFF 		bl	cprintf
 118              	.LVL8:
  96:src/btphy/inquiry_state.c **** 		return;
 119              		.loc 1 96 3 is_stmt 1 view .LVU27
 120 004a 0121     		movs	r1, #1
 121 004c 0020     		movs	r0, #0
 122 004e FFF7FEFF 		bl	btctl_set_state
 123              	.LVL9:
  97:src/btphy/inquiry_state.c **** 	}
 124              		.loc 1 97 3 view .LVU28
  97:src/btphy/inquiry_state.c **** 	}
 125              		.loc 1 97 3 is_stmt 0 view .LVU29
 126              	.LBE52:
 127              	.LBE51:
 128              	.LBE53:
 129              	.LBE54:
 122:src/btphy/inquiry_state.c **** }
 130              		.loc 1 122 2 is_stmt 1 view .LVU30
 131              		.loc 1 123 1 is_stmt 0 view .LVU31
 132 0052 0020     		movs	r0, #0
 133 0054 02B0     		add	sp, sp, #8
 134              		.cfi_def_cfa_offset 8
 135              		@ sp needed
 136 0056 10BD     		pop	{r4, pc}
 137              	.LVL10:
 138              	.L7:
 139              		.loc 1 123 1 view .LVU32
 140              		.align	2
 141              	.L6:
ARM GAS  /tmp/ccxFrAjF.s 			page 6


 142 0058 00000000 		.word	btphy
 143 005c 00000000 		.word	.LANCHOR0
 144 0060 00000000 		.word	inquiry_rx_cb
 145 0064 00000000 		.word	.LC0
 146              		.cfi_endproc
 147              	.LFE34:
 149              		.section	.rodata.str1.4
 150 0011 000000   		.align	2
 151              	.LC1:
 152 0014 4449457C 		.ascii	"DIE|paging : expect acl rx\012\000"
 152      70616769 
 152      6E67203A 
 152      20657870 
 152      65637420 
 153              		.align	2
 154              	.LC2:
 155 0030 4449457C 		.ascii	"DIE|txq full in inquiry\012\012\000"
 155      74787120 
 155      66756C6C 
 155      20696E20 
 155      696E7175 
 156              		.section	.text.inquiry_rx_cb,"ax",%progbits
 157              		.align	1
 158              		.p2align 2,,3
 159              		.syntax unified
 160              		.thumb
 161              		.thumb_func
 163              	inquiry_rx_cb:
 164              	.LVL11:
 165              	.LFB32:
  48:src/btphy/inquiry_state.c **** 	btctl_hdr_t *h = (btctl_hdr_t*)msg->data;
 166              		.loc 1 48 1 is_stmt 1 view -0
 167              		.cfi_startproc
 168              		@ args = 0, pretend = 0, frame = 8
 169              		@ frame_needed = 0, uses_anonymous_args = 0
  48:src/btphy/inquiry_state.c **** 	btctl_hdr_t *h = (btctl_hdr_t*)msg->data;
 170              		.loc 1 48 1 is_stmt 0 view .LVU34
 171 0000 30B5     		push	{r4, r5, lr}
 172              		.cfi_def_cfa_offset 12
 173              		.cfi_offset 4, -12
 174              		.cfi_offset 5, -8
 175              		.cfi_offset 14, -4
 176 0002 85B0     		sub	sp, sp, #20
 177              		.cfi_def_cfa_offset 32
  49:src/btphy/inquiry_state.c **** 	btctl_rx_pkt_t *pkt;
 178              		.loc 1 49 2 is_stmt 1 view .LVU35
  50:src/btphy/inquiry_state.c **** 
 179              		.loc 1 50 2 view .LVU36
  52:src/btphy/inquiry_state.c **** 	{
 180              		.loc 1 52 2 view .LVU37
 181              	.LBB87:
 182              	.LBI87:
  38:src/btphy/inquiry_state.c **** {
 183              		.loc 1 38 12 view .LVU38
  40:src/btphy/inquiry_state.c **** }
 184              		.loc 1 40 2 view .LVU39
 185              	.LBB88:
ARM GAS  /tmp/ccxFrAjF.s 			page 7


 186              	.LBI88:
 187              		.file 2 "include/ubtbr/btctl_intf.h"
   1:include/ubtbr/btctl_intf.h **** #ifndef __BTCTL_INTF_H
   2:include/ubtbr/btctl_intf.h **** #define __BTCTL_INTF_H
   3:include/ubtbr/btctl_intf.h **** #include <ubtbr/bb_msg.h>
   4:include/ubtbr/btctl_intf.h **** #include <ubtbr/queue.h>
   5:include/ubtbr/btctl_intf.h **** #include <ubtbr/system.h>
   6:include/ubtbr/btctl_intf.h **** #include <ubertooth_interface.h>
   7:include/ubtbr/btctl_intf.h **** 
   8:include/ubtbr/btctl_intf.h **** typedef struct btctl_s {
   9:include/ubtbr/btctl_intf.h **** 	btctl_state_t state;
  10:include/ubtbr/btctl_intf.h **** 	msg_queue_t rx_q;
  11:include/ubtbr/btctl_intf.h **** 	msg_queue_t tx_q;
  12:include/ubtbr/btctl_intf.h **** 	msg_queue_t acl_tx_q;
  13:include/ubtbr/btctl_intf.h **** 	msg_t *eir_msg;
  14:include/ubtbr/btctl_intf.h **** 	btctl_tx_pkt_t *eir_pkt;
  15:include/ubtbr/btctl_intf.h **** } btctl_t;
  16:include/ubtbr/btctl_intf.h **** 
  17:include/ubtbr/btctl_intf.h **** extern btctl_t btctl;
  18:include/ubtbr/btctl_intf.h **** 
  19:include/ubtbr/btctl_intf.h **** void btctl_init(void);
  20:include/ubtbr/btctl_intf.h **** int btctl_work(void);
  21:include/ubtbr/btctl_intf.h **** 
  22:include/ubtbr/btctl_intf.h **** void btctl_set_state(btctl_state_t state, btctl_reason_t reason);
  23:include/ubtbr/btctl_intf.h **** 
  24:include/ubtbr/btctl_intf.h **** static inline btctl_state_t btctl_get_state(void)
 188              		.loc 2 24 29 view .LVU40
 189              	.LBB89:
  25:include/ubtbr/btctl_intf.h **** {
  26:include/ubtbr/btctl_intf.h **** 	return btctl.state;
 190              		.loc 2 26 2 view .LVU41
 191              		.loc 2 26 14 is_stmt 0 view .LVU42
 192 0004 3A4B     		ldr	r3, .L26
 193              	.LBE89:
 194              	.LBE88:
 195              	.LBE87:
  48:src/btphy/inquiry_state.c **** 	btctl_hdr_t *h = (btctl_hdr_t*)msg->data;
 196              		.loc 1 48 1 view .LVU43
 197 0006 0446     		mov	r4, r0
  52:src/btphy/inquiry_state.c **** 	{
 198              		.loc 1 52 5 discriminator 1 view .LVU44
 199 0008 1D78     		ldrb	r5, [r3]	@ zero_extendqisi2
 200 000a 012D     		cmp	r5, #1
 201 000c 52D1     		bne	.L20
  58:src/btphy/inquiry_state.c **** 		DIE("paging : expect acl rx");
 202              		.loc 1 58 2 is_stmt 1 view .LVU45
  58:src/btphy/inquiry_state.c **** 		DIE("paging : expect acl rx");
 203              		.loc 1 58 5 is_stmt 0 view .LVU46
 204 000e 037B     		ldrb	r3, [r0, #12]	@ zero_extendqisi2
 205 0010 282B     		cmp	r3, #40
 206 0012 6AD1     		bne	.L21
  60:src/btphy/inquiry_state.c **** 
 207              		.loc 1 60 2 is_stmt 1 view .LVU47
  62:src/btphy/inquiry_state.c **** 	{
 208              		.loc 1 62 2 view .LVU48
  62:src/btphy/inquiry_state.c **** 	{
 209              		.loc 1 62 5 is_stmt 0 view .LVU49
ARM GAS  /tmp/ccxFrAjF.s 			page 8


 210 0014 427D     		ldrb	r2, [r0, #21]	@ zero_extendqisi2
 211              	.LVL12:
  62:src/btphy/inquiry_state.c **** 	{
 212              		.loc 1 62 5 view .LVU50
 213 0016 12F00802 		ands	r2, r2, #8
 214 001a 2AD0     		beq	.L22
 215              	.LVL13:
 216              	.LBB90:
 217              	.LBI90:
  47:src/btphy/inquiry_state.c **** {
 218              		.loc 1 47 12 is_stmt 1 view .LVU51
 219              	.LBB91:
  69:src/btphy/inquiry_state.c **** 		{
 220              		.loc 1 69 3 view .LVU52
  69:src/btphy/inquiry_state.c **** 		{
 221              		.loc 1 69 6 is_stmt 0 view .LVU53
 222 001c 407E     		ldrb	r0, [r0, #25]	@ zero_extendqisi2
 223              	.LVL14:
  69:src/btphy/inquiry_state.c **** 		{
 224              		.loc 1 69 6 view .LVU54
 225 001e 0228     		cmp	r0, #2
 226 0020 5DD0     		beq	.L23
  80:src/btphy/inquiry_state.c **** 		}
 227              		.loc 1 80 4 is_stmt 1 view .LVU55
 228              	.LBB92:
 229              	.LBB93:
  93:src/btphy/inquiry_state.c **** 	{
 230              		.loc 1 93 40 is_stmt 0 view .LVU56
 231 0022 344B     		ldr	r3, .L26+4
 232              	.LBE93:
 233              	.LBE92:
  80:src/btphy/inquiry_state.c **** 		}
 234              		.loc 1 80 39 view .LVU57
 235 0024 344A     		ldr	r2, .L26+8
 236              	.LBB101:
 237              	.LBB96:
  93:src/btphy/inquiry_state.c **** 	{
 238              		.loc 1 93 52 view .LVU58
 239 0026 1B68     		ldr	r3, [r3]
 240              	.LBE96:
 241              	.LBE101:
  80:src/btphy/inquiry_state.c **** 		}
 242              		.loc 1 80 39 view .LVU59
 243 0028 5068     		ldr	r0, [r2, #4]
 244              	.LVL15:
 245              	.LBB102:
 246              	.LBI92:
  90:src/btphy/inquiry_state.c **** {
 247              		.loc 1 90 13 is_stmt 1 view .LVU60
 248              	.LBB97:
  93:src/btphy/inquiry_state.c **** 	{
 249              		.loc 1 93 2 view .LVU61
  93:src/btphy/inquiry_state.c **** 	{
 250              		.loc 1 93 52 is_stmt 0 view .LVU62
 251 002a 03F53B33 		add	r3, r3, #191488
 252 002e 03F50073 		add	r3, r3, #512
  93:src/btphy/inquiry_state.c **** 	{
ARM GAS  /tmp/ccxFrAjF.s 			page 9


 253              		.loc 1 93 5 view .LVU63
 254 0032 9842     		cmp	r0, r3
 255 0034 43D2     		bcs	.L24
 101:src/btphy/inquiry_state.c **** 		NULL, NULL,
 256              		.loc 1 101 2 view .LVU64
 257 0036 0022     		movs	r2, #0
 258              	.LBE97:
 259              	.LBE102:
  80:src/btphy/inquiry_state.c **** 		}
 260              		.loc 1 80 22 view .LVU65
 261 0038 C043     		mvns	r0, r0
 262              	.LVL16:
 263              	.LBB103:
 264              	.LBB98:
 101:src/btphy/inquiry_state.c **** 		NULL, NULL,
 265              		.loc 1 101 2 view .LVU66
 266 003a 1346     		mov	r3, r2
 267 003c 1146     		mov	r1, r2
 268              	.LVL17:
 101:src/btphy/inquiry_state.c **** 		NULL, NULL,
 269              		.loc 1 101 2 view .LVU67
 270              	.LBE98:
 271              	.LBE103:
  80:src/btphy/inquiry_state.c **** 		}
 272              		.loc 1 80 4 view .LVU68
 273 003e 00F00300 		and	r0, r0, #3
 274              	.LVL18:
 275              	.LBB104:
 276              	.LBB99:
 101:src/btphy/inquiry_state.c **** 		NULL, NULL,
 277              		.loc 1 101 2 is_stmt 1 view .LVU69
 278 0042 0092     		str	r2, [sp]
 279 0044 0390     		str	r0, [sp, #12]
 280 0046 FFF7FEFF 		bl	tx_task_schedule
 281              	.LVL19:
 106:src/btphy/inquiry_state.c **** 		inquiry_rx_cb, NULL,	// fhs rx callback
 282              		.loc 1 106 2 view .LVU70
 283 004a 0398     		ldr	r0, [sp, #12]
 284 004c 2B46     		mov	r3, r5
 285 004e 0022     		movs	r2, #0
 286 0050 2A49     		ldr	r1, .L26+12
 287 0052 0230     		adds	r0, r0, #2
 288 0054 FFF7FEFF 		bl	rx_task_schedule
 289              	.LVL20:
 290              	.L15:
 106:src/btphy/inquiry_state.c **** 		inquiry_rx_cb, NULL,	// fhs rx callback
 291              		.loc 1 106 2 is_stmt 0 view .LVU71
 292              	.LBE99:
 293              	.LBE104:
  82:src/btphy/inquiry_state.c **** 		{
 294              		.loc 1 82 3 is_stmt 1 view .LVU72
 295              	.LBB105:
 296              	.LBI105:
  27:include/ubtbr/btctl_intf.h **** }
  28:include/ubtbr/btctl_intf.h **** 
  29:include/ubtbr/btctl_intf.h **** static inline btctl_tx_pkt_t *btctl_get_eir(void)
  30:include/ubtbr/btctl_intf.h **** {
ARM GAS  /tmp/ccxFrAjF.s 			page 10


  31:include/ubtbr/btctl_intf.h **** 	return btctl.eir_pkt;
  32:include/ubtbr/btctl_intf.h **** }
  33:include/ubtbr/btctl_intf.h **** 
  34:include/ubtbr/btctl_intf.h **** static inline msg_t *btctl_msg_alloc(unsigned type)
  35:include/ubtbr/btctl_intf.h **** {
  36:include/ubtbr/btctl_intf.h **** 	msg_t *msg;
  37:include/ubtbr/btctl_intf.h **** 	btctl_hdr_t *hdr;
  38:include/ubtbr/btctl_intf.h **** 
  39:include/ubtbr/btctl_intf.h **** 	/* maximum size ?*/
  40:include/ubtbr/btctl_intf.h **** 	msg = msg_alloc(sizeof(btctl_hdr_t)+sizeof(btctl_rx_pkt_t)+MAX_ACL_PACKET_SIZE);
  41:include/ubtbr/btctl_intf.h **** 	hdr = (btctl_hdr_t*) msg_put(msg, sizeof(*hdr));
  42:include/ubtbr/btctl_intf.h **** 	hdr->type = type;
  43:include/ubtbr/btctl_intf.h **** 
  44:include/ubtbr/btctl_intf.h **** 	return msg;
  45:include/ubtbr/btctl_intf.h **** }
  46:include/ubtbr/btctl_intf.h **** 
  47:include/ubtbr/btctl_intf.h **** static inline msg_t *safe_dequeue(msg_queue_t* q)
  48:include/ubtbr/btctl_intf.h **** {
  49:include/ubtbr/btctl_intf.h **** 	uint32_t flags = irq_save_disable();
  50:include/ubtbr/btctl_intf.h **** 	msg_t *msg;
  51:include/ubtbr/btctl_intf.h **** 
  52:include/ubtbr/btctl_intf.h **** 	msg = msg_dequeue(q);
  53:include/ubtbr/btctl_intf.h **** 	irq_restore(flags);
  54:include/ubtbr/btctl_intf.h **** 
  55:include/ubtbr/btctl_intf.h **** 	return msg;
  56:include/ubtbr/btctl_intf.h **** }
  57:include/ubtbr/btctl_intf.h **** 
  58:include/ubtbr/btctl_intf.h **** static inline int safe_enqueue(msg_queue_t *q, msg_t *msg)
  59:include/ubtbr/btctl_intf.h **** {
  60:include/ubtbr/btctl_intf.h **** 	uint32_t flags = irq_save_disable();
  61:include/ubtbr/btctl_intf.h **** 	int rc;
  62:include/ubtbr/btctl_intf.h **** 
  63:include/ubtbr/btctl_intf.h **** 	rc = msg_enqueue(q, msg);
  64:include/ubtbr/btctl_intf.h **** 	irq_restore(flags);
  65:include/ubtbr/btctl_intf.h **** 
  66:include/ubtbr/btctl_intf.h **** 	return rc;
  67:include/ubtbr/btctl_intf.h **** }
  68:include/ubtbr/btctl_intf.h **** 
  69:include/ubtbr/btctl_intf.h **** /* Called by usb driver to retreive next message to send to host */
  70:include/ubtbr/btctl_intf.h **** static inline msg_t *btctl_tx_dequeue(void)
  71:include/ubtbr/btctl_intf.h **** {
  72:include/ubtbr/btctl_intf.h **** 	return safe_dequeue(&btctl.tx_q);
  73:include/ubtbr/btctl_intf.h **** }
  74:include/ubtbr/btctl_intf.h **** 
  75:include/ubtbr/btctl_intf.h **** /* Enqueue a message for host */
  76:include/ubtbr/btctl_intf.h **** static inline int btctl_tx_enqueue(msg_t *msg)
 297              		.loc 2 76 19 view .LVU73
 298              	.LBB106:
  77:include/ubtbr/btctl_intf.h **** {
  78:include/ubtbr/btctl_intf.h **** 	return safe_enqueue(&btctl.tx_q, msg);
 299              		.loc 2 78 2 view .LVU74
 300              	.LBB107:
 301              	.LBI107:
  58:include/ubtbr/btctl_intf.h **** {
 302              		.loc 2 58 19 view .LVU75
 303              	.LBB108:
  60:include/ubtbr/btctl_intf.h **** 	int rc;
ARM GAS  /tmp/ccxFrAjF.s 			page 11


 304              		.loc 2 60 2 view .LVU76
 305              	.LBB109:
 306              	.LBI109:
 307              		.file 3 "include/ubtbr/system.h"
   1:include/ubtbr/system.h **** #ifndef __SYSTEM_H
   2:include/ubtbr/system.h **** #define __SYSTEM_H
   3:include/ubtbr/system.h **** #include <stdint.h>
   4:include/ubtbr/system.h **** 
   5:include/ubtbr/system.h **** static inline uint32_t irq_save_disable(void)
 308              		.loc 3 5 24 view .LVU77
 309              	.LBB110:
   6:include/ubtbr/system.h **** {
   7:include/ubtbr/system.h **** 	uint32_t primask;
 310              		.loc 3 7 2 view .LVU78
   8:include/ubtbr/system.h **** 
   9:include/ubtbr/system.h **** 	__asm__ __volatile__ (
 311              		.loc 3 9 2 view .LVU79
 312              		.syntax unified
 313              	@ 9 "include/ubtbr/system.h" 1
 314 0058 EFF31085 			mrs    r5, primask
 315 005c 72B6     		cpsid  i
 316              	
 317              	@ 0 "" 2
  10:include/ubtbr/system.h **** 	"\tmrs    %0, primask\n"
  11:include/ubtbr/system.h **** 	"\tcpsid  i\n"
  12:include/ubtbr/system.h **** 	: "=r" (primask)
  13:include/ubtbr/system.h **** 	:
  14:include/ubtbr/system.h **** 	: "memory");
  15:include/ubtbr/system.h **** 
  16:include/ubtbr/system.h **** 	return primask;
 318              		.loc 3 16 2 view .LVU80
 319              	.LVL21:
 320              		.loc 3 16 2 is_stmt 0 view .LVU81
 321              		.thumb
 322              		.syntax unified
 323              	.LBE110:
 324              	.LBE109:
  61:include/ubtbr/btctl_intf.h **** 
 325              		.loc 2 61 2 is_stmt 1 view .LVU82
  63:include/ubtbr/btctl_intf.h **** 	irq_restore(flags);
 326              		.loc 2 63 2 view .LVU83
  63:include/ubtbr/btctl_intf.h **** 	irq_restore(flags);
 327              		.loc 2 63 7 is_stmt 0 view .LVU84
 328 005e 2848     		ldr	r0, .L26+16
 329              	.LVL22:
  63:include/ubtbr/btctl_intf.h **** 	irq_restore(flags);
 330              		.loc 2 63 7 view .LVU85
 331 0060 2146     		mov	r1, r4
 332 0062 FFF7FEFF 		bl	msg_enqueue
 333              	.LVL23:
  64:include/ubtbr/btctl_intf.h **** 
 334              		.loc 2 64 2 is_stmt 1 view .LVU86
 335              	.LBB111:
 336              	.LBI111:
  17:include/ubtbr/system.h **** }
  18:include/ubtbr/system.h **** 
  19:include/ubtbr/system.h **** static inline void irq_restore(uint32_t primask)
ARM GAS  /tmp/ccxFrAjF.s 			page 12


 337              		.loc 3 19 20 view .LVU87
 338              	.LBB112:
  20:include/ubtbr/system.h **** {
  21:include/ubtbr/system.h **** 	__asm__ __volatile__ (
 339              		.loc 3 21 2 view .LVU88
 340              		.syntax unified
 341              	@ 21 "include/ubtbr/system.h" 1
 342 0066 85F31088 		msr primask, r5
 343              	@ 0 "" 2
 344              	.LVL24:
 345              		.loc 3 21 2 is_stmt 0 view .LVU89
 346              		.thumb
 347              		.syntax unified
 348              	.LBE112:
 349              	.LBE111:
  66:include/ubtbr/btctl_intf.h **** }
 350              		.loc 2 66 2 is_stmt 1 view .LVU90
  66:include/ubtbr/btctl_intf.h **** }
 351              		.loc 2 66 2 is_stmt 0 view .LVU91
 352              	.LBE108:
 353              	.LBE107:
 354              	.LBE106:
 355              	.LBE105:
  82:src/btphy/inquiry_state.c **** 		{
 356              		.loc 1 82 6 discriminator 1 view .LVU92
 357 006a 28B3     		cbz	r0, .L10
  84:src/btphy/inquiry_state.c **** 		}
 358              		.loc 1 84 4 is_stmt 1 view .LVU93
 359 006c 2548     		ldr	r0, .L26+20
 360 006e FFF7FEFF 		bl	die
 361              	.LVL25:
 362              	.L22:
  84:src/btphy/inquiry_state.c **** 		}
 363              		.loc 1 84 4 is_stmt 0 view .LVU94
 364              	.LBE91:
 365              	.LBE90:
  64:src/btphy/inquiry_state.c **** 		inquiry_schedule(3&(TX_PREPARE_IDX-CUR_MASTER_SLOT_IDX()));	// schedule tx in next slot
 366              		.loc 1 64 3 is_stmt 1 view .LVU95
 367              	.LBB116:
 368              	.LBI116:
 369              		.file 4 "include/ubtbr/msg.h"
   1:include/ubtbr/msg.h **** #ifndef __DEF_MSG_H
   2:include/ubtbr/msg.h **** #define __DEF_MSG_H
   3:include/ubtbr/msg.h **** #include <stdint.h>
   4:include/ubtbr/msg.h **** 
   5:include/ubtbr/msg.h **** typedef struct msg_s {
   6:include/ubtbr/msg.h **** 	uint16_t len;
   7:include/ubtbr/msg.h **** 	uint16_t data_len;
   8:include/ubtbr/msg.h **** 	uint8_t *read;
   9:include/ubtbr/msg.h **** 	uint8_t *write;
  10:include/ubtbr/msg.h **** 	/* never move head */
  11:include/ubtbr/msg.h **** 	uint8_t data[0];
  12:include/ubtbr/msg.h **** } msg_t;
  13:include/ubtbr/msg.h **** 
  14:include/ubtbr/msg.h **** /* Allocate a msg_t wigh given room*/
  15:include/ubtbr/msg.h **** static inline msg_t *msg_alloc(unsigned size)
  16:include/ubtbr/msg.h **** {
ARM GAS  /tmp/ccxFrAjF.s 			page 13


  17:include/ubtbr/msg.h **** 	msg_t *msg = (msg_t*)btctl_mem_alloc(sizeof(msg_t)+size);
  18:include/ubtbr/msg.h **** 
  19:include/ubtbr/msg.h **** 	msg->write = msg->data;
  20:include/ubtbr/msg.h **** 	msg->read = msg->data;
  21:include/ubtbr/msg.h **** 	msg->data_len = size;
  22:include/ubtbr/msg.h **** 
  23:include/ubtbr/msg.h **** 	return msg;
  24:include/ubtbr/msg.h **** }
  25:include/ubtbr/msg.h **** 
  26:include/ubtbr/msg.h **** static inline void msg_free(msg_t *msg)
 370              		.loc 4 26 20 view .LVU96
 371              	.LBB117:
  27:include/ubtbr/msg.h **** {
  28:include/ubtbr/msg.h **** 	btctl_mem_free(msg);
 372              		.loc 4 28 2 view .LVU97
 373 0072 0392     		str	r2, [sp, #12]
 374 0074 FFF7FEFF 		bl	mem_pool_free
 375              	.LVL26:
 376              		.loc 4 28 2 is_stmt 0 view .LVU98
 377              	.LBE117:
 378              	.LBE116:
  65:src/btphy/inquiry_state.c **** 	}
 379              		.loc 1 65 3 is_stmt 1 view .LVU99
 380              	.LBB118:
 381              	.LBB119:
  93:src/btphy/inquiry_state.c **** 	{
 382              		.loc 1 93 40 is_stmt 0 view .LVU100
 383 0078 1E4B     		ldr	r3, .L26+4
 384              	.LBE119:
 385              	.LBE118:
  65:src/btphy/inquiry_state.c **** 	}
 386              		.loc 1 65 38 view .LVU101
 387 007a 1F49     		ldr	r1, .L26+8
 388              	.LBB126:
 389              	.LBB122:
  93:src/btphy/inquiry_state.c **** 	{
 390              		.loc 1 93 52 view .LVU102
 391 007c 1B68     		ldr	r3, [r3]
 392              	.LBE122:
 393              	.LBE126:
  65:src/btphy/inquiry_state.c **** 	}
 394              		.loc 1 65 38 view .LVU103
 395 007e 4868     		ldr	r0, [r1, #4]
 396              	.LVL27:
 397              	.LBB127:
 398              	.LBI118:
  90:src/btphy/inquiry_state.c **** {
 399              		.loc 1 90 13 is_stmt 1 view .LVU104
 400              	.LBB123:
  93:src/btphy/inquiry_state.c **** 	{
 401              		.loc 1 93 2 view .LVU105
  93:src/btphy/inquiry_state.c **** 	{
 402              		.loc 1 93 52 is_stmt 0 view .LVU106
 403 0080 03F53B33 		add	r3, r3, #191488
 404 0084 03F50073 		add	r3, r3, #512
  93:src/btphy/inquiry_state.c **** 	{
 405              		.loc 1 93 5 view .LVU107
ARM GAS  /tmp/ccxFrAjF.s 			page 14


 406 0088 9842     		cmp	r0, r3
 407 008a 039A     		ldr	r2, [sp, #12]
 408 008c 1FD2     		bcs	.L25
 409              	.LBE123:
 410              	.LBE127:
  65:src/btphy/inquiry_state.c **** 	}
 411              		.loc 1 65 21 view .LVU108
 412 008e C043     		mvns	r0, r0
 413              	.LVL28:
  65:src/btphy/inquiry_state.c **** 	}
 414              		.loc 1 65 3 view .LVU109
 415 0090 00F00304 		and	r4, r0, #3
 416              	.LVL29:
 417              	.LBB128:
 418              	.LBB124:
 101:src/btphy/inquiry_state.c **** 		NULL, NULL,
 419              		.loc 1 101 2 is_stmt 1 view .LVU110
 420 0094 1346     		mov	r3, r2
 421 0096 1146     		mov	r1, r2
 422 0098 2046     		mov	r0, r4
 423              	.LVL30:
 101:src/btphy/inquiry_state.c **** 		NULL, NULL,
 424              		.loc 1 101 2 is_stmt 0 view .LVU111
 425 009a 0092     		str	r2, [sp]
 426 009c 0392     		str	r2, [sp, #12]
 427 009e FFF7FEFF 		bl	tx_task_schedule
 428              	.LVL31:
 106:src/btphy/inquiry_state.c **** 		inquiry_rx_cb, NULL,	// fhs rx callback
 429              		.loc 1 106 2 is_stmt 1 view .LVU112
 430 00a2 A01C     		adds	r0, r4, #2
 431 00a4 2B46     		mov	r3, r5
 432 00a6 039A     		ldr	r2, [sp, #12]
 433 00a8 1449     		ldr	r1, .L26+12
 434 00aa FFF7FEFF 		bl	rx_task_schedule
 435              	.LVL32:
 106:src/btphy/inquiry_state.c **** 		inquiry_rx_cb, NULL,	// fhs rx callback
 436              		.loc 1 106 2 is_stmt 0 view .LVU113
 437              	.LBE124:
 438              	.LBE128:
  88:src/btphy/inquiry_state.c **** 
 439              		.loc 1 88 1 view .LVU114
 440 00ae 0020     		movs	r0, #0
 441 00b0 05B0     		add	sp, sp, #20
 442              		.cfi_remember_state
 443              		.cfi_def_cfa_offset 12
 444              		@ sp needed
 445 00b2 30BD     		pop	{r4, r5, pc}
 446              	.LVL33:
 447              	.L20:
 448              		.cfi_restore_state
  54:src/btphy/inquiry_state.c **** 		return 0;
 449              		.loc 1 54 3 is_stmt 1 view .LVU115
 450              	.LBB129:
 451              	.LBI129:
  26:include/ubtbr/msg.h **** {
 452              		.loc 4 26 20 view .LVU116
 453              	.LBB130:
ARM GAS  /tmp/ccxFrAjF.s 			page 15


 454              		.loc 4 28 2 view .LVU117
 455 00b4 FFF7FEFF 		bl	mem_pool_free
 456              	.LVL34:
 457              		.loc 4 28 2 is_stmt 0 view .LVU118
 458              	.LBE130:
 459              	.LBE129:
  55:src/btphy/inquiry_state.c **** 	}
 460              		.loc 1 55 3 is_stmt 1 view .LVU119
 461              	.L10:
  88:src/btphy/inquiry_state.c **** 
 462              		.loc 1 88 1 is_stmt 0 view .LVU120
 463 00b8 0020     		movs	r0, #0
 464 00ba 05B0     		add	sp, sp, #20
 465              		.cfi_remember_state
 466              		.cfi_def_cfa_offset 12
 467              		@ sp needed
 468 00bc 30BD     		pop	{r4, r5, pc}
 469              	.LVL35:
 470              	.L24:
 471              		.cfi_restore_state
 472              	.LBB131:
 473              	.LBB114:
 474              	.LBB113:
 475              	.LBB100:
 476              	.LBB94:
 477              	.LBI94:
  90:src/btphy/inquiry_state.c **** {
 478              		.loc 1 90 13 is_stmt 1 view .LVU121
 479              	.LBB95:
  95:src/btphy/inquiry_state.c **** 		btctl_set_state(BTCTL_STATE_STANDBY, BTCTL_REASON_TIMEOUT);
 480              		.loc 1 95 3 view .LVU122
 481 00be 1248     		ldr	r0, .L26+24
 482              	.LVL36:
  95:src/btphy/inquiry_state.c **** 		btctl_set_state(BTCTL_STATE_STANDBY, BTCTL_REASON_TIMEOUT);
 483              		.loc 1 95 3 is_stmt 0 view .LVU123
 484 00c0 FFF7FEFF 		bl	cprintf
 485              	.LVL37:
  96:src/btphy/inquiry_state.c **** 		return;
 486              		.loc 1 96 3 is_stmt 1 view .LVU124
 487 00c4 2946     		mov	r1, r5
 488 00c6 0020     		movs	r0, #0
 489 00c8 FFF7FEFF 		bl	btctl_set_state
 490              	.LVL38:
  97:src/btphy/inquiry_state.c **** 	}
 491              		.loc 1 97 3 view .LVU125
  97:src/btphy/inquiry_state.c **** 	}
 492              		.loc 1 97 3 is_stmt 0 view .LVU126
 493 00cc C4E7     		b	.L15
 494              	.LVL39:
 495              	.L25:
  97:src/btphy/inquiry_state.c **** 	}
 496              		.loc 1 97 3 view .LVU127
 497              	.LBE95:
 498              	.LBE94:
 499              	.LBE100:
 500              	.LBE113:
 501              	.LBE114:
ARM GAS  /tmp/ccxFrAjF.s 			page 16


 502              	.LBE131:
 503              	.LBB132:
 504              	.LBB125:
 505              	.LBB120:
 506              	.LBI120:
  90:src/btphy/inquiry_state.c **** {
 507              		.loc 1 90 13 is_stmt 1 view .LVU128
 508              	.LBB121:
  95:src/btphy/inquiry_state.c **** 		btctl_set_state(BTCTL_STATE_STANDBY, BTCTL_REASON_TIMEOUT);
 509              		.loc 1 95 3 view .LVU129
 510 00ce 0E48     		ldr	r0, .L26+24
 511              	.LVL40:
  95:src/btphy/inquiry_state.c **** 		btctl_set_state(BTCTL_STATE_STANDBY, BTCTL_REASON_TIMEOUT);
 512              		.loc 1 95 3 is_stmt 0 view .LVU130
 513 00d0 FFF7FEFF 		bl	cprintf
 514              	.LVL41:
  96:src/btphy/inquiry_state.c **** 		return;
 515              		.loc 1 96 3 is_stmt 1 view .LVU131
 516 00d4 2946     		mov	r1, r5
 517 00d6 0398     		ldr	r0, [sp, #12]
 518 00d8 FFF7FEFF 		bl	btctl_set_state
 519              	.LVL42:
  97:src/btphy/inquiry_state.c **** 	}
 520              		.loc 1 97 3 view .LVU132
  97:src/btphy/inquiry_state.c **** 	}
 521              		.loc 1 97 3 is_stmt 0 view .LVU133
 522 00dc ECE7     		b	.L10
 523              	.LVL43:
 524              	.L23:
  97:src/btphy/inquiry_state.c **** 	}
 525              		.loc 1 97 3 view .LVU134
 526              	.LBE121:
 527              	.LBE120:
 528              	.LBE125:
 529              	.LBE132:
 530              	.LBB133:
 531              	.LBB115:
  72:src/btphy/inquiry_state.c **** 				inquiry_rx_cb, NULL,	// efhs rx callback
 532              		.loc 1 72 4 is_stmt 1 view .LVU135
 533 00de 2B46     		mov	r3, r5
 534 00e0 0022     		movs	r2, #0
 535 00e2 0649     		ldr	r1, .L26+12
 536              	.LVL44:
  72:src/btphy/inquiry_state.c **** 				inquiry_rx_cb, NULL,	// efhs rx callback
 537              		.loc 1 72 4 is_stmt 0 view .LVU136
 538 00e4 FFF7FEFF 		bl	rx_task_schedule
 539              	.LVL45:
 540 00e8 B6E7     		b	.L15
 541              	.LVL46:
 542              	.L21:
  72:src/btphy/inquiry_state.c **** 				inquiry_rx_cb, NULL,	// efhs rx callback
 543              		.loc 1 72 4 view .LVU137
 544              	.LBE115:
 545              	.LBE133:
  59:src/btphy/inquiry_state.c **** 	pkt = (btctl_rx_pkt_t *)h->data;
 546              		.loc 1 59 3 is_stmt 1 view .LVU138
 547 00ea 0848     		ldr	r0, .L26+28
ARM GAS  /tmp/ccxFrAjF.s 			page 17


 548              	.LVL47:
  59:src/btphy/inquiry_state.c **** 	pkt = (btctl_rx_pkt_t *)h->data;
 549              		.loc 1 59 3 is_stmt 0 view .LVU139
 550 00ec FFF7FEFF 		bl	die
 551              	.LVL48:
 552              	.L27:
  59:src/btphy/inquiry_state.c **** 	pkt = (btctl_rx_pkt_t *)h->data;
 553              		.loc 1 59 3 view .LVU140
 554              		.align	2
 555              	.L26:
 556 00f0 00000000 		.word	btctl
 557 00f4 00000000 		.word	.LANCHOR0
 558 00f8 00000000 		.word	btphy
 559 00fc 00000000 		.word	inquiry_rx_cb
 560 0100 2C000000 		.word	btctl+44
 561 0104 30000000 		.word	.LC2
 562 0108 00000000 		.word	.LC0
 563 010c 14000000 		.word	.LC1
 564              		.cfi_endproc
 565              	.LFE32:
 567              		.section	.text.inquiry_state_setup,"ax",%progbits
 568              		.align	1
 569              		.p2align 2,,3
 570              		.global	inquiry_state_setup
 571              		.syntax unified
 572              		.thumb
 573              		.thumb_func
 575              	inquiry_state_setup:
 576              	.LFB35:
 124:src/btphy/inquiry_state.c **** 
 125:src/btphy/inquiry_state.c **** /*
 126:src/btphy/inquiry_state.c ****  * Inquiry master
 127:src/btphy/inquiry_state.c ****  */
 128:src/btphy/inquiry_state.c **** void inquiry_state_setup(void)
 129:src/btphy/inquiry_state.c **** {
 577              		.loc 1 129 1 is_stmt 1 view -0
 578              		.cfi_startproc
 579              		@ args = 0, pretend = 0, frame = 0
 580              		@ frame_needed = 0, uses_anonymous_args = 0
 581 0000 00B5     		push	{lr}
 582              		.cfi_def_cfa_offset 4
 583              		.cfi_offset 14, -4
 584 0002 83B0     		sub	sp, sp, #12
 585              		.cfi_def_cfa_offset 16
 130:src/btphy/inquiry_state.c **** 	/* Init only with the lap, DCI(0) is used as UAP */
 131:src/btphy/inquiry_state.c **** 	btphy_set_mode(BT_MODE_INQUIRY, GIAC, 0);
 586              		.loc 1 131 2 view .LVU142
 587 0004 0022     		movs	r2, #0
 588 0006 0A49     		ldr	r1, .L29
 589 0008 1046     		mov	r0, r2
 590 000a FFF7FEFF 		bl	btphy_set_mode
 591              	.LVL49:
 132:src/btphy/inquiry_state.c **** 
 133:src/btphy/inquiry_state.c **** 	tdma_schedule(2, inquiry_start_sync, 0,0,0,-3);
 592              		.loc 1 133 2 view .LVU143
 593 000e 0023     		movs	r3, #0
 594 0010 6FF00202 		mvn	r2, #2
ARM GAS  /tmp/ccxFrAjF.s 			page 18


 595 0014 0749     		ldr	r1, .L29+4
 596 0016 0192     		str	r2, [sp, #4]
 597 0018 0093     		str	r3, [sp]
 598 001a 1A46     		mov	r2, r3
 599 001c 0220     		movs	r0, #2
 600 001e FFF7FEFF 		bl	tdma_schedule
 601              	.LVL50:
 134:src/btphy/inquiry_state.c **** 	btctl_set_state(BTCTL_STATE_INQUIRY, BTCTL_REASON_SUCCESS);
 602              		.loc 1 134 2 view .LVU144
 603 0022 0021     		movs	r1, #0
 604 0024 0120     		movs	r0, #1
 135:src/btphy/inquiry_state.c **** }
 605              		.loc 1 135 1 is_stmt 0 view .LVU145
 606 0026 03B0     		add	sp, sp, #12
 607              		.cfi_def_cfa_offset 4
 608              		@ sp needed
 609 0028 5DF804EB 		ldr	lr, [sp], #4
 610              		.cfi_restore 14
 611              		.cfi_def_cfa_offset 0
 134:src/btphy/inquiry_state.c **** 	btctl_set_state(BTCTL_STATE_INQUIRY, BTCTL_REASON_SUCCESS);
 612              		.loc 1 134 2 view .LVU146
 613 002c FFF7FEBF 		b	btctl_set_state
 614              	.LVL51:
 615              	.L30:
 616              		.align	2
 617              	.L29:
 618 0030 338B9E00 		.word	10390323
 619 0034 00000000 		.word	inquiry_start_sync
 620              		.cfi_endproc
 621              	.LFE35:
 623              		.bss
 624              		.align	2
 625              		.set	.LANCHOR0,. + 0
 628              	inquiry_state:
 629 0000 00000000 		.space	4
 630              		.text
 631              	.Letext0:
 632              		.file 5 "/usr/arm-none-eabi/include/machine/_default_types.h"
 633              		.file 6 "/usr/arm-none-eabi/include/sys/_stdint.h"
 634              		.file 7 "../../host/libubertooth/src/ubertooth_interface.h"
 635              		.file 8 "include/ubtbr/queue.h"
 636              		.file 9 "include/ubtbr/btphy.h"
 637              		.file 10 "include/ubtbr/tdma_sched.h"
 638              		.file 11 "include/ubtbr/bb.h"
 639              		.file 12 "include/ubtbr/rx_task.h"
 640              		.file 13 "include/ubtbr/tx_task.h"
 641              		.file 14 "include/ubtbr/mem_pool.h"
 642              		.file 15 "include/ubtbr/debug.h"
ARM GAS  /tmp/ccxFrAjF.s 			page 19


DEFINED SYMBOLS
                            *ABS*:00000000 inquiry_state.c
     /tmp/ccxFrAjF.s:19     .rodata.str1.4:00000000 $d
     /tmp/ccxFrAjF.s:23     .text.inquiry_start_sync:00000000 $t
     /tmp/ccxFrAjF.s:29     .text.inquiry_start_sync:00000000 inquiry_start_sync
     /tmp/ccxFrAjF.s:142    .text.inquiry_start_sync:00000058 $d
     /tmp/ccxFrAjF.s:163    .text.inquiry_rx_cb:00000000 inquiry_rx_cb
     /tmp/ccxFrAjF.s:157    .text.inquiry_rx_cb:00000000 $t
     /tmp/ccxFrAjF.s:556    .text.inquiry_rx_cb:000000f0 $d
     /tmp/ccxFrAjF.s:568    .text.inquiry_state_setup:00000000 $t
     /tmp/ccxFrAjF.s:575    .text.inquiry_state_setup:00000000 inquiry_state_setup
     /tmp/ccxFrAjF.s:618    .text.inquiry_state_setup:00000030 $d
     /tmp/ccxFrAjF.s:624    .bss:00000000 $d
     /tmp/ccxFrAjF.s:628    .bss:00000000 inquiry_state

UNDEFINED SYMBOLS
btphy_cancel_clkn_delay
tx_task_schedule
rx_task_schedule
cprintf
btctl_set_state
btphy
msg_enqueue
die
mem_pool_free
btctl
btphy_set_mode
tdma_schedule
