ARM GAS  /tmp/ccJrwzKe.s 			page 1


   1              		.cpu cortex-m3
   2              		.arch armv7-m
   3              		.fpu softvfp
   4              		.eabi_attribute 20, 1
   5              		.eabi_attribute 21, 1
   6              		.eabi_attribute 23, 3
   7              		.eabi_attribute 24, 1
   8              		.eabi_attribute 25, 1
   9              		.eabi_attribute 26, 1
  10              		.eabi_attribute 30, 2
  11              		.eabi_attribute 34, 1
  12              		.eabi_attribute 18, 4
  13              		.file	"master_state.c"
  14              		.text
  15              	.Ltext0:
  16              		.cfi_sections	.debug_frame
  17              		.file 1 "src/btphy/master_state.c"
  18              		.section	.text.tx_done_cb,"ax",%progbits
  19              		.align	1
  20              		.p2align 2,,3
  21              		.syntax unified
  22              		.thumb
  23              		.thumb_func
  25              	tx_done_cb:
  26              	.LVL0:
  27              	.LFB34:
   1:src/btphy/master_state.c **** /* Master connection state
   2:src/btphy/master_state.c ****  *
   3:src/btphy/master_state.c ****  * Copyright 2020 Etienne Helluy-Lafont, Univ. Lille, CNRS.
   4:src/btphy/master_state.c ****  *
   5:src/btphy/master_state.c ****  * This file is part of Project Ubertooth.
   6:src/btphy/master_state.c ****  *
   7:src/btphy/master_state.c ****  * This program is free software; you can redistribute it and/or modify
   8:src/btphy/master_state.c ****  * it under the terms of the GNU General Public License as published by
   9:src/btphy/master_state.c ****  * the Free Software Foundation; either version 2, or (at your option)
  10:src/btphy/master_state.c ****  * any later version.
  11:src/btphy/master_state.c ****  *
  12:src/btphy/master_state.c ****  * This program is distributed in the hope that it will be useful,
  13:src/btphy/master_state.c ****  * but WITHOUT ANY WARRANTY; without even the implied warranty of
  14:src/btphy/master_state.c ****  * MERCHANTABILITY or FITNESS FOR A PARTICULAR PURPOSE.  See the
  15:src/btphy/master_state.c ****  * GNU General Public License for more details.
  16:src/btphy/master_state.c ****  *
  17:src/btphy/master_state.c ****  * You should have received a copy of the GNU General Public License
  18:src/btphy/master_state.c ****  * along with this program; see the file COPYING.  If not, write to
  19:src/btphy/master_state.c ****  * the Free Software Foundation, Inc., 51 Franklin Street,
  20:src/btphy/master_state.c ****  * Boston, MA 02110-1301, USA.
  21:src/btphy/master_state.c ****  */
  22:src/btphy/master_state.c **** #include <string.h>
  23:src/btphy/master_state.c **** #include <ubtbr/cfg.h>
  24:src/btphy/master_state.c **** #include <ubtbr/btctl_intf.h>
  25:src/btphy/master_state.c **** #include <ubtbr/btphy.h>
  26:src/btphy/master_state.c **** #include <ubtbr/tdma_sched.h>
  27:src/btphy/master_state.c **** #include <ubtbr/bb.h>
  28:src/btphy/master_state.c **** #include <ubtbr/rx_task.h>
  29:src/btphy/master_state.c **** #include <ubtbr/tx_task.h>
  30:src/btphy/master_state.c **** #include <ubtbr/ll.h>
  31:src/btphy/master_state.c **** 
ARM GAS  /tmp/ccJrwzKe.s 			page 2


  32:src/btphy/master_state.c **** #define TX_PREPARE_IDX	3  // We will transmit at clkn1_0 = 0
  33:src/btphy/master_state.c **** #define RX_PREPARE_IDX	1  //  We will receive at clkn1_0 = 2
  34:src/btphy/master_state.c **** 
  35:src/btphy/master_state.c **** static struct {
  36:src/btphy/master_state.c **** 	link_layer_t ll;
  37:src/btphy/master_state.c **** } master_state;
  38:src/btphy/master_state.c **** 
  39:src/btphy/master_state.c **** static void master_state_schedule_tx(unsigned skip_slots);
  40:src/btphy/master_state.c **** static void master_state_schedule_rx(unsigned skip_slots);
  41:src/btphy/master_state.c **** 
  42:src/btphy/master_state.c **** static int master_canceled(void)
  43:src/btphy/master_state.c **** {
  44:src/btphy/master_state.c **** 	return btctl_get_state() != BTCTL_STATE_CONNECTED;
  45:src/btphy/master_state.c **** }
  46:src/btphy/master_state.c **** 
  47:src/btphy/master_state.c **** static int master_rx_cb(msg_t *msg, void *arg, int time_offset)
  48:src/btphy/master_state.c **** {
  49:src/btphy/master_state.c **** 	int rc;
  50:src/btphy/master_state.c **** 
  51:src/btphy/master_state.c **** 	if (master_canceled())
  52:src/btphy/master_state.c **** 	{
  53:src/btphy/master_state.c **** 		msg_free(msg);
  54:src/btphy/master_state.c **** 		ll_reset(&master_state.ll);
  55:src/btphy/master_state.c **** 		return 0;
  56:src/btphy/master_state.c **** 	}
  57:src/btphy/master_state.c **** 	rc = ll_process_rx(&master_state.ll, msg);
  58:src/btphy/master_state.c **** 
  59:src/btphy/master_state.c **** 	if (rc < 0)
  60:src/btphy/master_state.c **** 	{
  61:src/btphy/master_state.c **** 		ll_reset(&master_state.ll);
  62:src/btphy/master_state.c **** 		btctl_set_state(BTCTL_STATE_STANDBY, -rc);
  63:src/btphy/master_state.c **** 	}
  64:src/btphy/master_state.c **** 	else if (rc == 1)
  65:src/btphy/master_state.c **** 	{
  66:src/btphy/master_state.c **** 		master_state_schedule_tx(0);
  67:src/btphy/master_state.c **** 	}
  68:src/btphy/master_state.c **** 	else
  69:src/btphy/master_state.c **** 	{
  70:src/btphy/master_state.c **** 		master_state_schedule_rx(0);
  71:src/btphy/master_state.c **** 	}
  72:src/btphy/master_state.c **** 	return 0;
  73:src/btphy/master_state.c **** }
  74:src/btphy/master_state.c **** 
  75:src/btphy/master_state.c **** static void master_state_schedule_rx(unsigned skip_slots)
  76:src/btphy/master_state.c **** {
  77:src/btphy/master_state.c **** 	/* Wait for next rx slot */
  78:src/btphy/master_state.c **** 	unsigned delay = 4*skip_slots+(3&(RX_PREPARE_IDX-CUR_MASTER_SLOT_IDX()));
  79:src/btphy/master_state.c **** 
  80:src/btphy/master_state.c **** 	/* Schedule rx: */
  81:src/btphy/master_state.c **** 	rx_task_schedule(delay,
  82:src/btphy/master_state.c **** 		master_rx_cb, NULL,	// ID rx callback
  83:src/btphy/master_state.c **** 		1<<RX_F_PAYLOAD		// wait for header
  84:src/btphy/master_state.c **** 	);
  85:src/btphy/master_state.c **** }
  86:src/btphy/master_state.c **** 
  87:src/btphy/master_state.c **** static void tx_done_cb(void* arg)
  88:src/btphy/master_state.c **** {
ARM GAS  /tmp/ccJrwzKe.s 			page 3


  28              		.loc 1 88 1 view -0
  29              		.cfi_startproc
  30              		@ args = 0, pretend = 0, frame = 0
  31              		@ frame_needed = 0, uses_anonymous_args = 0
  32              		@ link register save eliminated.
  33              		.loc 1 88 1 is_stmt 0 view .LVU1
  89:src/btphy/master_state.c **** 	master_state_schedule_rx(0);
  34              		.loc 1 89 2 is_stmt 1 view .LVU2
  35              	.LVL1:
  36              	.LBB21:
  37              	.LBI21:
  75:src/btphy/master_state.c **** {
  38              		.loc 1 75 13 view .LVU3
  39              	.LBB22:
  78:src/btphy/master_state.c **** 
  40              		.loc 1 78 2 view .LVU4
  81:src/btphy/master_state.c **** 		master_rx_cb, NULL,	// ID rx callback
  41              		.loc 1 81 2 view .LVU5
  42 0000 0123     		movs	r3, #1
  78:src/btphy/master_state.c **** 
  43              		.loc 1 78 51 is_stmt 0 view .LVU6
  44 0002 044A     		ldr	r2, .L3
  81:src/btphy/master_state.c **** 		master_rx_cb, NULL,	// ID rx callback
  45              		.loc 1 81 2 view .LVU7
  46 0004 0449     		ldr	r1, .L3+4
  78:src/btphy/master_state.c **** 
  47              		.loc 1 78 34 view .LVU8
  48 0006 5068     		ldr	r0, [r2, #4]
  49              	.LVL2:
  81:src/btphy/master_state.c **** 		master_rx_cb, NULL,	// ID rx callback
  50              		.loc 1 81 2 view .LVU9
  51 0008 0022     		movs	r2, #0
  78:src/btphy/master_state.c **** 
  52              		.loc 1 78 34 view .LVU10
  53 000a 181A     		subs	r0, r3, r0
  81:src/btphy/master_state.c **** 		master_rx_cb, NULL,	// ID rx callback
  54              		.loc 1 81 2 view .LVU11
  55 000c 00F00300 		and	r0, r0, #3
  56 0010 FFF7FEBF 		b	rx_task_schedule
  57              	.LVL3:
  58              	.L4:
  81:src/btphy/master_state.c **** 		master_rx_cb, NULL,	// ID rx callback
  59              		.loc 1 81 2 view .LVU12
  60              		.align	2
  61              	.L3:
  62 0014 00000000 		.word	btphy
  63 0018 00000000 		.word	master_rx_cb
  64              	.LBE22:
  65              	.LBE21:
  66              		.cfi_endproc
  67              	.LFE34:
  69              		.section	.text.master_rx_cb,"ax",%progbits
  70              		.align	1
  71              		.p2align 2,,3
  72              		.syntax unified
  73              		.thumb
  74              		.thumb_func
ARM GAS  /tmp/ccJrwzKe.s 			page 4


  76              	master_rx_cb:
  77              	.LVL4:
  78              	.LFB32:
  48:src/btphy/master_state.c **** 	int rc;
  79              		.loc 1 48 1 is_stmt 1 view -0
  80              		.cfi_startproc
  81              		@ args = 0, pretend = 0, frame = 16
  82              		@ frame_needed = 0, uses_anonymous_args = 0
  48:src/btphy/master_state.c **** 	int rc;
  83              		.loc 1 48 1 is_stmt 0 view .LVU14
  84 0000 00B5     		push	{lr}
  85              		.cfi_def_cfa_offset 4
  86              		.cfi_offset 14, -4
  87 0002 87B0     		sub	sp, sp, #28
  88              		.cfi_def_cfa_offset 32
  49:src/btphy/master_state.c **** 
  89              		.loc 1 49 2 is_stmt 1 view .LVU15
  51:src/btphy/master_state.c **** 	{
  90              		.loc 1 51 2 view .LVU16
  91              	.LBB39:
  92              	.LBI39:
  42:src/btphy/master_state.c **** {
  93              		.loc 1 42 12 view .LVU17
  44:src/btphy/master_state.c **** }
  94              		.loc 1 44 2 view .LVU18
  95              	.LBB40:
  96              	.LBI40:
  97              		.file 2 "include/ubtbr/btctl_intf.h"
   1:include/ubtbr/btctl_intf.h **** #ifndef __BTCTL_INTF_H
   2:include/ubtbr/btctl_intf.h **** #define __BTCTL_INTF_H
   3:include/ubtbr/btctl_intf.h **** #include <ubtbr/bb_msg.h>
   4:include/ubtbr/btctl_intf.h **** #include <ubtbr/queue.h>
   5:include/ubtbr/btctl_intf.h **** #include <ubtbr/system.h>
   6:include/ubtbr/btctl_intf.h **** #include <ubertooth_interface.h>
   7:include/ubtbr/btctl_intf.h **** 
   8:include/ubtbr/btctl_intf.h **** typedef struct btctl_s {
   9:include/ubtbr/btctl_intf.h **** 	btctl_state_t state;
  10:include/ubtbr/btctl_intf.h **** 	msg_queue_t rx_q;
  11:include/ubtbr/btctl_intf.h **** 	msg_queue_t tx_q;
  12:include/ubtbr/btctl_intf.h **** 	msg_queue_t acl_tx_q;
  13:include/ubtbr/btctl_intf.h **** 	msg_t *eir_msg;
  14:include/ubtbr/btctl_intf.h **** 	btctl_tx_pkt_t *eir_pkt;
  15:include/ubtbr/btctl_intf.h **** } btctl_t;
  16:include/ubtbr/btctl_intf.h **** 
  17:include/ubtbr/btctl_intf.h **** extern btctl_t btctl;
  18:include/ubtbr/btctl_intf.h **** 
  19:include/ubtbr/btctl_intf.h **** void btctl_init(void);
  20:include/ubtbr/btctl_intf.h **** int btctl_work(void);
  21:include/ubtbr/btctl_intf.h **** 
  22:include/ubtbr/btctl_intf.h **** void btctl_set_state(btctl_state_t state, btctl_reason_t reason);
  23:include/ubtbr/btctl_intf.h **** 
  24:include/ubtbr/btctl_intf.h **** static inline btctl_state_t btctl_get_state(void)
  98              		.loc 2 24 29 view .LVU19
  99              	.LBB41:
  25:include/ubtbr/btctl_intf.h **** {
  26:include/ubtbr/btctl_intf.h **** 	return btctl.state;
 100              		.loc 2 26 2 view .LVU20
ARM GAS  /tmp/ccJrwzKe.s 			page 5


 101              		.loc 2 26 14 is_stmt 0 view .LVU21
 102 0004 214B     		ldr	r3, .L12
 103              	.LBE41:
 104              	.LBE40:
 105              	.LBE39:
  48:src/btphy/master_state.c **** 	int rc;
 106              		.loc 1 48 1 view .LVU22
 107 0006 0146     		mov	r1, r0
 108              	.LVL5:
  51:src/btphy/master_state.c **** 	{
 109              		.loc 1 51 5 discriminator 1 view .LVU23
 110 0008 1B78     		ldrb	r3, [r3]	@ zero_extendqisi2
 111 000a 032B     		cmp	r3, #3
 112 000c 07D0     		beq	.L6
  53:src/btphy/master_state.c **** 		ll_reset(&master_state.ll);
 113              		.loc 1 53 3 is_stmt 1 view .LVU24
 114              	.LVL6:
 115              	.LBB42:
 116              	.LBI42:
 117              		.file 3 "include/ubtbr/msg.h"
   1:include/ubtbr/msg.h **** #ifndef __DEF_MSG_H
   2:include/ubtbr/msg.h **** #define __DEF_MSG_H
   3:include/ubtbr/msg.h **** #include <stdint.h>
   4:include/ubtbr/msg.h **** 
   5:include/ubtbr/msg.h **** typedef struct msg_s {
   6:include/ubtbr/msg.h **** 	uint16_t len;
   7:include/ubtbr/msg.h **** 	uint16_t data_len;
   8:include/ubtbr/msg.h **** 	uint8_t *read;
   9:include/ubtbr/msg.h **** 	uint8_t *write;
  10:include/ubtbr/msg.h **** 	/* never move head */
  11:include/ubtbr/msg.h **** 	uint8_t data[0];
  12:include/ubtbr/msg.h **** } msg_t;
  13:include/ubtbr/msg.h **** 
  14:include/ubtbr/msg.h **** /* Allocate a msg_t wigh given room*/
  15:include/ubtbr/msg.h **** static inline msg_t *msg_alloc(unsigned size)
  16:include/ubtbr/msg.h **** {
  17:include/ubtbr/msg.h **** 	msg_t *msg = (msg_t*)btctl_mem_alloc(sizeof(msg_t)+size);
  18:include/ubtbr/msg.h **** 
  19:include/ubtbr/msg.h **** 	msg->write = msg->data;
  20:include/ubtbr/msg.h **** 	msg->read = msg->data;
  21:include/ubtbr/msg.h **** 	msg->data_len = size;
  22:include/ubtbr/msg.h **** 
  23:include/ubtbr/msg.h **** 	return msg;
  24:include/ubtbr/msg.h **** }
  25:include/ubtbr/msg.h **** 
  26:include/ubtbr/msg.h **** static inline void msg_free(msg_t *msg)
 118              		.loc 3 26 20 view .LVU25
 119              	.LBB43:
  27:include/ubtbr/msg.h **** {
  28:include/ubtbr/msg.h **** 	btctl_mem_free(msg);
 120              		.loc 3 28 2 view .LVU26
 121 000e FFF7FEFF 		bl	mem_pool_free
 122              	.LVL7:
 123              		.loc 3 28 2 is_stmt 0 view .LVU27
 124              	.LBE43:
 125              	.LBE42:
  54:src/btphy/master_state.c **** 		return 0;
ARM GAS  /tmp/ccJrwzKe.s 			page 6


 126              		.loc 1 54 3 is_stmt 1 view .LVU28
 127 0012 1F48     		ldr	r0, .L12+4
 128 0014 FFF7FEFF 		bl	ll_reset
 129              	.LVL8:
  55:src/btphy/master_state.c **** 	}
 130              		.loc 1 55 3 view .LVU29
  73:src/btphy/master_state.c **** 
 131              		.loc 1 73 1 is_stmt 0 view .LVU30
 132 0018 0020     		movs	r0, #0
 133 001a 07B0     		add	sp, sp, #28
 134              		.cfi_remember_state
 135              		.cfi_def_cfa_offset 4
 136              		@ sp needed
 137 001c 00BD     		pop	{pc}
 138              	.LVL9:
 139              	.L6:
 140              		.cfi_restore_state
  57:src/btphy/master_state.c **** 
 141              		.loc 1 57 2 is_stmt 1 view .LVU31
  57:src/btphy/master_state.c **** 
 142              		.loc 1 57 7 is_stmt 0 view .LVU32
 143 001e 1C48     		ldr	r0, .L12+4
 144              	.LVL10:
  57:src/btphy/master_state.c **** 
 145              		.loc 1 57 7 view .LVU33
 146 0020 FFF7FEFF 		bl	ll_process_rx
 147              	.LVL11:
  59:src/btphy/master_state.c **** 	{
 148              		.loc 1 59 2 is_stmt 1 view .LVU34
  59:src/btphy/master_state.c **** 	{
 149              		.loc 1 59 5 is_stmt 0 view .LVU35
 150 0024 011E     		subs	r1, r0, #0
 151 0026 0FDB     		blt	.L10
  64:src/btphy/master_state.c **** 	{
 152              		.loc 1 64 7 is_stmt 1 view .LVU36
 153              	.LBB44:
 154              	.LBB45:
  90:src/btphy/master_state.c **** }
  91:src/btphy/master_state.c **** 
  92:src/btphy/master_state.c **** static void master_state_schedule_tx(unsigned skip_slots)
  93:src/btphy/master_state.c **** {
  94:src/btphy/master_state.c **** 	/* Wait for next tx slot */
  95:src/btphy/master_state.c **** 	unsigned delay = skip_slots * 4 + (3&(TX_PREPARE_IDX-CUR_MASTER_SLOT_IDX()));
 155              		.loc 1 95 55 is_stmt 0 view .LVU37
 156 0028 1A4B     		ldr	r3, .L12+8
 157              	.LBE45:
 158              	.LBE44:
  64:src/btphy/master_state.c **** 	{
 159              		.loc 1 64 10 view .LVU38
 160 002a 0129     		cmp	r1, #1
 161              	.LBB48:
 162              	.LBB46:
 163              		.loc 1 95 55 view .LVU39
 164 002c 5B68     		ldr	r3, [r3, #4]
 165              	.LBE46:
 166              	.LBE48:
  64:src/btphy/master_state.c **** 	{
ARM GAS  /tmp/ccJrwzKe.s 			page 7


 167              		.loc 1 64 10 view .LVU40
 168 002e 18D0     		beq	.L11
 169              	.LBB49:
 170              	.LBI49:
  47:src/btphy/master_state.c **** {
 171              		.loc 1 47 12 is_stmt 1 view .LVU41
 172              	.LVL12:
 173              	.LBB50:
  70:src/btphy/master_state.c **** 	}
 174              		.loc 1 70 3 view .LVU42
 175              	.LBB51:
 176              	.LBI51:
  75:src/btphy/master_state.c **** {
 177              		.loc 1 75 13 view .LVU43
 178              	.LBB52:
  78:src/btphy/master_state.c **** 
 179              		.loc 1 78 2 view .LVU44
  81:src/btphy/master_state.c **** 		master_rx_cb, NULL,	// ID rx callback
 180              		.loc 1 81 2 view .LVU45
  78:src/btphy/master_state.c **** 
 181              		.loc 1 78 34 is_stmt 0 view .LVU46
 182 0030 C3F10100 		rsb	r0, r3, #1
 183              	.LVL13:
  81:src/btphy/master_state.c **** 		master_rx_cb, NULL,	// ID rx callback
 184              		.loc 1 81 2 view .LVU47
 185 0034 0022     		movs	r2, #0
 186 0036 0123     		movs	r3, #1
 187              	.LVL14:
  81:src/btphy/master_state.c **** 		master_rx_cb, NULL,	// ID rx callback
 188              		.loc 1 81 2 view .LVU48
 189 0038 1749     		ldr	r1, .L12+12
 190              	.LVL15:
  81:src/btphy/master_state.c **** 		master_rx_cb, NULL,	// ID rx callback
 191              		.loc 1 81 2 view .LVU49
 192 003a 00F00300 		and	r0, r0, #3
 193              	.LVL16:
  81:src/btphy/master_state.c **** 		master_rx_cb, NULL,	// ID rx callback
 194              		.loc 1 81 2 view .LVU50
 195 003e FFF7FEFF 		bl	rx_task_schedule
 196              	.LVL17:
  81:src/btphy/master_state.c **** 		master_rx_cb, NULL,	// ID rx callback
 197              		.loc 1 81 2 view .LVU51
 198              	.LBE52:
 199              	.LBE51:
 200              	.LBE50:
 201              	.LBE49:
  73:src/btphy/master_state.c **** 
 202              		.loc 1 73 1 view .LVU52
 203 0042 0020     		movs	r0, #0
 204 0044 07B0     		add	sp, sp, #28
 205              		.cfi_remember_state
 206              		.cfi_def_cfa_offset 4
 207              		@ sp needed
 208 0046 00BD     		pop	{pc}
 209              	.LVL18:
 210              	.L10:
 211              		.cfi_restore_state
ARM GAS  /tmp/ccJrwzKe.s 			page 8


  61:src/btphy/master_state.c **** 		btctl_set_state(BTCTL_STATE_STANDBY, -rc);
 212              		.loc 1 61 3 is_stmt 1 view .LVU53
 213 0048 1148     		ldr	r0, .L12+4
 214              	.LVL19:
  61:src/btphy/master_state.c **** 		btctl_set_state(BTCTL_STATE_STANDBY, -rc);
 215              		.loc 1 61 3 is_stmt 0 view .LVU54
 216 004a 0391     		str	r1, [sp, #12]
 217 004c FFF7FEFF 		bl	ll_reset
 218              	.LVL20:
  62:src/btphy/master_state.c **** 	}
 219              		.loc 1 62 3 is_stmt 1 view .LVU55
 220 0050 0399     		ldr	r1, [sp, #12]
 221 0052 0020     		movs	r0, #0
 222 0054 4942     		rsbs	r1, r1, #0
 223 0056 C9B2     		uxtb	r1, r1
 224 0058 FFF7FEFF 		bl	btctl_set_state
 225              	.LVL21:
  73:src/btphy/master_state.c **** 
 226              		.loc 1 73 1 is_stmt 0 view .LVU56
 227 005c 0020     		movs	r0, #0
 228 005e 07B0     		add	sp, sp, #28
 229              		.cfi_remember_state
 230              		.cfi_def_cfa_offset 4
 231              		@ sp needed
 232 0060 00BD     		pop	{pc}
 233              	.LVL22:
 234              	.L11:
 235              		.cfi_restore_state
  66:src/btphy/master_state.c **** 	}
 236              		.loc 1 66 3 is_stmt 1 view .LVU57
 237              	.LBB53:
 238              	.LBI44:
  92:src/btphy/master_state.c **** {
 239              		.loc 1 92 13 view .LVU58
 240              	.LBB47:
 241              		.loc 1 95 2 view .LVU59
  96:src/btphy/master_state.c **** 	bbhdr_t *tx_hdr;
 242              		.loc 1 96 2 view .LVU60
  97:src/btphy/master_state.c **** 	uint8_t *tx_data;
 243              		.loc 1 97 2 view .LVU61
  98:src/btphy/master_state.c **** 
  99:src/btphy/master_state.c **** 	ll_prepare_tx(&master_state.ll, &tx_hdr, &tx_data);
 244              		.loc 1 99 2 view .LVU62
 245 0062 05AA     		add	r2, sp, #20
 246 0064 04A9     		add	r1, sp, #16
 247 0066 0A48     		ldr	r0, .L12+4
 248              	.LVL23:
 249              		.loc 1 99 2 is_stmt 0 view .LVU63
 250 0068 0393     		str	r3, [sp, #12]
 251              	.LVL24:
 252              		.loc 1 99 2 view .LVU64
 253 006a FFF7FEFF 		bl	ll_prepare_tx
 254              	.LVL25:
 100:src/btphy/master_state.c **** 
 101:src/btphy/master_state.c **** 	tx_task_schedule(delay,
 255              		.loc 1 101 2 is_stmt 1 view .LVU65
  95:src/btphy/master_state.c **** 	bbhdr_t *tx_hdr;
ARM GAS  /tmp/ccJrwzKe.s 			page 9


 256              		.loc 1 95 54 is_stmt 0 view .LVU66
 257 006e 039B     		ldr	r3, [sp, #12]
 258              		.loc 1 101 2 view .LVU67
 259 0070 0022     		movs	r2, #0
  95:src/btphy/master_state.c **** 	bbhdr_t *tx_hdr;
 260              		.loc 1 95 54 view .LVU68
 261 0072 D843     		mvns	r0, r3
 262              		.loc 1 101 2 view .LVU69
 263 0074 DDE9043C 		ldrd	r3, ip, [sp, #16]
 264 0078 0849     		ldr	r1, .L12+16
 265 007a CDF800C0 		str	ip, [sp]
 266 007e 00F00300 		and	r0, r0, #3
 267 0082 FFF7FEFF 		bl	tx_task_schedule
 268              	.LVL26:
 269              		.loc 1 101 2 view .LVU70
 270              	.LBE47:
 271              	.LBE53:
  73:src/btphy/master_state.c **** 
 272              		.loc 1 73 1 view .LVU71
 273 0086 0020     		movs	r0, #0
 274 0088 07B0     		add	sp, sp, #28
 275              		.cfi_def_cfa_offset 4
 276              		@ sp needed
 277 008a 00BD     		pop	{pc}
 278              	.L13:
 279              		.align	2
 280              	.L12:
 281 008c 00000000 		.word	btctl
 282 0090 00000000 		.word	.LANCHOR0
 283 0094 00000000 		.word	btphy
 284 0098 00000000 		.word	master_rx_cb
 285 009c 00000000 		.word	tx_done_cb
 286              		.cfi_endproc
 287              	.LFE32:
 289              		.section	.rodata.str1.4,"aMS",%progbits,1
 290              		.align	2
 291              	.LC0:
 292 0000 6D617374 		.ascii	"master started\012\000"
 292      65722073 
 292      74617274 
 292      65640A00 
 293              		.section	.text.master_state_init,"ax",%progbits
 294              		.align	1
 295              		.p2align 2,,3
 296              		.global	master_state_init
 297              		.syntax unified
 298              		.thumb
 299              		.thumb_func
 301              	master_state_init:
 302              	.LFB36:
 102:src/btphy/master_state.c **** 		tx_done_cb, NULL,
 103:src/btphy/master_state.c **** 		tx_hdr, tx_data);
 104:src/btphy/master_state.c **** }
 105:src/btphy/master_state.c **** 
 106:src/btphy/master_state.c **** /* Called by paging task once the slave acknowledged our FHS */
 107:src/btphy/master_state.c **** void master_state_init(void)
 108:src/btphy/master_state.c **** {
ARM GAS  /tmp/ccJrwzKe.s 			page 10


 303              		.loc 1 108 1 is_stmt 1 view -0
 304              		.cfi_startproc
 305              		@ args = 0, pretend = 0, frame = 8
 306              		@ frame_needed = 0, uses_anonymous_args = 0
 307 0000 10B5     		push	{r4, lr}
 308              		.cfi_def_cfa_offset 8
 309              		.cfi_offset 4, -8
 310              		.cfi_offset 14, -4
 311 0002 84B0     		sub	sp, sp, #16
 312              		.cfi_def_cfa_offset 24
 109:src/btphy/master_state.c **** 	/* Initialize basic hopping from master's clock */
 110:src/btphy/master_state.c **** 	btphy_set_mode(BT_MODE_MASTER, btphy.my_lap, btphy.my_uap);
 313              		.loc 1 110 2 view .LVU73
 314 0004 134C     		ldr	r4, .L15
 315 0006 0420     		movs	r0, #4
 316 0008 94F83820 		ldrb	r2, [r4, #56]	@ zero_extendqisi2
 317 000c 616B     		ldr	r1, [r4, #52]
 318 000e FFF7FEFF 		bl	btphy_set_mode
 319              	.LVL27:
 111:src/btphy/master_state.c **** 
 112:src/btphy/master_state.c **** 	ll_init(&master_state.ll, 1, 1); // FIXME: fixed slave lt_addr = 1
 320              		.loc 1 112 2 view .LVU74
 321 0012 0122     		movs	r2, #1
 322 0014 1048     		ldr	r0, .L15+4
 323 0016 1146     		mov	r1, r2
 324 0018 FFF7FEFF 		bl	ll_init
 325              	.LVL28:
 113:src/btphy/master_state.c **** 
 114:src/btphy/master_state.c **** 	/* We are already in sync, just schedule the first tx (in a while)*/
 115:src/btphy/master_state.c **** 	cprintf("master started\n");
 326              		.loc 1 115 2 view .LVU75
 327 001c 0F48     		ldr	r0, .L15+8
 328 001e FFF7FEFF 		bl	cprintf
 329              	.LVL29:
 116:src/btphy/master_state.c **** 	master_state_schedule_tx(1);
 330              		.loc 1 116 2 view .LVU76
 331              	.LBB56:
 332              	.LBI56:
  92:src/btphy/master_state.c **** {
 333              		.loc 1 92 13 view .LVU77
 334              	.LBB57:
  95:src/btphy/master_state.c **** 	bbhdr_t *tx_hdr;
 335              		.loc 1 95 2 view .LVU78
  95:src/btphy/master_state.c **** 	bbhdr_t *tx_hdr;
 336              		.loc 1 95 54 is_stmt 0 view .LVU79
 337 0022 6368     		ldr	r3, [r4, #4]
  99:src/btphy/master_state.c **** 
 338              		.loc 1 99 2 view .LVU80
 339 0024 03AA     		add	r2, sp, #12
  95:src/btphy/master_state.c **** 	bbhdr_t *tx_hdr;
 340              		.loc 1 95 54 view .LVU81
 341 0026 DB43     		mvns	r3, r3
  95:src/btphy/master_state.c **** 	bbhdr_t *tx_hdr;
 342              		.loc 1 95 38 view .LVU82
 343 0028 03F00303 		and	r3, r3, #3
  99:src/btphy/master_state.c **** 
 344              		.loc 1 99 2 view .LVU83
ARM GAS  /tmp/ccJrwzKe.s 			page 11


 345 002c 02A9     		add	r1, sp, #8
  95:src/btphy/master_state.c **** 	bbhdr_t *tx_hdr;
 346              		.loc 1 95 11 view .LVU84
 347 002e 1C1D     		adds	r4, r3, #4
 348              	.LVL30:
  96:src/btphy/master_state.c **** 	uint8_t *tx_data;
 349              		.loc 1 96 2 is_stmt 1 view .LVU85
  97:src/btphy/master_state.c **** 
 350              		.loc 1 97 2 view .LVU86
  99:src/btphy/master_state.c **** 
 351              		.loc 1 99 2 view .LVU87
 352 0030 0948     		ldr	r0, .L15+4
 353 0032 FFF7FEFF 		bl	ll_prepare_tx
 354              	.LVL31:
 101:src/btphy/master_state.c **** 		tx_done_cb, NULL,
 355              		.loc 1 101 2 view .LVU88
 356 0036 2046     		mov	r0, r4
 357 0038 DDE90234 		ldrd	r3, r4, [sp, #8]
 358              	.LVL32:
 101:src/btphy/master_state.c **** 		tx_done_cb, NULL,
 359              		.loc 1 101 2 is_stmt 0 view .LVU89
 360 003c 0022     		movs	r2, #0
 361 003e 0849     		ldr	r1, .L15+12
 362 0040 0094     		str	r4, [sp]
 363 0042 FFF7FEFF 		bl	tx_task_schedule
 364              	.LVL33:
 101:src/btphy/master_state.c **** 		tx_done_cb, NULL,
 365              		.loc 1 101 2 view .LVU90
 366              	.LBE57:
 367              	.LBE56:
 117:src/btphy/master_state.c **** 	btctl_set_state(BTCTL_STATE_CONNECTED, BTCTL_REASON_PAGED);
 368              		.loc 1 117 2 is_stmt 1 view .LVU91
 369 0046 0221     		movs	r1, #2
 370 0048 0320     		movs	r0, #3
 118:src/btphy/master_state.c **** }
 371              		.loc 1 118 1 is_stmt 0 view .LVU92
 372 004a 04B0     		add	sp, sp, #16
 373              		.cfi_def_cfa_offset 8
 374              		@ sp needed
 375 004c BDE81040 		pop	{r4, lr}
 376              		.cfi_restore 14
 377              		.cfi_restore 4
 378              		.cfi_def_cfa_offset 0
 117:src/btphy/master_state.c **** 	btctl_set_state(BTCTL_STATE_CONNECTED, BTCTL_REASON_PAGED);
 379              		.loc 1 117 2 view .LVU93
 380 0050 FFF7FEBF 		b	btctl_set_state
 381              	.LVL34:
 382              	.L16:
 383              		.align	2
 384              	.L15:
 385 0054 00000000 		.word	btphy
 386 0058 00000000 		.word	.LANCHOR0
 387 005c 00000000 		.word	.LC0
 388 0060 00000000 		.word	tx_done_cb
 389              		.cfi_endproc
 390              	.LFE36:
 392              		.bss
ARM GAS  /tmp/ccJrwzKe.s 			page 12


 393              		.align	2
 394              		.set	.LANCHOR0,. + 0
 397              	master_state:
 398 0000 00000000 		.space	36
 398      00000000 
 398      00000000 
 398      00000000 
 398      00000000 
 399              		.text
 400              	.Letext0:
 401              		.file 4 "/usr/arm-none-eabi/include/machine/_default_types.h"
 402              		.file 5 "/usr/arm-none-eabi/include/sys/_stdint.h"
 403              		.file 6 "../../host/libubertooth/src/ubertooth_interface.h"
 404              		.file 7 "include/ubtbr/queue.h"
 405              		.file 8 "include/ubtbr/btphy.h"
 406              		.file 9 "include/ubtbr/rx_task.h"
 407              		.file 10 "include/ubtbr/tx_task.h"
 408              		.file 11 "include/ubtbr/ll.h"
 409              		.file 12 "include/ubtbr/mem_pool.h"
 410              		.file 13 "include/ubtbr/debug.h"
ARM GAS  /tmp/ccJrwzKe.s 			page 13


DEFINED SYMBOLS
                            *ABS*:00000000 master_state.c
     /tmp/ccJrwzKe.s:19     .text.tx_done_cb:00000000 $t
     /tmp/ccJrwzKe.s:25     .text.tx_done_cb:00000000 tx_done_cb
     /tmp/ccJrwzKe.s:62     .text.tx_done_cb:00000014 $d
     /tmp/ccJrwzKe.s:76     .text.master_rx_cb:00000000 master_rx_cb
     /tmp/ccJrwzKe.s:70     .text.master_rx_cb:00000000 $t
     /tmp/ccJrwzKe.s:281    .text.master_rx_cb:0000008c $d
     /tmp/ccJrwzKe.s:290    .rodata.str1.4:00000000 $d
     /tmp/ccJrwzKe.s:294    .text.master_state_init:00000000 $t
     /tmp/ccJrwzKe.s:301    .text.master_state_init:00000000 master_state_init
     /tmp/ccJrwzKe.s:385    .text.master_state_init:00000054 $d
     /tmp/ccJrwzKe.s:393    .bss:00000000 $d
     /tmp/ccJrwzKe.s:397    .bss:00000000 master_state

UNDEFINED SYMBOLS
rx_task_schedule
btphy
mem_pool_free
ll_reset
ll_process_rx
btctl_set_state
ll_prepare_tx
tx_task_schedule
btctl
btphy_set_mode
ll_init
cprintf
