ARM GAS  /tmp/ccqesOBL.s 			page 1


   1              		.cpu cortex-m3
   2              		.arch armv7-m
   3              		.fpu softvfp
   4              		.eabi_attribute 20, 1
   5              		.eabi_attribute 21, 1
   6              		.eabi_attribute 23, 3
   7              		.eabi_attribute 24, 1
   8              		.eabi_attribute 25, 1
   9              		.eabi_attribute 26, 1
  10              		.eabi_attribute 30, 2
  11              		.eabi_attribute 34, 1
  12              		.eabi_attribute 18, 4
  13              		.file	"monitor1_state.c"
  14              		.text
  15              	.Ltext0:
  16              		.cfi_sections	.debug_frame
  17              		.file 1 "src/btphy/monitor1_state.c"
  18              		.section	.rodata.str1.4,"aMS",%progbits,1
  19              		.align	2
  20              	.LC0:
  21 0000 6668733A 		.ascii	"fhs: ba=%llx clk27_2=%x lta=%d\012\000"
  21      2062613D 
  21      256C6C78 
  21      20636C6B 
  21      32375F32 
  22              		.section	.text.start_monitor2,"ax",%progbits
  23              		.align	1
  24              		.p2align 2,,3
  25              		.syntax unified
  26              		.thumb
  27              		.thumb_func
  29              	start_monitor2:
  30              	.LVL0:
  31              	.LFB32:
   1:src/btphy/monitor1_state.c **** /* Monitor paging state
   2:src/btphy/monitor1_state.c ****  *
   3:src/btphy/monitor1_state.c ****  * Copyright 2020 Etienne Helluy-Lafont, Univ. Lille, CNRS.
   4:src/btphy/monitor1_state.c ****  *
   5:src/btphy/monitor1_state.c ****  * This file is part of Project Ubertooth.
   6:src/btphy/monitor1_state.c ****  *
   7:src/btphy/monitor1_state.c ****  * This program is free software; you can redistribute it and/or modify
   8:src/btphy/monitor1_state.c ****  * it under the terms of the GNU General Public License as published by
   9:src/btphy/monitor1_state.c ****  * the Free Software Foundation; either version 2, or (at your option)
  10:src/btphy/monitor1_state.c ****  * any later version.
  11:src/btphy/monitor1_state.c ****  *
  12:src/btphy/monitor1_state.c ****  * This program is distributed in the hope that it will be useful,
  13:src/btphy/monitor1_state.c ****  * but WITHOUT ANY WARRANTY; without even the implied warranty of
  14:src/btphy/monitor1_state.c ****  * MERCHANTABILITY or FITNESS FOR A PARTICULAR PURPOSE.  See the
  15:src/btphy/monitor1_state.c ****  * GNU General Public License for more details.
  16:src/btphy/monitor1_state.c ****  *
  17:src/btphy/monitor1_state.c ****  * You should have received a copy of the GNU General Public License
  18:src/btphy/monitor1_state.c ****  * along with this program; see the file COPYING.  If not, write to
  19:src/btphy/monitor1_state.c ****  * the Free Software Foundation, Inc., 51 Franklin Street,
  20:src/btphy/monitor1_state.c ****  * Boston, MA 02110-1301, USA.
  21:src/btphy/monitor1_state.c ****  */
  22:src/btphy/monitor1_state.c **** #include <stdlib.h>
  23:src/btphy/monitor1_state.c **** #include <ubtbr/cfg.h>
ARM GAS  /tmp/ccqesOBL.s 			page 2


  24:src/btphy/monitor1_state.c **** #include <ubtbr/btctl_intf.h>
  25:src/btphy/monitor1_state.c **** #include <ubtbr/btphy.h>
  26:src/btphy/monitor1_state.c **** #include <ubtbr/bb.h>
  27:src/btphy/monitor1_state.c **** #include <ubtbr/tdma_sched.h>
  28:src/btphy/monitor1_state.c **** #include <ubtbr/scan_task.h>
  29:src/btphy/monitor1_state.c **** #include <ubtbr/rx_task.h>
  30:src/btphy/monitor1_state.c **** #include <ubtbr/tx_task.h>
  31:src/btphy/monitor1_state.c **** #include <ubtbr/monitor_state.h>
  32:src/btphy/monitor1_state.c **** 
  33:src/btphy/monitor1_state.c **** #define PAGE_SCAN_MAX_TICKS (CLKN_RATE*60)
  34:src/btphy/monitor1_state.c **** #define TX_PREPARE_IDX	1  // We will transmit at clkn1_0 = 2
  35:src/btphy/monitor1_state.c **** 
  36:src/btphy/monitor1_state.c **** struct {
  37:src/btphy/monitor1_state.c **** 	fhs_info_t fhs_info;
  38:src/btphy/monitor1_state.c **** 	uint32_t clkn_start;
  39:src/btphy/monitor1_state.c **** } monitor1_state;
  40:src/btphy/monitor1_state.c **** 
  41:src/btphy/monitor1_state.c **** static void monitor1_schedule(unsigned delay);
  42:src/btphy/monitor1_state.c **** 
  43:src/btphy/monitor1_state.c **** static int monitor1_canceled(void)
  44:src/btphy/monitor1_state.c **** {
  45:src/btphy/monitor1_state.c **** 	return btctl_get_state() != BTCTL_STATE_PAGE_SCAN;
  46:src/btphy/monitor1_state.c **** }
  47:src/btphy/monitor1_state.c **** 
  48:src/btphy/monitor1_state.c **** static int start_monitor2(uint8_t p1, uint8_t p2, uint16_t p3)
  49:src/btphy/monitor1_state.c **** {
  32              		.loc 1 49 1 view -0
  33              		.cfi_startproc
  34              		@ args = 0, pretend = 0, frame = 0
  35              		@ frame_needed = 0, uses_anonymous_args = 0
  36              		.loc 1 49 1 is_stmt 0 view .LVU1
  37 0000 10B5     		push	{r4, lr}
  38              		.cfi_def_cfa_offset 8
  39              		.cfi_offset 4, -8
  40              		.cfi_offset 14, -4
  41 0002 82B0     		sub	sp, sp, #8
  42              		.cfi_def_cfa_offset 16
  50:src/btphy/monitor1_state.c **** 	cprintf("fhs: ba=%llx clk27_2=%x lta=%d\n",
  43              		.loc 1 50 2 is_stmt 1 view .LVU2
  44 0004 084C     		ldr	r4, .L3
  45 0006 0948     		ldr	r0, .L3+4
  46              	.LVL1:
  47              		.loc 1 50 2 is_stmt 0 view .LVU3
  48 0008 227B     		ldrb	r2, [r4, #12]	@ zero_extendqisi2
  49              	.LVL2:
  50              		.loc 1 50 2 view .LVU4
  51 000a A368     		ldr	r3, [r4, #8]
  52 000c CDE90032 		strd	r3, r2, [sp]
  53 0010 D4E90023 		ldrd	r2, [r4]
  54 0014 FFF7FEFF 		bl	cprintf
  55              	.LVL3:
  51:src/btphy/monitor1_state.c **** 		monitor1_state.fhs_info.bdaddr,
  52:src/btphy/monitor1_state.c **** 		monitor1_state.fhs_info.clk27_2,
  53:src/btphy/monitor1_state.c **** 		monitor1_state.fhs_info.lt_addr);
  54:src/btphy/monitor1_state.c **** 
  55:src/btphy/monitor1_state.c **** 	monitor2_state_init(monitor1_state.fhs_info.bdaddr);
  56              		.loc 1 55 2 is_stmt 1 view .LVU5
ARM GAS  /tmp/ccqesOBL.s 			page 3


  57 0018 D4E90001 		ldrd	r0, [r4]
  58 001c FFF7FEFF 		bl	monitor2_state_init
  59              	.LVL4:
  56:src/btphy/monitor1_state.c **** 	return 0;
  60              		.loc 1 56 2 view .LVU6
  57:src/btphy/monitor1_state.c **** }
  61              		.loc 1 57 1 is_stmt 0 view .LVU7
  62 0020 0020     		movs	r0, #0
  63 0022 02B0     		add	sp, sp, #8
  64              		.cfi_def_cfa_offset 8
  65              		@ sp needed
  66 0024 10BD     		pop	{r4, pc}
  67              	.L4:
  68 0026 00BF     		.align	2
  69              	.L3:
  70 0028 00000000 		.word	.LANCHOR0
  71 002c 00000000 		.word	.LC0
  72              		.cfi_endproc
  73              	.LFE32:
  75              		.section	.rodata.str1.4
  76              		.align	2
  77              	.LC1:
  78 0020 6D6F6E69 		.ascii	"monitor1 canceled\012\000"
  78      746F7231 
  78      2063616E 
  78      63656C65 
  78      640A00
  79 0033 00       		.align	2
  80              	.LC2:
  81 0034 28626164 		.ascii	"(bad type %d)\000"
  81      20747970 
  81      65202564 
  81      2900
  82 0042 0000     		.align	2
  83              	.LC3:
  84 0044 6D6F6E69 		.ascii	"monitor1 timeout\012\000"
  84      746F7231 
  84      2074696D 
  84      656F7574 
  84      0A00
  85              		.section	.text.monitor1_rx_fhs_cb,"ax",%progbits
  86              		.align	1
  87              		.p2align 2,,3
  88              		.syntax unified
  89              		.thumb
  90              		.thumb_func
  92              	monitor1_rx_fhs_cb:
  93              	.LVL5:
  94              	.LFB33:
  58:src/btphy/monitor1_state.c **** 
  59:src/btphy/monitor1_state.c **** /* RX FHS cb */
  60:src/btphy/monitor1_state.c **** static int monitor1_rx_fhs_cb(msg_t *msg, void *arg, int time_offset)
  61:src/btphy/monitor1_state.c **** {
  95              		.loc 1 61 1 is_stmt 1 view -0
  96              		.cfi_startproc
  97              		@ args = 0, pretend = 0, frame = 8
  98              		@ frame_needed = 0, uses_anonymous_args = 0
ARM GAS  /tmp/ccqesOBL.s 			page 4


  99              		.loc 1 61 1 is_stmt 0 view .LVU9
 100 0000 30B5     		push	{r4, r5, lr}
 101              		.cfi_def_cfa_offset 12
 102              		.cfi_offset 4, -12
 103              		.cfi_offset 5, -8
 104              		.cfi_offset 14, -4
 105 0002 85B0     		sub	sp, sp, #20
 106              		.cfi_def_cfa_offset 32
  62:src/btphy/monitor1_state.c **** 	btctl_hdr_t *h = (btctl_hdr_t*)msg->data;
 107              		.loc 1 62 2 is_stmt 1 view .LVU10
  63:src/btphy/monitor1_state.c **** 	btctl_rx_pkt_t *pkt;
 108              		.loc 1 63 2 view .LVU11
  64:src/btphy/monitor1_state.c **** 
  65:src/btphy/monitor1_state.c **** 	if (monitor1_canceled())
 109              		.loc 1 65 2 view .LVU12
 110              	.LBB72:
 111              	.LBI72:
  43:src/btphy/monitor1_state.c **** {
 112              		.loc 1 43 12 view .LVU13
  45:src/btphy/monitor1_state.c **** }
 113              		.loc 1 45 2 view .LVU14
 114              	.LBB73:
 115              	.LBI73:
 116              		.file 2 "include/ubtbr/btctl_intf.h"
   1:include/ubtbr/btctl_intf.h **** #ifndef __BTCTL_INTF_H
   2:include/ubtbr/btctl_intf.h **** #define __BTCTL_INTF_H
   3:include/ubtbr/btctl_intf.h **** #include <ubtbr/bb_msg.h>
   4:include/ubtbr/btctl_intf.h **** #include <ubtbr/queue.h>
   5:include/ubtbr/btctl_intf.h **** #include <ubtbr/system.h>
   6:include/ubtbr/btctl_intf.h **** #include <ubertooth_interface.h>
   7:include/ubtbr/btctl_intf.h **** 
   8:include/ubtbr/btctl_intf.h **** typedef struct btctl_s {
   9:include/ubtbr/btctl_intf.h **** 	btctl_state_t state;
  10:include/ubtbr/btctl_intf.h **** 	msg_queue_t rx_q;
  11:include/ubtbr/btctl_intf.h **** 	msg_queue_t tx_q;
  12:include/ubtbr/btctl_intf.h **** 	msg_queue_t acl_tx_q;
  13:include/ubtbr/btctl_intf.h **** 	msg_t *eir_msg;
  14:include/ubtbr/btctl_intf.h **** 	btctl_tx_pkt_t *eir_pkt;
  15:include/ubtbr/btctl_intf.h **** } btctl_t;
  16:include/ubtbr/btctl_intf.h **** 
  17:include/ubtbr/btctl_intf.h **** extern btctl_t btctl;
  18:include/ubtbr/btctl_intf.h **** 
  19:include/ubtbr/btctl_intf.h **** void btctl_init(void);
  20:include/ubtbr/btctl_intf.h **** int btctl_work(void);
  21:include/ubtbr/btctl_intf.h **** 
  22:include/ubtbr/btctl_intf.h **** void btctl_set_state(btctl_state_t state, btctl_reason_t reason);
  23:include/ubtbr/btctl_intf.h **** 
  24:include/ubtbr/btctl_intf.h **** static inline btctl_state_t btctl_get_state(void)
 117              		.loc 2 24 29 view .LVU15
 118              	.LBB74:
  25:include/ubtbr/btctl_intf.h **** {
  26:include/ubtbr/btctl_intf.h **** 	return btctl.state;
 119              		.loc 2 26 2 view .LVU16
 120              		.loc 2 26 14 is_stmt 0 view .LVU17
 121 0004 2E4D     		ldr	r5, .L21
 122              	.LBE74:
 123              	.LBE73:
ARM GAS  /tmp/ccqesOBL.s 			page 5


 124              	.LBE72:
  61:src/btphy/monitor1_state.c **** 	btctl_hdr_t *h = (btctl_hdr_t*)msg->data;
 125              		.loc 1 61 1 view .LVU18
 126 0006 0446     		mov	r4, r0
 127              		.loc 1 65 5 discriminator 1 view .LVU19
 128 0008 2B78     		ldrb	r3, [r5]	@ zero_extendqisi2
 129 000a 052B     		cmp	r3, #5
 130 000c 26D1     		bne	.L19
  66:src/btphy/monitor1_state.c **** 	{
  67:src/btphy/monitor1_state.c **** 		cprintf("monitor1 canceled\n");
  68:src/btphy/monitor1_state.c **** 		goto end;
  69:src/btphy/monitor1_state.c **** 	}
  70:src/btphy/monitor1_state.c **** 	pkt = (btctl_rx_pkt_t *)h->data;
 131              		.loc 1 70 2 is_stmt 1 view .LVU20
  71:src/btphy/monitor1_state.c **** 	if (BBPKT_GOOD_CRC(pkt))
 132              		.loc 1 71 2 view .LVU21
 133              		.loc 1 71 6 is_stmt 0 view .LVU22
 134 000e 437D     		ldrb	r3, [r0, #21]	@ zero_extendqisi2
 135              		.loc 1 71 5 view .LVU23
 136 0010 1A07     		lsls	r2, r3, #28
 137              	.LVL6:
 138              		.loc 1 71 5 view .LVU24
 139 0012 0BD5     		bpl	.L8
  72:src/btphy/monitor1_state.c **** 	{
  73:src/btphy/monitor1_state.c **** 		if (pkt->bb_hdr.type != BB_TYPE_FHS)
 140              		.loc 1 73 3 is_stmt 1 view .LVU25
 141              		.loc 1 73 18 is_stmt 0 view .LVU26
 142 0014 417E     		ldrb	r1, [r0, #25]	@ zero_extendqisi2
 143              	.LVL7:
 144              		.loc 1 73 6 view .LVU27
 145 0016 0229     		cmp	r1, #2
 146 0018 2CD0     		beq	.L9
  74:src/btphy/monitor1_state.c **** 		{
  75:src/btphy/monitor1_state.c **** 			cprintf("(bad type %d)", pkt->bb_hdr.type);
 147              		.loc 1 75 4 is_stmt 1 view .LVU28
 148 001a 2A48     		ldr	r0, .L21+4
 149              	.LVL8:
 150              		.loc 1 75 4 is_stmt 0 view .LVU29
 151 001c FFF7FEFF 		bl	cprintf
 152              	.LVL9:
  76:src/btphy/monitor1_state.c **** 			goto end;
 153              		.loc 1 76 4 is_stmt 1 view .LVU30
 154              	.L7:
 155              	.L10:
  77:src/btphy/monitor1_state.c **** 		}
  78:src/btphy/monitor1_state.c **** 		// Parse fhs to get bdaddr/clkn/ltaddr
  79:src/btphy/monitor1_state.c **** 		bbpkt_decode_fhs(pkt->bt_data, &monitor1_state.fhs_info);
  80:src/btphy/monitor1_state.c **** 
  81:src/btphy/monitor1_state.c **** 
  82:src/btphy/monitor1_state.c **** 		// Set slave clkn
  83:src/btphy/monitor1_state.c **** 		btphy.slave_clkn = (monitor1_state.fhs_info.clk27_2<<2)
  84:src/btphy/monitor1_state.c **** 				 + (btphy.slave_clkn-pkt->clkn);
  85:src/btphy/monitor1_state.c **** 		
  86:src/btphy/monitor1_state.c **** 		// Start hopping in next timeslot
  87:src/btphy/monitor1_state.c **** 		tdma_schedule(1, start_monitor2, 0, 0, 0, -3);
  88:src/btphy/monitor1_state.c **** 
  89:src/btphy/monitor1_state.c **** 		// Send FHS to host
ARM GAS  /tmp/ccqesOBL.s 			page 6


  90:src/btphy/monitor1_state.c **** 		btctl_tx_enqueue(msg);
  91:src/btphy/monitor1_state.c **** 		goto end_nofree;
  92:src/btphy/monitor1_state.c **** 	}
  93:src/btphy/monitor1_state.c **** 	else{
  94:src/btphy/monitor1_state.c **** 		if (BBPKT_HAS_HDR(pkt) && pkt->bb_hdr.type)
  95:src/btphy/monitor1_state.c **** 			console_putc('0'+pkt->bb_hdr.type);
  96:src/btphy/monitor1_state.c **** 		monitor1_schedule(0);
  97:src/btphy/monitor1_state.c **** 	}
  98:src/btphy/monitor1_state.c **** end:
  99:src/btphy/monitor1_state.c **** 	msg_free(msg);
 156              		.loc 1 99 2 view .LVU31
 157              	.LBB75:
 158              	.LBI75:
 159              		.file 3 "include/ubtbr/msg.h"
   1:include/ubtbr/msg.h **** #ifndef __DEF_MSG_H
   2:include/ubtbr/msg.h **** #define __DEF_MSG_H
   3:include/ubtbr/msg.h **** #include <stdint.h>
   4:include/ubtbr/msg.h **** 
   5:include/ubtbr/msg.h **** typedef struct msg_s {
   6:include/ubtbr/msg.h **** 	uint16_t len;
   7:include/ubtbr/msg.h **** 	uint16_t data_len;
   8:include/ubtbr/msg.h **** 	uint8_t *read;
   9:include/ubtbr/msg.h **** 	uint8_t *write;
  10:include/ubtbr/msg.h **** 	/* never move head */
  11:include/ubtbr/msg.h **** 	uint8_t data[0];
  12:include/ubtbr/msg.h **** } msg_t;
  13:include/ubtbr/msg.h **** 
  14:include/ubtbr/msg.h **** /* Allocate a msg_t wigh given room*/
  15:include/ubtbr/msg.h **** static inline msg_t *msg_alloc(unsigned size)
  16:include/ubtbr/msg.h **** {
  17:include/ubtbr/msg.h **** 	msg_t *msg = (msg_t*)btctl_mem_alloc(sizeof(msg_t)+size);
  18:include/ubtbr/msg.h **** 
  19:include/ubtbr/msg.h **** 	msg->write = msg->data;
  20:include/ubtbr/msg.h **** 	msg->read = msg->data;
  21:include/ubtbr/msg.h **** 	msg->data_len = size;
  22:include/ubtbr/msg.h **** 
  23:include/ubtbr/msg.h **** 	return msg;
  24:include/ubtbr/msg.h **** }
  25:include/ubtbr/msg.h **** 
  26:include/ubtbr/msg.h **** static inline void msg_free(msg_t *msg)
 160              		.loc 3 26 20 view .LVU32
 161              	.LBB76:
  27:include/ubtbr/msg.h **** {
  28:include/ubtbr/msg.h **** 	btctl_mem_free(msg);
 162              		.loc 3 28 2 view .LVU33
 163 0020 2046     		mov	r0, r4
 164 0022 FFF7FEFF 		bl	mem_pool_free
 165              	.LVL10:
 166              		.loc 3 28 2 is_stmt 0 view .LVU34
 167              	.LBE76:
 168              	.LBE75:
 100:src/btphy/monitor1_state.c **** end_nofree:
 101:src/btphy/monitor1_state.c **** 	return 0;
 169              		.loc 1 101 2 is_stmt 1 view .LVU35
 102:src/btphy/monitor1_state.c **** }
 170              		.loc 1 102 1 is_stmt 0 view .LVU36
 171 0026 0020     		movs	r0, #0
ARM GAS  /tmp/ccqesOBL.s 			page 7


 172 0028 05B0     		add	sp, sp, #20
 173              		.cfi_remember_state
 174              		.cfi_def_cfa_offset 12
 175              		@ sp needed
 176 002a 30BD     		pop	{r4, r5, pc}
 177              	.LVL11:
 178              	.L8:
 179              		.cfi_restore_state
  94:src/btphy/monitor1_state.c **** 			console_putc('0'+pkt->bb_hdr.type);
 180              		.loc 1 94 3 is_stmt 1 view .LVU37
  94:src/btphy/monitor1_state.c **** 			console_putc('0'+pkt->bb_hdr.type);
 181              		.loc 1 94 6 is_stmt 0 view .LVU38
 182 002c 9B07     		lsls	r3, r3, #30
 183 002e 05D5     		bpl	.L11
  94:src/btphy/monitor1_state.c **** 			console_putc('0'+pkt->bb_hdr.type);
 184              		.loc 1 94 40 discriminator 1 view .LVU39
 185 0030 407E     		ldrb	r0, [r0, #25]	@ zero_extendqisi2
 186              	.LVL12:
  94:src/btphy/monitor1_state.c **** 			console_putc('0'+pkt->bb_hdr.type);
 187              		.loc 1 94 26 discriminator 1 view .LVU40
 188 0032 18B1     		cbz	r0, .L11
  95:src/btphy/monitor1_state.c **** 		monitor1_schedule(0);
 189              		.loc 1 95 4 is_stmt 1 view .LVU41
 190 0034 3030     		adds	r0, r0, #48
 191 0036 C0B2     		uxtb	r0, r0
 192 0038 FFF7FEFF 		bl	console_putc
 193              	.LVL13:
 194              	.L11:
  96:src/btphy/monitor1_state.c **** 	}
 195              		.loc 1 96 3 view .LVU42
 196              	.LBB77:
 197              	.LBI77:
 103:src/btphy/monitor1_state.c **** 
 104:src/btphy/monitor1_state.c **** /* RX ID(1) cb */
 105:src/btphy/monitor1_state.c **** static void monitor1_rx_id_cb(int sw_detected, void *arg)
 106:src/btphy/monitor1_state.c **** {
 107:src/btphy/monitor1_state.c **** 	unsigned delay;
 108:src/btphy/monitor1_state.c **** 	if(monitor1_canceled())
 109:src/btphy/monitor1_state.c **** 	{
 110:src/btphy/monitor1_state.c **** 		cprintf("monitor1 canceled\n");
 111:src/btphy/monitor1_state.c **** 		return;
 112:src/btphy/monitor1_state.c **** 	}
 113:src/btphy/monitor1_state.c **** 	if (sw_detected)
 114:src/btphy/monitor1_state.c **** 	{
 115:src/btphy/monitor1_state.c **** 		/* we should be at slave_clk = 0, prepare in one slot*/
 116:src/btphy/monitor1_state.c **** 		console_putc('!');
 117:src/btphy/monitor1_state.c **** 		/* Schedule TX ID(2) */
 118:src/btphy/monitor1_state.c **** 		delay = 3&(TX_PREPARE_IDX-CUR_SLAVE_SLOT_IDX());
 119:src/btphy/monitor1_state.c **** 		tx_task_schedule(delay,
 120:src/btphy/monitor1_state.c **** 			NULL, NULL,	// no tx callback
 121:src/btphy/monitor1_state.c **** 			NULL, NULL); 	// no header / no payload
 122:src/btphy/monitor1_state.c **** 
 123:src/btphy/monitor1_state.c **** 		/* Schedule rx FHS */
 124:src/btphy/monitor1_state.c **** 		rx_task_schedule(delay+2,
 125:src/btphy/monitor1_state.c **** 			monitor1_rx_fhs_cb, NULL,	// ID rx callback
 126:src/btphy/monitor1_state.c **** 			1<<RX_F_PAYLOAD			// FHS packet has payload
 127:src/btphy/monitor1_state.c **** 			);
ARM GAS  /tmp/ccqesOBL.s 			page 8


 128:src/btphy/monitor1_state.c **** 	}
 129:src/btphy/monitor1_state.c **** 	else
 130:src/btphy/monitor1_state.c **** 	{
 131:src/btphy/monitor1_state.c **** 		monitor1_schedule(0);
 132:src/btphy/monitor1_state.c **** 	}
 133:src/btphy/monitor1_state.c **** }
 134:src/btphy/monitor1_state.c **** 
 135:src/btphy/monitor1_state.c **** static void monitor1_schedule(unsigned delay)
 198              		.loc 1 135 13 view .LVU43
 199              	.LBB78:
 136:src/btphy/monitor1_state.c **** {
 137:src/btphy/monitor1_state.c **** 	if (MASTER_CLKN >= monitor1_state.clkn_start + PAGE_SCAN_MAX_TICKS)
 200              		.loc 1 137 2 view .LVU44
 201              		.loc 1 137 35 is_stmt 0 view .LVU45
 202 003c 224B     		ldr	r3, .L21+8
 203              		.loc 1 137 6 view .LVU46
 204 003e 234A     		ldr	r2, .L21+12
 205              		.loc 1 137 47 view .LVU47
 206 0040 1B69     		ldr	r3, [r3, #16]
 207              		.loc 1 137 6 view .LVU48
 208 0042 9268     		ldr	r2, [r2, #8]
 209              		.loc 1 137 47 view .LVU49
 210 0044 03F53B33 		add	r3, r3, #191488
 211 0048 03F50073 		add	r3, r3, #512
 212              		.loc 1 137 5 view .LVU50
 213 004c 9A42     		cmp	r2, r3
 214 004e 09D2     		bcs	.L20
 138:src/btphy/monitor1_state.c **** 	{
 139:src/btphy/monitor1_state.c **** 		cprintf("monitor1 timeout\n");
 140:src/btphy/monitor1_state.c **** 		btctl_set_state(BTCTL_STATE_STANDBY, BTCTL_REASON_TIMEOUT);
 141:src/btphy/monitor1_state.c **** 		return;
 142:src/btphy/monitor1_state.c **** 	}
 143:src/btphy/monitor1_state.c **** 	scan_task_schedule(delay, monitor1_rx_id_cb, NULL);
 215              		.loc 1 143 2 is_stmt 1 view .LVU51
 216 0050 0022     		movs	r2, #0
 217 0052 1F49     		ldr	r1, .L21+16
 218 0054 1046     		mov	r0, r2
 219 0056 FFF7FEFF 		bl	scan_task_schedule
 220              	.LVL14:
 221 005a E1E7     		b	.L7
 222              	.LVL15:
 223              	.L19:
 224              		.loc 1 143 2 is_stmt 0 view .LVU52
 225              	.LBE78:
 226              	.LBE77:
  67:src/btphy/monitor1_state.c **** 		goto end;
 227              		.loc 1 67 3 is_stmt 1 view .LVU53
 228 005c 1D48     		ldr	r0, .L21+20
 229              	.LVL16:
  67:src/btphy/monitor1_state.c **** 		goto end;
 230              		.loc 1 67 3 is_stmt 0 view .LVU54
 231 005e FFF7FEFF 		bl	cprintf
 232              	.LVL17:
  68:src/btphy/monitor1_state.c **** 	}
 233              		.loc 1 68 3 is_stmt 1 view .LVU55
 234 0062 DDE7     		b	.L7
 235              	.LVL18:
ARM GAS  /tmp/ccqesOBL.s 			page 9


 236              	.L20:
 237              	.LBB82:
 238              	.LBB81:
 239              	.LBB79:
 240              	.LBI79:
 135:src/btphy/monitor1_state.c **** {
 241              		.loc 1 135 13 view .LVU56
 242              	.LBB80:
 139:src/btphy/monitor1_state.c **** 		btctl_set_state(BTCTL_STATE_STANDBY, BTCTL_REASON_TIMEOUT);
 243              		.loc 1 139 3 view .LVU57
 244 0064 1C48     		ldr	r0, .L21+24
 245 0066 FFF7FEFF 		bl	cprintf
 246              	.LVL19:
 140:src/btphy/monitor1_state.c **** 		return;
 247              		.loc 1 140 3 view .LVU58
 248 006a 0121     		movs	r1, #1
 249 006c 0020     		movs	r0, #0
 250 006e FFF7FEFF 		bl	btctl_set_state
 251              	.LVL20:
 141:src/btphy/monitor1_state.c **** 	}
 252              		.loc 1 141 3 view .LVU59
 141:src/btphy/monitor1_state.c **** 	}
 253              		.loc 1 141 3 is_stmt 0 view .LVU60
 254 0072 D5E7     		b	.L7
 255              	.LVL21:
 256              	.L9:
 141:src/btphy/monitor1_state.c **** 	}
 257              		.loc 1 141 3 view .LVU61
 258              	.LBE80:
 259              	.LBE79:
 260              	.LBE81:
 261              	.LBE82:
 262              	.LBB83:
 263              	.LBI83:
  60:src/btphy/monitor1_state.c **** {
 264              		.loc 1 60 12 is_stmt 1 view .LVU62
 265              	.LBB84:
  79:src/btphy/monitor1_state.c **** 
 266              		.loc 1 79 3 view .LVU63
 267 0074 1449     		ldr	r1, .L21+8
 268 0076 1C30     		adds	r0, r0, #28
 269              	.LVL22:
  79:src/btphy/monitor1_state.c **** 
 270              		.loc 1 79 3 is_stmt 0 view .LVU64
 271 0078 FFF7FEFF 		bl	bbpkt_decode_fhs
 272              	.LVL23:
  83:src/btphy/monitor1_state.c **** 				 + (btphy.slave_clkn-pkt->clkn);
 273              		.loc 1 83 3 is_stmt 1 view .LVU65
  87:src/btphy/monitor1_state.c **** 
 274              		.loc 1 87 3 is_stmt 0 view .LVU66
 275 007c 6FF00202 		mvn	r2, #2
 276 0080 0023     		movs	r3, #0
  83:src/btphy/monitor1_state.c **** 				 + (btphy.slave_clkn-pkt->clkn);
 277              		.loc 1 83 54 view .LVU67
 278 0082 1149     		ldr	r1, .L21+8
  87:src/btphy/monitor1_state.c **** 
 279              		.loc 1 87 3 view .LVU68
ARM GAS  /tmp/ccqesOBL.s 			page 10


 280 0084 0192     		str	r2, [sp, #4]
  83:src/btphy/monitor1_state.c **** 				 + (btphy.slave_clkn-pkt->clkn);
 281              		.loc 1 83 20 view .LVU69
 282 0086 1548     		ldr	r0, .L21+28
  83:src/btphy/monitor1_state.c **** 				 + (btphy.slave_clkn-pkt->clkn);
 283              		.loc 1 83 54 view .LVU70
 284 0088 8968     		ldr	r1, [r1, #8]
  87:src/btphy/monitor1_state.c **** 
 285              		.loc 1 87 3 view .LVU71
 286 008a 0093     		str	r3, [sp]
  84:src/btphy/monitor1_state.c **** 		
 287              		.loc 1 84 6 view .LVU72
 288 008c 8268     		ldr	r2, [r0, #8]
 289 008e 02EB8102 		add	r2, r2, r1, lsl #2
  84:src/btphy/monitor1_state.c **** 		
 290              		.loc 1 84 29 view .LVU73
 291 0092 2169     		ldr	r1, [r4, #16]	@ unaligned
  84:src/btphy/monitor1_state.c **** 		
 292              		.loc 1 84 6 view .LVU74
 293 0094 521A     		subs	r2, r2, r1
  83:src/btphy/monitor1_state.c **** 				 + (btphy.slave_clkn-pkt->clkn);
 294              		.loc 1 83 20 view .LVU75
 295 0096 8260     		str	r2, [r0, #8]
  87:src/btphy/monitor1_state.c **** 
 296              		.loc 1 87 3 is_stmt 1 view .LVU76
 297 0098 1149     		ldr	r1, .L21+32
 298 009a 1A46     		mov	r2, r3
 299 009c 0120     		movs	r0, #1
 300 009e FFF7FEFF 		bl	tdma_schedule
 301              	.LVL24:
  90:src/btphy/monitor1_state.c **** 		goto end_nofree;
 302              		.loc 1 90 3 view .LVU77
 303              	.LBB85:
 304              	.LBI85:
  27:include/ubtbr/btctl_intf.h **** }
  28:include/ubtbr/btctl_intf.h **** 
  29:include/ubtbr/btctl_intf.h **** static inline btctl_tx_pkt_t *btctl_get_eir(void)
  30:include/ubtbr/btctl_intf.h **** {
  31:include/ubtbr/btctl_intf.h **** 	return btctl.eir_pkt;
  32:include/ubtbr/btctl_intf.h **** }
  33:include/ubtbr/btctl_intf.h **** 
  34:include/ubtbr/btctl_intf.h **** static inline msg_t *btctl_msg_alloc(unsigned type)
  35:include/ubtbr/btctl_intf.h **** {
  36:include/ubtbr/btctl_intf.h **** 	msg_t *msg;
  37:include/ubtbr/btctl_intf.h **** 	btctl_hdr_t *hdr;
  38:include/ubtbr/btctl_intf.h **** 
  39:include/ubtbr/btctl_intf.h **** 	/* maximum size ?*/
  40:include/ubtbr/btctl_intf.h **** 	msg = msg_alloc(sizeof(btctl_hdr_t)+sizeof(btctl_rx_pkt_t)+MAX_ACL_PACKET_SIZE);
  41:include/ubtbr/btctl_intf.h **** 	hdr = (btctl_hdr_t*) msg_put(msg, sizeof(*hdr));
  42:include/ubtbr/btctl_intf.h **** 	hdr->type = type;
  43:include/ubtbr/btctl_intf.h **** 
  44:include/ubtbr/btctl_intf.h **** 	return msg;
  45:include/ubtbr/btctl_intf.h **** }
  46:include/ubtbr/btctl_intf.h **** 
  47:include/ubtbr/btctl_intf.h **** static inline msg_t *safe_dequeue(msg_queue_t* q)
  48:include/ubtbr/btctl_intf.h **** {
  49:include/ubtbr/btctl_intf.h **** 	uint32_t flags = irq_save_disable();
ARM GAS  /tmp/ccqesOBL.s 			page 11


  50:include/ubtbr/btctl_intf.h **** 	msg_t *msg;
  51:include/ubtbr/btctl_intf.h **** 
  52:include/ubtbr/btctl_intf.h **** 	msg = msg_dequeue(q);
  53:include/ubtbr/btctl_intf.h **** 	irq_restore(flags);
  54:include/ubtbr/btctl_intf.h **** 
  55:include/ubtbr/btctl_intf.h **** 	return msg;
  56:include/ubtbr/btctl_intf.h **** }
  57:include/ubtbr/btctl_intf.h **** 
  58:include/ubtbr/btctl_intf.h **** static inline int safe_enqueue(msg_queue_t *q, msg_t *msg)
  59:include/ubtbr/btctl_intf.h **** {
  60:include/ubtbr/btctl_intf.h **** 	uint32_t flags = irq_save_disable();
  61:include/ubtbr/btctl_intf.h **** 	int rc;
  62:include/ubtbr/btctl_intf.h **** 
  63:include/ubtbr/btctl_intf.h **** 	rc = msg_enqueue(q, msg);
  64:include/ubtbr/btctl_intf.h **** 	irq_restore(flags);
  65:include/ubtbr/btctl_intf.h **** 
  66:include/ubtbr/btctl_intf.h **** 	return rc;
  67:include/ubtbr/btctl_intf.h **** }
  68:include/ubtbr/btctl_intf.h **** 
  69:include/ubtbr/btctl_intf.h **** /* Called by usb driver to retreive next message to send to host */
  70:include/ubtbr/btctl_intf.h **** static inline msg_t *btctl_tx_dequeue(void)
  71:include/ubtbr/btctl_intf.h **** {
  72:include/ubtbr/btctl_intf.h **** 	return safe_dequeue(&btctl.tx_q);
  73:include/ubtbr/btctl_intf.h **** }
  74:include/ubtbr/btctl_intf.h **** 
  75:include/ubtbr/btctl_intf.h **** /* Enqueue a message for host */
  76:include/ubtbr/btctl_intf.h **** static inline int btctl_tx_enqueue(msg_t *msg)
 305              		.loc 2 76 19 view .LVU78
 306              	.LBB86:
  77:include/ubtbr/btctl_intf.h **** {
  78:include/ubtbr/btctl_intf.h **** 	return safe_enqueue(&btctl.tx_q, msg);
 307              		.loc 2 78 2 view .LVU79
 308              	.LBB87:
 309              	.LBI87:
  58:include/ubtbr/btctl_intf.h **** {
 310              		.loc 2 58 19 view .LVU80
 311              	.LBB88:
  60:include/ubtbr/btctl_intf.h **** 	int rc;
 312              		.loc 2 60 2 view .LVU81
 313              	.LBB89:
 314              	.LBI89:
 315              		.file 4 "include/ubtbr/system.h"
   1:include/ubtbr/system.h **** #ifndef __SYSTEM_H
   2:include/ubtbr/system.h **** #define __SYSTEM_H
   3:include/ubtbr/system.h **** #include <stdint.h>
   4:include/ubtbr/system.h **** 
   5:include/ubtbr/system.h **** static inline uint32_t irq_save_disable(void)
 316              		.loc 4 5 24 view .LVU82
 317              	.LBB90:
   6:include/ubtbr/system.h **** {
   7:include/ubtbr/system.h **** 	uint32_t primask;
 318              		.loc 4 7 2 view .LVU83
   8:include/ubtbr/system.h **** 
   9:include/ubtbr/system.h **** 	__asm__ __volatile__ (
 319              		.loc 4 9 2 view .LVU84
 320              		.syntax unified
 321              	@ 9 "include/ubtbr/system.h" 1
ARM GAS  /tmp/ccqesOBL.s 			page 12


 322 00a2 EFF31083 			mrs    r3, primask
 323 00a6 72B6     		cpsid  i
 324              	
 325              	@ 0 "" 2
 326              		.thumb
 327              		.syntax unified
 328              	.LBE90:
 329              	.LBE89:
  63:include/ubtbr/btctl_intf.h **** 	irq_restore(flags);
 330              		.loc 2 63 7 is_stmt 0 view .LVU85
 331 00a8 2146     		mov	r1, r4
 332 00aa 05F12C00 		add	r0, r5, #44
 333              	.LBB92:
 334              	.LBB91:
 335              		.loc 4 9 2 view .LVU86
 336 00ae 0393     		str	r3, [sp, #12]
  10:include/ubtbr/system.h **** 	"\tmrs    %0, primask\n"
  11:include/ubtbr/system.h **** 	"\tcpsid  i\n"
  12:include/ubtbr/system.h **** 	: "=r" (primask)
  13:include/ubtbr/system.h **** 	:
  14:include/ubtbr/system.h **** 	: "memory");
  15:include/ubtbr/system.h **** 
  16:include/ubtbr/system.h **** 	return primask;
 337              		.loc 4 16 2 is_stmt 1 view .LVU87
 338              	.LVL25:
 339              		.loc 4 16 2 is_stmt 0 view .LVU88
 340              	.LBE91:
 341              	.LBE92:
  61:include/ubtbr/btctl_intf.h **** 
 342              		.loc 2 61 2 is_stmt 1 view .LVU89
  63:include/ubtbr/btctl_intf.h **** 	irq_restore(flags);
 343              		.loc 2 63 2 view .LVU90
  63:include/ubtbr/btctl_intf.h **** 	irq_restore(flags);
 344              		.loc 2 63 7 is_stmt 0 view .LVU91
 345 00b0 FFF7FEFF 		bl	msg_enqueue
 346              	.LVL26:
  64:include/ubtbr/btctl_intf.h **** 
 347              		.loc 2 64 2 is_stmt 1 view .LVU92
 348              	.LBB93:
 349              	.LBI93:
  17:include/ubtbr/system.h **** }
  18:include/ubtbr/system.h **** 
  19:include/ubtbr/system.h **** static inline void irq_restore(uint32_t primask)
 350              		.loc 4 19 20 view .LVU93
 351              	.LBB94:
  20:include/ubtbr/system.h **** {
  21:include/ubtbr/system.h **** 	__asm__ __volatile__ (
 352              		.loc 4 21 2 view .LVU94
 353 00b4 039B     		ldr	r3, [sp, #12]
 354              		.syntax unified
 355              	@ 21 "include/ubtbr/system.h" 1
 356 00b6 83F31088 		msr primask, r3
 357              	@ 0 "" 2
 358              	.LVL27:
 359              		.loc 4 21 2 is_stmt 0 view .LVU95
 360              		.thumb
 361              		.syntax unified
ARM GAS  /tmp/ccqesOBL.s 			page 13


 362              	.LBE94:
 363              	.LBE93:
  66:include/ubtbr/btctl_intf.h **** }
 364              		.loc 2 66 2 is_stmt 1 view .LVU96
  66:include/ubtbr/btctl_intf.h **** }
 365              		.loc 2 66 2 is_stmt 0 view .LVU97
 366              	.LBE88:
 367              	.LBE87:
 368              	.LBE86:
 369              	.LBE85:
  91:src/btphy/monitor1_state.c **** 	}
 370              		.loc 1 91 3 is_stmt 1 view .LVU98
  91:src/btphy/monitor1_state.c **** 	}
 371              		.loc 1 91 3 is_stmt 0 view .LVU99
 372              	.LBE84:
 373              	.LBE83:
 101:src/btphy/monitor1_state.c **** }
 374              		.loc 1 101 2 is_stmt 1 view .LVU100
 102:src/btphy/monitor1_state.c **** 
 375              		.loc 1 102 1 is_stmt 0 view .LVU101
 376 00ba 0020     		movs	r0, #0
 377 00bc 05B0     		add	sp, sp, #20
 378              		.cfi_def_cfa_offset 12
 379              		@ sp needed
 380 00be 30BD     		pop	{r4, r5, pc}
 381              	.LVL28:
 382              	.L22:
 102:src/btphy/monitor1_state.c **** 
 383              		.loc 1 102 1 view .LVU102
 384              		.align	2
 385              	.L21:
 386 00c0 00000000 		.word	btctl
 387 00c4 34000000 		.word	.LC2
 388 00c8 00000000 		.word	.LANCHOR0
 389 00cc 00800040 		.word	1073774592
 390 00d0 00000000 		.word	monitor1_rx_id_cb
 391 00d4 20000000 		.word	.LC1
 392 00d8 44000000 		.word	.LC3
 393 00dc 00000000 		.word	btphy
 394 00e0 00000000 		.word	start_monitor2
 395              		.cfi_endproc
 396              	.LFE33:
 398              		.section	.text.monitor1_rx_id_cb,"ax",%progbits
 399              		.align	1
 400              		.p2align 2,,3
 401              		.syntax unified
 402              		.thumb
 403              		.thumb_func
 405              	monitor1_rx_id_cb:
 406              	.LVL29:
 407              	.LFB34:
 106:src/btphy/monitor1_state.c **** 	unsigned delay;
 408              		.loc 1 106 1 is_stmt 1 view -0
 409              		.cfi_startproc
 410              		@ args = 0, pretend = 0, frame = 8
 411              		@ frame_needed = 0, uses_anonymous_args = 0
 106:src/btphy/monitor1_state.c **** 	unsigned delay;
ARM GAS  /tmp/ccqesOBL.s 			page 14


 412              		.loc 1 106 1 is_stmt 0 view .LVU104
 413 0000 00B5     		push	{lr}
 414              		.cfi_def_cfa_offset 4
 415              		.cfi_offset 14, -4
 416 0002 85B0     		sub	sp, sp, #20
 417              		.cfi_def_cfa_offset 24
 107:src/btphy/monitor1_state.c **** 	if(monitor1_canceled())
 418              		.loc 1 107 2 is_stmt 1 view .LVU105
 108:src/btphy/monitor1_state.c **** 	{
 419              		.loc 1 108 2 view .LVU106
 420              	.LBB107:
 421              	.LBI107:
  43:src/btphy/monitor1_state.c **** {
 422              		.loc 1 43 12 view .LVU107
  45:src/btphy/monitor1_state.c **** }
 423              		.loc 1 45 2 view .LVU108
 424              	.LBB108:
 425              	.LBI108:
  24:include/ubtbr/btctl_intf.h **** {
 426              		.loc 2 24 29 view .LVU109
 427              	.LBB109:
  26:include/ubtbr/btctl_intf.h **** }
 428              		.loc 2 26 2 view .LVU110
  26:include/ubtbr/btctl_intf.h **** }
 429              		.loc 2 26 14 is_stmt 0 view .LVU111
 430 0004 204B     		ldr	r3, .L30
 431              	.LBE109:
 432              	.LBE108:
 433              	.LBE107:
 106:src/btphy/monitor1_state.c **** 	unsigned delay;
 434              		.loc 1 106 1 view .LVU112
 435 0006 0246     		mov	r2, r0
 108:src/btphy/monitor1_state.c **** 	{
 436              		.loc 1 108 4 discriminator 1 view .LVU113
 437 0008 1B78     		ldrb	r3, [r3]	@ zero_extendqisi2
 438 000a 052B     		cmp	r3, #5
 439 000c 2AD1     		bne	.L27
 113:src/btphy/monitor1_state.c **** 	{
 440              		.loc 1 113 2 is_stmt 1 view .LVU114
 113:src/btphy/monitor1_state.c **** 	{
 441              		.loc 1 113 5 is_stmt 0 view .LVU115
 442 000e 78B9     		cbnz	r0, .L28
 131:src/btphy/monitor1_state.c **** 	}
 443              		.loc 1 131 3 is_stmt 1 view .LVU116
 444              	.LVL30:
 445              	.LBB110:
 446              	.LBI110:
 135:src/btphy/monitor1_state.c **** {
 447              		.loc 1 135 13 view .LVU117
 448              	.LBB111:
 137:src/btphy/monitor1_state.c **** 	{
 449              		.loc 1 137 2 view .LVU118
 137:src/btphy/monitor1_state.c **** 	{
 450              		.loc 1 137 35 is_stmt 0 view .LVU119
 451 0010 1E4B     		ldr	r3, .L30+4
 137:src/btphy/monitor1_state.c **** 	{
 452              		.loc 1 137 6 view .LVU120
ARM GAS  /tmp/ccqesOBL.s 			page 15


 453 0012 1F49     		ldr	r1, .L30+8
 454              	.LVL31:
 137:src/btphy/monitor1_state.c **** 	{
 455              		.loc 1 137 47 view .LVU121
 456 0014 1B69     		ldr	r3, [r3, #16]
 137:src/btphy/monitor1_state.c **** 	{
 457              		.loc 1 137 6 view .LVU122
 458 0016 8968     		ldr	r1, [r1, #8]
 137:src/btphy/monitor1_state.c **** 	{
 459              		.loc 1 137 47 view .LVU123
 460 0018 03F53B33 		add	r3, r3, #191488
 461 001c 03F50073 		add	r3, r3, #512
 137:src/btphy/monitor1_state.c **** 	{
 462              		.loc 1 137 5 view .LVU124
 463 0020 9942     		cmp	r1, r3
 464 0022 25D2     		bcs	.L29
 465              		.loc 1 143 2 is_stmt 1 view .LVU125
 466 0024 1B49     		ldr	r1, .L30+12
 467              	.LBE111:
 468              	.LBE110:
 133:src/btphy/monitor1_state.c **** 
 469              		.loc 1 133 1 is_stmt 0 view .LVU126
 470 0026 05B0     		add	sp, sp, #20
 471              		.cfi_remember_state
 472              		.cfi_def_cfa_offset 4
 473              		@ sp needed
 474 0028 5DF804EB 		ldr	lr, [sp], #4
 475              		.cfi_restore 14
 476              		.cfi_def_cfa_offset 0
 477              	.LBB119:
 478              	.LBB116:
 479              		.loc 1 143 2 view .LVU127
 480 002c FFF7FEBF 		b	scan_task_schedule
 481              	.LVL32:
 482              	.L28:
 483              		.cfi_restore_state
 484              		.loc 1 143 2 view .LVU128
 485              	.LBE116:
 486              	.LBE119:
 116:src/btphy/monitor1_state.c **** 		/* Schedule TX ID(2) */
 487              		.loc 1 116 3 is_stmt 1 view .LVU129
 488 0030 2120     		movs	r0, #33
 489              	.LVL33:
 116:src/btphy/monitor1_state.c **** 		/* Schedule TX ID(2) */
 490              		.loc 1 116 3 is_stmt 0 view .LVU130
 491 0032 FFF7FEFF 		bl	console_putc
 492              	.LVL34:
 118:src/btphy/monitor1_state.c **** 		tx_task_schedule(delay,
 493              		.loc 1 118 3 is_stmt 1 view .LVU131
 119:src/btphy/monitor1_state.c **** 			NULL, NULL,	// no tx callback
 494              		.loc 1 119 3 is_stmt 0 view .LVU132
 495 0036 0022     		movs	r2, #0
 118:src/btphy/monitor1_state.c **** 		tx_task_schedule(delay,
 496              		.loc 1 118 29 view .LVU133
 497 0038 174B     		ldr	r3, .L30+16
 119:src/btphy/monitor1_state.c **** 			NULL, NULL,	// no tx callback
 498              		.loc 1 119 3 view .LVU134
ARM GAS  /tmp/ccqesOBL.s 			page 16


 499 003a 1146     		mov	r1, r2
 118:src/btphy/monitor1_state.c **** 		tx_task_schedule(delay,
 500              		.loc 1 118 12 view .LVU135
 501 003c 9868     		ldr	r0, [r3, #8]
 119:src/btphy/monitor1_state.c **** 			NULL, NULL,	// no tx callback
 502              		.loc 1 119 3 view .LVU136
 503 003e 1346     		mov	r3, r2
 118:src/btphy/monitor1_state.c **** 		tx_task_schedule(delay,
 504              		.loc 1 118 12 view .LVU137
 505 0040 C0F10100 		rsb	r0, r0, #1
 118:src/btphy/monitor1_state.c **** 		tx_task_schedule(delay,
 506              		.loc 1 118 9 view .LVU138
 507 0044 00F00300 		and	r0, r0, #3
 508              	.LVL35:
 119:src/btphy/monitor1_state.c **** 			NULL, NULL,	// no tx callback
 509              		.loc 1 119 3 is_stmt 1 view .LVU139
 510 0048 0092     		str	r2, [sp]
 511 004a 0390     		str	r0, [sp, #12]
 512 004c FFF7FEFF 		bl	tx_task_schedule
 513              	.LVL36:
 124:src/btphy/monitor1_state.c **** 			monitor1_rx_fhs_cb, NULL,	// ID rx callback
 514              		.loc 1 124 3 view .LVU140
 515 0050 0123     		movs	r3, #1
 516 0052 0022     		movs	r2, #0
 517 0054 0398     		ldr	r0, [sp, #12]
 518 0056 1149     		ldr	r1, .L30+20
 519 0058 0230     		adds	r0, r0, #2
 133:src/btphy/monitor1_state.c **** 
 520              		.loc 1 133 1 is_stmt 0 view .LVU141
 521 005a 05B0     		add	sp, sp, #20
 522              		.cfi_remember_state
 523              		.cfi_def_cfa_offset 4
 524              		@ sp needed
 525 005c 5DF804EB 		ldr	lr, [sp], #4
 526              		.cfi_restore 14
 527              		.cfi_def_cfa_offset 0
 528              	.LVL37:
 124:src/btphy/monitor1_state.c **** 			monitor1_rx_fhs_cb, NULL,	// ID rx callback
 529              		.loc 1 124 3 view .LVU142
 530 0060 FFF7FEBF 		b	rx_task_schedule
 531              	.LVL38:
 532              	.L27:
 533              		.cfi_restore_state
 534              	.LBB120:
 535              	.LBI120:
 105:src/btphy/monitor1_state.c **** {
 536              		.loc 1 105 13 is_stmt 1 view .LVU143
 537              	.LBB121:
 110:src/btphy/monitor1_state.c **** 		return;
 538              		.loc 1 110 3 view .LVU144
 539 0064 0E48     		ldr	r0, .L30+24
 540              	.LVL39:
 110:src/btphy/monitor1_state.c **** 		return;
 541              		.loc 1 110 3 is_stmt 0 view .LVU145
 542              	.LBE121:
 543              	.LBE120:
 133:src/btphy/monitor1_state.c **** 
ARM GAS  /tmp/ccqesOBL.s 			page 17


 544              		.loc 1 133 1 view .LVU146
 545 0066 05B0     		add	sp, sp, #20
 546              		.cfi_remember_state
 547              		.cfi_def_cfa_offset 4
 548              		@ sp needed
 549 0068 5DF804EB 		ldr	lr, [sp], #4
 550              		.cfi_restore 14
 551              		.cfi_def_cfa_offset 0
 552              	.LBB123:
 553              	.LBB122:
 110:src/btphy/monitor1_state.c **** 		return;
 554              		.loc 1 110 3 view .LVU147
 555 006c FFF7FEBF 		b	cprintf
 556              	.LVL40:
 557              	.L29:
 558              		.cfi_restore_state
 110:src/btphy/monitor1_state.c **** 		return;
 559              		.loc 1 110 3 view .LVU148
 560 0070 0390     		str	r0, [sp, #12]
 561              	.LBE122:
 562              	.LBE123:
 563              	.LBB124:
 564              	.LBB117:
 565              	.LBB112:
 566              	.LBI112:
 135:src/btphy/monitor1_state.c **** {
 567              		.loc 1 135 13 is_stmt 1 view .LVU149
 568              	.LVL41:
 569              	.LBB113:
 139:src/btphy/monitor1_state.c **** 		btctl_set_state(BTCTL_STATE_STANDBY, BTCTL_REASON_TIMEOUT);
 570              		.loc 1 139 3 view .LVU150
 571 0072 0C48     		ldr	r0, .L30+28
 572              	.LVL42:
 139:src/btphy/monitor1_state.c **** 		btctl_set_state(BTCTL_STATE_STANDBY, BTCTL_REASON_TIMEOUT);
 573              		.loc 1 139 3 is_stmt 0 view .LVU151
 574 0074 FFF7FEFF 		bl	cprintf
 575              	.LVL43:
 140:src/btphy/monitor1_state.c **** 		return;
 576              		.loc 1 140 3 is_stmt 1 view .LVU152
 577 0078 0121     		movs	r1, #1
 578 007a 0398     		ldr	r0, [sp, #12]
 579              	.LBE113:
 580              	.LBE112:
 581              	.LBE117:
 582              	.LBE124:
 133:src/btphy/monitor1_state.c **** 
 583              		.loc 1 133 1 is_stmt 0 view .LVU153
 584 007c 05B0     		add	sp, sp, #20
 585              		.cfi_def_cfa_offset 4
 586              		@ sp needed
 587 007e 5DF804EB 		ldr	lr, [sp], #4
 588              		.cfi_restore 14
 589              		.cfi_def_cfa_offset 0
 590              	.LVL44:
 591              	.LBB125:
 592              	.LBB118:
 593              	.LBB115:
ARM GAS  /tmp/ccqesOBL.s 			page 18


 594              	.LBB114:
 140:src/btphy/monitor1_state.c **** 		return;
 595              		.loc 1 140 3 view .LVU154
 596 0082 FFF7FEBF 		b	btctl_set_state
 597              	.LVL45:
 598              	.L31:
 599 0086 00BF     		.align	2
 600              	.L30:
 601 0088 00000000 		.word	btctl
 602 008c 00000000 		.word	.LANCHOR0
 603 0090 00800040 		.word	1073774592
 604 0094 00000000 		.word	monitor1_rx_id_cb
 605 0098 00000000 		.word	btphy
 606 009c 00000000 		.word	monitor1_rx_fhs_cb
 607 00a0 20000000 		.word	.LC1
 608 00a4 44000000 		.word	.LC3
 609              	.LBE114:
 610              	.LBE115:
 611              	.LBE118:
 612              	.LBE125:
 613              		.cfi_endproc
 614              	.LFE34:
 616              		.section	.text.monitor1_state_setup,"ax",%progbits
 617              		.align	1
 618              		.p2align 2,,3
 619              		.global	monitor1_state_setup
 620              		.syntax unified
 621              		.thumb
 622              		.thumb_func
 624              	monitor1_state_setup:
 625              	.LVL46:
 626              	.LFB36:
 144:src/btphy/monitor1_state.c **** }
 145:src/btphy/monitor1_state.c **** 
 146:src/btphy/monitor1_state.c **** /*
 147:src/btphy/monitor1_state.c ****  * Monitor paging in a nutshell:
 148:src/btphy/monitor1_state.c ****  * 1 - Wait for ID(1) with target's lap
 149:src/btphy/monitor1_state.c ****  * 2 - Reply with ID(2)
 150:src/btphy/monitor1_state.c ****  * 3 - Receive FHS, do not send ID(3) (thats the trick!!)
 151:src/btphy/monitor1_state.c ****  * 4 - Start hopping on piconet and wait for real connection to establish
 152:src/btphy/monitor1_state.c ****  * 5 - Sniff all timeslots
 153:src/btphy/monitor1_state.c ****  */
 154:src/btphy/monitor1_state.c **** void monitor1_state_setup(uint64_t slave_bdaddr)
 155:src/btphy/monitor1_state.c **** {
 627              		.loc 1 155 1 is_stmt 1 view -0
 628              		.cfi_startproc
 629              		@ args = 0, pretend = 0, frame = 0
 630              		@ frame_needed = 0, uses_anonymous_args = 0
 631              		.loc 1 155 1 is_stmt 0 view .LVU156
 632 0000 08B5     		push	{r3, lr}
 633              		.cfi_def_cfa_offset 8
 634              		.cfi_offset 3, -8
 635              		.cfi_offset 14, -4
 156:src/btphy/monitor1_state.c **** 	btphy_set_bdaddr(slave_bdaddr);
 636              		.loc 1 156 2 is_stmt 1 view .LVU157
 637 0002 FFF7FEFF 		bl	btphy_set_bdaddr
 638              	.LVL47:
ARM GAS  /tmp/ccqesOBL.s 			page 19


 157:src/btphy/monitor1_state.c **** 	btphy_set_mode(BT_MODE_PAGE_SCAN, btphy.my_lap, btphy.my_uap);
 639              		.loc 1 157 2 view .LVU158
 640 0006 134B     		ldr	r3, .L35
 641 0008 0320     		movs	r0, #3
 642 000a 93F83820 		ldrb	r2, [r3, #56]	@ zero_extendqisi2
 643 000e 596B     		ldr	r1, [r3, #52]
 644 0010 FFF7FEFF 		bl	btphy_set_mode
 645              	.LVL48:
 158:src/btphy/monitor1_state.c **** 	btctl_set_state(BTCTL_STATE_PAGE_SCAN, BTCTL_REASON_SUCCESS);
 646              		.loc 1 158 2 view .LVU159
 647 0014 0021     		movs	r1, #0
 648 0016 0520     		movs	r0, #5
 649 0018 FFF7FEFF 		bl	btctl_set_state
 650              	.LVL49:
 159:src/btphy/monitor1_state.c **** 	monitor1_state.clkn_start = MASTER_CLKN+1;
 651              		.loc 1 159 2 view .LVU160
 652              		.loc 1 159 30 is_stmt 0 view .LVU161
 653 001c 0E4A     		ldr	r2, .L35+4
 654              		.loc 1 159 28 view .LVU162
 655 001e 0F48     		ldr	r0, .L35+8
 656              		.loc 1 159 30 view .LVU163
 657 0020 9368     		ldr	r3, [r2, #8]
 658              	.LBB130:
 659              	.LBB131:
 137:src/btphy/monitor1_state.c **** 	{
 660              		.loc 1 137 6 view .LVU164
 661 0022 9168     		ldr	r1, [r2, #8]
 137:src/btphy/monitor1_state.c **** 	{
 662              		.loc 1 137 47 view .LVU165
 663 0024 03F53B32 		add	r2, r3, #191488
 664 0028 02F20122 		addw	r2, r2, #513
 665              	.LBE131:
 666              	.LBE130:
 667              		.loc 1 159 41 view .LVU166
 668 002c 0133     		adds	r3, r3, #1
 669              	.LBB140:
 670              	.LBB136:
 137:src/btphy/monitor1_state.c **** 	{
 671              		.loc 1 137 5 view .LVU167
 672 002e 9142     		cmp	r1, r2
 673              	.LBE136:
 674              	.LBE140:
 675              		.loc 1 159 28 view .LVU168
 676 0030 0361     		str	r3, [r0, #16]
 160:src/btphy/monitor1_state.c **** 	monitor1_schedule(1);
 677              		.loc 1 160 2 is_stmt 1 view .LVU169
 678              	.LVL50:
 679              	.LBB141:
 680              	.LBI130:
 135:src/btphy/monitor1_state.c **** {
 681              		.loc 1 135 13 view .LVU170
 682              	.LBB137:
 137:src/btphy/monitor1_state.c **** 	{
 683              		.loc 1 137 2 view .LVU171
 137:src/btphy/monitor1_state.c **** 	{
 684              		.loc 1 137 5 is_stmt 0 view .LVU172
 685 0032 06D2     		bcs	.L34
ARM GAS  /tmp/ccqesOBL.s 			page 20


 143:src/btphy/monitor1_state.c **** }
 686              		.loc 1 143 2 is_stmt 1 view .LVU173
 687              	.LBE137:
 688              	.LBE141:
 161:src/btphy/monitor1_state.c **** }
 689              		.loc 1 161 1 is_stmt 0 view .LVU174
 690 0034 BDE80840 		pop	{r3, lr}
 691              		.cfi_remember_state
 692              		.cfi_restore 14
 693              		.cfi_restore 3
 694              		.cfi_def_cfa_offset 0
 695              	.LBB142:
 696              	.LBB138:
 143:src/btphy/monitor1_state.c **** }
 697              		.loc 1 143 2 view .LVU175
 698 0038 0022     		movs	r2, #0
 699 003a 0120     		movs	r0, #1
 700 003c 0849     		ldr	r1, .L35+12
 701 003e FFF7FEBF 		b	scan_task_schedule
 702              	.LVL51:
 703              	.L34:
 704              		.cfi_restore_state
 705              	.LBB132:
 706              	.LBI132:
 135:src/btphy/monitor1_state.c **** {
 707              		.loc 1 135 13 is_stmt 1 view .LVU176
 708              	.LBB133:
 139:src/btphy/monitor1_state.c **** 		btctl_set_state(BTCTL_STATE_STANDBY, BTCTL_REASON_TIMEOUT);
 709              		.loc 1 139 3 view .LVU177
 710 0042 0848     		ldr	r0, .L35+16
 711 0044 FFF7FEFF 		bl	cprintf
 712              	.LVL52:
 140:src/btphy/monitor1_state.c **** 		return;
 713              		.loc 1 140 3 view .LVU178
 714              	.LBE133:
 715              	.LBE132:
 716              	.LBE138:
 717              	.LBE142:
 718              		.loc 1 161 1 is_stmt 0 view .LVU179
 719 0048 BDE80840 		pop	{r3, lr}
 720              		.cfi_restore 14
 721              		.cfi_restore 3
 722              		.cfi_def_cfa_offset 0
 723              	.LBB143:
 724              	.LBB139:
 725              	.LBB135:
 726              	.LBB134:
 140:src/btphy/monitor1_state.c **** 		return;
 727              		.loc 1 140 3 view .LVU180
 728 004c 0121     		movs	r1, #1
 729 004e 0020     		movs	r0, #0
 730 0050 FFF7FEBF 		b	btctl_set_state
 731              	.LVL53:
 732              	.L36:
 733              		.align	2
 734              	.L35:
 735 0054 00000000 		.word	btphy
ARM GAS  /tmp/ccqesOBL.s 			page 21


 736 0058 00800040 		.word	1073774592
 737 005c 00000000 		.word	.LANCHOR0
 738 0060 00000000 		.word	monitor1_rx_id_cb
 739 0064 44000000 		.word	.LC3
 740              	.LBE134:
 741              	.LBE135:
 742              	.LBE139:
 743              	.LBE143:
 744              		.cfi_endproc
 745              	.LFE36:
 747              		.global	monitor1_state
 748              		.bss
 749              		.align	3
 750              		.set	.LANCHOR0,. + 0
 753              	monitor1_state:
 754 0000 00000000 		.space	24
 754      00000000 
 754      00000000 
 754      00000000 
 754      00000000 
 755              		.text
 756              	.Letext0:
 757              		.file 5 "/usr/arm-none-eabi/include/machine/_default_types.h"
 758              		.file 6 "/usr/arm-none-eabi/include/sys/_stdint.h"
 759              		.file 7 "../../host/libubertooth/src/ubertooth_interface.h"
 760              		.file 8 "include/ubtbr/queue.h"
 761              		.file 9 "include/ubtbr/btphy.h"
 762              		.file 10 "include/ubtbr/bb.h"
 763              		.file 11 "include/ubtbr/tdma_sched.h"
 764              		.file 12 "include/ubtbr/scan_task.h"
 765              		.file 13 "include/ubtbr/rx_task.h"
 766              		.file 14 "include/ubtbr/tx_task.h"
 767              		.file 15 "include/ubtbr/mem_pool.h"
 768              		.file 16 "include/ubtbr/monitor_state.h"
 769              		.file 17 "include/ubtbr/console.h"
 770              		.file 18 "include/ubtbr/debug.h"
ARM GAS  /tmp/ccqesOBL.s 			page 22


DEFINED SYMBOLS
                            *ABS*:00000000 monitor1_state.c
     /tmp/ccqesOBL.s:19     .rodata.str1.4:00000000 $d
     /tmp/ccqesOBL.s:23     .text.start_monitor2:00000000 $t
     /tmp/ccqesOBL.s:29     .text.start_monitor2:00000000 start_monitor2
     /tmp/ccqesOBL.s:70     .text.start_monitor2:00000028 $d
     /tmp/ccqesOBL.s:86     .text.monitor1_rx_fhs_cb:00000000 $t
     /tmp/ccqesOBL.s:92     .text.monitor1_rx_fhs_cb:00000000 monitor1_rx_fhs_cb
     /tmp/ccqesOBL.s:386    .text.monitor1_rx_fhs_cb:000000c0 $d
     /tmp/ccqesOBL.s:405    .text.monitor1_rx_id_cb:00000000 monitor1_rx_id_cb
     /tmp/ccqesOBL.s:399    .text.monitor1_rx_id_cb:00000000 $t
     /tmp/ccqesOBL.s:601    .text.monitor1_rx_id_cb:00000088 $d
     /tmp/ccqesOBL.s:617    .text.monitor1_state_setup:00000000 $t
     /tmp/ccqesOBL.s:624    .text.monitor1_state_setup:00000000 monitor1_state_setup
     /tmp/ccqesOBL.s:735    .text.monitor1_state_setup:00000054 $d
     /tmp/ccqesOBL.s:753    .bss:00000000 monitor1_state
     /tmp/ccqesOBL.s:749    .bss:00000000 $d

UNDEFINED SYMBOLS
cprintf
monitor2_state_init
mem_pool_free
console_putc
scan_task_schedule
btctl_set_state
bbpkt_decode_fhs
tdma_schedule
msg_enqueue
btctl
btphy
tx_task_schedule
rx_task_schedule
btphy_set_bdaddr
btphy_set_mode
