ARM GAS  /tmp/ccoisG3A.s 			page 1


   1              		.cpu cortex-m3
   2              		.arch armv7-m
   3              		.fpu softvfp
   4              		.eabi_attribute 20, 1
   5              		.eabi_attribute 21, 1
   6              		.eabi_attribute 23, 3
   7              		.eabi_attribute 24, 1
   8              		.eabi_attribute 25, 1
   9              		.eabi_attribute 26, 1
  10              		.eabi_attribute 30, 2
  11              		.eabi_attribute 34, 1
  12              		.eabi_attribute 18, 4
  13              		.file	"paging_state.c"
  14              		.text
  15              	.Ltext0:
  16              		.cfi_sections	.debug_frame
  17              		.file 1 "src/btphy/paging_state.c"
  18              		.section	.rodata.str1.4,"aMS",%progbits,1
  19              		.align	2
  20              	.LC0:
  21 0000 70616769 		.ascii	"paging timeout\012\000"
  21      6E672074 
  21      696D656F 
  21      75740A00 
  22              		.section	.text.paging_rx_cb,"ax",%progbits
  23              		.align	1
  24              		.p2align 2,,3
  25              		.syntax unified
  26              		.thumb
  27              		.thumb_func
  29              	paging_rx_cb:
  30              	.LVL0:
  31              	.LFB33:
   1:src/btphy/paging_state.c **** /* Page state
   2:src/btphy/paging_state.c ****  *
   3:src/btphy/paging_state.c ****  * Copyright 2020 Etienne Helluy-Lafont, Univ. Lille, CNRS.
   4:src/btphy/paging_state.c ****  *
   5:src/btphy/paging_state.c ****  * This file is part of Project Ubertooth.
   6:src/btphy/paging_state.c ****  *
   7:src/btphy/paging_state.c ****  * This program is free software; you can redistribute it and/or modify
   8:src/btphy/paging_state.c ****  * it under the terms of the GNU General Public License as published by
   9:src/btphy/paging_state.c ****  * the Free Software Foundation; either version 2, or (at your option)
  10:src/btphy/paging_state.c ****  * any later version.
  11:src/btphy/paging_state.c ****  *
  12:src/btphy/paging_state.c ****  * This program is distributed in the hope that it will be useful,
  13:src/btphy/paging_state.c ****  * but WITHOUT ANY WARRANTY; without even the implied warranty of
  14:src/btphy/paging_state.c ****  * MERCHANTABILITY or FITNESS FOR A PARTICULAR PURPOSE.  See the
  15:src/btphy/paging_state.c ****  * GNU General Public License for more details.
  16:src/btphy/paging_state.c ****  *
  17:src/btphy/paging_state.c ****  * You should have received a copy of the GNU General Public License
  18:src/btphy/paging_state.c ****  * along with this program; see the file COPYING.  If not, write to
  19:src/btphy/paging_state.c ****  * the Free Software Foundation, Inc., 51 Franklin Street,
  20:src/btphy/paging_state.c ****  * Boston, MA 02110-1301, USA.
  21:src/btphy/paging_state.c ****  */
  22:src/btphy/paging_state.c **** #include <string.h>
  23:src/btphy/paging_state.c **** #include <ubtbr/cfg.h>
  24:src/btphy/paging_state.c **** #include <ubtbr/debug.h>
ARM GAS  /tmp/ccoisG3A.s 			page 2


  25:src/btphy/paging_state.c **** #include <ubtbr/btphy.h>
  26:src/btphy/paging_state.c **** #include <ubtbr/tdma_sched.h>
  27:src/btphy/paging_state.c **** #include <ubtbr/bb.h>
  28:src/btphy/paging_state.c **** #include <ubtbr/rx_task.h>
  29:src/btphy/paging_state.c **** #include <ubtbr/tx_task.h>
  30:src/btphy/paging_state.c **** #include <ubtbr/master_state.h>
  31:src/btphy/paging_state.c **** #include <ubtbr/btctl_intf.h>
  32:src/btphy/paging_state.c **** 
  33:src/btphy/paging_state.c **** /* Max duration : 45 seconds */
  34:src/btphy/paging_state.c **** #define PAGING_MAX_TICKS (CLKN_RATE*45)
  35:src/btphy/paging_state.c **** #define TX_PREPARE_IDX	3  // We will transmit at clkn1_0 = 0
  36:src/btphy/paging_state.c **** 
  37:src/btphy/paging_state.c **** static struct {
  38:src/btphy/paging_state.c **** 	uint32_t clkn_start;
  39:src/btphy/paging_state.c **** 	bbhdr_t fhs_hdr;
  40:src/btphy/paging_state.c **** 	uint8_t fhs_data[20];
  41:src/btphy/paging_state.c **** } paging_state;
  42:src/btphy/paging_state.c **** 
  43:src/btphy/paging_state.c **** static int paging_canceled(void)
  44:src/btphy/paging_state.c **** {
  45:src/btphy/paging_state.c **** 	return btctl_get_state() != BTCTL_STATE_PAGE;
  46:src/btphy/paging_state.c **** }
  47:src/btphy/paging_state.c **** 
  48:src/btphy/paging_state.c **** static void paging_schedule(unsigned delay);
  49:src/btphy/paging_state.c **** 
  50:src/btphy/paging_state.c **** /* Timeframe:
  51:src/btphy/paging_state.c ****  * usec                 0             625                   1250              1875
  52:src/btphy/paging_state.c ****  * clk          -1      0        1     2          3            4         5    6
  53:src/btphy/paging_state.c ****  * master:      prep tx | tx id  |  .. |       	  | rx/prep tx | tx fhs  | .. |
  54:src/btphy/paging_state.c ****  * slave:               |        |  .. | tx id(2) |            |         | .. |tx id(3)
  55:src/btphy/paging_state.c ****  */
  56:src/btphy/paging_state.c **** 
  57:src/btphy/paging_state.c **** /* We received ID(3) from paged device */
  58:src/btphy/paging_state.c **** static int paging_rx_ack_cb(msg_t *msg, void *arg, int time_offset)
  59:src/btphy/paging_state.c **** {
  60:src/btphy/paging_state.c **** 	btctl_hdr_t *h = (btctl_hdr_t*)msg->data;
  61:src/btphy/paging_state.c **** 	btctl_rx_pkt_t *pkt;
  62:src/btphy/paging_state.c **** 
  63:src/btphy/paging_state.c **** 	if (paging_canceled())
  64:src/btphy/paging_state.c **** 	{
  65:src/btphy/paging_state.c **** 		msg_free(msg);
  66:src/btphy/paging_state.c **** 		return 0;
  67:src/btphy/paging_state.c **** 	}
  68:src/btphy/paging_state.c **** 	pkt = (btctl_rx_pkt_t *)h->data;
  69:src/btphy/paging_state.c **** 
  70:src/btphy/paging_state.c **** 	if (BBPKT_HAS_PKT(pkt))
  71:src/btphy/paging_state.c **** 	{
  72:src/btphy/paging_state.c **** 		cprintf("ID(3)\n");
  73:src/btphy/paging_state.c **** 		master_state_init();
  74:src/btphy/paging_state.c **** 	}
  75:src/btphy/paging_state.c **** 	else{
  76:src/btphy/paging_state.c **** 		cprintf("no ID(3)\n");
  77:src/btphy/paging_state.c **** 		paging_schedule(3&(TX_PREPARE_IDX-CUR_MASTER_SLOT_IDX()));
  78:src/btphy/paging_state.c **** 	}
  79:src/btphy/paging_state.c **** 	msg_free(msg);
  80:src/btphy/paging_state.c **** 	return 0;
  81:src/btphy/paging_state.c **** }
ARM GAS  /tmp/ccoisG3A.s 			page 3


  82:src/btphy/paging_state.c **** 
  83:src/btphy/paging_state.c **** /* We received the ID(2) from paged device */
  84:src/btphy/paging_state.c **** static int paging_rx_cb(msg_t *msg, void *arg, int time_offset)
  85:src/btphy/paging_state.c **** {
  32              		.loc 1 85 1 view -0
  33              		.cfi_startproc
  34              		@ args = 0, pretend = 0, frame = 8
  35              		@ frame_needed = 0, uses_anonymous_args = 0
  36              		.loc 1 85 1 is_stmt 0 view .LVU1
  37 0000 30B5     		push	{r4, r5, lr}
  38              		.cfi_def_cfa_offset 12
  39              		.cfi_offset 4, -12
  40              		.cfi_offset 5, -8
  41              		.cfi_offset 14, -4
  42 0002 85B0     		sub	sp, sp, #20
  43              		.cfi_def_cfa_offset 32
  86:src/btphy/paging_state.c **** 	btctl_hdr_t *h = (btctl_hdr_t*)msg->data;
  44              		.loc 1 86 2 is_stmt 1 view .LVU2
  87:src/btphy/paging_state.c **** 	btctl_rx_pkt_t *pkt;
  45              		.loc 1 87 2 view .LVU3
  88:src/btphy/paging_state.c **** 	unsigned delay; 
  46              		.loc 1 88 2 view .LVU4
  89:src/btphy/paging_state.c **** 
  90:src/btphy/paging_state.c **** 	if (paging_canceled())
  47              		.loc 1 90 2 view .LVU5
  48              	.LBB34:
  49              	.LBI34:
  43:src/btphy/paging_state.c **** {
  50              		.loc 1 43 12 view .LVU6
  45:src/btphy/paging_state.c **** }
  51              		.loc 1 45 2 view .LVU7
  52              	.LBB35:
  53              	.LBI35:
  54              		.file 2 "include/ubtbr/btctl_intf.h"
   1:include/ubtbr/btctl_intf.h **** #ifndef __BTCTL_INTF_H
   2:include/ubtbr/btctl_intf.h **** #define __BTCTL_INTF_H
   3:include/ubtbr/btctl_intf.h **** #include <ubtbr/bb_msg.h>
   4:include/ubtbr/btctl_intf.h **** #include <ubtbr/queue.h>
   5:include/ubtbr/btctl_intf.h **** #include <ubtbr/system.h>
   6:include/ubtbr/btctl_intf.h **** #include <ubertooth_interface.h>
   7:include/ubtbr/btctl_intf.h **** 
   8:include/ubtbr/btctl_intf.h **** typedef struct btctl_s {
   9:include/ubtbr/btctl_intf.h **** 	btctl_state_t state;
  10:include/ubtbr/btctl_intf.h **** 	msg_queue_t rx_q;
  11:include/ubtbr/btctl_intf.h **** 	msg_queue_t tx_q;
  12:include/ubtbr/btctl_intf.h **** 	msg_queue_t acl_tx_q;
  13:include/ubtbr/btctl_intf.h **** 	msg_t *eir_msg;
  14:include/ubtbr/btctl_intf.h **** 	btctl_tx_pkt_t *eir_pkt;
  15:include/ubtbr/btctl_intf.h **** } btctl_t;
  16:include/ubtbr/btctl_intf.h **** 
  17:include/ubtbr/btctl_intf.h **** extern btctl_t btctl;
  18:include/ubtbr/btctl_intf.h **** 
  19:include/ubtbr/btctl_intf.h **** void btctl_init(void);
  20:include/ubtbr/btctl_intf.h **** int btctl_work(void);
  21:include/ubtbr/btctl_intf.h **** 
  22:include/ubtbr/btctl_intf.h **** void btctl_set_state(btctl_state_t state, btctl_reason_t reason);
  23:include/ubtbr/btctl_intf.h **** 
ARM GAS  /tmp/ccoisG3A.s 			page 4


  24:include/ubtbr/btctl_intf.h **** static inline btctl_state_t btctl_get_state(void)
  55              		.loc 2 24 29 view .LVU8
  56              	.LBB36:
  25:include/ubtbr/btctl_intf.h **** {
  26:include/ubtbr/btctl_intf.h **** 	return btctl.state;
  57              		.loc 2 26 2 view .LVU9
  58              		.loc 2 26 14 is_stmt 0 view .LVU10
  59 0004 264B     		ldr	r3, .L7
  60              	.LBE36:
  61              	.LBE35:
  62              	.LBE34:
  85:src/btphy/paging_state.c **** 	btctl_hdr_t *h = (btctl_hdr_t*)msg->data;
  63              		.loc 1 85 1 view .LVU11
  64 0006 0446     		mov	r4, r0
  65              		.loc 1 90 5 discriminator 1 view .LVU12
  66 0008 1B78     		ldrb	r3, [r3]	@ zero_extendqisi2
  67 000a 022B     		cmp	r3, #2
  68 000c 1ED1     		bne	.L2
  91:src/btphy/paging_state.c **** 		goto end;
  92:src/btphy/paging_state.c **** 	pkt = (btctl_rx_pkt_t *)h->data;
  69              		.loc 1 92 2 is_stmt 1 view .LVU13
  93:src/btphy/paging_state.c **** 
  94:src/btphy/paging_state.c **** 	if (BBPKT_HAS_PKT(pkt))
  70              		.loc 1 94 2 view .LVU14
  95:src/btphy/paging_state.c **** 	{
  96:src/btphy/paging_state.c **** 		/* We received the slave's ID(2) at t'(k).
  97:src/btphy/paging_state.c **** 		 * Send FHS in next slot and start basic hopping
  98:src/btphy/paging_state.c **** 		 * The FHS shall be sent on chan f(k+1), following the std paging hop
  99:src/btphy/paging_state.c **** 		 * */
 100:src/btphy/paging_state.c **** 		delay = 3&(TX_PREPARE_IDX-CUR_MASTER_SLOT_IDX());
  71              		.loc 1 100 29 is_stmt 0 view .LVU15
  72 000e 254A     		ldr	r2, .L7+4
  73              	.LVL1:
  94:src/btphy/paging_state.c **** 	{
  74              		.loc 1 94 5 view .LVU16
  75 0010 437D     		ldrb	r3, [r0, #21]	@ zero_extendqisi2
  76              		.loc 1 100 29 view .LVU17
  77 0012 5168     		ldr	r1, [r2, #4]
  78              	.LVL2:
  94:src/btphy/paging_state.c **** 	{
  79              		.loc 1 94 5 view .LVU18
  80 0014 13F00103 		ands	r3, r3, #1
  81              		.loc 1 100 12 view .LVU19
  82 0018 6FEA0102 		mvn	r2, r1
  83              		.loc 1 100 9 view .LVU20
  84 001c 02F00305 		and	r5, r2, #3
  85 0020 2846     		mov	r0, r5
  86              	.LVL3:
  94:src/btphy/paging_state.c **** 	{
  87              		.loc 1 94 5 view .LVU21
  88 0022 19D0     		beq	.L3
  89              		.loc 1 100 3 is_stmt 1 view .LVU22
  90              	.LVL4:
 101:src/btphy/paging_state.c **** 
 102:src/btphy/paging_state.c **** 		/* Write clk27_2 in fhs payload
 103:src/btphy/paging_state.c **** 		 * Will tx at (clkn+1) */
 104:src/btphy/paging_state.c **** 		bbpkt_fhs_finalize_payload(paging_state.fhs_data, (btphy.master_clkn+delay+1)>>2);
ARM GAS  /tmp/ccoisG3A.s 			page 5


  91              		.loc 1 104 3 view .LVU23
  92              		.loc 1 104 77 is_stmt 0 view .LVU24
  93 0024 0131     		adds	r1, r1, #1
  94 0026 2944     		add	r1, r1, r5
  95              		.loc 1 104 3 view .LVU25
  96 0028 1F48     		ldr	r0, .L7+8
  97 002a 8908     		lsrs	r1, r1, #2
  98 002c FFF7FEFF 		bl	bbpkt_fhs_finalize_payload
  99              	.LVL5:
 105:src/btphy/paging_state.c **** 
 106:src/btphy/paging_state.c **** 		/* Schedule tx masters's page response (FHS): */
 107:src/btphy/paging_state.c **** 		tx_task_schedule(delay, 	// must schedule tx_prepare now to start tx in next clkn
 100              		.loc 1 107 3 is_stmt 1 view .LVU26
 101 0030 0022     		movs	r2, #0
 102 0032 1D48     		ldr	r0, .L7+8
 103 0034 1146     		mov	r1, r2
 104 0036 031F     		subs	r3, r0, #4
 105 0038 0090     		str	r0, [sp]
 106 003a 2846     		mov	r0, r5
 107 003c FFF7FEFF 		bl	tx_task_schedule
 108              	.LVL6:
 108:src/btphy/paging_state.c **** 			NULL, NULL,
 109:src/btphy/paging_state.c **** 			/* skip 4 bytes of sw */
 110:src/btphy/paging_state.c **** 			&paging_state.fhs_hdr, paging_state.fhs_data);
 111:src/btphy/paging_state.c **** 
 112:src/btphy/paging_state.c **** 		/* Schedule rx slave's ID(3) page response: */
 113:src/btphy/paging_state.c **** 		rx_task_schedule(delay+2,
 109              		.loc 1 113 3 view .LVU27
 110 0040 0023     		movs	r3, #0
 111 0042 1A49     		ldr	r1, .L7+12
 112 0044 1A46     		mov	r2, r3
 113 0046 A81C     		adds	r0, r5, #2
 114 0048 FFF7FEFF 		bl	rx_task_schedule
 115              	.LVL7:
 116              	.L2:
 114:src/btphy/paging_state.c **** 			paging_rx_ack_cb, NULL,	// ID rx callback
 115:src/btphy/paging_state.c **** 			0			// no payload
 116:src/btphy/paging_state.c **** 			);
 117:src/btphy/paging_state.c **** 	}
 118:src/btphy/paging_state.c **** 	else
 119:src/btphy/paging_state.c **** 	{
 120:src/btphy/paging_state.c **** 		// schedule tx in next slot
 121:src/btphy/paging_state.c **** 		paging_schedule(3&(TX_PREPARE_IDX-CUR_MASTER_SLOT_IDX()));
 122:src/btphy/paging_state.c **** 	}
 123:src/btphy/paging_state.c **** end:
 124:src/btphy/paging_state.c **** 	msg_free(msg);
 117              		.loc 1 124 2 view .LVU28
 118              	.LBB37:
 119              	.LBI37:
 120              		.file 3 "include/ubtbr/msg.h"
   1:include/ubtbr/msg.h **** #ifndef __DEF_MSG_H
   2:include/ubtbr/msg.h **** #define __DEF_MSG_H
   3:include/ubtbr/msg.h **** #include <stdint.h>
   4:include/ubtbr/msg.h **** 
   5:include/ubtbr/msg.h **** typedef struct msg_s {
   6:include/ubtbr/msg.h **** 	uint16_t len;
   7:include/ubtbr/msg.h **** 	uint16_t data_len;
ARM GAS  /tmp/ccoisG3A.s 			page 6


   8:include/ubtbr/msg.h **** 	uint8_t *read;
   9:include/ubtbr/msg.h **** 	uint8_t *write;
  10:include/ubtbr/msg.h **** 	/* never move head */
  11:include/ubtbr/msg.h **** 	uint8_t data[0];
  12:include/ubtbr/msg.h **** } msg_t;
  13:include/ubtbr/msg.h **** 
  14:include/ubtbr/msg.h **** /* Allocate a msg_t wigh given room*/
  15:include/ubtbr/msg.h **** static inline msg_t *msg_alloc(unsigned size)
  16:include/ubtbr/msg.h **** {
  17:include/ubtbr/msg.h **** 	msg_t *msg = (msg_t*)btctl_mem_alloc(sizeof(msg_t)+size);
  18:include/ubtbr/msg.h **** 
  19:include/ubtbr/msg.h **** 	msg->write = msg->data;
  20:include/ubtbr/msg.h **** 	msg->read = msg->data;
  21:include/ubtbr/msg.h **** 	msg->data_len = size;
  22:include/ubtbr/msg.h **** 
  23:include/ubtbr/msg.h **** 	return msg;
  24:include/ubtbr/msg.h **** }
  25:include/ubtbr/msg.h **** 
  26:include/ubtbr/msg.h **** static inline void msg_free(msg_t *msg)
 121              		.loc 3 26 20 view .LVU29
 122              	.LBB38:
  27:include/ubtbr/msg.h **** {
  28:include/ubtbr/msg.h **** 	btctl_mem_free(msg);
 123              		.loc 3 28 2 view .LVU30
 124 004c 2046     		mov	r0, r4
 125 004e FFF7FEFF 		bl	mem_pool_free
 126              	.LVL8:
 127              		.loc 3 28 2 is_stmt 0 view .LVU31
 128              	.LBE38:
 129              	.LBE37:
 125:src/btphy/paging_state.c **** 	return 0;
 130              		.loc 1 125 2 is_stmt 1 view .LVU32
 126:src/btphy/paging_state.c **** }
 131              		.loc 1 126 1 is_stmt 0 view .LVU33
 132 0052 0020     		movs	r0, #0
 133 0054 05B0     		add	sp, sp, #20
 134              		.cfi_remember_state
 135              		.cfi_def_cfa_offset 12
 136              		@ sp needed
 137 0056 30BD     		pop	{r4, r5, pc}
 138              	.LVL9:
 139              	.L3:
 140              		.cfi_restore_state
 121:src/btphy/paging_state.c **** 	}
 141              		.loc 1 121 3 is_stmt 1 view .LVU34
 142              	.LBB40:
 143              	.LBI40:
 127:src/btphy/paging_state.c **** 
 128:src/btphy/paging_state.c **** static void paging_schedule(unsigned delay)
 144              		.loc 1 128 13 view .LVU35
 145              	.LBB41:
 129:src/btphy/paging_state.c **** {
 130:src/btphy/paging_state.c **** 	/* FIXME: wrap */
 131:src/btphy/paging_state.c **** 	if (btphy.master_clkn >= paging_state.clkn_start + PAGING_MAX_TICKS)
 146              		.loc 1 131 2 view .LVU36
 147              		.loc 1 131 39 is_stmt 0 view .LVU37
 148 0058 154A     		ldr	r2, .L7+16
ARM GAS  /tmp/ccoisG3A.s 			page 7


 149              		.loc 1 131 51 view .LVU38
 150 005a 1268     		ldr	r2, [r2]
 151 005c 02F50C32 		add	r2, r2, #143360
 152 0060 02F52072 		add	r2, r2, #640
 153              		.loc 1 131 5 view .LVU39
 154 0064 9142     		cmp	r1, r2
 155 0066 11D2     		bcs	.L6
 132:src/btphy/paging_state.c **** 	{
 133:src/btphy/paging_state.c **** 		cprintf("paging timeout\n");
 134:src/btphy/paging_state.c **** 		btctl_set_state(BTCTL_STATE_STANDBY, BTCTL_REASON_TIMEOUT);
 135:src/btphy/paging_state.c **** 		return;
 136:src/btphy/paging_state.c **** 	}
 137:src/btphy/paging_state.c **** 
 138:src/btphy/paging_state.c **** 	/* Schedule TX ID(1) */
 139:src/btphy/paging_state.c **** 	tx_task_schedule(delay,
 156              		.loc 1 139 2 is_stmt 1 view .LVU40
 157 0068 1A46     		mov	r2, r3
 158 006a 1946     		mov	r1, r3
 159 006c 0093     		str	r3, [sp]
 160 006e 0393     		str	r3, [sp, #12]
 161 0070 FFF7FEFF 		bl	tx_task_schedule
 162              	.LVL10:
 140:src/btphy/paging_state.c **** 		NULL, NULL,	// no tx callback
 141:src/btphy/paging_state.c **** 		NULL, NULL); 	// no header / no payload
 142:src/btphy/paging_state.c **** 
 143:src/btphy/paging_state.c **** 	/* Schedule rx ID(2): */
 144:src/btphy/paging_state.c **** 	rx_task_schedule(delay+2,
 163              		.loc 1 144 2 view .LVU41
 164 0074 039B     		ldr	r3, [sp, #12]
 165 0076 0F49     		ldr	r1, .L7+20
 166 0078 1A46     		mov	r2, r3
 167 007a A81C     		adds	r0, r5, #2
 168 007c FFF7FEFF 		bl	rx_task_schedule
 169              	.LVL11:
 170              		.loc 1 144 2 is_stmt 0 view .LVU42
 171              	.LBE41:
 172              	.LBE40:
 124:src/btphy/paging_state.c **** 	return 0;
 173              		.loc 1 124 2 is_stmt 1 view .LVU43
 174              	.LBB46:
  26:include/ubtbr/msg.h **** {
 175              		.loc 3 26 20 view .LVU44
 176              	.LBB39:
 177              		.loc 3 28 2 view .LVU45
 178 0080 2046     		mov	r0, r4
 179 0082 FFF7FEFF 		bl	mem_pool_free
 180              	.LVL12:
 181              		.loc 3 28 2 is_stmt 0 view .LVU46
 182              	.LBE39:
 183              	.LBE46:
 125:src/btphy/paging_state.c **** }
 184              		.loc 1 125 2 is_stmt 1 view .LVU47
 126:src/btphy/paging_state.c **** 
 185              		.loc 1 126 1 is_stmt 0 view .LVU48
 186 0086 0020     		movs	r0, #0
 187 0088 05B0     		add	sp, sp, #20
 188              		.cfi_remember_state
ARM GAS  /tmp/ccoisG3A.s 			page 8


 189              		.cfi_def_cfa_offset 12
 190              		@ sp needed
 191 008a 30BD     		pop	{r4, r5, pc}
 192              	.LVL13:
 193              	.L6:
 194              		.cfi_restore_state
 195              	.LBB47:
 196              	.LBB45:
 197              	.LBB42:
 198              	.LBB43:
 133:src/btphy/paging_state.c **** 		btctl_set_state(BTCTL_STATE_STANDBY, BTCTL_REASON_TIMEOUT);
 199              		.loc 1 133 3 view .LVU49
 200 008c 0A48     		ldr	r0, .L7+24
 201 008e 0393     		str	r3, [sp, #12]
 202              	.LBE43:
 203              	.LBI42:
 128:src/btphy/paging_state.c **** {
 204              		.loc 1 128 13 is_stmt 1 view .LVU50
 205              	.LVL14:
 206              	.LBB44:
 133:src/btphy/paging_state.c **** 		btctl_set_state(BTCTL_STATE_STANDBY, BTCTL_REASON_TIMEOUT);
 207              		.loc 1 133 3 view .LVU51
 208 0090 FFF7FEFF 		bl	cprintf
 209              	.LVL15:
 134:src/btphy/paging_state.c **** 		return;
 210              		.loc 1 134 3 view .LVU52
 211 0094 0121     		movs	r1, #1
 212 0096 0398     		ldr	r0, [sp, #12]
 213 0098 FFF7FEFF 		bl	btctl_set_state
 214              	.LVL16:
 135:src/btphy/paging_state.c **** 	}
 215              		.loc 1 135 3 view .LVU53
 135:src/btphy/paging_state.c **** 	}
 216              		.loc 1 135 3 is_stmt 0 view .LVU54
 217 009c D6E7     		b	.L2
 218              	.L8:
 219 009e 00BF     		.align	2
 220              	.L7:
 221 00a0 00000000 		.word	btctl
 222 00a4 00000000 		.word	btphy
 223 00a8 08000000 		.word	.LANCHOR0+8
 224 00ac 00000000 		.word	paging_rx_ack_cb
 225 00b0 00000000 		.word	.LANCHOR0
 226 00b4 00000000 		.word	paging_rx_cb
 227 00b8 00000000 		.word	.LC0
 228              	.LBE44:
 229              	.LBE42:
 230              	.LBE45:
 231              	.LBE47:
 232              		.cfi_endproc
 233              	.LFE33:
 235              		.section	.text.paging_start_sync,"ax",%progbits
 236              		.align	1
 237              		.p2align 2,,3
 238              		.syntax unified
 239              		.thumb
 240              		.thumb_func
ARM GAS  /tmp/ccoisG3A.s 			page 9


 242              	paging_start_sync:
 243              	.LVL17:
 244              	.LFB35:
 145:src/btphy/paging_state.c **** 		paging_rx_cb, NULL,	// ID rx callback
 146:src/btphy/paging_state.c **** 		0			// no payload for an ID packet
 147:src/btphy/paging_state.c **** 		);
 148:src/btphy/paging_state.c **** }
 149:src/btphy/paging_state.c **** 
 150:src/btphy/paging_state.c **** /* dummy tick handler to start TX'ing with a proper clock */
 151:src/btphy/paging_state.c **** static int paging_start_sync(uint8_t p1, uint8_t p2, uint16_t p3)
 152:src/btphy/paging_state.c **** {
 245              		.loc 1 152 1 is_stmt 1 view -0
 246              		.cfi_startproc
 247              		@ args = 0, pretend = 0, frame = 0
 248              		@ frame_needed = 0, uses_anonymous_args = 0
 249              		.loc 1 152 1 is_stmt 0 view .LVU56
 250 0000 10B5     		push	{r4, lr}
 251              		.cfi_def_cfa_offset 8
 252              		.cfi_offset 4, -8
 253              		.cfi_offset 14, -4
 254 0002 82B0     		sub	sp, sp, #8
 255              		.cfi_def_cfa_offset 16
 153:src/btphy/paging_state.c **** 	unsigned delay;
 256              		.loc 1 153 2 is_stmt 1 view .LVU57
 154:src/btphy/paging_state.c **** 
 155:src/btphy/paging_state.c **** 	/* Use the master clkn */
 156:src/btphy/paging_state.c **** 	btphy_cancel_clkn_delay();
 257              		.loc 1 156 2 view .LVU58
 258 0004 FFF7FEFF 		bl	btphy_cancel_clkn_delay
 259              	.LVL18:
 157:src/btphy/paging_state.c **** 	delay = 4+(3&(TX_PREPARE_IDX-CUR_MASTER_SLOT_IDX()));
 260              		.loc 1 157 2 view .LVU59
 261              		.loc 1 157 31 is_stmt 0 view .LVU60
 262 0008 134B     		ldr	r3, .L13
 158:src/btphy/paging_state.c **** 	paging_state.clkn_start = btphy.master_clkn+delay;
 263              		.loc 1 158 26 view .LVU61
 264 000a 1449     		ldr	r1, .L13+4
 157:src/btphy/paging_state.c **** 	delay = 4+(3&(TX_PREPARE_IDX-CUR_MASTER_SLOT_IDX()));
 265              		.loc 1 157 31 view .LVU62
 266 000c 5A68     		ldr	r2, [r3, #4]
 157:src/btphy/paging_state.c **** 	delay = 4+(3&(TX_PREPARE_IDX-CUR_MASTER_SLOT_IDX()));
 267              		.loc 1 157 30 view .LVU63
 268 000e D443     		mvns	r4, r2
 157:src/btphy/paging_state.c **** 	delay = 4+(3&(TX_PREPARE_IDX-CUR_MASTER_SLOT_IDX()));
 269              		.loc 1 157 14 view .LVU64
 270 0010 04F00304 		and	r4, r4, #3
 157:src/btphy/paging_state.c **** 	delay = 4+(3&(TX_PREPARE_IDX-CUR_MASTER_SLOT_IDX()));
 271              		.loc 1 157 8 view .LVU65
 272 0014 201D     		adds	r0, r4, #4
 273              	.LVL19:
 274              		.loc 1 158 2 is_stmt 1 view .LVU66
 275              		.loc 1 158 45 is_stmt 0 view .LVU67
 276 0016 1318     		adds	r3, r2, r0
 277              		.loc 1 158 26 view .LVU68
 278 0018 0B60     		str	r3, [r1]
 159:src/btphy/paging_state.c **** 	paging_schedule(delay);
 279              		.loc 1 159 2 is_stmt 1 view .LVU69
ARM GAS  /tmp/ccoisG3A.s 			page 10


 280              	.LVL20:
 281              	.LBB52:
 282              	.LBI52:
 128:src/btphy/paging_state.c **** {
 283              		.loc 1 128 13 view .LVU70
 284              	.LBB53:
 131:src/btphy/paging_state.c **** 	{
 285              		.loc 1 131 2 view .LVU71
 131:src/btphy/paging_state.c **** 	{
 286              		.loc 1 131 51 is_stmt 0 view .LVU72
 287 001a 03F50C33 		add	r3, r3, #143360
 288 001e 03F52073 		add	r3, r3, #640
 131:src/btphy/paging_state.c **** 	{
 289              		.loc 1 131 5 view .LVU73
 290 0022 9A42     		cmp	r2, r3
 291 0024 0ED2     		bcs	.L12
 139:src/btphy/paging_state.c **** 		NULL, NULL,	// no tx callback
 292              		.loc 1 139 2 is_stmt 1 view .LVU74
 293 0026 0023     		movs	r3, #0
 294 0028 1A46     		mov	r2, r3
 295 002a 1946     		mov	r1, r3
 296 002c 0093     		str	r3, [sp]
 297 002e FFF7FEFF 		bl	tx_task_schedule
 298              	.LVL21:
 144:src/btphy/paging_state.c **** 		paging_rx_cb, NULL,	// ID rx callback
 299              		.loc 1 144 2 view .LVU75
 300 0032 0023     		movs	r3, #0
 301 0034 A01D     		adds	r0, r4, #6
 302 0036 1A46     		mov	r2, r3
 303 0038 0949     		ldr	r1, .L13+8
 304 003a FFF7FEFF 		bl	rx_task_schedule
 305              	.LVL22:
 144:src/btphy/paging_state.c **** 		paging_rx_cb, NULL,	// ID rx callback
 306              		.loc 1 144 2 is_stmt 0 view .LVU76
 307              	.LBE53:
 308              	.LBE52:
 160:src/btphy/paging_state.c **** 	return 0;
 309              		.loc 1 160 2 is_stmt 1 view .LVU77
 161:src/btphy/paging_state.c **** }
 310              		.loc 1 161 1 is_stmt 0 view .LVU78
 311 003e 0020     		movs	r0, #0
 312 0040 02B0     		add	sp, sp, #8
 313              		.cfi_remember_state
 314              		.cfi_def_cfa_offset 8
 315              		@ sp needed
 316 0042 10BD     		pop	{r4, pc}
 317              	.LVL23:
 318              	.L12:
 319              		.cfi_restore_state
 320              	.LBB57:
 321              	.LBB56:
 322              	.LBB54:
 323              	.LBI54:
 128:src/btphy/paging_state.c **** {
 324              		.loc 1 128 13 is_stmt 1 view .LVU79
 325              	.LBB55:
 133:src/btphy/paging_state.c **** 		btctl_set_state(BTCTL_STATE_STANDBY, BTCTL_REASON_TIMEOUT);
ARM GAS  /tmp/ccoisG3A.s 			page 11


 326              		.loc 1 133 3 view .LVU80
 327 0044 0748     		ldr	r0, .L13+12
 328              	.LVL24:
 133:src/btphy/paging_state.c **** 		btctl_set_state(BTCTL_STATE_STANDBY, BTCTL_REASON_TIMEOUT);
 329              		.loc 1 133 3 is_stmt 0 view .LVU81
 330 0046 FFF7FEFF 		bl	cprintf
 331              	.LVL25:
 134:src/btphy/paging_state.c **** 		return;
 332              		.loc 1 134 3 is_stmt 1 view .LVU82
 333 004a 0121     		movs	r1, #1
 334 004c 0020     		movs	r0, #0
 335 004e FFF7FEFF 		bl	btctl_set_state
 336              	.LVL26:
 135:src/btphy/paging_state.c **** 	}
 337              		.loc 1 135 3 view .LVU83
 135:src/btphy/paging_state.c **** 	}
 338              		.loc 1 135 3 is_stmt 0 view .LVU84
 339              	.LBE55:
 340              	.LBE54:
 341              	.LBE56:
 342              	.LBE57:
 160:src/btphy/paging_state.c **** }
 343              		.loc 1 160 2 is_stmt 1 view .LVU85
 344              		.loc 1 161 1 is_stmt 0 view .LVU86
 345 0052 0020     		movs	r0, #0
 346 0054 02B0     		add	sp, sp, #8
 347              		.cfi_def_cfa_offset 8
 348              		@ sp needed
 349 0056 10BD     		pop	{r4, pc}
 350              	.LVL27:
 351              	.L14:
 352              		.loc 1 161 1 view .LVU87
 353              		.align	2
 354              	.L13:
 355 0058 00000000 		.word	btphy
 356 005c 00000000 		.word	.LANCHOR0
 357 0060 00000000 		.word	paging_rx_cb
 358 0064 00000000 		.word	.LC0
 359              		.cfi_endproc
 360              	.LFE35:
 362              		.section	.rodata.str1.4
 363              		.align	2
 364              	.LC1:
 365 0010 49442833 		.ascii	"ID(3)\012\000"
 365      290A00
 366 0017 00       		.align	2
 367              	.LC2:
 368 0018 6E6F2049 		.ascii	"no ID(3)\012\000"
 368      44283329 
 368      0A00
 369              		.section	.text.paging_rx_ack_cb,"ax",%progbits
 370              		.align	1
 371              		.p2align 2,,3
 372              		.syntax unified
 373              		.thumb
 374              		.thumb_func
 376              	paging_rx_ack_cb:
ARM GAS  /tmp/ccoisG3A.s 			page 12


 377              	.LVL28:
 378              	.LFB32:
  59:src/btphy/paging_state.c **** 	btctl_hdr_t *h = (btctl_hdr_t*)msg->data;
 379              		.loc 1 59 1 is_stmt 1 view -0
 380              		.cfi_startproc
 381              		@ args = 0, pretend = 0, frame = 8
 382              		@ frame_needed = 0, uses_anonymous_args = 0
  59:src/btphy/paging_state.c **** 	btctl_hdr_t *h = (btctl_hdr_t*)msg->data;
 383              		.loc 1 59 1 is_stmt 0 view .LVU89
 384 0000 10B5     		push	{r4, lr}
 385              		.cfi_def_cfa_offset 8
 386              		.cfi_offset 4, -8
 387              		.cfi_offset 14, -4
 388 0002 84B0     		sub	sp, sp, #16
 389              		.cfi_def_cfa_offset 24
  60:src/btphy/paging_state.c **** 	btctl_rx_pkt_t *pkt;
 390              		.loc 1 60 2 is_stmt 1 view .LVU90
  61:src/btphy/paging_state.c **** 
 391              		.loc 1 61 2 view .LVU91
  63:src/btphy/paging_state.c **** 	{
 392              		.loc 1 63 2 view .LVU92
 393              	.LBB76:
 394              	.LBI76:
  43:src/btphy/paging_state.c **** {
 395              		.loc 1 43 12 view .LVU93
  45:src/btphy/paging_state.c **** }
 396              		.loc 1 45 2 view .LVU94
 397              	.LBB77:
 398              	.LBI77:
  24:include/ubtbr/btctl_intf.h **** {
 399              		.loc 2 24 29 view .LVU95
 400              	.LBB78:
 401              		.loc 2 26 2 view .LVU96
 402              		.loc 2 26 14 is_stmt 0 view .LVU97
 403 0004 234B     		ldr	r3, .L23
 404              	.LBE78:
 405              	.LBE77:
 406              	.LBE76:
  59:src/btphy/paging_state.c **** 	btctl_hdr_t *h = (btctl_hdr_t*)msg->data;
 407              		.loc 1 59 1 view .LVU98
 408 0006 0446     		mov	r4, r0
  63:src/btphy/paging_state.c **** 	{
 409              		.loc 1 63 5 discriminator 1 view .LVU99
 410 0008 1B78     		ldrb	r3, [r3]	@ zero_extendqisi2
 411 000a 022B     		cmp	r3, #2
 412 000c 23D1     		bne	.L18
 413              	.LVL29:
 414              	.LBB79:
 415              	.LBI79:
  58:src/btphy/paging_state.c **** {
 416              		.loc 1 58 12 is_stmt 1 view .LVU100
 417              	.LBB80:
  68:src/btphy/paging_state.c **** 
 418              		.loc 1 68 2 view .LVU101
  70:src/btphy/paging_state.c **** 	{
 419              		.loc 1 70 2 view .LVU102
  70:src/btphy/paging_state.c **** 	{
ARM GAS  /tmp/ccoisG3A.s 			page 13


 420              		.loc 1 70 5 is_stmt 0 view .LVU103
 421 000e 437D     		ldrb	r3, [r0, #21]	@ zero_extendqisi2
 422 0010 13F00103 		ands	r3, r3, #1
 423 0014 25D1     		bne	.L21
  76:src/btphy/paging_state.c **** 		paging_schedule(3&(TX_PREPARE_IDX-CUR_MASTER_SLOT_IDX()));
 424              		.loc 1 76 3 is_stmt 1 view .LVU104
 425 0016 2048     		ldr	r0, .L23+4
 426              	.LVL30:
  76:src/btphy/paging_state.c **** 		paging_schedule(3&(TX_PREPARE_IDX-CUR_MASTER_SLOT_IDX()));
 427              		.loc 1 76 3 is_stmt 0 view .LVU105
 428 0018 0293     		str	r3, [sp, #8]
 429 001a FFF7FEFF 		bl	cprintf
 430              	.LVL31:
  77:src/btphy/paging_state.c **** 	}
 431              		.loc 1 77 3 is_stmt 1 view .LVU106
 432              	.LBB81:
 433              	.LBB82:
 131:src/btphy/paging_state.c **** 	{
 434              		.loc 1 131 39 is_stmt 0 view .LVU107
 435 001e 1F4A     		ldr	r2, .L23+8
 436              	.LBE82:
 437              	.LBE81:
  77:src/btphy/paging_state.c **** 	}
 438              		.loc 1 77 37 view .LVU108
 439 0020 1F49     		ldr	r1, .L23+12
 440              	.LBB90:
 441              	.LBB85:
 131:src/btphy/paging_state.c **** 	{
 442              		.loc 1 131 51 view .LVU109
 443 0022 1268     		ldr	r2, [r2]
 444              	.LBE85:
 445              	.LBE90:
  77:src/btphy/paging_state.c **** 	}
 446              		.loc 1 77 37 view .LVU110
 447 0024 4868     		ldr	r0, [r1, #4]
 448              	.LVL32:
 449              	.LBB91:
 450              	.LBI81:
 128:src/btphy/paging_state.c **** {
 451              		.loc 1 128 13 is_stmt 1 view .LVU111
 452              	.LBB86:
 131:src/btphy/paging_state.c **** 	{
 453              		.loc 1 131 2 view .LVU112
 131:src/btphy/paging_state.c **** 	{
 454              		.loc 1 131 51 is_stmt 0 view .LVU113
 455 0026 02F50C32 		add	r2, r2, #143360
 456 002a 02F52072 		add	r2, r2, #640
 131:src/btphy/paging_state.c **** 	{
 457              		.loc 1 131 5 view .LVU114
 458 002e 9042     		cmp	r0, r2
 459 0030 029B     		ldr	r3, [sp, #8]
 460 0032 21D2     		bcs	.L22
 461              	.LBE86:
 462              	.LBE91:
  77:src/btphy/paging_state.c **** 	}
 463              		.loc 1 77 20 view .LVU115
 464 0034 C043     		mvns	r0, r0
ARM GAS  /tmp/ccoisG3A.s 			page 14


 465              	.LVL33:
 466              	.LBB92:
 467              	.LBB87:
 139:src/btphy/paging_state.c **** 		NULL, NULL,	// no tx callback
 468              		.loc 1 139 2 view .LVU116
 469 0036 1A46     		mov	r2, r3
 470 0038 1946     		mov	r1, r3
 471              	.LBE87:
 472              	.LBE92:
  77:src/btphy/paging_state.c **** 	}
 473              		.loc 1 77 3 view .LVU117
 474 003a 00F00300 		and	r0, r0, #3
 475              	.LVL34:
 476              	.LBB93:
 477              	.LBB88:
 139:src/btphy/paging_state.c **** 		NULL, NULL,	// no tx callback
 478              		.loc 1 139 2 is_stmt 1 view .LVU118
 479 003e 0093     		str	r3, [sp]
 480 0040 0393     		str	r3, [sp, #12]
 481 0042 0290     		str	r0, [sp, #8]
 482 0044 FFF7FEFF 		bl	tx_task_schedule
 483              	.LVL35:
 144:src/btphy/paging_state.c **** 		paging_rx_cb, NULL,	// ID rx callback
 484              		.loc 1 144 2 view .LVU119
 485 0048 039B     		ldr	r3, [sp, #12]
 486 004a 0298     		ldr	r0, [sp, #8]
 487 004c 1A46     		mov	r2, r3
 488 004e 1549     		ldr	r1, .L23+16
 489 0050 0230     		adds	r0, r0, #2
 490 0052 FFF7FEFF 		bl	rx_task_schedule
 491              	.LVL36:
 492              	.L18:
 144:src/btphy/paging_state.c **** 		paging_rx_cb, NULL,	// ID rx callback
 493              		.loc 1 144 2 is_stmt 0 view .LVU120
 494              	.LBE88:
 495              	.LBE93:
 496              	.LBE80:
 497              	.LBE79:
  65:src/btphy/paging_state.c **** 		return 0;
 498              		.loc 1 65 3 is_stmt 1 view .LVU121
 499              	.LBB97:
 500              	.LBI97:
  26:include/ubtbr/msg.h **** {
 501              		.loc 3 26 20 view .LVU122
 502              	.LBB98:
 503              		.loc 3 28 2 view .LVU123
 504 0056 2046     		mov	r0, r4
 505 0058 FFF7FEFF 		bl	mem_pool_free
 506              	.LVL37:
 507              		.loc 3 28 2 is_stmt 0 view .LVU124
 508              	.LBE98:
 509              	.LBE97:
  66:src/btphy/paging_state.c **** 	}
 510              		.loc 1 66 3 is_stmt 1 view .LVU125
  81:src/btphy/paging_state.c **** 
 511              		.loc 1 81 1 is_stmt 0 view .LVU126
 512 005c 0020     		movs	r0, #0
ARM GAS  /tmp/ccoisG3A.s 			page 15


 513 005e 04B0     		add	sp, sp, #16
 514              		.cfi_remember_state
 515              		.cfi_def_cfa_offset 8
 516              		@ sp needed
 517 0060 10BD     		pop	{r4, pc}
 518              	.LVL38:
 519              	.L21:
 520              		.cfi_restore_state
 521              	.LBB101:
 522              	.LBB95:
  72:src/btphy/paging_state.c **** 		master_state_init();
 523              		.loc 1 72 3 is_stmt 1 view .LVU127
 524 0062 1148     		ldr	r0, .L23+20
 525              	.LVL39:
  72:src/btphy/paging_state.c **** 		master_state_init();
 526              		.loc 1 72 3 is_stmt 0 view .LVU128
 527 0064 FFF7FEFF 		bl	cprintf
 528              	.LVL40:
  73:src/btphy/paging_state.c **** 	}
 529              		.loc 1 73 3 is_stmt 1 view .LVU129
 530 0068 FFF7FEFF 		bl	master_state_init
 531              	.LVL41:
 532              	.LBE95:
 533              	.LBE101:
  65:src/btphy/paging_state.c **** 		return 0;
 534              		.loc 1 65 3 view .LVU130
 535              	.LBB102:
  26:include/ubtbr/msg.h **** {
 536              		.loc 3 26 20 view .LVU131
 537              	.LBB99:
 538              		.loc 3 28 2 view .LVU132
 539 006c 2046     		mov	r0, r4
 540 006e FFF7FEFF 		bl	mem_pool_free
 541              	.LVL42:
 542              		.loc 3 28 2 is_stmt 0 view .LVU133
 543              	.LBE99:
 544              	.LBE102:
  66:src/btphy/paging_state.c **** 	}
 545              		.loc 1 66 3 is_stmt 1 view .LVU134
  81:src/btphy/paging_state.c **** 
 546              		.loc 1 81 1 is_stmt 0 view .LVU135
 547 0072 0020     		movs	r0, #0
 548 0074 04B0     		add	sp, sp, #16
 549              		.cfi_remember_state
 550              		.cfi_def_cfa_offset 8
 551              		@ sp needed
 552 0076 10BD     		pop	{r4, pc}
 553              	.LVL43:
 554              	.L22:
 555              		.cfi_restore_state
 556              	.LBB103:
 557              	.LBB96:
 558              	.LBB94:
 559              	.LBB89:
 560              	.LBB83:
 561              	.LBI83:
 128:src/btphy/paging_state.c **** {
ARM GAS  /tmp/ccoisG3A.s 			page 16


 562              		.loc 1 128 13 is_stmt 1 view .LVU136
 563              	.LBB84:
 133:src/btphy/paging_state.c **** 		btctl_set_state(BTCTL_STATE_STANDBY, BTCTL_REASON_TIMEOUT);
 564              		.loc 1 133 3 view .LVU137
 565 0078 0C48     		ldr	r0, .L23+24
 566              	.LVL44:
 133:src/btphy/paging_state.c **** 		btctl_set_state(BTCTL_STATE_STANDBY, BTCTL_REASON_TIMEOUT);
 567              		.loc 1 133 3 is_stmt 0 view .LVU138
 568 007a FFF7FEFF 		bl	cprintf
 569              	.LVL45:
 134:src/btphy/paging_state.c **** 		return;
 570              		.loc 1 134 3 is_stmt 1 view .LVU139
 571 007e 0121     		movs	r1, #1
 572 0080 0298     		ldr	r0, [sp, #8]
 573 0082 FFF7FEFF 		bl	btctl_set_state
 574              	.LVL46:
 135:src/btphy/paging_state.c **** 	}
 575              		.loc 1 135 3 view .LVU140
 135:src/btphy/paging_state.c **** 	}
 576              		.loc 1 135 3 is_stmt 0 view .LVU141
 577              	.LBE84:
 578              	.LBE83:
 579              	.LBE89:
 580              	.LBE94:
 581              	.LBE96:
 582              	.LBE103:
  65:src/btphy/paging_state.c **** 		return 0;
 583              		.loc 1 65 3 is_stmt 1 view .LVU142
 584              	.LBB104:
  26:include/ubtbr/msg.h **** {
 585              		.loc 3 26 20 view .LVU143
 586              	.LBB100:
 587              		.loc 3 28 2 view .LVU144
 588 0086 2046     		mov	r0, r4
 589 0088 FFF7FEFF 		bl	mem_pool_free
 590              	.LVL47:
 591              		.loc 3 28 2 is_stmt 0 view .LVU145
 592              	.LBE100:
 593              	.LBE104:
  66:src/btphy/paging_state.c **** 	}
 594              		.loc 1 66 3 is_stmt 1 view .LVU146
  81:src/btphy/paging_state.c **** 
 595              		.loc 1 81 1 is_stmt 0 view .LVU147
 596 008c 0020     		movs	r0, #0
 597 008e 04B0     		add	sp, sp, #16
 598              		.cfi_def_cfa_offset 8
 599              		@ sp needed
 600 0090 10BD     		pop	{r4, pc}
 601              	.LVL48:
 602              	.L24:
  81:src/btphy/paging_state.c **** 
 603              		.loc 1 81 1 view .LVU148
 604 0092 00BF     		.align	2
 605              	.L23:
 606 0094 00000000 		.word	btctl
 607 0098 18000000 		.word	.LC2
 608 009c 00000000 		.word	.LANCHOR0
ARM GAS  /tmp/ccoisG3A.s 			page 17


 609 00a0 00000000 		.word	btphy
 610 00a4 00000000 		.word	paging_rx_cb
 611 00a8 10000000 		.word	.LC1
 612 00ac 00000000 		.word	.LC0
 613              		.cfi_endproc
 614              	.LFE32:
 616              		.section	.text.paging_state_setup,"ax",%progbits
 617              		.align	1
 618              		.p2align 2,,3
 619              		.global	paging_state_setup
 620              		.syntax unified
 621              		.thumb
 622              		.thumb_func
 624              	paging_state_setup:
 625              	.LVL49:
 626              	.LFB36:
 162:src/btphy/paging_state.c **** 
 163:src/btphy/paging_state.c **** /*
 164:src/btphy/paging_state.c ****  * Paging master
 165:src/btphy/paging_state.c ****  * Refs: timings at BT52|V2PB|Table 8.3
 166:src/btphy/paging_state.c ****  * In a nutshell, we must:
 167:src/btphy/paging_state.c ****  * k 0: Tx ID(1) packets with sw of paged device on f(k)
 168:src/btphy/paging_state.c ****  * k 2: clk1(1): Receive ID(2) packet in response of the paged device 	at clk1(1) 
 169:src/btphy/paging_state.c ****  * k 4: Tx FHS packet with sw of paged device
 170:src/btphy/paging_state.c ****  *	if contains master's (low_sw, lap, nap, uap, etc.), and clk27_2 sampled at start of tx.
 171:src/btphy/paging_state.c ****  * k 6: Rx ID(3) from the slave, and start master task.
 172:src/btphy/paging_state.c ****  */
 173:src/btphy/paging_state.c **** void paging_state_setup(uint32_t lap, uint8_t uap)
 174:src/btphy/paging_state.c **** {
 627              		.loc 1 174 1 is_stmt 1 view -0
 628              		.cfi_startproc
 629              		@ args = 0, pretend = 0, frame = 0
 630              		@ frame_needed = 0, uses_anonymous_args = 0
 631              		.loc 1 174 1 is_stmt 0 view .LVU150
 632 0000 10B5     		push	{r4, lr}
 633              		.cfi_def_cfa_offset 8
 634              		.cfi_offset 4, -8
 635              		.cfi_offset 14, -4
 636 0002 86B0     		sub	sp, sp, #24
 637              		.cfi_def_cfa_offset 32
 175:src/btphy/paging_state.c **** 	// Reset paging state
 176:src/btphy/paging_state.c **** 	btphy_set_mode(BT_MODE_PAGING, lap, uap);
 638              		.loc 1 176 2 is_stmt 1 view .LVU151
 174:src/btphy/paging_state.c **** 	// Reset paging state
 639              		.loc 1 174 1 is_stmt 0 view .LVU152
 640 0004 0A46     		mov	r2, r1
 641              		.loc 1 176 2 view .LVU153
 642 0006 0146     		mov	r1, r0
 643              	.LVL50:
 644              		.loc 1 176 2 view .LVU154
 645 0008 0120     		movs	r0, #1
 646              	.LVL51:
 647              		.loc 1 176 2 view .LVU155
 648 000a FFF7FEFF 		bl	btphy_set_mode
 649              	.LVL52:
 177:src/btphy/paging_state.c **** 
 178:src/btphy/paging_state.c **** 	/* A simple Header for our fhs */ 
ARM GAS  /tmp/ccoisG3A.s 			page 18


 179:src/btphy/paging_state.c **** 	paging_state.fhs_hdr.lt_addr = 0;		//  This seems right
 650              		.loc 1 179 2 is_stmt 1 view .LVU156
 180:src/btphy/paging_state.c **** 	paging_state.fhs_hdr.type = BB_TYPE_FHS;
 651              		.loc 1 180 2 view .LVU157
 181:src/btphy/paging_state.c **** 	paging_state.fhs_hdr.flags = 0; 		// Depends on devices, some sends BTHDR_FLOW|BTHDR_SEQN, others 
 652              		.loc 1 181 29 is_stmt 0 view .LVU158
 653 000e 0024     		movs	r4, #0
 182:src/btphy/paging_state.c **** 
 183:src/btphy/paging_state.c **** 	/* Prepare constant part of FHS payload */
 184:src/btphy/paging_state.c **** 	bbpkt_fhs_prepare_payload(paging_state.fhs_data,
 654              		.loc 1 184 2 view .LVU159
 655 0010 0121     		movs	r1, #1
 179:src/btphy/paging_state.c **** 	paging_state.fhs_hdr.type = BB_TYPE_FHS;
 656              		.loc 1 179 31 view .LVU160
 657 0012 4FF40073 		mov	r3, #512
 658              		.loc 1 184 2 view .LVU161
 659 0016 CDE90414 		strd	r1, r4, [sp, #16]
 660 001a DFF848C0 		ldr	ip, .L26
 185:src/btphy/paging_state.c **** 		btphy.my_sw&0xffffffff, 	// parity: low32 bits of master's sw
 661              		.loc 1 185 8 view .LVU162
 662 001e 124A     		ldr	r2, .L26+4
 179:src/btphy/paging_state.c **** 	paging_state.fhs_hdr.type = BB_TYPE_FHS;
 663              		.loc 1 179 31 view .LVU163
 664 0020 1248     		ldr	r0, .L26+8
 184:src/btphy/paging_state.c **** 		btphy.my_sw&0xffffffff, 	// parity: low32 bits of master's sw
 665              		.loc 1 184 2 view .LVU164
 666 0022 CDF80CC0 		str	ip, [sp, #12]
 667 0026 518F     		ldrh	r1, [r2, #58]
 179:src/btphy/paging_state.c **** 	paging_state.fhs_hdr.type = BB_TYPE_FHS;
 668              		.loc 1 179 31 view .LVU165
 669 0028 8380     		strh	r3, [r0, #4]	@ movhi
 181:src/btphy/paging_state.c **** 
 670              		.loc 1 181 2 is_stmt 1 view .LVU166
 184:src/btphy/paging_state.c **** 		btphy.my_sw&0xffffffff, 	// parity: low32 bits of master's sw
 671              		.loc 1 184 2 is_stmt 0 view .LVU167
 672 002a 92F83830 		ldrb	r3, [r2, #56]	@ zero_extendqisi2
 181:src/btphy/paging_state.c **** 
 673              		.loc 1 181 29 view .LVU168
 674 002e 8471     		strb	r4, [r0, #6]
 184:src/btphy/paging_state.c **** 		btphy.my_sw&0xffffffff, 	// parity: low32 bits of master's sw
 675              		.loc 1 184 2 is_stmt 1 view .LVU169
 676 0030 CDE90131 		strd	r3, r1, [sp, #4]
 677 0034 516B     		ldr	r1, [r2, #52]
 678 0036 2346     		mov	r3, r4
 679 0038 126C     		ldr	r2, [r2, #64]
 680 003a 0830     		adds	r0, r0, #8
 681 003c 0091     		str	r1, [sp]
 682 003e FFF7FEFF 		bl	bbpkt_fhs_prepare_payload
 683              	.LVL53:
 186:src/btphy/paging_state.c **** 		btphy.my_lap,		// master's bdaddr
 187:src/btphy/paging_state.c **** 		btphy.my_uap,		// 
 188:src/btphy/paging_state.c **** 		btphy.my_nap,		// 
 189:src/btphy/paging_state.c **** 		0x5A020C,		// class: FIXME make this configurable
 190:src/btphy/paging_state.c **** 		1,			// lt_addr: FIXME: fixed ltaddr = 1
 191:src/btphy/paging_state.c **** 		0 // No eir
 192:src/btphy/paging_state.c **** 		);
 193:src/btphy/paging_state.c **** 
ARM GAS  /tmp/ccoisG3A.s 			page 19


 194:src/btphy/paging_state.c **** 	tdma_schedule(2, paging_start_sync, 0,0,0,-3);
 684              		.loc 1 194 2 view .LVU170
 685 0042 6FF00202 		mvn	r2, #2
 686 0046 2346     		mov	r3, r4
 687 0048 0192     		str	r2, [sp, #4]
 688 004a 0949     		ldr	r1, .L26+12
 689 004c 2246     		mov	r2, r4
 690 004e 0094     		str	r4, [sp]
 691 0050 0220     		movs	r0, #2
 692 0052 FFF7FEFF 		bl	tdma_schedule
 693              	.LVL54:
 195:src/btphy/paging_state.c **** 	btctl_set_state(BTCTL_STATE_PAGE, BTCTL_REASON_SUCCESS);
 694              		.loc 1 195 2 view .LVU171
 695 0056 2146     		mov	r1, r4
 696 0058 0220     		movs	r0, #2
 196:src/btphy/paging_state.c **** }
 697              		.loc 1 196 1 is_stmt 0 view .LVU172
 698 005a 06B0     		add	sp, sp, #24
 699              		.cfi_def_cfa_offset 8
 700              		@ sp needed
 701 005c BDE81040 		pop	{r4, lr}
 702              		.cfi_restore 14
 703              		.cfi_restore 4
 704              		.cfi_def_cfa_offset 0
 195:src/btphy/paging_state.c **** 	btctl_set_state(BTCTL_STATE_PAGE, BTCTL_REASON_SUCCESS);
 705              		.loc 1 195 2 view .LVU173
 706 0060 FFF7FEBF 		b	btctl_set_state
 707              	.LVL55:
 708              	.L27:
 709              		.align	2
 710              	.L26:
 711 0064 0C025A00 		.word	5898764
 712 0068 00000000 		.word	btphy
 713 006c 00000000 		.word	.LANCHOR0
 714 0070 00000000 		.word	paging_start_sync
 715              		.cfi_endproc
 716              	.LFE36:
 718              		.bss
 719              		.align	2
 720              		.set	.LANCHOR0,. + 0
 723              	paging_state:
 724 0000 00000000 		.space	28
 724      00000000 
 724      00000000 
 724      00000000 
 724      00000000 
 725              		.text
 726              	.Letext0:
 727              		.file 4 "/usr/arm-none-eabi/include/machine/_default_types.h"
 728              		.file 5 "/usr/arm-none-eabi/include/sys/_stdint.h"
 729              		.file 6 "../../host/libubertooth/src/ubertooth_interface.h"
 730              		.file 7 "include/ubtbr/queue.h"
 731              		.file 8 "include/ubtbr/btphy.h"
 732              		.file 9 "include/ubtbr/tdma_sched.h"
 733              		.file 10 "include/ubtbr/bb.h"
 734              		.file 11 "include/ubtbr/rx_task.h"
 735              		.file 12 "include/ubtbr/tx_task.h"
ARM GAS  /tmp/ccoisG3A.s 			page 20


 736              		.file 13 "include/ubtbr/mem_pool.h"
 737              		.file 14 "include/ubtbr/debug.h"
 738              		.file 15 "include/ubtbr/master_state.h"
ARM GAS  /tmp/ccoisG3A.s 			page 21


DEFINED SYMBOLS
                            *ABS*:00000000 paging_state.c
     /tmp/ccoisG3A.s:19     .rodata.str1.4:00000000 $d
     /tmp/ccoisG3A.s:23     .text.paging_rx_cb:00000000 $t
     /tmp/ccoisG3A.s:29     .text.paging_rx_cb:00000000 paging_rx_cb
     /tmp/ccoisG3A.s:221    .text.paging_rx_cb:000000a0 $d
     /tmp/ccoisG3A.s:376    .text.paging_rx_ack_cb:00000000 paging_rx_ack_cb
     /tmp/ccoisG3A.s:236    .text.paging_start_sync:00000000 $t
     /tmp/ccoisG3A.s:242    .text.paging_start_sync:00000000 paging_start_sync
     /tmp/ccoisG3A.s:355    .text.paging_start_sync:00000058 $d
     /tmp/ccoisG3A.s:370    .text.paging_rx_ack_cb:00000000 $t
     /tmp/ccoisG3A.s:606    .text.paging_rx_ack_cb:00000094 $d
     /tmp/ccoisG3A.s:617    .text.paging_state_setup:00000000 $t
     /tmp/ccoisG3A.s:624    .text.paging_state_setup:00000000 paging_state_setup
     /tmp/ccoisG3A.s:711    .text.paging_state_setup:00000064 $d
     /tmp/ccoisG3A.s:719    .bss:00000000 $d
     /tmp/ccoisG3A.s:723    .bss:00000000 paging_state

UNDEFINED SYMBOLS
bbpkt_fhs_finalize_payload
tx_task_schedule
rx_task_schedule
mem_pool_free
cprintf
btctl_set_state
btctl
btphy
btphy_cancel_clkn_delay
master_state_init
btphy_set_mode
bbpkt_fhs_prepare_payload
tdma_schedule
