ARM GAS  /tmp/ccZIVp9T.s 			page 1


   1              		.cpu cortex-m3
   2              		.arch armv7-m
   3              		.fpu softvfp
   4              		.eabi_attribute 20, 1
   5              		.eabi_attribute 21, 1
   6              		.eabi_attribute 23, 3
   7              		.eabi_attribute 24, 1
   8              		.eabi_attribute 25, 1
   9              		.eabi_attribute 26, 1
  10              		.eabi_attribute 30, 2
  11              		.eabi_attribute 34, 1
  12              		.eabi_attribute 18, 4
  13              		.file	"tx_task.c"
  14              		.text
  15              	.Ltext0:
  16              		.cfi_sections	.debug_frame
  17              		.file 1 "src/btphy/tx_task.c"
  18              		.section	.text.tx_finalize,"ax",%progbits
  19              		.align	1
  20              		.p2align 2,,3
  21              		.syntax unified
  22              		.thumb
  23              		.thumb_func
  25              	tx_finalize:
  26              	.LVL0:
  27              	.LFB29:
   1:src/btphy/tx_task.c **** /* TX task
   2:src/btphy/tx_task.c ****  *
   3:src/btphy/tx_task.c ****  * Copyright 2020 Etienne Helluy-Lafont, Univ. Lille, CNRS.
   4:src/btphy/tx_task.c ****  *
   5:src/btphy/tx_task.c ****  * This file is part of Project Ubertooth.
   6:src/btphy/tx_task.c ****  *
   7:src/btphy/tx_task.c ****  * This program is free software; you can redistribute it and/or modify
   8:src/btphy/tx_task.c ****  * it under the terms of the GNU General Public License as published by
   9:src/btphy/tx_task.c ****  * the Free Software Foundation; either version 2, or (at your option)
  10:src/btphy/tx_task.c ****  * any later version.
  11:src/btphy/tx_task.c ****  *
  12:src/btphy/tx_task.c ****  * This program is distributed in the hope that it will be useful,
  13:src/btphy/tx_task.c ****  * but WITHOUT ANY WARRANTY; without even the implied warranty of
  14:src/btphy/tx_task.c ****  * MERCHANTABILITY or FITNESS FOR A PARTICULAR PURPOSE.  See the
  15:src/btphy/tx_task.c ****  * GNU General Public License for more details.
  16:src/btphy/tx_task.c ****  *
  17:src/btphy/tx_task.c ****  * You should have received a copy of the GNU General Public License
  18:src/btphy/tx_task.c ****  * along with this program; see the file COPYING.  If not, write to
  19:src/btphy/tx_task.c ****  * the Free Software Foundation, Inc., 51 Franklin Street,
  20:src/btphy/tx_task.c ****  * Boston, MA 02110-1301, USA.
  21:src/btphy/tx_task.c ****  */
  22:src/btphy/tx_task.c **** #include <string.h>
  23:src/btphy/tx_task.c **** #include <ubtbr/defines.h>
  24:src/btphy/tx_task.c **** #include <ubtbr/cfg.h>
  25:src/btphy/tx_task.c **** #include <ubtbr/codec.h>
  26:src/btphy/tx_task.c **** #include <ubtbr/debug.h>
  27:src/btphy/tx_task.c **** #include <ubtbr/bb_msg.h>
  28:src/btphy/tx_task.c **** #include <ubtbr/ubertooth_dma.h>
  29:src/btphy/tx_task.c **** #include <ubtbr/rf.h>
  30:src/btphy/tx_task.c **** #include <ubtbr/hop.h>
  31:src/btphy/tx_task.c **** #include <ubtbr/btphy.h>
ARM GAS  /tmp/ccZIVp9T.s 			page 2


  32:src/btphy/tx_task.c **** #include <ubtbr/tdma_sched.h>
  33:src/btphy/tx_task.c **** #include <ubtbr/tx_task.h>
  34:src/btphy/tx_task.c **** 
  35:src/btphy/tx_task.c **** static struct {
  36:src/btphy/tx_task.c **** 	tx_task_cb_t cb;
  37:src/btphy/tx_task.c **** 	void *cb_arg;
  38:src/btphy/tx_task.c **** 	bbhdr_t *user_hdr;
  39:src/btphy/tx_task.c **** 	bbcodec_t codec;
  40:src/btphy/tx_task.c **** 	uint8_t *user_data;
  41:src/btphy/tx_task.c **** 	unsigned data_size;
  42:src/btphy/tx_task.c **** 	uint8_t air_data[BYTE_ALIGN(4+54+MAX_ACL_SIZE*12)]; // to contain trailer+header+payload
  43:src/btphy/tx_task.c **** 	uint8_t *p;
  44:src/btphy/tx_task.c **** } tx_task;
  45:src/btphy/tx_task.c **** 
  46:src/btphy/tx_task.c **** static int tx_finalize(uint8_t p1, uint8_t p2, uint16_t p3);
  47:src/btphy/tx_task.c **** 
  48:src/btphy/tx_task.c **** static void tx_fifo_cb(void *arg)
  49:src/btphy/tx_task.c **** {
  50:src/btphy/tx_task.c **** 	unsigned len;
  51:src/btphy/tx_task.c **** 
  52:src/btphy/tx_task.c **** 	if (tx_task.p == NULL)
  53:src/btphy/tx_task.c **** 		DIE("No p in tx_fifo_cb (size %d)\n", tx_task.data_size);
  54:src/btphy/tx_task.c **** 
  55:src/btphy/tx_task.c **** 	len = MIN(tx_task.data_size, PHY_FIFO_THRESHOLD); // (128usec of tx)
  56:src/btphy/tx_task.c **** 	btphy_rf_fifo_write(tx_task.p, len);
  57:src/btphy/tx_task.c **** 
  58:src/btphy/tx_task.c **** 	tx_task.p += len;
  59:src/btphy/tx_task.c **** 	tx_task.data_size -= len;
  60:src/btphy/tx_task.c **** 	if (tx_task.data_size == 0)
  61:src/btphy/tx_task.c **** 	{
  62:src/btphy/tx_task.c **** 		btphy_rf_disable_int();
  63:src/btphy/tx_task.c **** 	}
  64:src/btphy/tx_task.c **** 	else
  65:src/btphy/tx_task.c **** 	{
  66:src/btphy/tx_task.c **** 		// encode more if required
  67:src/btphy/tx_task.c **** 		bbcodec_encode_chunk(&tx_task.codec, tx_task.air_data, tx_task.user_hdr, tx_task.user_data);
  68:src/btphy/tx_task.c **** 	}
  69:src/btphy/tx_task.c **** }
  70:src/btphy/tx_task.c **** 
  71:src/btphy/tx_task.c **** static int tx_prepare(uint8_t p1, uint8_t p2, uint16_t p3)
  72:src/btphy/tx_task.c **** {
  73:src/btphy/tx_task.c **** 	int i;
  74:src/btphy/tx_task.c **** 	unsigned len;
  75:src/btphy/tx_task.c **** 	uint8_t chan, nslots = 1;
  76:src/btphy/tx_task.c **** 	uint32_t tx_clkn = btphy_cur_clkn()+1;
  77:src/btphy/tx_task.c **** 
  78:src/btphy/tx_task.c **** 	/* In inquiry/paging, hop.x must be incremented before each tx
  79:src/btphy/tx_task.c **** 	 * of the master / RX of the slave */
  80:src/btphy/tx_task.c **** 	if (btphy.mode == BT_MODE_INQUIRY || btphy.mode == BT_MODE_PAGING)
  81:src/btphy/tx_task.c **** 		hop_increment();
  82:src/btphy/tx_task.c **** 
  83:src/btphy/tx_task.c **** 	/* Hop & prepare TX (SFSON) */
  84:src/btphy/tx_task.c **** 	chan = hop_channel(tx_clkn);
  85:src/btphy/tx_task.c **** 	btphy_rf_tune_chan(2402+chan, 1);
  86:src/btphy/tx_task.c **** 	cc2400_strobe(SFSON);
  87:src/btphy/tx_task.c **** 	btphy_rf_cfg_tx();
  88:src/btphy/tx_task.c **** 
ARM GAS  /tmp/ccZIVp9T.s 			page 3


  89:src/btphy/tx_task.c **** 	/* Push 32 hi bits of Access code */
  90:src/btphy/tx_task.c **** 	btphy_rf_fifo_write(btphy.chan_sw_hi, 4);
  91:src/btphy/tx_task.c **** 
  92:src/btphy/tx_task.c **** 	/* Prepare data */
  93:src/btphy/tx_task.c **** 	if (tx_task.user_hdr)
  94:src/btphy/tx_task.c **** 	{
  95:src/btphy/tx_task.c **** 		bbcodec_init(&tx_task.codec,
  96:src/btphy/tx_task.c **** 			btphy_whiten_seed(tx_clkn),
  97:src/btphy/tx_task.c **** 			btphy.chan_uap, 1, 0);
  98:src/btphy/tx_task.c **** 
  99:src/btphy/tx_task.c **** 		memset(tx_task.air_data, 0, sizeof(tx_task.air_data));
 100:src/btphy/tx_task.c **** 		/* encode the header in tx buffer & configure codec */
 101:src/btphy/tx_task.c **** 		bbcodec_encode_header(&tx_task.codec, tx_task.air_data, tx_task.user_hdr, btphy.chan_trailer, tx_
 102:src/btphy/tx_task.c **** 
 103:src/btphy/tx_task.c **** 		tx_task.p = tx_task.air_data;
 104:src/btphy/tx_task.c **** 		tx_task.data_size = tx_task.codec.air_bytes;
 105:src/btphy/tx_task.c **** 		nslots = tx_task.codec.t->nslots;
 106:src/btphy/tx_task.c **** 
 107:src/btphy/tx_task.c **** 		if (tx_task.user_data)
 108:src/btphy/tx_task.c **** 		{
 109:src/btphy/tx_task.c **** 			/* encode the data in tx buffer */
 110:src/btphy/tx_task.c **** 			bbcodec_encode_chunk(&tx_task.codec, tx_task.air_data, tx_task.user_hdr, tx_task.user_data);
 111:src/btphy/tx_task.c **** 		}
 112:src/btphy/tx_task.c **** 
 113:src/btphy/tx_task.c **** 		/* Push start (less that 32 bytes) of message in fifo */
 114:src/btphy/tx_task.c **** 		len = MIN(32-4, tx_task.data_size);
 115:src/btphy/tx_task.c **** 		btphy_rf_fifo_write(tx_task.p, len);
 116:src/btphy/tx_task.c **** 		tx_task.p += len;
 117:src/btphy/tx_task.c **** 		tx_task.data_size -= len;
 118:src/btphy/tx_task.c **** 	}
 119:src/btphy/tx_task.c **** 	/* Schedule end of transmission */
 120:src/btphy/tx_task.c **** 	tdma_schedule(2*nslots, tx_finalize, 0, 0, 0, -3);
 121:src/btphy/tx_task.c **** 
 122:src/btphy/tx_task.c **** 	return 0; 
 123:src/btphy/tx_task.c **** }
 124:src/btphy/tx_task.c **** 
 125:src/btphy/tx_task.c **** static int tx_execute(uint8_t p1, uint8_t p2, uint16_t p3)
 126:src/btphy/tx_task.c **** {
 127:src/btphy/tx_task.c **** 	if (!FS_TUNED())
 128:src/btphy/tx_task.c **** 	{
 129:src/btphy/tx_task.c **** 		/* TODO: Let it run for a few more usec ? */
 130:src/btphy/tx_task.c **** 		cprintf("TX: RF not FS_ON\n");
 131:src/btphy/tx_task.c **** 		// Just do nothing 
 132:src/btphy/tx_task.c **** 		tx_task_reset();
 133:src/btphy/tx_task.c **** 		// TODO: error callback
 134:src/btphy/tx_task.c **** 		btphy_rf_idle();
 135:src/btphy/tx_task.c **** 		return 0;
 136:src/btphy/tx_task.c **** 	}
 137:src/btphy/tx_task.c **** 	/* Start TX phy */
 138:src/btphy/tx_task.c **** 	btphy_rf_tx();
 139:src/btphy/tx_task.c **** 	if (tx_task.data_size)
 140:src/btphy/tx_task.c **** 		btphy_rf_enable_int(tx_fifo_cb, NULL, 1);
 141:src/btphy/tx_task.c **** 	if (btphy_cur_clkn() & 1)
 142:src/btphy/tx_task.c **** 		DIE("txe: wrong clkn %x", btphy_cur_clkn());
 143:src/btphy/tx_task.c **** 
 144:src/btphy/tx_task.c **** 	return 0;
 145:src/btphy/tx_task.c **** }
ARM GAS  /tmp/ccZIVp9T.s 			page 4


 146:src/btphy/tx_task.c **** 
 147:src/btphy/tx_task.c **** #define	TX_MAX_WAIT 1500
 148:src/btphy/tx_task.c **** static int tx_finalize(uint8_t p1, uint8_t p2, uint16_t p3)
 149:src/btphy/tx_task.c **** {
  28              		.loc 1 149 1 view -0
  29              		.cfi_startproc
  30              		@ args = 0, pretend = 0, frame = 0
  31              		@ frame_needed = 0, uses_anonymous_args = 0
  32              		.loc 1 149 1 is_stmt 0 view .LVU1
  33 0000 38B5     		push	{r3, r4, r5, lr}
  34              		.cfi_def_cfa_offset 16
  35              		.cfi_offset 3, -16
  36              		.cfi_offset 4, -12
  37              		.cfi_offset 5, -8
  38              		.cfi_offset 14, -4
 150:src/btphy/tx_task.c **** 	/* Wait end of transmission .. */
 151:src/btphy/tx_task.c **** 	while (CLKN_OFFSET < TX_MAX_WAIT && (cc2400_get(FSMSTATE) & 0x1f) != STATE_STROBE_FS_ON);
  39              		.loc 1 151 2 is_stmt 1 view .LVU2
  40              		.loc 1 151 9 is_stmt 0 discriminator 3 view .LVU3
  41 0002 4FF04025 		mov	r5, #1073758208
  42              		.loc 1 151 35 discriminator 3 view .LVU4
  43 0006 40F2DB54 		movw	r4, #1499
  44              		.loc 1 151 8 view .LVU5
  45 000a 06E0     		b	.L3
  46              	.LVL1:
  47              	.L10:
  48              		.loc 1 151 39 discriminator 1 view .LVU6
  49 000c 0E20     		movs	r0, #14
  50 000e FFF7FEFF 		bl	cc2400_get
  51              	.LVL2:
  52              		.loc 1 151 35 discriminator 2 view .LVU7
  53 0012 00F01F00 		and	r0, r0, #31
  54 0016 0F28     		cmp	r0, #15
  55 0018 02D0     		beq	.L2
  56              	.L3:
  57              		.loc 1 151 35 is_stmt 1 discriminator 3 view .LVU8
  58              		.loc 1 151 9 is_stmt 0 discriminator 3 view .LVU9
  59 001a AB68     		ldr	r3, [r5, #8]
  60              		.loc 1 151 35 discriminator 3 view .LVU10
  61 001c A342     		cmp	r3, r4
  62 001e F5D9     		bls	.L10
  63              	.L2:
 152:src/btphy/tx_task.c **** 	
 153:src/btphy/tx_task.c **** 	/* Stop phy RX */ 
 154:src/btphy/tx_task.c **** 	btphy_rf_idle();
  64              		.loc 1 154 2 is_stmt 1 view .LVU11
  65              	.LBB36:
  66              	.LBI36:
  67              		.file 2 "include/ubtbr/rf.h"
   1:include/ubtbr/rf.h **** #ifndef __BTPHY_RF_H
   2:include/ubtbr/rf.h **** #define __BTPHY_RF_H
   3:include/ubtbr/rf.h **** #include <stdint.h>
   4:include/ubtbr/rf.h **** #include "ubertooth.h"
   5:include/ubtbr/rf.h **** 
   6:include/ubtbr/rf.h **** /* Num of bytes left in fifo when FIFO_EMPTY int trigger 64usec */
   7:include/ubtbr/rf.h **** #define PHY_MIN_FIFO_BYTES 16
   8:include/ubtbr/rf.h **** #define PHY_FIFO_THRESHOLD (32-PHY_MIN_FIFO_BYTES)
ARM GAS  /tmp/ccZIVp9T.s 			page 5


   9:include/ubtbr/rf.h **** 
  10:include/ubtbr/rf.h **** #define WAIT_CC2400_STATE(state) while((cc2400_get(FSMSTATE) & 0x1f) != (state));
  11:include/ubtbr/rf.h **** #define FS_TUNED() (cc2400_status() & FS_LOCK)
  12:include/ubtbr/rf.h **** #define WAIT_FS_TUNED() while(!FS_TUNED())
  13:include/ubtbr/rf.h **** 
  14:include/ubtbr/rf.h **** #define RF_EXPECTED_RX_CLKN_OFFSET 610	// (29usec of rf warmup + 32usec of sw)
  15:include/ubtbr/rf.h **** 
  16:include/ubtbr/rf.h **** typedef void (*btbr_int_cb_t)(void *arg);
  17:include/ubtbr/rf.h **** 
  18:include/ubtbr/rf.h **** #define MAX_AC_ERRORS_DEFAULT	1
  19:include/ubtbr/rf.h **** typedef struct {
  20:include/ubtbr/rf.h **** 	uint16_t freq_off_reg;
  21:include/ubtbr/rf.h **** 	uint16_t max_ac_errors;
  22:include/ubtbr/rf.h **** 	btbr_int_cb_t int_handler;
  23:include/ubtbr/rf.h **** 	void *int_arg;
  24:include/ubtbr/rf.h **** } rf_state_t;
  25:include/ubtbr/rf.h **** 
  26:include/ubtbr/rf.h **** extern volatile rf_state_t rf_state;
  27:include/ubtbr/rf.h **** 
  28:include/ubtbr/rf.h **** void btphy_rf_init(void);
  29:include/ubtbr/rf.h **** void btphy_rf_off(void);
  30:include/ubtbr/rf.h **** void btphy_rf_set_freq_off(uint8_t off);
  31:include/ubtbr/rf.h **** void btphy_rf_set_max_ac_errors(uint8_t max_ac_errors);
  32:include/ubtbr/rf.h **** void btphy_rf_cfg_sync(uint32_t sync);
  33:include/ubtbr/rf.h **** void btphy_rf_tune_chan(uint16_t channel, int tx);
  34:include/ubtbr/rf.h **** void btphy_rf_fifo_write(uint8_t *data, unsigned len);
  35:include/ubtbr/rf.h **** 
  36:include/ubtbr/rf.h **** void btphy_rf_enable_int(btbr_int_cb_t cb, void*cb_arg, int tx);
  37:include/ubtbr/rf.h **** void btphy_rf_disable_int(void);
  38:include/ubtbr/rf.h **** 
  39:include/ubtbr/rf.h **** static inline void btphy_rf_idle(void)
  68              		.loc 2 39 20 view .LVU12
  69              	.LBB37:
  40:include/ubtbr/rf.h **** {
  41:include/ubtbr/rf.h **** 	cc2400_strobe(SRFOFF);
  70              		.loc 2 41 2 view .LVU13
  71 0020 6420     		movs	r0, #100
  72 0022 FFF7FEFF 		bl	cc2400_strobe
  73              	.LVL3:
  42:include/ubtbr/rf.h **** 	TXLED_CLR;
  74              		.loc 2 42 2 view .LVU14
  75 0026 4FF48071 		mov	r1, #256
  43:include/ubtbr/rf.h **** 	RXLED_CLR;
  76              		.loc 2 43 2 is_stmt 0 view .LVU15
  77 002a 1022     		movs	r2, #16
  42:include/ubtbr/rf.h **** 	TXLED_CLR;
  78              		.loc 2 42 2 view .LVU16
  79 002c 084B     		ldr	r3, .L11
  80 002e D963     		str	r1, [r3, #60]
  81              		.loc 2 43 2 is_stmt 1 view .LVU17
  82 0030 DA63     		str	r2, [r3, #60]
  83              	.LBE37:
  84              	.LBE36:
 155:src/btphy/tx_task.c **** 
 156:src/btphy/tx_task.c **** 	tx_task_reset();
  85              		.loc 1 156 2 view .LVU18
  86              	.LBB38:
ARM GAS  /tmp/ccZIVp9T.s 			page 6


  87              	.LBI38:
 157:src/btphy/tx_task.c **** 	if(tx_task.cb)
 158:src/btphy/tx_task.c **** 		tx_task.cb(tx_task.cb_arg);
 159:src/btphy/tx_task.c **** 
 160:src/btphy/tx_task.c **** 	return 0;
 161:src/btphy/tx_task.c **** }
 162:src/btphy/tx_task.c **** 
 163:src/btphy/tx_task.c **** const struct tdma_sched_item tx_sched_set[] = {
 164:src/btphy/tx_task.c **** 	SCHED_ITEM(tx_prepare,		 0, 0, 0), 	SCHED_END_FRAME(),	// 3
 165:src/btphy/tx_task.c **** 	SCHED_ITEM(tx_execute,   	-3, 0, 0), 	SCHED_END_FRAME(),	// 0
 166:src/btphy/tx_task.c **** 	SCHED_END_SET()
 167:src/btphy/tx_task.c **** };
 168:src/btphy/tx_task.c **** 
 169:src/btphy/tx_task.c **** void tx_task_reset(void)
  88              		.loc 1 169 6 view .LVU19
  89              	.LBB39:
 170:src/btphy/tx_task.c **** {
 171:src/btphy/tx_task.c **** 	btphy_rf_disable_int();
  90              		.loc 1 171 2 view .LVU20
  91 0032 FFF7FEFF 		bl	btphy_rf_disable_int
  92              	.LVL4:
 172:src/btphy/tx_task.c **** 	tx_task.user_hdr = NULL;
  93              		.loc 1 172 2 view .LVU21
  94              		.loc 1 172 19 is_stmt 0 view .LVU22
  95 0036 0022     		movs	r2, #0
  96 0038 064B     		ldr	r3, .L11+4
  97              	.LBE39:
  98              	.LBE38:
 157:src/btphy/tx_task.c **** 	if(tx_task.cb)
  99              		.loc 1 157 12 view .LVU23
 100 003a 1968     		ldr	r1, [r3]
 101              	.LBB41:
 102              	.LBB40:
 103              		.loc 1 172 19 view .LVU24
 104 003c 9A60     		str	r2, [r3, #8]
 173:src/btphy/tx_task.c **** 	tx_task.user_data = NULL;
 105              		.loc 1 173 2 is_stmt 1 view .LVU25
 106              		.loc 1 173 20 is_stmt 0 view .LVU26
 107 003e 9A63     		str	r2, [r3, #56]
 174:src/btphy/tx_task.c **** 	tx_task.p = NULL;
 108              		.loc 1 174 2 is_stmt 1 view .LVU27
 109              		.loc 1 174 12 is_stmt 0 view .LVU28
 110 0040 C3F84C22 		str	r2, [r3, #588]
 111              	.LBE40:
 112              	.LBE41:
 157:src/btphy/tx_task.c **** 		tx_task.cb(tx_task.cb_arg);
 113              		.loc 1 157 2 is_stmt 1 view .LVU29
 157:src/btphy/tx_task.c **** 		tx_task.cb(tx_task.cb_arg);
 114              		.loc 1 157 4 is_stmt 0 view .LVU30
 115 0044 09B1     		cbz	r1, .L4
 158:src/btphy/tx_task.c **** 
 116              		.loc 1 158 3 is_stmt 1 view .LVU31
 117 0046 5868     		ldr	r0, [r3, #4]
 118 0048 8847     		blx	r1
 119              	.LVL5:
 120              	.L4:
 160:src/btphy/tx_task.c **** }
ARM GAS  /tmp/ccZIVp9T.s 			page 7


 121              		.loc 1 160 2 view .LVU32
 161:src/btphy/tx_task.c **** 
 122              		.loc 1 161 1 is_stmt 0 view .LVU33
 123 004a 0020     		movs	r0, #0
 124 004c 38BD     		pop	{r3, r4, r5, pc}
 125              	.L12:
 126 004e 00BF     		.align	2
 127              	.L11:
 128 0050 00C00920 		.word	537509888
 129 0054 00000000 		.word	.LANCHOR0
 130              		.cfi_endproc
 131              	.LFE29:
 133              		.section	.text.tx_prepare,"ax",%progbits
 134              		.align	1
 135              		.p2align 2,,3
 136              		.syntax unified
 137              		.thumb
 138              		.thumb_func
 140              	tx_prepare:
 141              	.LVL6:
 142              	.LFB27:
  72:src/btphy/tx_task.c **** 	int i;
 143              		.loc 1 72 1 is_stmt 1 view -0
 144              		.cfi_startproc
 145              		@ args = 0, pretend = 0, frame = 0
 146              		@ frame_needed = 0, uses_anonymous_args = 0
  72:src/btphy/tx_task.c **** 	int i;
 147              		.loc 1 72 1 is_stmt 0 view .LVU35
 148 0000 F0B5     		push	{r4, r5, r6, r7, lr}
 149              		.cfi_def_cfa_offset 20
 150              		.cfi_offset 4, -20
 151              		.cfi_offset 5, -16
 152              		.cfi_offset 6, -12
 153              		.cfi_offset 7, -8
 154              		.cfi_offset 14, -4
 155 0002 83B0     		sub	sp, sp, #12
 156              		.cfi_def_cfa_offset 32
  73:src/btphy/tx_task.c **** 	unsigned len;
 157              		.loc 1 73 2 is_stmt 1 view .LVU36
  74:src/btphy/tx_task.c **** 	uint8_t chan, nslots = 1;
 158              		.loc 1 74 2 view .LVU37
  75:src/btphy/tx_task.c **** 	uint32_t tx_clkn = btphy_cur_clkn()+1;
 159              		.loc 1 75 2 view .LVU38
 160              	.LVL7:
  76:src/btphy/tx_task.c **** 
 161              		.loc 1 76 2 view .LVU39
 162              	.LBB52:
 163              	.LBI52:
 164              		.file 3 "include/ubtbr/btphy.h"
   1:include/ubtbr/btphy.h **** #ifndef __BTPHY_H
   2:include/ubtbr/btphy.h **** #define __BTPHY_H
   3:include/ubtbr/btphy.h **** #include <stdint.h>
   4:include/ubtbr/btphy.h **** #include <ubertooth_interface.h>
   5:include/ubtbr/btphy.h **** #include <ubtbr/cfg.h>
   6:include/ubtbr/btphy.h **** #include <ubtbr/queue.h>
   7:include/ubtbr/btphy.h **** 
   8:include/ubtbr/btphy.h **** #define CLKN_RATE 3200
ARM GAS  /tmp/ccZIVp9T.s 			page 8


   9:include/ubtbr/btphy.h **** #define PERIPH_CLK_RATE	50000000			// 50Mhz
  10:include/ubtbr/btphy.h **** #define PERIPH_CLK_NS (1000000000/PERIPH_CLK_RATE)	// 20ns
  11:include/ubtbr/btphy.h **** #define CLK100NS_SECOND (1000000000/100)
  12:include/ubtbr/btphy.h **** /* clkn_offset prescale value (from peripheral clock -> 100ns) */
  13:include/ubtbr/btphy.h **** #define CLKN_OFFSET_PRESCALE_VAL 	(100/PERIPH_CLK_NS)
  14:include/ubtbr/btphy.h **** /* clk_offset match register value */
  15:include/ubtbr/btphy.h **** #define CLKN_OFFSET_RESET_VAL ((PERIPH_CLK_RATE/CLKN_OFFSET_PRESCALE_VAL)/CLKN_RATE)
  16:include/ubtbr/btphy.h **** #define MASTER_CLKN	T1TC
  17:include/ubtbr/btphy.h **** #define CLKN_OFFSET	T0TC
  18:include/ubtbr/btphy.h **** 
  19:include/ubtbr/btphy.h **** typedef enum btphy_mode_e {
  20:include/ubtbr/btphy.h **** 	BT_MODE_INQUIRY,
  21:include/ubtbr/btphy.h **** 	BT_MODE_PAGING,
  22:include/ubtbr/btphy.h **** 	BT_MODE_INQUIRY_SCAN,
  23:include/ubtbr/btphy.h **** 	BT_MODE_PAGE_SCAN,
  24:include/ubtbr/btphy.h **** 	BT_MODE_MASTER,
  25:include/ubtbr/btphy.h **** 	BT_MODE_SLAVE,
  26:include/ubtbr/btphy.h **** } btphy_mode_t ; 
  27:include/ubtbr/btphy.h **** 
  28:include/ubtbr/btphy.h **** typedef struct btphy_s {
  29:include/ubtbr/btphy.h **** 	btphy_mode_t mode;
  30:include/ubtbr/btphy.h **** 	uint32_t master_clkn; 
  31:include/ubtbr/btphy.h **** 	uint32_t slave_clkn; 
  32:include/ubtbr/btphy.h **** 	int slave_clkn_delay;
  33:include/ubtbr/btphy.h **** 	int clkn_delayed;
  34:include/ubtbr/btphy.h **** 	uint32_t chan_lap;
  35:include/ubtbr/btphy.h **** 	uint8_t chan_uap;
  36:include/ubtbr/btphy.h **** 	uint64_t chan_sw;
  37:include/ubtbr/btphy.h **** 	uint8_t chan_trailer;
  38:include/ubtbr/btphy.h **** 	uint8_t chan_sw_lo[4];
  39:include/ubtbr/btphy.h **** 	uint8_t chan_sw_hi[4];
  40:include/ubtbr/btphy.h **** 	uint32_t my_lap;
  41:include/ubtbr/btphy.h **** 	uint8_t  my_uap;
  42:include/ubtbr/btphy.h **** 	uint16_t my_nap;
  43:include/ubtbr/btphy.h **** 	uint64_t my_sw;
  44:include/ubtbr/btphy.h **** } btphy_t;
  45:include/ubtbr/btphy.h **** 
  46:include/ubtbr/btphy.h **** typedef void (*btphy_timer_fn_t)(void *arg);
  47:include/ubtbr/btphy.h **** 
  48:include/ubtbr/btphy.h **** extern btphy_t btphy;
  49:include/ubtbr/btphy.h **** 
  50:include/ubtbr/btphy.h **** #define CUR_MASTER_SLOT_IDX()	(btphy.master_clkn&3)
  51:include/ubtbr/btphy.h **** #define CUR_SLAVE_SLOT_IDX()	(btphy.slave_clkn&3)
  52:include/ubtbr/btphy.h **** 
  53:include/ubtbr/btphy.h **** static inline uint32_t btphy_cur_clkn(void)
 165              		.loc 3 53 24 view .LVU40
 166              	.LBB53:
  54:include/ubtbr/btphy.h **** {
  55:include/ubtbr/btphy.h **** 	switch(btphy.mode)
 167              		.loc 3 55 2 view .LVU41
 168              		.loc 3 55 14 is_stmt 0 view .LVU42
 169 0004 454E     		ldr	r6, .L27
 170 0006 3378     		ldrb	r3, [r6]	@ zero_extendqisi2
 171              		.loc 3 55 2 view .LVU43
 172 0008 032B     		cmp	r3, #3
 173 000a 76D8     		bhi	.L14
 174 000c 012B     		cmp	r3, #1
ARM GAS  /tmp/ccZIVp9T.s 			page 9


 175 000e 79D9     		bls	.L26
 176              	.L15:
  56:include/ubtbr/btphy.h **** 	{
  57:include/ubtbr/btphy.h **** 	case BT_MODE_INQUIRY_SCAN:
  58:include/ubtbr/btphy.h **** 	case BT_MODE_PAGE_SCAN:
  59:include/ubtbr/btphy.h **** 	case BT_MODE_SLAVE:
  60:include/ubtbr/btphy.h **** 		return btphy.slave_clkn;
 177              		.loc 3 60 3 is_stmt 1 view .LVU44
 178              	.LBE53:
 179              	.LBE52:
  76:src/btphy/tx_task.c **** 
 180              		.loc 1 76 11 is_stmt 0 discriminator 1 view .LVU45
 181 0010 B568     		ldr	r5, [r6, #8]
 182 0012 0135     		adds	r5, r5, #1
 183              	.LVL8:
  80:src/btphy/tx_task.c **** 		hop_increment();
 184              		.loc 1 80 2 is_stmt 1 view .LVU46
 185              	.L17:
  84:src/btphy/tx_task.c **** 	btphy_rf_tune_chan(2402+chan, 1);
 186              		.loc 1 84 2 view .LVU47
  84:src/btphy/tx_task.c **** 	btphy_rf_tune_chan(2402+chan, 1);
 187              		.loc 1 84 9 is_stmt 0 view .LVU48
 188 0014 2846     		mov	r0, r5
 189              	.LVL9:
  84:src/btphy/tx_task.c **** 	btphy_rf_tune_chan(2402+chan, 1);
 190              		.loc 1 84 9 view .LVU49
 191 0016 FFF7FEFF 		bl	hop_channel
 192              	.LVL10:
  85:src/btphy/tx_task.c **** 	cc2400_strobe(SFSON);
 193              		.loc 1 85 2 is_stmt 1 view .LVU50
 194 001a 00F66210 		addw	r0, r0, #2402
 195              	.LVL11:
  85:src/btphy/tx_task.c **** 	cc2400_strobe(SFSON);
 196              		.loc 1 85 2 is_stmt 0 view .LVU51
 197 001e 0121     		movs	r1, #1
 198 0020 80B2     		uxth	r0, r0
 199              	.LVL12:
  85:src/btphy/tx_task.c **** 	cc2400_strobe(SFSON);
 200              		.loc 1 85 2 view .LVU52
 201 0022 FFF7FEFF 		bl	btphy_rf_tune_chan
 202              	.LVL13:
  86:src/btphy/tx_task.c **** 	btphy_rf_cfg_tx();
 203              		.loc 1 86 2 is_stmt 1 view .LVU53
 204 0026 6120     		movs	r0, #97
 205 0028 FFF7FEFF 		bl	cc2400_strobe
 206              	.LVL14:
  87:src/btphy/tx_task.c **** 
 207              		.loc 1 87 2 view .LVU54
 208              	.LBB56:
 209              	.LBI56:
  44:include/ubtbr/rf.h **** }
  45:include/ubtbr/rf.h **** 
  46:include/ubtbr/rf.h **** static inline void btphy_rf_tx(void)
  47:include/ubtbr/rf.h **** {
  48:include/ubtbr/rf.h **** 	cc2400_strobe(STX);
  49:include/ubtbr/rf.h **** 	TXLED_SET;
  50:include/ubtbr/rf.h **** }
ARM GAS  /tmp/ccZIVp9T.s 			page 10


  51:include/ubtbr/rf.h **** static inline void btphy_rf_rx(void)
  52:include/ubtbr/rf.h **** {
  53:include/ubtbr/rf.h **** 	cc2400_strobe(SRX);
  54:include/ubtbr/rf.h **** 	RXLED_SET;
  55:include/ubtbr/rf.h **** }
  56:include/ubtbr/rf.h **** 
  57:include/ubtbr/rf.h **** /* cc2400 configure for un-buffered rx */
  58:include/ubtbr/rf.h **** static inline void btphy_rf_cfg_rx(void)
  59:include/ubtbr/rf.h **** {
  60:include/ubtbr/rf.h **** 	/* un-buffered mode, packet w/ sync word detection */
  61:include/ubtbr/rf.h **** 	cc2400_set(GRMDM,   0x4E1|(rf_state.max_ac_errors<<13));
  62:include/ubtbr/rf.h **** 	// 0 XX 00 1 001 11 0 00 0 1
  63:include/ubtbr/rf.h **** 	//   |  |  | |   |  +--------> CRC off
  64:include/ubtbr/rf.h **** 	//   |  |  | |   +-----------> sync word: 32 MSB bits of SYNC_WORD
  65:include/ubtbr/rf.h **** 	//   |  |  | +---------------> 1 preamble bytes of (0)1010101
  66:include/ubtbr/rf.h **** 	//   |  |  +-----------------> packet mode
  67:include/ubtbr/rf.h **** 	//   |  +--------------------> un-buffered mode // use sync word to trigger 
  68:include/ubtbr/rf.h **** 	//   +-----------------------> sync error bits allowed: N
  69:include/ubtbr/rf.h **** 	cc2400_set(IOCFG, 0x170|(GIO_PKT<<9));
  70:include/ubtbr/rf.h **** }
  71:include/ubtbr/rf.h **** 
  72:include/ubtbr/rf.h **** /* cc2400 configure for buffered tx */
  73:include/ubtbr/rf.h **** static inline void btphy_rf_cfg_tx(void)
 210              		.loc 2 73 20 view .LVU55
 211              	.LBB57:
  74:include/ubtbr/rf.h **** {
  75:include/ubtbr/rf.h **** 	cc2400_set(GRMDM,   0x0CE1);
 212              		.loc 2 75 2 view .LVU56
 213 002c 40F6E141 		movw	r1, #3297
 214 0030 2020     		movs	r0, #32
 215 0032 FFF7FEFF 		bl	cc2400_set
 216              	.LVL15:
  76:include/ubtbr/rf.h **** 	// 0 00 01 1 001 11 0 00 0 1
  77:include/ubtbr/rf.h **** 	//      |  | |   |  +--------> CRC off
  78:include/ubtbr/rf.h **** 	//      |  | |   +-----------> sync word: 32 MSB bits of SYNC_WORD
  79:include/ubtbr/rf.h **** 	//      |  | +---------------> 1 preamble bytes of (0)1010101
  80:include/ubtbr/rf.h **** 	//      |  +-----------------> packet mode / sync word detection
  81:include/ubtbr/rf.h **** 	//      +--------------------> buffered mode
  82:include/ubtbr/rf.h **** 	cc2400_set(IOCFG, 0x170|(GIO_FIFO_EMPTY<<9));
 217              		.loc 2 82 2 view .LVU57
 218              	.LBE57:
 219              	.LBE56:
  93:src/btphy/tx_task.c **** 	{
 220              		.loc 1 93 13 is_stmt 0 view .LVU58
 221 0036 3A4C     		ldr	r4, .L27+4
 222              	.LBB59:
 223              	.LBB58:
 224              		.loc 2 82 2 view .LVU59
 225 0038 44F67051 		movw	r1, #19824
 226 003c 0820     		movs	r0, #8
 227 003e FFF7FEFF 		bl	cc2400_set
 228              	.LVL16:
 229              	.LBE58:
 230              	.LBE59:
  90:src/btphy/tx_task.c **** 
 231              		.loc 1 90 2 is_stmt 1 view .LVU60
 232 0042 0421     		movs	r1, #4
ARM GAS  /tmp/ccZIVp9T.s 			page 11


 233 0044 3748     		ldr	r0, .L27+8
 234 0046 FFF7FEFF 		bl	btphy_rf_fifo_write
 235              	.LVL17:
  93:src/btphy/tx_task.c **** 	{
 236              		.loc 1 93 2 view .LVU61
  93:src/btphy/tx_task.c **** 	{
 237              		.loc 1 93 5 is_stmt 0 view .LVU62
 238 004a A368     		ldr	r3, [r4, #8]
 239 004c 002B     		cmp	r3, #0
 240 004e 62D0     		beq	.L20
  95:src/btphy/tx_task.c **** 			btphy_whiten_seed(tx_clkn),
 241              		.loc 1 95 3 is_stmt 1 view .LVU63
  96:src/btphy/tx_task.c **** 			btphy.chan_uap, 1, 0);
 242              		.loc 1 96 4 is_stmt 0 view .LVU64
 243 0050 2846     		mov	r0, r5
 244 0052 FFF7FEFF 		bl	btphy_whiten_seed
 245              	.LVL18:
 246              	.LBB60:
 247              	.LBB61:
 248              		.file 4 "include/ubtbr/codec.h"
   1:include/ubtbr/codec.h **** #ifndef __CODEC_H
   2:include/ubtbr/codec.h **** #define __CODEC_H
   3:include/ubtbr/codec.h **** #include <stdint.h>
   4:include/ubtbr/codec.h **** #include <ubtbr/bb.h>
   5:include/ubtbr/codec.h **** 
   6:include/ubtbr/codec.h **** #define MAX_ACL_SIZE 344
   7:include/ubtbr/codec.h **** 
   8:include/ubtbr/codec.h **** /* FIXME: pkt_type interpretation depends on channel's type.
   9:include/ubtbr/codec.h **** */
  10:include/ubtbr/codec.h **** typedef struct bbcodec_types_s {
  11:include/ubtbr/codec.h **** 	uint8_t nslots;		// Slot occupancy
  12:include/ubtbr/codec.h **** 	uint8_t payload_header_bytes;	// Payload header bytes
  13:include/ubtbr/codec.h **** 	uint16_t payload_bytes;	// Payload bytes len
  14:include/ubtbr/codec.h **** 	uint8_t has_fec23;	// Payload is fec23 encoded
  15:include/ubtbr/codec.h **** 	uint8_t has_crc;	// CRC is applied on payload
  16:include/ubtbr/codec.h **** } bbcodec_types_t;
  17:include/ubtbr/codec.h **** 
  18:include/ubtbr/codec.h **** typedef struct bbcodec_s {
  19:include/ubtbr/codec.h **** 	// common params 
  20:include/ubtbr/codec.h **** 	uint8_t uap;	
  21:include/ubtbr/codec.h **** 	int use_whiten;
  22:include/ubtbr/codec.h **** 	int rx_raw;
  23:include/ubtbr/codec.h **** 	uint8_t whiten_state;
  24:include/ubtbr/codec.h **** 	uint16_t crc_state;
  25:include/ubtbr/codec.h **** 	uint16_t crc_pos;
  26:include/ubtbr/codec.h **** 	// codec type
  27:include/ubtbr/codec.h **** 	const bbcodec_types_t *t;
  28:include/ubtbr/codec.h **** 
  29:include/ubtbr/codec.h **** 	/* packet size */
  30:include/ubtbr/codec.h **** 	unsigned payload_length; // length of payload from spec or payload's header
  31:include/ubtbr/codec.h **** 	unsigned air_bytes;	// total bytes required for rx/tx, incl. (58bits header)+encoded(payload)
  32:include/ubtbr/codec.h **** 	unsigned coded_total;	// total payload bytes including payload_header, payload_daya, crc
  33:include/ubtbr/codec.h **** 
  34:include/ubtbr/codec.h **** 	// decoding state
  35:include/ubtbr/codec.h **** 	unsigned air_off_b;	// air bit offset (dec: in, enc: out)
  36:include/ubtbr/codec.h **** 	unsigned coded_pos;	// coded payload position
  37:include/ubtbr/codec.h **** } bbcodec_t;
ARM GAS  /tmp/ccZIVp9T.s 			page 12


  38:include/ubtbr/codec.h **** 
  39:include/ubtbr/codec.h **** static inline void bbcodec_init(bbcodec_t *codec,
  40:include/ubtbr/codec.h **** 		uint32_t whiten_init,
  41:include/ubtbr/codec.h **** 		uint8_t uap,
  42:include/ubtbr/codec.h **** 		int use_whiten,
  43:include/ubtbr/codec.h **** 		int rx_raw)
  44:include/ubtbr/codec.h **** {
  45:include/ubtbr/codec.h **** 	codec->uap = uap;
  46:include/ubtbr/codec.h **** 	codec->use_whiten = use_whiten;
 249              		.loc 4 46 20 view .LVU65
 250 0056 0021     		movs	r1, #0
 251 0058 0122     		movs	r2, #1
 252              	.LBE61:
 253              	.LBE60:
  95:src/btphy/tx_task.c **** 			btphy_whiten_seed(tx_clkn),
 254              		.loc 1 95 3 view .LVU66
 255 005a 337E     		ldrb	r3, [r6, #24]	@ zero_extendqisi2
 256              	.LVL19:
 257              	.LBB70:
 258              	.LBI60:
  39:include/ubtbr/codec.h **** 		uint32_t whiten_init,
 259              		.loc 4 39 20 is_stmt 1 view .LVU67
 260              	.LBB66:
  45:include/ubtbr/codec.h **** 	codec->use_whiten = use_whiten;
 261              		.loc 4 45 2 view .LVU68
 262              		.loc 4 46 20 is_stmt 0 view .LVU69
 263 005c C4E90421 		strd	r2, r1, [r4, #16]
 264              	.LBB62:
 265              	.LBB63:
 266              		.file 5 "include/ubtbr/bb.h"
   1:include/ubtbr/bb.h **** #ifndef __BB_H
   2:include/ubtbr/bb.h **** #define __BB_H
   3:include/ubtbr/bb.h **** #include <stdint.h>
   4:include/ubtbr/bb.h **** #include <ubertooth_interface.h>
   5:include/ubtbr/bb.h **** #include <ubtbr/cfg.h>
   6:include/ubtbr/bb.h **** #include <ubtbr/debug.h>
   7:include/ubtbr/bb.h **** 
   8:include/ubtbr/bb.h **** /* BLUETOOTH CORE SPECIFICATION Version 5.1 | Vol 2, Part B | Table 6.2 */
   9:include/ubtbr/bb.h **** enum bbhdr_type_e {
  10:include/ubtbr/bb.h **** 	BB_TYPE_NULL	= 0,
  11:include/ubtbr/bb.h **** 	BB_TYPE_POLL	= 1,
  12:include/ubtbr/bb.h **** 	BB_TYPE_FHS	= 2,
  13:include/ubtbr/bb.h **** 	BB_TYPE_DM1	= 3,
  14:include/ubtbr/bb.h **** 	BB_TYPE_DH1	= 4,
  15:include/ubtbr/bb.h **** 	BB_TYPE_HV1	= 5,
  16:include/ubtbr/bb.h **** 	BB_TYPE_HV2	= 6,
  17:include/ubtbr/bb.h **** 	BB_TYPE_HV3	= 7,
  18:include/ubtbr/bb.h **** 	BB_TYPE_DV	= 8,
  19:include/ubtbr/bb.h **** 	BB_TYPE_AUX1	= 9,
  20:include/ubtbr/bb.h **** 	BB_TYPE_DM3	= 10,
  21:include/ubtbr/bb.h **** 	BB_TYPE_DH3	= 11,
  22:include/ubtbr/bb.h **** 	BB_TYPE_EV4	= 12,
  23:include/ubtbr/bb.h **** 	BB_TYPE_EV5	= 13,
  24:include/ubtbr/bb.h **** 	BB_TYPE_DM5	= 14,
  25:include/ubtbr/bb.h **** 	BB_TYPE_DH5	= 15,
  26:include/ubtbr/bb.h **** };
  27:include/ubtbr/bb.h **** 
ARM GAS  /tmp/ccZIVp9T.s 			page 13


  28:include/ubtbr/bb.h **** typedef struct fhs_info_s {
  29:include/ubtbr/bb.h **** 	uint64_t bdaddr;
  30:include/ubtbr/bb.h **** 	uint32_t clk27_2;
  31:include/ubtbr/bb.h **** 	uint8_t lt_addr;
  32:include/ubtbr/bb.h **** } fhs_info_t;
  33:include/ubtbr/bb.h **** 
  34:include/ubtbr/bb.h **** /* All sizes are excluding the 4bit preamble, which
  35:include/ubtbr/bb.h ****  * is prepended to the packet by the cc2400 */
  36:include/ubtbr/bb.h **** #define BB_ACCESS_CODE_SIZE 		68
  37:include/ubtbr/bb.h **** #define BB_SHORT_ACCESS_CODE_SIZE 	64
  38:include/ubtbr/bb.h **** #define BB_FEC13_SIZE(n)		((n)*3)
  39:include/ubtbr/bb.h **** #define BB_FEC23_SIZE(n)		((n)*3/2)
  40:include/ubtbr/bb.h **** #define BB_HEADER_SIZE			BB_FEC13_SIZE(18)
  41:include/ubtbr/bb.h **** #define BB_FHS_PKT_SIZE 		(BB_ACCESS_CODE_SIZE+BB_HEADER_SIZE+BB_FEC23_SIZE(160))
  42:include/ubtbr/bb.h **** #define BB_POLL_PKT_SIZE 		(BB_ACCESS_CODE_SIZE+BB_HEADER_SIZE)
  43:include/ubtbr/bb.h **** 
  44:include/ubtbr/bb.h **** #define GIAC 0x9e8b33
  45:include/ubtbr/bb.h **** 
  46:include/ubtbr/bb.h **** /* Declare those helpers here, to be able to inline some functions */
  47:include/ubtbr/bb.h **** // Grab 6 bits from a buffer
  48:include/ubtbr/bb.h **** #define EXTRACT6_0(p)   ((((((uint8_t*)(p))[0])>>0)&0x3F))
  49:include/ubtbr/bb.h **** #define EXTRACT6_2(p)   ((((((uint8_t*)(p))[0])>>2)&0x3F))
  50:include/ubtbr/bb.h **** #define EXTRACT6_4(p)   ((((((uint8_t*)(p))[0])>>4))|(((((uint8_t*)(p))[1])&0x3)<<4))
  51:include/ubtbr/bb.h **** #define EXTRACT6_6(p)   ((((((uint8_t*)(p))[0])>>6))|(((((uint8_t*)(p))[1])&0xf)<<2))
  52:include/ubtbr/bb.h **** 
  53:include/ubtbr/bb.h **** // Grab 15 bits from a buffer
  54:include/ubtbr/bb.h **** #define EXTRACT15_0(p) ( ((((uint8_t*)(p))[0]     )   ) | ((((uint8_t*)(p))[1]&0x7f)<<8) )
  55:include/ubtbr/bb.h **** #define EXTRACT15_1(p) ( ((((uint8_t*)(p))[0]&0xfe)>>1) | ((((uint8_t*)(p))[1]     )<<7) )
  56:include/ubtbr/bb.h **** #define EXTRACT15_2(p) ( ((((uint8_t*)(p))[0]&0xfc)>>2) | ((((uint8_t*)(p))[1]     )<<6) | ((((uint
  57:include/ubtbr/bb.h **** #define EXTRACT15_3(p) ( ((((uint8_t*)(p))[0]&0xf8)>>3) | ((((uint8_t*)(p))[1]     )<<5) | ((((uint
  58:include/ubtbr/bb.h **** #define EXTRACT15_4(p) ( ((((uint8_t*)(p))[0]&0xf0)>>4) | ((((uint8_t*)(p))[1]     )<<4) | ((((uint
  59:include/ubtbr/bb.h **** #define EXTRACT15_5(p) ( ((((uint8_t*)(p))[0]&0xe0)>>5) | ((((uint8_t*)(p))[1]     )<<3) | ((((uint
  60:include/ubtbr/bb.h **** #define EXTRACT15_6(p) ( ((((uint8_t*)(p))[0]&0xc0)>>6) | ((((uint8_t*)(p))[1]     )<<2) | ((((uint
  61:include/ubtbr/bb.h **** #define EXTRACT15_7(p) ( ((((uint8_t*)(p))[0]&0x80)>>7) | ((((uint8_t*)(p))[1]     )<<1) | ((((uint
  62:include/ubtbr/bb.h **** 
  63:include/ubtbr/bb.h **** // Grab 10 bits from a buffer
  64:include/ubtbr/bb.h **** #define EXTRACT10_0(p) ( ((((uint8_t*)(p))[0])   ) | ((((uint8_t*)(p))[1]&0x03)<<8) )
  65:include/ubtbr/bb.h **** #define EXTRACT10_1(p) ( ((((uint8_t*)(p))[0])>>1) | ((((uint8_t*)(p))[1]&0x07)<<7) )
  66:include/ubtbr/bb.h **** #define EXTRACT10_2(p) ( ((((uint8_t*)(p))[0])>>2) | ((((uint8_t*)(p))[1]&0x0f)<<6) )
  67:include/ubtbr/bb.h **** #define EXTRACT10_3(p) ( ((((uint8_t*)(p))[0])>>3) | ((((uint8_t*)(p))[1]&0x1f)<<5) )
  68:include/ubtbr/bb.h **** #define EXTRACT10_4(p) ( ((((uint8_t*)(p))[0])>>4) | ((((uint8_t*)(p))[1]&0x3f)<<4) )
  69:include/ubtbr/bb.h **** #define EXTRACT10_5(p) ( ((((uint8_t*)(p))[0])>>5) | ((((uint8_t*)(p))[1]&0x7f)<<3) )
  70:include/ubtbr/bb.h **** #define EXTRACT10_6(p) ( ((((uint8_t*)(p))[0])>>6) | ((((uint8_t*)(p))[1]     )<<2) )
  71:include/ubtbr/bb.h **** #define EXTRACT10_7(p) ( ((((uint8_t*)(p))[0])>>7) | ((((uint8_t*)(p))[1]     )<<1) | ((((uint8_t*)
  72:include/ubtbr/bb.h **** 
  73:include/ubtbr/bb.h **** // Encode 10 bytes in buffer (warning: buffer must be zeroed)
  74:include/ubtbr/bb.h **** #define ENCODE15_0(p,val)  (((uint8_t*)(p))[0] =((val)   ),((uint8_t*)(p))[1]=((val)>>8))
  75:include/ubtbr/bb.h **** #define ENCODE15_1(p,val)  (((uint8_t*)(p))[0]|=((val)<<1),((uint8_t*)(p))[1]=((val)>>7))
  76:include/ubtbr/bb.h **** #define ENCODE15_2(p,val)  (((uint8_t*)(p))[0]|=((val)<<2),((uint8_t*)(p))[1]=((val)>>6),((uint8_t*
  77:include/ubtbr/bb.h **** #define ENCODE15_3(p,val)  (((uint8_t*)(p))[0]|=((val)<<3),((uint8_t*)(p))[1]=((val)>>5),((uint8_t*
  78:include/ubtbr/bb.h **** #define ENCODE15_4(p,val)  (((uint8_t*)(p))[0]|=((val)<<4),((uint8_t*)(p))[1]=((val)>>4),((uint8_t*
  79:include/ubtbr/bb.h **** #define ENCODE15_5(p,val)  (((uint8_t*)(p))[0]|=((val)<<5),((uint8_t*)(p))[1]=((val)>>3),((uint8_t*
  80:include/ubtbr/bb.h **** #define ENCODE15_6(p,val)  (((uint8_t*)(p))[0]|=((val)<<6),((uint8_t*)(p))[1]=((val)>>2),((uint8_t*
  81:include/ubtbr/bb.h **** #define ENCODE15_7(p,val)  (((uint8_t*)(p))[0]|=((val)<<7),((uint8_t*)(p))[1]=((val)>>1),((uint8_t*
  82:include/ubtbr/bb.h **** 
  83:include/ubtbr/bb.h **** // warning: buffer must be zeroed
  84:include/ubtbr/bb.h **** #define ENCODE10_0(p,val)  (((uint8_t*)(p))[0] =((val)   ),((uint8_t*)(p))[1]=((val)>>8))
ARM GAS  /tmp/ccZIVp9T.s 			page 14


  85:include/ubtbr/bb.h **** #define ENCODE10_1(p,val)  (((uint8_t*)(p))[0]|=((val)<<1),((uint8_t*)(p))[1]=((val)>>7))
  86:include/ubtbr/bb.h **** #define ENCODE10_2(p,val)  (((uint8_t*)(p))[0]|=((val)<<2),((uint8_t*)(p))[1]=((val)>>6))
  87:include/ubtbr/bb.h **** #define ENCODE10_3(p,val)  (((uint8_t*)(p))[0]|=((val)<<3),((uint8_t*)(p))[1]=((val)>>5))
  88:include/ubtbr/bb.h **** #define ENCODE10_4(p,val)  (((uint8_t*)(p))[0]|=((val)<<4),((uint8_t*)(p))[1]=((val)>>4))
  89:include/ubtbr/bb.h **** #define ENCODE10_5(p,val)  (((uint8_t*)(p))[0]|=((val)<<5),((uint8_t*)(p))[1]=((val)>>3))
  90:include/ubtbr/bb.h **** #define ENCODE10_6(p,val)  (((uint8_t*)(p))[0]|=((val)<<6),((uint8_t*)(p))[1]=((val)>>2))
  91:include/ubtbr/bb.h **** #define ENCODE10_7(p,val)  (((uint8_t*)(p))[0]|=((val)<<7),((uint8_t*)(p))[1]=((val)>>1),((uint8_t*
  92:include/ubtbr/bb.h **** 
  93:include/ubtbr/bb.h **** #define ENCODE24_0(p,val)  (((uint8_t*)(p))[0] =((val)   ),((uint8_t*)(p))[1]=(val)>>8,((uint8_t*)(
  94:include/ubtbr/bb.h **** #define ENCODE24_2(p,val)  (((uint8_t*)(p))[0]|=((val)<<2),((uint8_t*)(p))[1]=(val)>>6,((uint8_t*)(
  95:include/ubtbr/bb.h **** #define ENCODE24_4(p,val)  (((uint8_t*)(p))[0]|=((val)<<4),((uint8_t*)(p))[1]=(val)>>4,((uint8_t*)(
  96:include/ubtbr/bb.h **** #define ENCODE24_6(p,val)  (((uint8_t*)(p))[0]|=((val)<<6),((uint8_t*)(p))[1]=(val)>>2,((uint8_t*)(
  97:include/ubtbr/bb.h **** 
  98:include/ubtbr/bb.h **** #define BYTE_ALIGN(nbits)	(((nbits)+7)>>3)
  99:include/ubtbr/bb.h **** 
 100:include/ubtbr/bb.h **** static inline uint8_t reverse8(uint8_t data)
 101:include/ubtbr/bb.h **** {
 102:include/ubtbr/bb.h **** 	extern const uint8_t rev8_map[256];
 103:include/ubtbr/bb.h ****         return rev8_map[data];
 267              		.loc 5 103 24 view .LVU70
 268 0060 314A     		ldr	r2, .L27+12
 269              	.LBE63:
 270              	.LBE62:
  45:include/ubtbr/codec.h **** 	codec->use_whiten = use_whiten;
 271              		.loc 4 45 13 view .LVU71
 272 0062 2373     		strb	r3, [r4, #12]
 273              		.loc 4 46 2 is_stmt 1 view .LVU72
  47:include/ubtbr/codec.h **** 	codec->rx_raw = rx_raw;
 274              		.loc 4 47 2 view .LVU73
  48:include/ubtbr/codec.h **** 	codec->crc_state = reverse8(uap)<<8;
 275              		.loc 4 48 2 view .LVU74
 276              	.LVL20:
 277              	.LBB65:
 278              	.LBI62:
 100:include/ubtbr/bb.h **** {
 279              		.loc 5 100 23 view .LVU75
 280              	.LBB64:
 102:include/ubtbr/bb.h ****         return rev8_map[data];
 281              		.loc 5 102 2 view .LVU76
 282              		.loc 5 103 9 view .LVU77
 283              		.loc 5 103 9 is_stmt 0 view .LVU78
 284              	.LBE64:
 285              	.LBE65:
 286              		.loc 4 48 21 discriminator 1 view .LVU79
 287 0064 D35C     		ldrb	r3, [r2, r3]	@ zero_extendqisi2
 288              	.LVL21:
 289              		.loc 4 48 21 discriminator 1 view .LVU80
 290              	.LBE66:
 291              	.LBE70:
  99:src/btphy/tx_task.c **** 		/* encode the header in tx buffer & configure codec */
 292              		.loc 1 99 3 view .LVU81
 293 0066 04F14007 		add	r7, r4, #64
 294              	.LBB71:
 295              	.LBB67:
 296              		.loc 4 48 34 discriminator 1 view .LVU82
 297 006a 1B02     		lsls	r3, r3, #8
 298              	.LBE67:
ARM GAS  /tmp/ccZIVp9T.s 			page 15


 299              	.LBE71:
  99:src/btphy/tx_task.c **** 		/* encode the header in tx buffer & configure codec */
 300              		.loc 1 99 3 view .LVU83
 301 006c 4FF40372 		mov	r2, #524
 302              	.LBB72:
 303              	.LBB68:
  49:include/ubtbr/codec.h **** 	codec->crc_pos = 0;
  50:include/ubtbr/codec.h **** 	codec->whiten_state = whiten_init;
 304              		.loc 4 50 22 view .LVU84
 305 0070 2076     		strb	r0, [r4, #24]
 306              	.LBE68:
 307              	.LBE72:
  99:src/btphy/tx_task.c **** 		/* encode the header in tx buffer & configure codec */
 308              		.loc 1 99 3 view .LVU85
 309 0072 3846     		mov	r0, r7
 310              	.LVL22:
 311              	.LBB73:
 312              	.LBB69:
  51:include/ubtbr/codec.h **** 	codec->t = NULL;
  52:include/ubtbr/codec.h **** 	codec->payload_length = 0;
 313              		.loc 4 52 24 view .LVU86
 314 0074 C4E90811 		strd	r1, r1, [r4, #32]
  53:include/ubtbr/codec.h **** 	codec->air_off_b = 0;
  54:include/ubtbr/codec.h **** 	codec->air_bytes = 0;
  55:include/ubtbr/codec.h **** 	codec->coded_total = 0;
 315              		.loc 4 55 21 view .LVU87
 316 0078 C4E90A11 		strd	r1, r1, [r4, #40]
  49:include/ubtbr/codec.h **** 	codec->whiten_state = whiten_init;
 317              		.loc 4 49 17 view .LVU88
 318 007c A183     		strh	r1, [r4, #28]	@ movhi
  53:include/ubtbr/codec.h **** 	codec->air_off_b = 0;
 319              		.loc 4 53 19 view .LVU89
 320 007e 2163     		str	r1, [r4, #48]
  56:include/ubtbr/codec.h **** 	codec->coded_pos = 0;
 321              		.loc 4 56 19 view .LVU90
 322 0080 6163     		str	r1, [r4, #52]
  48:include/ubtbr/codec.h **** 	codec->crc_pos = 0;
 323              		.loc 4 48 19 discriminator 1 view .LVU91
 324 0082 6383     		strh	r3, [r4, #26]	@ movhi
  49:include/ubtbr/codec.h **** 	codec->whiten_state = whiten_init;
 325              		.loc 4 49 2 is_stmt 1 view .LVU92
  50:include/ubtbr/codec.h **** 	codec->t = NULL;
 326              		.loc 4 50 2 view .LVU93
  51:include/ubtbr/codec.h **** 	codec->payload_length = 0;
 327              		.loc 4 51 2 view .LVU94
  52:include/ubtbr/codec.h **** 	codec->air_off_b = 0;
 328              		.loc 4 52 2 view .LVU95
  53:include/ubtbr/codec.h **** 	codec->air_bytes = 0;
 329              		.loc 4 53 2 view .LVU96
  54:include/ubtbr/codec.h **** 	codec->coded_total = 0;
 330              		.loc 4 54 2 view .LVU97
  55:include/ubtbr/codec.h **** 	codec->coded_pos = 0;
 331              		.loc 4 55 2 view .LVU98
 332              		.loc 4 56 2 view .LVU99
 333              	.LVL23:
 334              		.loc 4 56 2 is_stmt 0 view .LVU100
 335              	.LBE69:
ARM GAS  /tmp/ccZIVp9T.s 			page 16


 336              	.LBE73:
  99:src/btphy/tx_task.c **** 		/* encode the header in tx buffer & configure codec */
 337              		.loc 1 99 3 is_stmt 1 view .LVU101
 338 0084 FFF7FEFF 		bl	memset
 339              	.LVL24:
 101:src/btphy/tx_task.c **** 
 340              		.loc 1 101 3 view .LVU102
 341 0088 A06B     		ldr	r0, [r4, #56]
 342 008a 96F82830 		ldrb	r3, [r6, #40]	@ zero_extendqisi2
 343 008e A268     		ldr	r2, [r4, #8]
 344 0090 3946     		mov	r1, r7
 345 0092 0090     		str	r0, [sp]
 346 0094 04F10C00 		add	r0, r4, #12
 347 0098 FFF7FEFF 		bl	bbcodec_encode_header
 348              	.LVL25:
 103:src/btphy/tx_task.c **** 		tx_task.data_size = tx_task.codec.air_bytes;
 349              		.loc 1 103 3 view .LVU103
 104:src/btphy/tx_task.c **** 		nslots = tx_task.codec.t->nslots;
 350              		.loc 1 104 36 is_stmt 0 view .LVU104
 351 009c A66A     		ldr	r6, [r4, #40]
 105:src/btphy/tx_task.c **** 
 352              		.loc 1 105 10 view .LVU105
 353 009e 226A     		ldr	r2, [r4, #32]
 107:src/btphy/tx_task.c **** 		{
 354              		.loc 1 107 14 view .LVU106
 355 00a0 A36B     		ldr	r3, [r4, #56]
 103:src/btphy/tx_task.c **** 		tx_task.data_size = tx_task.codec.air_bytes;
 356              		.loc 1 103 13 view .LVU107
 357 00a2 C4F84C72 		str	r7, [r4, #588]
 104:src/btphy/tx_task.c **** 		nslots = tx_task.codec.t->nslots;
 358              		.loc 1 104 3 is_stmt 1 view .LVU108
 104:src/btphy/tx_task.c **** 		nslots = tx_task.codec.t->nslots;
 359              		.loc 1 104 21 is_stmt 0 view .LVU109
 360 00a6 E663     		str	r6, [r4, #60]
 105:src/btphy/tx_task.c **** 
 361              		.loc 1 105 3 is_stmt 1 view .LVU110
 105:src/btphy/tx_task.c **** 
 362              		.loc 1 105 10 is_stmt 0 view .LVU111
 363 00a8 1578     		ldrb	r5, [r2]	@ zero_extendqisi2
 364              	.LVL26:
 107:src/btphy/tx_task.c **** 		{
 365              		.loc 1 107 3 is_stmt 1 view .LVU112
 107:src/btphy/tx_task.c **** 		{
 366              		.loc 1 107 6 is_stmt 0 view .LVU113
 367 00aa 002B     		cmp	r3, #0
 368 00ac 31D0     		beq	.L21
 110:src/btphy/tx_task.c **** 		}
 369              		.loc 1 110 4 is_stmt 1 view .LVU114
 370 00ae 04F10C00 		add	r0, r4, #12
 371 00b2 3946     		mov	r1, r7
 372 00b4 A268     		ldr	r2, [r4, #8]
 373 00b6 FFF7FEFF 		bl	bbcodec_encode_chunk
 374              	.LVL27:
 114:src/btphy/tx_task.c **** 		btphy_rf_fifo_write(tx_task.p, len);
 375              		.loc 1 114 9 is_stmt 0 view .LVU115
 376 00ba E66B     		ldr	r6, [r4, #60]
 115:src/btphy/tx_task.c **** 		tx_task.p += len;
ARM GAS  /tmp/ccZIVp9T.s 			page 17


 377              		.loc 1 115 3 view .LVU116
 378 00bc D4F84C02 		ldr	r0, [r4, #588]
 379              	.L19:
 114:src/btphy/tx_task.c **** 		btphy_rf_fifo_write(tx_task.p, len);
 380              		.loc 1 114 3 is_stmt 1 view .LVU117
 114:src/btphy/tx_task.c **** 		btphy_rf_fifo_write(tx_task.p, len);
 381              		.loc 1 114 7 is_stmt 0 view .LVU118
 382 00c0 1C2E     		cmp	r6, #28
 383 00c2 28BF     		it	cs
 384 00c4 1C26     		movcs	r6, #28
 385              	.LVL28:
 115:src/btphy/tx_task.c **** 		tx_task.p += len;
 386              		.loc 1 115 3 is_stmt 1 view .LVU119
 387 00c6 3146     		mov	r1, r6
 388 00c8 FFF7FEFF 		bl	btphy_rf_fifo_write
 389              	.LVL29:
 116:src/btphy/tx_task.c **** 		tx_task.data_size -= len;
 390              		.loc 1 116 3 view .LVU120
 116:src/btphy/tx_task.c **** 		tx_task.data_size -= len;
 391              		.loc 1 116 13 is_stmt 0 view .LVU121
 392 00cc D4F84C22 		ldr	r2, [r4, #588]
 117:src/btphy/tx_task.c **** 	}
 393              		.loc 1 117 21 view .LVU122
 394 00d0 E36B     		ldr	r3, [r4, #60]
 116:src/btphy/tx_task.c **** 		tx_task.data_size -= len;
 395              		.loc 1 116 13 view .LVU123
 396 00d2 3244     		add	r2, r2, r6
 117:src/btphy/tx_task.c **** 	}
 397              		.loc 1 117 21 view .LVU124
 398 00d4 9B1B     		subs	r3, r3, r6
 120:src/btphy/tx_task.c **** 
 399              		.loc 1 120 2 view .LVU125
 400 00d6 6800     		lsls	r0, r5, #1
 116:src/btphy/tx_task.c **** 		tx_task.data_size -= len;
 401              		.loc 1 116 13 view .LVU126
 402 00d8 C4F84C22 		str	r2, [r4, #588]
 117:src/btphy/tx_task.c **** 	}
 403              		.loc 1 117 3 is_stmt 1 view .LVU127
 117:src/btphy/tx_task.c **** 	}
 404              		.loc 1 117 21 is_stmt 0 view .LVU128
 405 00dc E363     		str	r3, [r4, #60]
 120:src/btphy/tx_task.c **** 
 406              		.loc 1 120 2 view .LVU129
 407 00de C0B2     		uxtb	r0, r0
 408              	.LVL30:
 409              	.L18:
 120:src/btphy/tx_task.c **** 
 410              		.loc 1 120 2 is_stmt 1 view .LVU130
 411 00e0 0024     		movs	r4, #0
 412 00e2 6FF00202 		mvn	r2, #2
 413 00e6 2346     		mov	r3, r4
 414 00e8 0192     		str	r2, [sp, #4]
 415 00ea 1049     		ldr	r1, .L27+16
 416 00ec 2246     		mov	r2, r4
 417 00ee 0094     		str	r4, [sp]
 418 00f0 FFF7FEFF 		bl	tdma_schedule
 419              	.LVL31:
ARM GAS  /tmp/ccZIVp9T.s 			page 18


 122:src/btphy/tx_task.c **** }
 420              		.loc 1 122 2 view .LVU131
 123:src/btphy/tx_task.c **** 
 421              		.loc 1 123 1 is_stmt 0 view .LVU132
 422 00f4 2046     		mov	r0, r4
 423 00f6 03B0     		add	sp, sp, #12
 424              		.cfi_remember_state
 425              		.cfi_def_cfa_offset 20
 426              		@ sp needed
 427 00f8 F0BD     		pop	{r4, r5, r6, r7, pc}
 428              	.LVL32:
 429              	.L14:
 430              		.cfi_restore_state
 431              	.LBB74:
 432              	.LBB54:
  55:include/ubtbr/btphy.h **** 	{
 433              		.loc 3 55 2 view .LVU133
 434 00fa 052B     		cmp	r3, #5
 435 00fc 88D0     		beq	.L15
  61:include/ubtbr/btphy.h **** 	default:
  62:include/ubtbr/btphy.h **** 		return btphy.master_clkn;
 436              		.loc 3 62 3 is_stmt 1 view .LVU134
 437              	.LBE54:
 438              	.LBE74:
  76:src/btphy/tx_task.c **** 
 439              		.loc 1 76 11 is_stmt 0 discriminator 1 view .LVU135
 440 00fe 7568     		ldr	r5, [r6, #4]
 441 0100 0135     		adds	r5, r5, #1
 442              	.LVL33:
  80:src/btphy/tx_task.c **** 		hop_increment();
 443              		.loc 1 80 2 is_stmt 1 view .LVU136
 444 0102 87E7     		b	.L17
 445              	.LVL34:
 446              	.L26:
 447              	.LBB75:
 448              	.LBB55:
 449              		.loc 3 62 3 view .LVU137
 450              	.LBE55:
 451              	.LBE75:
 452              	.LBB76:
 453              	.LBB77:
 454              		.file 6 "include/ubtbr/hop.h"
   1:include/ubtbr/hop.h **** #ifndef __HOP_H
   2:include/ubtbr/hop.h **** #define __HOP_H
   3:include/ubtbr/hop.h **** #include <stdint.h>
   4:include/ubtbr/hop.h **** #include <ubertooth_interface.h>
   5:include/ubtbr/hop.h **** 
   6:include/ubtbr/hop.h **** typedef struct hop_state_s {
   7:include/ubtbr/hop.h **** 	uint8_t a27_23, a22_19, C, E;
   8:include/ubtbr/hop.h **** 	uint16_t a18_10;
   9:include/ubtbr/hop.h **** 	uint8_t x;
  10:include/ubtbr/hop.h **** 	/* frequency register bank */
  11:include/ubtbr/hop.h **** 	uint8_t basic_bank[NUM_BREDR_CHANNELS];
  12:include/ubtbr/hop.h **** 	uint8_t afh_bank[NUM_BREDR_CHANNELS];
  13:include/ubtbr/hop.h **** 	uint8_t afh_chan_count;
  14:include/ubtbr/hop.h **** 	uint8_t afh_enabled;
  15:include/ubtbr/hop.h **** 	uint8_t *bank;
ARM GAS  /tmp/ccZIVp9T.s 			page 19


  16:include/ubtbr/hop.h **** 	uint8_t chan_count;
  17:include/ubtbr/hop.h **** } hop_state_t;
  18:include/ubtbr/hop.h **** 
  19:include/ubtbr/hop.h **** void hop_init(uint32_t address);
  20:include/ubtbr/hop.h **** uint8_t hop_basic(uint32_t clk);
  21:include/ubtbr/hop.h **** uint8_t hop_inquiry(uint32_t clk);
  22:include/ubtbr/hop.h **** uint8_t hop_channel(uint32_t clk);
  23:include/ubtbr/hop.h **** void hop_cfg_afh(uint8_t* buf);
  24:include/ubtbr/hop.h **** 
  25:include/ubtbr/hop.h **** /* FIXME ?*/
  26:include/ubtbr/hop.h **** extern hop_state_t hop_state;
  27:include/ubtbr/hop.h **** 
  28:include/ubtbr/hop.h **** static inline uint8_t perm5(uint8_t z, uint8_t p_high, uint16_t p_low)
  29:include/ubtbr/hop.h **** {
  30:include/ubtbr/hop.h **** 	extern uint8_t perm5_lut[2][4096];
  31:include/ubtbr/hop.h **** 	uint16_t p = (p_low&0x1ff)|((p_high&0x1f)<<9);
  32:include/ubtbr/hop.h **** 
  33:include/ubtbr/hop.h **** 	z &= 0x1f;
  34:include/ubtbr/hop.h **** 	z = perm5_lut[0][(((p>>7))<<5)|z];
  35:include/ubtbr/hop.h **** 	z = perm5_lut[1][((0x7f&(p>>0))<<5)|z];
  36:include/ubtbr/hop.h **** 
  37:include/ubtbr/hop.h **** 	return z;
  38:include/ubtbr/hop.h **** }
  39:include/ubtbr/hop.h **** 
  40:include/ubtbr/hop.h **** /* This function increment the x variable of for paging/inquiry hopping.
  41:include/ubtbr/hop.h ****  * It must be called before each master's transmission. */
  42:include/ubtbr/hop.h **** static inline void hop_increment(void)
  43:include/ubtbr/hop.h **** {
  44:include/ubtbr/hop.h **** 	hop_state.x++;
 455              		.loc 6 44 13 is_stmt 0 view .LVU138
 456 0104 0A4A     		ldr	r2, .L27+20
 457              	.LVL35:
 458              		.loc 6 44 13 view .LVU139
 459              	.LBE77:
 460              	.LBE76:
  76:src/btphy/tx_task.c **** 
 461              		.loc 1 76 11 discriminator 1 view .LVU140
 462 0106 7568     		ldr	r5, [r6, #4]
 463              	.LBB80:
 464              	.LBB78:
 465              		.loc 6 44 13 view .LVU141
 466 0108 9379     		ldrb	r3, [r2, #6]	@ zero_extendqisi2
 467              	.LBE78:
 468              	.LBE80:
  76:src/btphy/tx_task.c **** 
 469              		.loc 1 76 11 discriminator 1 view .LVU142
 470 010a 0135     		adds	r5, r5, #1
 471              	.LVL36:
  80:src/btphy/tx_task.c **** 		hop_increment();
 472              		.loc 1 80 2 is_stmt 1 view .LVU143
  81:src/btphy/tx_task.c **** 
 473              		.loc 1 81 3 view .LVU144
 474              	.LBB81:
 475              	.LBI76:
  42:include/ubtbr/hop.h **** {
 476              		.loc 6 42 20 view .LVU145
 477              	.LBB79:
ARM GAS  /tmp/ccZIVp9T.s 			page 20


 478              		.loc 6 44 2 view .LVU146
 479              		.loc 6 44 13 is_stmt 0 view .LVU147
 480 010c 0133     		adds	r3, r3, #1
 481 010e 9371     		strb	r3, [r2, #6]
  45:include/ubtbr/hop.h **** }
 482              		.loc 6 45 1 view .LVU148
 483 0110 80E7     		b	.L17
 484              	.LVL37:
 485              	.L21:
 486              		.loc 6 45 1 view .LVU149
 487              	.LBE79:
 488              	.LBE81:
 489 0112 3846     		mov	r0, r7
 490 0114 D4E7     		b	.L19
 491              	.LVL38:
 492              	.L20:
 493              		.loc 6 45 1 view .LVU150
 494 0116 0220     		movs	r0, #2
 495 0118 E2E7     		b	.L18
 496              	.L28:
 497 011a 00BF     		.align	2
 498              	.L27:
 499 011c 00000000 		.word	btphy
 500 0120 00000000 		.word	.LANCHOR0
 501 0124 2D000000 		.word	btphy+45
 502 0128 00000000 		.word	rev8_map
 503 012c 00000000 		.word	tx_finalize
 504 0130 00000000 		.word	hop_state
 505              		.cfi_endproc
 506              	.LFE27:
 508              		.section	.rodata.str1.4,"aMS",%progbits,1
 509              		.align	2
 510              	.LC0:
 511 0000 4449457C 		.ascii	"DIE|No p in tx_fifo_cb (size %d)\012\012\000"
 511      4E6F2070 
 511      20696E20 
 511      74785F66 
 511      69666F5F 
 512              		.section	.text.tx_fifo_cb,"ax",%progbits
 513              		.align	1
 514              		.p2align 2,,3
 515              		.syntax unified
 516              		.thumb
 517              		.thumb_func
 519              	tx_fifo_cb:
 520              	.LVL39:
 521              	.LFB26:
  49:src/btphy/tx_task.c **** 	unsigned len;
 522              		.loc 1 49 1 is_stmt 1 view -0
 523              		.cfi_startproc
 524              		@ args = 0, pretend = 0, frame = 8
 525              		@ frame_needed = 0, uses_anonymous_args = 0
  49:src/btphy/tx_task.c **** 	unsigned len;
 526              		.loc 1 49 1 is_stmt 0 view .LVU152
 527 0000 10B5     		push	{r4, lr}
 528              		.cfi_def_cfa_offset 8
 529              		.cfi_offset 4, -8
ARM GAS  /tmp/ccZIVp9T.s 			page 21


 530              		.cfi_offset 14, -4
 531 0002 82B0     		sub	sp, sp, #8
 532              		.cfi_def_cfa_offset 16
  50:src/btphy/tx_task.c **** 
 533              		.loc 1 50 2 is_stmt 1 view .LVU153
  52:src/btphy/tx_task.c **** 		DIE("No p in tx_fifo_cb (size %d)\n", tx_task.data_size);
 534              		.loc 1 52 2 view .LVU154
  52:src/btphy/tx_task.c **** 		DIE("No p in tx_fifo_cb (size %d)\n", tx_task.data_size);
 535              		.loc 1 52 13 is_stmt 0 view .LVU155
 536 0004 134C     		ldr	r4, .L33
 537 0006 D4F84C02 		ldr	r0, [r4, #588]
 538              	.LVL40:
 539              	.LBB84:
 540              	.LBB85:
  53:src/btphy/tx_task.c **** 
 541              		.loc 1 53 3 view .LVU156
 542 000a E16B     		ldr	r1, [r4, #60]
 543              	.LBE85:
 544              	.LBE84:
  52:src/btphy/tx_task.c **** 		DIE("No p in tx_fifo_cb (size %d)\n", tx_task.data_size);
 545              		.loc 1 52 5 view .LVU157
 546 000c F8B1     		cbz	r0, .L32
  55:src/btphy/tx_task.c **** 	btphy_rf_fifo_write(tx_task.p, len);
 547              		.loc 1 55 2 is_stmt 1 view .LVU158
  55:src/btphy/tx_task.c **** 	btphy_rf_fifo_write(tx_task.p, len);
 548              		.loc 1 55 6 is_stmt 0 view .LVU159
 549 000e 1029     		cmp	r1, #16
 550 0010 28BF     		it	cs
 551 0012 1021     		movcs	r1, #16
 552              	.LVL41:
  56:src/btphy/tx_task.c **** 
 553              		.loc 1 56 2 is_stmt 1 view .LVU160
 554 0014 0191     		str	r1, [sp, #4]
 555 0016 FFF7FEFF 		bl	btphy_rf_fifo_write
 556              	.LVL42:
  58:src/btphy/tx_task.c **** 	tx_task.data_size -= len;
 557              		.loc 1 58 2 view .LVU161
  58:src/btphy/tx_task.c **** 	tx_task.data_size -= len;
 558              		.loc 1 58 12 is_stmt 0 view .LVU162
 559 001a D4F84C22 		ldr	r2, [r4, #588]
  59:src/btphy/tx_task.c **** 	if (tx_task.data_size == 0)
 560              		.loc 1 59 20 view .LVU163
 561 001e E36B     		ldr	r3, [r4, #60]
  58:src/btphy/tx_task.c **** 	tx_task.data_size -= len;
 562              		.loc 1 58 12 view .LVU164
 563 0020 0199     		ldr	r1, [sp, #4]
 564 0022 0A44     		add	r2, r2, r1
  59:src/btphy/tx_task.c **** 	if (tx_task.data_size == 0)
 565              		.loc 1 59 20 view .LVU165
 566 0024 5B1A     		subs	r3, r3, r1
  58:src/btphy/tx_task.c **** 	tx_task.data_size -= len;
 567              		.loc 1 58 12 view .LVU166
 568 0026 C4F84C22 		str	r2, [r4, #588]
  59:src/btphy/tx_task.c **** 	if (tx_task.data_size == 0)
 569              		.loc 1 59 2 is_stmt 1 view .LVU167
  59:src/btphy/tx_task.c **** 	if (tx_task.data_size == 0)
 570              		.loc 1 59 20 is_stmt 0 view .LVU168
ARM GAS  /tmp/ccZIVp9T.s 			page 22


 571 002a E363     		str	r3, [r4, #60]
  60:src/btphy/tx_task.c **** 	{
 572              		.loc 1 60 2 is_stmt 1 view .LVU169
  60:src/btphy/tx_task.c **** 	{
 573              		.loc 1 60 5 is_stmt 0 view .LVU170
 574 002c 23B9     		cbnz	r3, .L31
  62:src/btphy/tx_task.c **** 	}
 575              		.loc 1 62 3 is_stmt 1 view .LVU171
  69:src/btphy/tx_task.c **** 
 576              		.loc 1 69 1 is_stmt 0 view .LVU172
 577 002e 02B0     		add	sp, sp, #8
 578              		.cfi_remember_state
 579              		.cfi_def_cfa_offset 8
 580              		@ sp needed
 581 0030 BDE81040 		pop	{r4, lr}
 582              		.cfi_restore 14
 583              		.cfi_restore 4
 584              		.cfi_def_cfa_offset 0
 585              	.LVL43:
  62:src/btphy/tx_task.c **** 	}
 586              		.loc 1 62 3 view .LVU173
 587 0034 FFF7FEBF 		b	btphy_rf_disable_int
 588              	.LVL44:
 589              	.L31:
 590              		.cfi_restore_state
  67:src/btphy/tx_task.c **** 	}
 591              		.loc 1 67 3 is_stmt 1 view .LVU174
 592 0038 A36B     		ldr	r3, [r4, #56]
 593 003a A268     		ldr	r2, [r4, #8]
 594 003c 04F14001 		add	r1, r4, #64
 595 0040 04F10C00 		add	r0, r4, #12
  69:src/btphy/tx_task.c **** 
 596              		.loc 1 69 1 is_stmt 0 view .LVU175
 597 0044 02B0     		add	sp, sp, #8
 598              		.cfi_remember_state
 599              		.cfi_def_cfa_offset 8
 600              		@ sp needed
 601 0046 BDE81040 		pop	{r4, lr}
 602              		.cfi_restore 14
 603              		.cfi_restore 4
 604              		.cfi_def_cfa_offset 0
 605              	.LVL45:
  67:src/btphy/tx_task.c **** 	}
 606              		.loc 1 67 3 view .LVU176
 607 004a FFF7FEBF 		b	bbcodec_encode_chunk
 608              	.LVL46:
 609              	.L32:
 610              		.cfi_restore_state
 611              	.LBB87:
 612              	.LBI84:
  48:src/btphy/tx_task.c **** {
 613              		.loc 1 48 13 is_stmt 1 view .LVU177
 614              	.LBB86:
  53:src/btphy/tx_task.c **** 
 615              		.loc 1 53 3 view .LVU178
 616 004e 0248     		ldr	r0, .L33+4
 617 0050 FFF7FEFF 		bl	die
ARM GAS  /tmp/ccZIVp9T.s 			page 23


 618              	.LVL47:
 619              	.L34:
 620              		.align	2
 621              	.L33:
 622 0054 00000000 		.word	.LANCHOR0
 623 0058 00000000 		.word	.LC0
 624              	.LBE86:
 625              	.LBE87:
 626              		.cfi_endproc
 627              	.LFE26:
 629              		.section	.rodata.str1.4
 630 0023 00       		.align	2
 631              	.LC1:
 632 0024 54583A20 		.ascii	"TX: RF not FS_ON\012\000"
 632      5246206E 
 632      6F742046 
 632      535F4F4E 
 632      0A00
 633 0036 0000     		.align	2
 634              	.LC2:
 635 0038 4449457C 		.ascii	"DIE|txe: wrong clkn %x\012\000"
 635      7478653A 
 635      2077726F 
 635      6E672063 
 635      6C6B6E20 
 636              		.section	.text.tx_execute,"ax",%progbits
 637              		.align	1
 638              		.p2align 2,,3
 639              		.syntax unified
 640              		.thumb
 641              		.thumb_func
 643              	tx_execute:
 644              	.LVL48:
 645              	.LFB28:
 126:src/btphy/tx_task.c **** 	if (!FS_TUNED())
 646              		.loc 1 126 1 view -0
 647              		.cfi_startproc
 648              		@ args = 0, pretend = 0, frame = 8
 649              		@ frame_needed = 0, uses_anonymous_args = 0
 126:src/btphy/tx_task.c **** 	if (!FS_TUNED())
 650              		.loc 1 126 1 is_stmt 0 view .LVU180
 651 0000 00B5     		push	{lr}
 652              		.cfi_def_cfa_offset 4
 653              		.cfi_offset 14, -4
 654 0002 83B0     		sub	sp, sp, #12
 655              		.cfi_def_cfa_offset 16
 127:src/btphy/tx_task.c **** 	{
 656              		.loc 1 127 2 is_stmt 1 view .LVU181
 127:src/btphy/tx_task.c **** 	{
 657              		.loc 1 127 7 is_stmt 0 view .LVU182
 658 0004 FFF7FEFF 		bl	cc2400_status
 659              	.LVL49:
 127:src/btphy/tx_task.c **** 	{
 660              		.loc 1 127 5 discriminator 1 view .LVU183
 661 0008 10F00403 		ands	r3, r0, #4
 662 000c 28D0     		beq	.L52
 663              	.LBB104:
ARM GAS  /tmp/ccZIVp9T.s 			page 24


 664              	.LBI104:
 125:src/btphy/tx_task.c **** {
 665              		.loc 1 125 12 is_stmt 1 view .LVU184
 666              	.LVL50:
 667              	.LBB105:
 138:src/btphy/tx_task.c **** 	if (tx_task.data_size)
 668              		.loc 1 138 2 view .LVU185
 669              	.LBB106:
 670              	.LBI106:
  46:include/ubtbr/rf.h **** {
 671              		.loc 2 46 20 view .LVU186
 672              	.LBB107:
  48:include/ubtbr/rf.h **** 	TXLED_SET;
 673              		.loc 2 48 2 view .LVU187
 674 000e 6320     		movs	r0, #99
 675 0010 FFF7FEFF 		bl	cc2400_strobe
 676              	.LVL51:
  49:include/ubtbr/rf.h **** }
 677              		.loc 2 49 2 view .LVU188
 678 0014 4FF48071 		mov	r1, #256
 679              	.LBE107:
 680              	.LBE106:
 139:src/btphy/tx_task.c **** 		btphy_rf_enable_int(tx_fifo_cb, NULL, 1);
 681              		.loc 1 139 13 is_stmt 0 view .LVU189
 682 0018 1E4B     		ldr	r3, .L56
 683              	.LBB110:
 684              	.LBB108:
  49:include/ubtbr/rf.h **** }
 685              		.loc 2 49 2 view .LVU190
 686 001a 1F4A     		ldr	r2, .L56+4
 687              	.LBE108:
 688              	.LBE110:
 139:src/btphy/tx_task.c **** 		btphy_rf_enable_int(tx_fifo_cb, NULL, 1);
 689              		.loc 1 139 5 view .LVU191
 690 001c DB6B     		ldr	r3, [r3, #60]
 691              	.LBB111:
 692              	.LBB109:
  49:include/ubtbr/rf.h **** }
 693              		.loc 2 49 2 view .LVU192
 694 001e 9163     		str	r1, [r2, #56]
 695              	.LBE109:
 696              	.LBE111:
 139:src/btphy/tx_task.c **** 		btphy_rf_enable_int(tx_fifo_cb, NULL, 1);
 697              		.loc 1 139 2 is_stmt 1 view .LVU193
 139:src/btphy/tx_task.c **** 		btphy_rf_enable_int(tx_fifo_cb, NULL, 1);
 698              		.loc 1 139 5 is_stmt 0 view .LVU194
 699 0020 A3B9     		cbnz	r3, .L53
 141:src/btphy/tx_task.c **** 		DIE("txe: wrong clkn %x", btphy_cur_clkn());
 700              		.loc 1 141 2 is_stmt 1 view .LVU195
 701              	.LBB112:
 702              	.LBI112:
  53:include/ubtbr/btphy.h **** {
 703              		.loc 3 53 24 view .LVU196
 704              	.LBB113:
  55:include/ubtbr/btphy.h **** 	{
 705              		.loc 3 55 2 view .LVU197
  55:include/ubtbr/btphy.h **** 	{
ARM GAS  /tmp/ccZIVp9T.s 			page 25


 706              		.loc 3 55 14 is_stmt 0 view .LVU198
 707 0022 1E4B     		ldr	r3, .L56+8
 708 0024 1A78     		ldrb	r2, [r3]	@ zero_extendqisi2
  55:include/ubtbr/btphy.h **** 	{
 709              		.loc 3 55 2 view .LVU199
 710 0026 032A     		cmp	r2, #3
 711 0028 07D8     		bhi	.L39
 712              	.L55:
 713 002a 012A     		cmp	r2, #1
 714 002c 07D9     		bls	.L49
 715              	.L40:
  60:include/ubtbr/btphy.h **** 	default:
 716              		.loc 3 60 3 is_stmt 1 view .LVU200
 717              	.LBE113:
 718              	.LBE112:
 141:src/btphy/tx_task.c **** 		DIE("txe: wrong clkn %x", btphy_cur_clkn());
 719              		.loc 1 141 23 is_stmt 0 discriminator 1 view .LVU201
 720 002e 9A68     		ldr	r2, [r3, #8]
 141:src/btphy/tx_task.c **** 		DIE("txe: wrong clkn %x", btphy_cur_clkn());
 721              		.loc 1 141 5 discriminator 1 view .LVU202
 722 0030 D107     		lsls	r1, r2, #31
 723 0032 2DD4     		bmi	.L54
 724              	.L37:
 725              	.LVL52:
 141:src/btphy/tx_task.c **** 		DIE("txe: wrong clkn %x", btphy_cur_clkn());
 726              		.loc 1 141 5 discriminator 1 view .LVU203
 727              	.LBE105:
 728              	.LBE104:
 145:src/btphy/tx_task.c **** 
 729              		.loc 1 145 1 view .LVU204
 730 0034 0020     		movs	r0, #0
 731 0036 03B0     		add	sp, sp, #12
 732              		.cfi_remember_state
 733              		.cfi_def_cfa_offset 4
 734              		@ sp needed
 735 0038 00BD     		pop	{pc}
 736              	.LVL53:
 737              	.L39:
 738              		.cfi_restore_state
 739              	.LBB124:
 740              	.LBB122:
 741              	.LBB116:
 742              	.LBB114:
  55:include/ubtbr/btphy.h **** 	{
 743              		.loc 3 55 2 view .LVU205
 744 003a 052A     		cmp	r2, #5
 745 003c F7D0     		beq	.L40
 746              	.L49:
 747              		.loc 3 62 3 is_stmt 1 view .LVU206
 748              	.LBE114:
 749              	.LBE116:
 141:src/btphy/tx_task.c **** 		DIE("txe: wrong clkn %x", btphy_cur_clkn());
 750              		.loc 1 141 23 is_stmt 0 discriminator 1 view .LVU207
 751 003e 5A68     		ldr	r2, [r3, #4]
 141:src/btphy/tx_task.c **** 		DIE("txe: wrong clkn %x", btphy_cur_clkn());
 752              		.loc 1 141 5 discriminator 1 view .LVU208
 753 0040 D207     		lsls	r2, r2, #31
ARM GAS  /tmp/ccZIVp9T.s 			page 26


 754 0042 F7D5     		bpl	.L37
 755              	.LBB117:
 756              	.LBB118:
 757              		.loc 3 62 3 is_stmt 1 view .LVU209
 758              		.loc 3 62 15 is_stmt 0 view .LVU210
 759 0044 5968     		ldr	r1, [r3, #4]
 760              	.L45:
 761              	.LBE118:
 762              	.LBE117:
 142:src/btphy/tx_task.c **** 
 763              		.loc 1 142 3 discriminator 1 view .LVU211
 764 0046 1648     		ldr	r0, .L56+12
 765 0048 FFF7FEFF 		bl	die
 766              	.LVL54:
 767              	.L53:
 140:src/btphy/tx_task.c **** 	if (btphy_cur_clkn() & 1)
 768              		.loc 1 140 3 is_stmt 1 view .LVU212
 769 004c 0122     		movs	r2, #1
 770 004e 0021     		movs	r1, #0
 771 0050 1448     		ldr	r0, .L56+16
 772 0052 FFF7FEFF 		bl	btphy_rf_enable_int
 773              	.LVL55:
 141:src/btphy/tx_task.c **** 		DIE("txe: wrong clkn %x", btphy_cur_clkn());
 774              		.loc 1 141 2 view .LVU213
 775              	.LBB120:
  53:include/ubtbr/btphy.h **** {
 776              		.loc 3 53 24 view .LVU214
 777              	.LBB115:
  55:include/ubtbr/btphy.h **** 	{
 778              		.loc 3 55 2 view .LVU215
  55:include/ubtbr/btphy.h **** 	{
 779              		.loc 3 55 14 is_stmt 0 view .LVU216
 780 0056 114B     		ldr	r3, .L56+8
 781 0058 1A78     		ldrb	r2, [r3]	@ zero_extendqisi2
  55:include/ubtbr/btphy.h **** 	{
 782              		.loc 3 55 2 view .LVU217
 783 005a 032A     		cmp	r2, #3
 784 005c EDD8     		bhi	.L39
 785 005e E4E7     		b	.L55
 786              	.LVL56:
 787              	.L52:
  55:include/ubtbr/btphy.h **** 	{
 788              		.loc 3 55 2 view .LVU218
 789              	.LBE115:
 790              	.LBE120:
 791              	.LBE122:
 792              	.LBE124:
 130:src/btphy/tx_task.c **** 		// Just do nothing 
 793              		.loc 1 130 3 view .LVU219
 794 0060 1148     		ldr	r0, .L56+20
 795 0062 0193     		str	r3, [sp, #4]
 130:src/btphy/tx_task.c **** 		// Just do nothing 
 796              		.loc 1 130 3 is_stmt 1 view .LVU220
 797 0064 FFF7FEFF 		bl	cprintf
 798              	.LVL57:
 132:src/btphy/tx_task.c **** 		// TODO: error callback
 799              		.loc 1 132 3 view .LVU221
ARM GAS  /tmp/ccZIVp9T.s 			page 27


 800              	.LBB125:
 801              	.LBI125:
 169:src/btphy/tx_task.c **** {
 802              		.loc 1 169 6 view .LVU222
 803              	.LBB126:
 171:src/btphy/tx_task.c **** 	tx_task.user_hdr = NULL;
 804              		.loc 1 171 2 view .LVU223
 805 0068 FFF7FEFF 		bl	btphy_rf_disable_int
 806              	.LVL58:
 172:src/btphy/tx_task.c **** 	tx_task.user_data = NULL;
 807              		.loc 1 172 2 view .LVU224
 172:src/btphy/tx_task.c **** 	tx_task.user_data = NULL;
 808              		.loc 1 172 19 is_stmt 0 view .LVU225
 809 006c 019B     		ldr	r3, [sp, #4]
 810 006e 094A     		ldr	r2, .L56
 811              	.LBE126:
 812              	.LBE125:
 813              	.LBB128:
 814              	.LBB129:
  41:include/ubtbr/rf.h **** 	TXLED_CLR;
 815              		.loc 2 41 2 view .LVU226
 816 0070 6420     		movs	r0, #100
 817              	.LBE129:
 818              	.LBE128:
 819              	.LBB132:
 820              	.LBB127:
 172:src/btphy/tx_task.c **** 	tx_task.user_data = NULL;
 821              		.loc 1 172 19 view .LVU227
 822 0072 9360     		str	r3, [r2, #8]
 173:src/btphy/tx_task.c **** 	tx_task.p = NULL;
 823              		.loc 1 173 2 is_stmt 1 view .LVU228
 173:src/btphy/tx_task.c **** 	tx_task.p = NULL;
 824              		.loc 1 173 20 is_stmt 0 view .LVU229
 825 0074 9363     		str	r3, [r2, #56]
 826              		.loc 1 174 2 is_stmt 1 view .LVU230
 827              		.loc 1 174 12 is_stmt 0 view .LVU231
 828 0076 C2F84C32 		str	r3, [r2, #588]
 829              	.LBE127:
 830              	.LBE132:
 134:src/btphy/tx_task.c **** 		return 0;
 831              		.loc 1 134 3 is_stmt 1 view .LVU232
 832              	.LBB133:
 833              	.LBI128:
  39:include/ubtbr/rf.h **** {
 834              		.loc 2 39 20 view .LVU233
 835              	.LBB130:
  41:include/ubtbr/rf.h **** 	TXLED_CLR;
 836              		.loc 2 41 2 view .LVU234
 837 007a FFF7FEFF 		bl	cc2400_strobe
 838              	.LVL59:
  42:include/ubtbr/rf.h **** 	RXLED_CLR;
 839              		.loc 2 42 2 view .LVU235
 840 007e 4FF48071 		mov	r1, #256
  43:include/ubtbr/rf.h **** }
 841              		.loc 2 43 2 is_stmt 0 view .LVU236
 842 0082 1022     		movs	r2, #16
 843              	.LBE130:
ARM GAS  /tmp/ccZIVp9T.s 			page 28


 844              	.LBE133:
 145:src/btphy/tx_task.c **** 
 845              		.loc 1 145 1 view .LVU237
 846 0084 0020     		movs	r0, #0
 847              	.LBB134:
 848              	.LBB131:
  42:include/ubtbr/rf.h **** 	RXLED_CLR;
 849              		.loc 2 42 2 view .LVU238
 850 0086 044B     		ldr	r3, .L56+4
 851 0088 D963     		str	r1, [r3, #60]
  43:include/ubtbr/rf.h **** }
 852              		.loc 2 43 2 is_stmt 1 view .LVU239
 853 008a DA63     		str	r2, [r3, #60]
 854              	.LBE131:
 855              	.LBE134:
 135:src/btphy/tx_task.c **** 	}
 856              		.loc 1 135 3 view .LVU240
 145:src/btphy/tx_task.c **** 
 857              		.loc 1 145 1 is_stmt 0 view .LVU241
 858 008c 03B0     		add	sp, sp, #12
 859              		.cfi_remember_state
 860              		.cfi_def_cfa_offset 4
 861              		@ sp needed
 862 008e 00BD     		pop	{pc}
 863              	.LVL60:
 864              	.L54:
 865              		.cfi_restore_state
 866              	.LBB135:
 867              	.LBB123:
 868              	.LBB121:
 869              	.LBB119:
  60:include/ubtbr/btphy.h **** 	default:
 870              		.loc 3 60 3 is_stmt 1 view .LVU242
  60:include/ubtbr/btphy.h **** 	default:
 871              		.loc 3 60 15 is_stmt 0 view .LVU243
 872 0090 9968     		ldr	r1, [r3, #8]
 873 0092 D8E7     		b	.L45
 874              	.L57:
 875              		.align	2
 876              	.L56:
 877 0094 00000000 		.word	.LANCHOR0
 878 0098 00C00920 		.word	537509888
 879 009c 00000000 		.word	btphy
 880 00a0 38000000 		.word	.LC2
 881 00a4 00000000 		.word	tx_fifo_cb
 882 00a8 24000000 		.word	.LC1
 883              	.LBE119:
 884              	.LBE121:
 885              	.LBE123:
 886              	.LBE135:
 887              		.cfi_endproc
 888              	.LFE28:
 890              		.section	.text.tx_task_reset,"ax",%progbits
 891              		.align	1
 892              		.p2align 2,,3
 893              		.global	tx_task_reset
 894              		.syntax unified
ARM GAS  /tmp/ccZIVp9T.s 			page 29


 895              		.thumb
 896              		.thumb_func
 898              	tx_task_reset:
 899              	.LFB30:
 170:src/btphy/tx_task.c **** 	btphy_rf_disable_int();
 900              		.loc 1 170 1 is_stmt 1 view -0
 901              		.cfi_startproc
 902              		@ args = 0, pretend = 0, frame = 0
 903              		@ frame_needed = 0, uses_anonymous_args = 0
 904 0000 08B5     		push	{r3, lr}
 905              		.cfi_def_cfa_offset 8
 906              		.cfi_offset 3, -8
 907              		.cfi_offset 14, -4
 171:src/btphy/tx_task.c **** 	tx_task.user_hdr = NULL;
 908              		.loc 1 171 2 view .LVU245
 909 0002 FFF7FEFF 		bl	btphy_rf_disable_int
 910              	.LVL61:
 172:src/btphy/tx_task.c **** 	tx_task.user_data = NULL;
 911              		.loc 1 172 2 view .LVU246
 172:src/btphy/tx_task.c **** 	tx_task.user_data = NULL;
 912              		.loc 1 172 19 is_stmt 0 view .LVU247
 913 0006 0022     		movs	r2, #0
 914 0008 024B     		ldr	r3, .L59
 915 000a 9A60     		str	r2, [r3, #8]
 173:src/btphy/tx_task.c **** 	tx_task.p = NULL;
 916              		.loc 1 173 2 is_stmt 1 view .LVU248
 173:src/btphy/tx_task.c **** 	tx_task.p = NULL;
 917              		.loc 1 173 20 is_stmt 0 view .LVU249
 918 000c 9A63     		str	r2, [r3, #56]
 919              		.loc 1 174 2 is_stmt 1 view .LVU250
 920              		.loc 1 174 12 is_stmt 0 view .LVU251
 921 000e C3F84C22 		str	r2, [r3, #588]
 175:src/btphy/tx_task.c **** }
 922              		.loc 1 175 1 view .LVU252
 923 0012 08BD     		pop	{r3, pc}
 924              	.L60:
 925              		.align	2
 926              	.L59:
 927 0014 00000000 		.word	.LANCHOR0
 928              		.cfi_endproc
 929              	.LFE30:
 931              		.section	.rodata.str1.4
 932              		.align	2
 933              	.LC3:
 934 0050 4449457C 		.ascii	"DIE|txs: already got pkt\012\000"
 934      7478733A 
 934      20616C72 
 934      65616479 
 934      20676F74 
 935              		.section	.text.tx_task_schedule,"ax",%progbits
 936              		.align	1
 937              		.p2align 2,,3
 938              		.global	tx_task_schedule
 939              		.syntax unified
 940              		.thumb
 941              		.thumb_func
 943              	tx_task_schedule:
ARM GAS  /tmp/ccZIVp9T.s 			page 30


 944              	.LVL62:
 945              	.LFB31:
 176:src/btphy/tx_task.c **** 
 177:src/btphy/tx_task.c **** void tx_task_schedule(unsigned delay, tx_task_cb_t cb, void*cbarg, bbhdr_t *hdr, uint8_t *data)
 178:src/btphy/tx_task.c **** {
 946              		.loc 1 178 1 is_stmt 1 view -0
 947              		.cfi_startproc
 948              		@ args = 4, pretend = 0, frame = 0
 949              		@ frame_needed = 0, uses_anonymous_args = 0
 950              		.loc 1 178 1 is_stmt 0 view .LVU254
 951 0000 10B5     		push	{r4, lr}
 952              		.cfi_def_cfa_offset 8
 953              		.cfi_offset 4, -8
 954              		.cfi_offset 14, -4
 179:src/btphy/tx_task.c **** 	unsigned bitsize = 0;
 955              		.loc 1 179 2 is_stmt 1 view .LVU255
 956              	.LVL63:
 180:src/btphy/tx_task.c **** 	if (tx_task.user_hdr)
 957              		.loc 1 180 2 view .LVU256
 958              		.loc 1 180 13 is_stmt 0 view .LVU257
 959 0002 DFF82CC0 		ldr	ip, .L64
 178:src/btphy/tx_task.c **** 	unsigned bitsize = 0;
 960              		.loc 1 178 1 view .LVU258
 961 0006 1446     		mov	r4, r2
 962              		.loc 1 180 5 view .LVU259
 963 0008 DCF80820 		ldr	r2, [ip, #8]
 964              	.LVL64:
 178:src/btphy/tx_task.c **** 	unsigned bitsize = 0;
 965              		.loc 1 178 1 view .LVU260
 966 000c DDF808E0 		ldr	lr, [sp, #8]
 967              		.loc 1 180 5 view .LVU261
 968 0010 5AB9     		cbnz	r2, .L63
 181:src/btphy/tx_task.c **** 		DIE("txs: already got pkt");
 182:src/btphy/tx_task.c **** 	tx_task.cb = cb;
 969              		.loc 1 182 2 is_stmt 1 view .LVU262
 183:src/btphy/tx_task.c **** 	tx_task.cb_arg = cbarg;
 970              		.loc 1 183 17 is_stmt 0 view .LVU263
 971 0012 CCE90014 		strd	r1, r4, [ip]
 184:src/btphy/tx_task.c **** 	tx_task.user_hdr = hdr;
 972              		.loc 1 184 2 is_stmt 1 view .LVU264
 185:src/btphy/tx_task.c **** 	tx_task.user_data = data;
 973              		.loc 1 185 20 is_stmt 0 view .LVU265
 974 0016 CCF838E0 		str	lr, [ip, #56]
 186:src/btphy/tx_task.c **** 	tdma_schedule_set(delay, tx_sched_set, 0);
 975              		.loc 1 186 2 view .LVU266
 976 001a 0649     		ldr	r1, .L64+4
 977              	.LVL65:
 978              		.loc 1 186 2 view .LVU267
 979 001c C0B2     		uxtb	r0, r0
 980              	.LVL66:
 187:src/btphy/tx_task.c **** }
 981              		.loc 1 187 1 view .LVU268
 982 001e BDE81040 		pop	{r4, lr}
 983              		.cfi_remember_state
 984              		.cfi_restore 14
 985              		.cfi_restore 4
 986              		.cfi_def_cfa_offset 0
ARM GAS  /tmp/ccZIVp9T.s 			page 31


 987              	.LVL67:
 184:src/btphy/tx_task.c **** 	tx_task.user_data = data;
 988              		.loc 1 184 19 view .LVU269
 989 0022 CCF80830 		str	r3, [ip, #8]
 185:src/btphy/tx_task.c **** 	tdma_schedule_set(delay, tx_sched_set, 0);
 990              		.loc 1 185 2 is_stmt 1 view .LVU270
 186:src/btphy/tx_task.c **** }
 991              		.loc 1 186 2 view .LVU271
 992 0026 FFF7FEBF 		b	tdma_schedule_set
 993              	.LVL68:
 994              	.L63:
 995              		.cfi_restore_state
 181:src/btphy/tx_task.c **** 	tx_task.cb = cb;
 996              		.loc 1 181 3 view .LVU272
 997 002a 0348     		ldr	r0, .L64+8
 998              	.LVL69:
 181:src/btphy/tx_task.c **** 	tx_task.cb = cb;
 999              		.loc 1 181 3 is_stmt 0 view .LVU273
 1000 002c FFF7FEFF 		bl	die
 1001              	.LVL70:
 1002              	.L65:
 181:src/btphy/tx_task.c **** 	tx_task.cb = cb;
 1003              		.loc 1 181 3 view .LVU274
 1004              		.align	2
 1005              	.L64:
 1006 0030 00000000 		.word	.LANCHOR0
 1007 0034 00000000 		.word	.LANCHOR1
 1008 0038 50000000 		.word	.LC3
 1009              		.cfi_endproc
 1010              	.LFE31:
 1012              		.global	tx_sched_set
 1013              		.section	.rodata
 1014              		.align	2
 1015              		.set	.LANCHOR1,. + 0
 1018              	tx_sched_set:
 1019 0000 00000000 		.word	tx_prepare
 1020 0004 00       		.byte	0
 1021 0005 00       		.byte	0
 1022 0006 0000     		.space	2
 1023 0008 0000     		.short	0
 1024 000a 0000     		.short	0
 1025 000c 00000000 		.word	0
 1026 0010 00       		.byte	0
 1027 0011 00       		.byte	0
 1028 0012 00000000 		.space	6
 1028      0000
 1029 0018 00000000 		.word	tx_execute
 1030 001c 00       		.byte	0
 1031 001d 00       		.byte	0
 1032 001e 0000     		.space	2
 1033 0020 FDFF     		.short	-3
 1034 0022 0000     		.short	0
 1035 0024 00000000 		.word	0
 1036 0028 00       		.byte	0
 1037 0029 00       		.byte	0
 1038 002a 00000000 		.space	6
 1038      0000
ARM GAS  /tmp/ccZIVp9T.s 			page 32


 1039 0030 00000000 		.word	tdma_end_set
 1040 0034 00       		.byte	0
 1041 0035 00       		.byte	0
 1042 0036 00000000 		.space	6
 1042      0000
 1043              		.bss
 1044              		.align	2
 1045              		.set	.LANCHOR0,. + 0
 1048              	tx_task:
 1049 0000 00000000 		.space	592
 1049      00000000 
 1049      00000000 
 1049      00000000 
 1049      00000000 
 1050              		.text
 1051              	.Letext0:
 1052              		.file 7 "/usr/arm-none-eabi/include/machine/_default_types.h"
 1053              		.file 8 "/usr/lib/gcc/arm-none-eabi/15/include/stddef.h"
 1054              		.file 9 "/usr/arm-none-eabi/include/sys/_stdint.h"
 1055              		.file 10 "../../host/libubertooth/src/ubertooth_interface.h"
 1056              		.file 11 "include/ubtbr/tdma_sched.h"
 1057              		.file 12 "include/ubtbr/tx_task.h"
 1058              		.file 13 "../common/ubertooth.h"
 1059              		.file 14 "/usr/arm-none-eabi/include/string.h"
 1060              		.file 15 "include/ubtbr/debug.h"
ARM GAS  /tmp/ccZIVp9T.s 			page 33


DEFINED SYMBOLS
                            *ABS*:00000000 tx_task.c
     /tmp/ccZIVp9T.s:19     .text.tx_finalize:00000000 $t
     /tmp/ccZIVp9T.s:25     .text.tx_finalize:00000000 tx_finalize
     /tmp/ccZIVp9T.s:128    .text.tx_finalize:00000050 $d
     /tmp/ccZIVp9T.s:134    .text.tx_prepare:00000000 $t
     /tmp/ccZIVp9T.s:140    .text.tx_prepare:00000000 tx_prepare
     /tmp/ccZIVp9T.s:499    .text.tx_prepare:0000011c $d
     /tmp/ccZIVp9T.s:509    .rodata.str1.4:00000000 $d
     /tmp/ccZIVp9T.s:513    .text.tx_fifo_cb:00000000 $t
     /tmp/ccZIVp9T.s:519    .text.tx_fifo_cb:00000000 tx_fifo_cb
     /tmp/ccZIVp9T.s:622    .text.tx_fifo_cb:00000054 $d
     /tmp/ccZIVp9T.s:637    .text.tx_execute:00000000 $t
     /tmp/ccZIVp9T.s:643    .text.tx_execute:00000000 tx_execute
     /tmp/ccZIVp9T.s:877    .text.tx_execute:00000094 $d
     /tmp/ccZIVp9T.s:891    .text.tx_task_reset:00000000 $t
     /tmp/ccZIVp9T.s:898    .text.tx_task_reset:00000000 tx_task_reset
     /tmp/ccZIVp9T.s:927    .text.tx_task_reset:00000014 $d
     /tmp/ccZIVp9T.s:936    .text.tx_task_schedule:00000000 $t
     /tmp/ccZIVp9T.s:943    .text.tx_task_schedule:00000000 tx_task_schedule
     /tmp/ccZIVp9T.s:1006   .text.tx_task_schedule:00000030 $d
     /tmp/ccZIVp9T.s:1018   .rodata:00000000 tx_sched_set
     /tmp/ccZIVp9T.s:1014   .rodata:00000000 $d
     /tmp/ccZIVp9T.s:1044   .bss:00000000 $d
     /tmp/ccZIVp9T.s:1048   .bss:00000000 tx_task

UNDEFINED SYMBOLS
cc2400_get
cc2400_strobe
btphy_rf_disable_int
hop_channel
btphy_rf_tune_chan
cc2400_set
btphy_rf_fifo_write
btphy_whiten_seed
memset
bbcodec_encode_header
bbcodec_encode_chunk
tdma_schedule
btphy
rev8_map
hop_state
die
cc2400_status
btphy_rf_enable_int
cprintf
tdma_schedule_set
tdma_end_set
