ARM GAS  /tmp/cc12GGuY.s 			page 1


   1              		.cpu cortex-m3
   2              		.arch armv7-m
   3              		.fpu softvfp
   4              		.eabi_attribute 20, 1
   5              		.eabi_attribute 21, 1
   6              		.eabi_attribute 23, 3
   7              		.eabi_attribute 24, 1
   8              		.eabi_attribute 25, 1
   9              		.eabi_attribute 26, 1
  10              		.eabi_attribute 30, 2
  11              		.eabi_attribute 34, 1
  12              		.eabi_attribute 18, 4
  13              		.file	"console.c"
  14              		.text
  15              	.Ltext0:
  16              		.cfi_sections	.debug_frame
  17              		.file 1 "src/util/console.c"
  18              		.section	.rodata.str1.4,"aMS",%progbits,1
  19              		.align	2
  20              	.LC0:
  21 0000 4449457C 		.ascii	"DIE|msg_put: short buf\012\012\000"
  21      6D73675F 
  21      7075743A 
  21      2073686F 
  21      72742062 
  22 0019 000000   		.align	2
  23              	.LC1:
  24 001c 4449457C 		.ascii	"DIE|txq full in console\012\012\000"
  24      74787120 
  24      66756C6C 
  24      20696E20 
  24      636F6E73 
  25              		.section	.text.console_flush,"ax",%progbits
  26              		.align	1
  27              		.p2align 2,,3
  28              		.global	console_flush
  29              		.syntax unified
  30              		.thumb
  31              		.thumb_func
  33              	console_flush:
  34              	.LFB24:
   1:src/util/console.c **** /* Console
   2:src/util/console.c ****  *
   3:src/util/console.c ****  * Copyright 2020 Etienne Helluy-Lafont, Univ. Lille, CNRS.
   4:src/util/console.c ****  *
   5:src/util/console.c ****  * This file is part of Project Ubertooth.
   6:src/util/console.c ****  *
   7:src/util/console.c ****  * This program is free software; you can redistribute it and/or modify
   8:src/util/console.c ****  * it under the terms of the GNU General Public License as published by
   9:src/util/console.c ****  * the Free Software Foundation; either version 2, or (at your option)
  10:src/util/console.c ****  * any later version.
  11:src/util/console.c ****  *
  12:src/util/console.c ****  * This program is distributed in the hope that it will be useful,
  13:src/util/console.c ****  * but WITHOUT ANY WARRANTY; without even the implied warranty of
  14:src/util/console.c ****  * MERCHANTABILITY or FITNESS FOR A PARTICULAR PURPOSE.  See the
  15:src/util/console.c ****  * GNU General Public License for more details.
  16:src/util/console.c ****  *
ARM GAS  /tmp/cc12GGuY.s 			page 2


  17:src/util/console.c ****  * You should have received a copy of the GNU General Public License
  18:src/util/console.c ****  * along with this program; see the file COPYING.  If not, write to
  19:src/util/console.c ****  * the Free Software Foundation, Inc., 51 Franklin Street,
  20:src/util/console.c ****  * Boston, MA 02110-1301, USA.
  21:src/util/console.c ****  */
  22:src/util/console.c **** #include <stdlib.h>
  23:src/util/console.c **** #include <ubtbr/cfg.h>
  24:src/util/console.c **** #include <ubtbr/btctl_intf.h>
  25:src/util/console.c **** #include <ubtbr/queue.h>
  26:src/util/console.c **** #include <ubtbr/system.h>
  27:src/util/console.c **** 
  28:src/util/console.c **** static msg_t *cur_msg = NULL;
  29:src/util/console.c **** 
  30:src/util/console.c **** void console_flush(void)
  31:src/util/console.c **** {
  35              		.loc 1 31 1 view -0
  36              		.cfi_startproc
  37              		@ args = 0, pretend = 0, frame = 8
  38              		@ frame_needed = 0, uses_anonymous_args = 0
  39 0000 30B5     		push	{r4, r5, lr}
  40              		.cfi_def_cfa_offset 12
  41              		.cfi_offset 4, -12
  42              		.cfi_offset 5, -8
  43              		.cfi_offset 14, -4
  44 0002 83B0     		sub	sp, sp, #12
  45              		.cfi_def_cfa_offset 24
  32:src/util/console.c **** #ifdef USE_CONSOLE
  33:src/util/console.c **** 	uint32_t flags = irq_save_disable();
  46              		.loc 1 33 2 view .LVU1
  47              	.LBB120:
  48              	.LBI120:
  49              		.file 2 "include/ubtbr/system.h"
   1:include/ubtbr/system.h **** #ifndef __SYSTEM_H
   2:include/ubtbr/system.h **** #define __SYSTEM_H
   3:include/ubtbr/system.h **** #include <stdint.h>
   4:include/ubtbr/system.h **** 
   5:include/ubtbr/system.h **** static inline uint32_t irq_save_disable(void)
  50              		.loc 2 5 24 view .LVU2
  51              	.LBB121:
   6:include/ubtbr/system.h **** {
   7:include/ubtbr/system.h **** 	uint32_t primask;
  52              		.loc 2 7 2 view .LVU3
   8:include/ubtbr/system.h **** 
   9:include/ubtbr/system.h **** 	__asm__ __volatile__ (
  53              		.loc 2 9 2 view .LVU4
  54              		.syntax unified
  55              	@ 9 "include/ubtbr/system.h" 1
  56 0004 EFF31085 			mrs    r5, primask
  57 0008 72B6     		cpsid  i
  58              	
  59              	@ 0 "" 2
  10:include/ubtbr/system.h **** 	"\tmrs    %0, primask\n"
  11:include/ubtbr/system.h **** 	"\tcpsid  i\n"
  12:include/ubtbr/system.h **** 	: "=r" (primask)
  13:include/ubtbr/system.h **** 	:
  14:include/ubtbr/system.h **** 	: "memory");
  15:include/ubtbr/system.h **** 
ARM GAS  /tmp/cc12GGuY.s 			page 3


  16:include/ubtbr/system.h **** 	return primask;
  60              		.loc 2 16 2 view .LVU5
  61              	.LVL0:
  62              		.loc 2 16 2 is_stmt 0 view .LVU6
  63              		.thumb
  64              		.syntax unified
  65              	.LBE121:
  66              	.LBE120:
  34:src/util/console.c **** 	char *p;
  67              		.loc 1 34 2 is_stmt 1 view .LVU7
  35:src/util/console.c **** 	if (!cur_msg)
  68              		.loc 1 35 2 view .LVU8
  69              		.loc 1 35 6 is_stmt 0 view .LVU9
  70 000a 124C     		ldr	r4, .L11
  71 000c 2168     		ldr	r1, [r4]
  72              		.loc 1 35 5 view .LVU10
  73 000e B1B1     		cbz	r1, .L2
  36:src/util/console.c **** 		goto end;
  37:src/util/console.c **** 	p = (char*)msg_put(cur_msg, 1);
  74              		.loc 1 37 2 is_stmt 1 view .LVU11
  75              	.LVL1:
  76              	.LBB122:
  77              	.LBI122:
  78              		.file 3 "include/ubtbr/msg.h"
   1:include/ubtbr/msg.h **** #ifndef __DEF_MSG_H
   2:include/ubtbr/msg.h **** #define __DEF_MSG_H
   3:include/ubtbr/msg.h **** #include <stdint.h>
   4:include/ubtbr/msg.h **** 
   5:include/ubtbr/msg.h **** typedef struct msg_s {
   6:include/ubtbr/msg.h **** 	uint16_t len;
   7:include/ubtbr/msg.h **** 	uint16_t data_len;
   8:include/ubtbr/msg.h **** 	uint8_t *read;
   9:include/ubtbr/msg.h **** 	uint8_t *write;
  10:include/ubtbr/msg.h **** 	/* never move head */
  11:include/ubtbr/msg.h **** 	uint8_t data[0];
  12:include/ubtbr/msg.h **** } msg_t;
  13:include/ubtbr/msg.h **** 
  14:include/ubtbr/msg.h **** /* Allocate a msg_t wigh given room*/
  15:include/ubtbr/msg.h **** static inline msg_t *msg_alloc(unsigned size)
  16:include/ubtbr/msg.h **** {
  17:include/ubtbr/msg.h **** 	msg_t *msg = (msg_t*)btctl_mem_alloc(sizeof(msg_t)+size);
  18:include/ubtbr/msg.h **** 
  19:include/ubtbr/msg.h **** 	msg->write = msg->data;
  20:include/ubtbr/msg.h **** 	msg->read = msg->data;
  21:include/ubtbr/msg.h **** 	msg->data_len = size;
  22:include/ubtbr/msg.h **** 
  23:include/ubtbr/msg.h **** 	return msg;
  24:include/ubtbr/msg.h **** }
  25:include/ubtbr/msg.h **** 
  26:include/ubtbr/msg.h **** static inline void msg_free(msg_t *msg)
  27:include/ubtbr/msg.h **** {
  28:include/ubtbr/msg.h **** 	btctl_mem_free(msg);
  29:include/ubtbr/msg.h **** }
  30:include/ubtbr/msg.h **** 
  31:include/ubtbr/msg.h **** /* Return number of bytes written in the data buffer. */
  32:include/ubtbr/msg.h **** static inline int msg_write_len(const msg_t *msg)
  33:include/ubtbr/msg.h **** {
ARM GAS  /tmp/cc12GGuY.s 			page 4


  34:include/ubtbr/msg.h **** 	return (int)(msg->write - msg->data);
  35:include/ubtbr/msg.h **** }
  36:include/ubtbr/msg.h **** 
  37:include/ubtbr/msg.h **** /* Return number of bytes we can pull between
  38:include/ubtbr/msg.h ****  * the data pointer and the end of the buffer. */
  39:include/ubtbr/msg.h **** static inline int msg_read_avail(const msg_t *msg)
  40:include/ubtbr/msg.h **** {
  41:include/ubtbr/msg.h **** 	return (int)(msg->write - msg->read);
  42:include/ubtbr/msg.h **** }
  43:include/ubtbr/msg.h **** 
  44:include/ubtbr/msg.h **** /* Return number of bytes we can put between
  45:include/ubtbr/msg.h ****  * the tail pointer and the end of the buffer. */
  46:include/ubtbr/msg.h **** static inline int msg_write_avail(const msg_t *msg)
  47:include/ubtbr/msg.h **** {
  48:include/ubtbr/msg.h ****         return msg->data_len - msg_write_len(msg);
  49:include/ubtbr/msg.h **** }
  50:include/ubtbr/msg.h **** 
  51:include/ubtbr/msg.h **** /* Set write pointer.
  52:include/ubtbr/msg.h ****  * Meant to trim the msg to the end of data written. */
  53:include/ubtbr/msg.h **** static inline int msg_set_write(msg_t *msg, uint8_t *write)
  54:include/ubtbr/msg.h **** {
  55:include/ubtbr/msg.h **** 	if (write < msg->data || write > (msg->data + msg->data_len))
  56:include/ubtbr/msg.h ****                 return -1;
  57:include/ubtbr/msg.h ****         msg->write = write;
  58:include/ubtbr/msg.h **** 
  59:include/ubtbr/msg.h ****         return 0;
  60:include/ubtbr/msg.h **** }
  61:include/ubtbr/msg.h **** 
  62:include/ubtbr/msg.h **** static inline uint8_t *msg_put(msg_t *msg, unsigned int len)
  79              		.loc 3 62 24 view .LVU12
  80              	.LBB123:
  63:include/ubtbr/msg.h **** {
  64:include/ubtbr/msg.h ****         uint8_t *tmp = msg->write;
  81              		.loc 3 64 9 view .LVU13
  82              		.loc 3 64 18 is_stmt 0 view .LVU14
  83 0010 8A68     		ldr	r2, [r1, #8]
  84              	.LVL2:
  65:include/ubtbr/msg.h **** 
  66:include/ubtbr/msg.h ****         if (msg_write_avail(msg) < (int) len)
  85              		.loc 3 66 9 is_stmt 1 view .LVU15
  86              	.LBB124:
  87              	.LBI124:
  46:include/ubtbr/msg.h **** {
  88              		.loc 3 46 19 view .LVU16
  89              	.LBB125:
  48:include/ubtbr/msg.h **** }
  90              		.loc 3 48 9 view .LVU17
  91              	.LBB126:
  92              	.LBI126:
  32:include/ubtbr/msg.h **** {
  93              		.loc 3 32 19 view .LVU18
  94              	.LBB127:
  34:include/ubtbr/msg.h **** }
  95              		.loc 3 34 2 view .LVU19
  34:include/ubtbr/msg.h **** }
  96              		.loc 3 34 2 is_stmt 0 view .LVU20
  97              	.LBE127:
ARM GAS  /tmp/cc12GGuY.s 			page 5


  98              	.LBE126:
  48:include/ubtbr/msg.h **** }
  99              		.loc 3 48 19 view .LVU21
 100 0012 4888     		ldrh	r0, [r1, #2]
 101              	.LBB129:
 102              	.LBB128:
  34:include/ubtbr/msg.h **** }
 103              		.loc 3 34 26 view .LVU22
 104 0014 01F10C03 		add	r3, r1, #12
  34:include/ubtbr/msg.h **** }
 105              		.loc 3 34 9 view .LVU23
 106 0018 D31A     		subs	r3, r2, r3
 107              	.LBE128:
 108              	.LBE129:
 109              	.LBE125:
 110              	.LBE124:
 111              		.loc 3 66 12 discriminator 1 view .LVU24
 112 001a 9842     		cmp	r0, r3
 113 001c 13DD     		ble	.L9
  67:include/ubtbr/msg.h **** 		DIE("msg_put: short buf\n");
  68:include/ubtbr/msg.h ****         msg->write += len;
 114              		.loc 3 68 9 is_stmt 1 view .LVU25
 115              		.loc 3 68 20 is_stmt 0 view .LVU26
 116 001e 531C     		adds	r3, r2, #1
 117 0020 8B60     		str	r3, [r1, #8]
  69:include/ubtbr/msg.h **** 
  70:include/ubtbr/msg.h ****         return tmp;
 118              		.loc 3 70 9 is_stmt 1 view .LVU27
 119              	.LVL3:
 120              		.loc 3 70 9 is_stmt 0 view .LVU28
 121              	.LBE123:
 122              	.LBE122:
  38:src/util/console.c **** 	*p = 0;
 123              		.loc 1 38 2 is_stmt 1 view .LVU29
 124              		.loc 1 38 5 is_stmt 0 view .LVU30
 125 0022 0023     		movs	r3, #0
 126 0024 1370     		strb	r3, [r2]
  39:src/util/console.c **** 	if (btctl_tx_enqueue(cur_msg))
 127              		.loc 1 39 2 is_stmt 1 view .LVU31
 128              	.LVL4:
 129              	.LBB131:
 130              	.LBI131:
 131              		.file 4 "include/ubtbr/btctl_intf.h"
   1:include/ubtbr/btctl_intf.h **** #ifndef __BTCTL_INTF_H
   2:include/ubtbr/btctl_intf.h **** #define __BTCTL_INTF_H
   3:include/ubtbr/btctl_intf.h **** #include <ubtbr/bb_msg.h>
   4:include/ubtbr/btctl_intf.h **** #include <ubtbr/queue.h>
   5:include/ubtbr/btctl_intf.h **** #include <ubtbr/system.h>
   6:include/ubtbr/btctl_intf.h **** #include <ubertooth_interface.h>
   7:include/ubtbr/btctl_intf.h **** 
   8:include/ubtbr/btctl_intf.h **** typedef struct btctl_s {
   9:include/ubtbr/btctl_intf.h **** 	btctl_state_t state;
  10:include/ubtbr/btctl_intf.h **** 	msg_queue_t rx_q;
  11:include/ubtbr/btctl_intf.h **** 	msg_queue_t tx_q;
  12:include/ubtbr/btctl_intf.h **** 	msg_queue_t acl_tx_q;
  13:include/ubtbr/btctl_intf.h **** 	msg_t *eir_msg;
  14:include/ubtbr/btctl_intf.h **** 	btctl_tx_pkt_t *eir_pkt;
ARM GAS  /tmp/cc12GGuY.s 			page 6


  15:include/ubtbr/btctl_intf.h **** } btctl_t;
  16:include/ubtbr/btctl_intf.h **** 
  17:include/ubtbr/btctl_intf.h **** extern btctl_t btctl;
  18:include/ubtbr/btctl_intf.h **** 
  19:include/ubtbr/btctl_intf.h **** void btctl_init(void);
  20:include/ubtbr/btctl_intf.h **** int btctl_work(void);
  21:include/ubtbr/btctl_intf.h **** 
  22:include/ubtbr/btctl_intf.h **** void btctl_set_state(btctl_state_t state, btctl_reason_t reason);
  23:include/ubtbr/btctl_intf.h **** 
  24:include/ubtbr/btctl_intf.h **** static inline btctl_state_t btctl_get_state(void)
  25:include/ubtbr/btctl_intf.h **** {
  26:include/ubtbr/btctl_intf.h **** 	return btctl.state;
  27:include/ubtbr/btctl_intf.h **** }
  28:include/ubtbr/btctl_intf.h **** 
  29:include/ubtbr/btctl_intf.h **** static inline btctl_tx_pkt_t *btctl_get_eir(void)
  30:include/ubtbr/btctl_intf.h **** {
  31:include/ubtbr/btctl_intf.h **** 	return btctl.eir_pkt;
  32:include/ubtbr/btctl_intf.h **** }
  33:include/ubtbr/btctl_intf.h **** 
  34:include/ubtbr/btctl_intf.h **** static inline msg_t *btctl_msg_alloc(unsigned type)
  35:include/ubtbr/btctl_intf.h **** {
  36:include/ubtbr/btctl_intf.h **** 	msg_t *msg;
  37:include/ubtbr/btctl_intf.h **** 	btctl_hdr_t *hdr;
  38:include/ubtbr/btctl_intf.h **** 
  39:include/ubtbr/btctl_intf.h **** 	/* maximum size ?*/
  40:include/ubtbr/btctl_intf.h **** 	msg = msg_alloc(sizeof(btctl_hdr_t)+sizeof(btctl_rx_pkt_t)+MAX_ACL_PACKET_SIZE);
  41:include/ubtbr/btctl_intf.h **** 	hdr = (btctl_hdr_t*) msg_put(msg, sizeof(*hdr));
  42:include/ubtbr/btctl_intf.h **** 	hdr->type = type;
  43:include/ubtbr/btctl_intf.h **** 
  44:include/ubtbr/btctl_intf.h **** 	return msg;
  45:include/ubtbr/btctl_intf.h **** }
  46:include/ubtbr/btctl_intf.h **** 
  47:include/ubtbr/btctl_intf.h **** static inline msg_t *safe_dequeue(msg_queue_t* q)
  48:include/ubtbr/btctl_intf.h **** {
  49:include/ubtbr/btctl_intf.h **** 	uint32_t flags = irq_save_disable();
  50:include/ubtbr/btctl_intf.h **** 	msg_t *msg;
  51:include/ubtbr/btctl_intf.h **** 
  52:include/ubtbr/btctl_intf.h **** 	msg = msg_dequeue(q);
  53:include/ubtbr/btctl_intf.h **** 	irq_restore(flags);
  54:include/ubtbr/btctl_intf.h **** 
  55:include/ubtbr/btctl_intf.h **** 	return msg;
  56:include/ubtbr/btctl_intf.h **** }
  57:include/ubtbr/btctl_intf.h **** 
  58:include/ubtbr/btctl_intf.h **** static inline int safe_enqueue(msg_queue_t *q, msg_t *msg)
  59:include/ubtbr/btctl_intf.h **** {
  60:include/ubtbr/btctl_intf.h **** 	uint32_t flags = irq_save_disable();
  61:include/ubtbr/btctl_intf.h **** 	int rc;
  62:include/ubtbr/btctl_intf.h **** 
  63:include/ubtbr/btctl_intf.h **** 	rc = msg_enqueue(q, msg);
  64:include/ubtbr/btctl_intf.h **** 	irq_restore(flags);
  65:include/ubtbr/btctl_intf.h **** 
  66:include/ubtbr/btctl_intf.h **** 	return rc;
  67:include/ubtbr/btctl_intf.h **** }
  68:include/ubtbr/btctl_intf.h **** 
  69:include/ubtbr/btctl_intf.h **** /* Called by usb driver to retreive next message to send to host */
  70:include/ubtbr/btctl_intf.h **** static inline msg_t *btctl_tx_dequeue(void)
  71:include/ubtbr/btctl_intf.h **** {
ARM GAS  /tmp/cc12GGuY.s 			page 7


  72:include/ubtbr/btctl_intf.h **** 	return safe_dequeue(&btctl.tx_q);
  73:include/ubtbr/btctl_intf.h **** }
  74:include/ubtbr/btctl_intf.h **** 
  75:include/ubtbr/btctl_intf.h **** /* Enqueue a message for host */
  76:include/ubtbr/btctl_intf.h **** static inline int btctl_tx_enqueue(msg_t *msg)
 132              		.loc 4 76 19 view .LVU32
 133              	.LBB132:
  77:include/ubtbr/btctl_intf.h **** {
  78:include/ubtbr/btctl_intf.h **** 	return safe_enqueue(&btctl.tx_q, msg);
 134              		.loc 4 78 2 view .LVU33
 135              	.LBB133:
 136              	.LBI133:
  58:include/ubtbr/btctl_intf.h **** {
 137              		.loc 4 58 19 view .LVU34
 138              	.LBB134:
  60:include/ubtbr/btctl_intf.h **** 	int rc;
 139              		.loc 4 60 2 view .LVU35
 140              	.LBB135:
 141              	.LBI135:
   5:include/ubtbr/system.h **** {
 142              		.loc 2 5 24 view .LVU36
 143              	.LBB136:
   7:include/ubtbr/system.h **** 
 144              		.loc 2 7 2 view .LVU37
   9:include/ubtbr/system.h **** 	"\tmrs    %0, primask\n"
 145              		.loc 2 9 2 view .LVU38
 146              		.syntax unified
 147              	@ 9 "include/ubtbr/system.h" 1
 148 0026 EFF31083 			mrs    r3, primask
 149 002a 72B6     		cpsid  i
 150              	
 151              	@ 0 "" 2
 152              		.thumb
 153              		.syntax unified
 154              	.LBE136:
 155              	.LBE135:
  63:include/ubtbr/btctl_intf.h **** 	irq_restore(flags);
 156              		.loc 4 63 7 is_stmt 0 view .LVU39
 157 002c 0A48     		ldr	r0, .L11+4
 158              	.LVL5:
 159              	.LBB138:
 160              	.LBB137:
   9:include/ubtbr/system.h **** 	"\tmrs    %0, primask\n"
 161              		.loc 2 9 2 view .LVU40
 162 002e 0193     		str	r3, [sp, #4]
 163              		.loc 2 16 2 is_stmt 1 view .LVU41
 164              	.LVL6:
 165              		.loc 2 16 2 is_stmt 0 view .LVU42
 166              	.LBE137:
 167              	.LBE138:
  61:include/ubtbr/btctl_intf.h **** 
 168              		.loc 4 61 2 is_stmt 1 view .LVU43
  63:include/ubtbr/btctl_intf.h **** 	irq_restore(flags);
 169              		.loc 4 63 2 view .LVU44
  63:include/ubtbr/btctl_intf.h **** 	irq_restore(flags);
 170              		.loc 4 63 7 is_stmt 0 view .LVU45
 171 0030 FFF7FEFF 		bl	msg_enqueue
ARM GAS  /tmp/cc12GGuY.s 			page 8


 172              	.LVL7:
  64:include/ubtbr/btctl_intf.h **** 
 173              		.loc 4 64 2 is_stmt 1 view .LVU46
 174              	.LBB139:
 175              	.LBI139:
  17:include/ubtbr/system.h **** }
  18:include/ubtbr/system.h **** 
  19:include/ubtbr/system.h **** static inline void irq_restore(uint32_t primask)
 176              		.loc 2 19 20 view .LVU47
 177              	.LBB140:
  20:include/ubtbr/system.h **** {
  21:include/ubtbr/system.h **** 	__asm__ __volatile__ (
 178              		.loc 2 21 2 view .LVU48
 179 0034 019B     		ldr	r3, [sp, #4]
 180              		.syntax unified
 181              	@ 21 "include/ubtbr/system.h" 1
 182 0036 83F31088 		msr primask, r3
 183              	@ 0 "" 2
 184              	.LVL8:
 185              		.loc 2 21 2 is_stmt 0 view .LVU49
 186              		.thumb
 187              		.syntax unified
 188              	.LBE140:
 189              	.LBE139:
  66:include/ubtbr/btctl_intf.h **** }
 190              		.loc 4 66 2 is_stmt 1 view .LVU50
  66:include/ubtbr/btctl_intf.h **** }
 191              		.loc 4 66 2 is_stmt 0 view .LVU51
 192              	.LBE134:
 193              	.LBE133:
 194              	.LBE132:
 195              	.LBE131:
 196              		.loc 1 39 5 discriminator 1 view .LVU52
 197 003a 38B9     		cbnz	r0, .L10
  40:src/util/console.c **** 	{
  41:src/util/console.c **** 		DIE("txq full in console\n");
  42:src/util/console.c **** 	}
  43:src/util/console.c **** 	cur_msg = NULL;
 198              		.loc 1 43 2 is_stmt 1 view .LVU53
 199              		.loc 1 43 10 is_stmt 0 view .LVU54
 200 003c 2060     		str	r0, [r4]
 201              	.LVL9:
 202              	.L2:
  44:src/util/console.c **** end:
  45:src/util/console.c **** 	irq_restore(flags);
 203              		.loc 1 45 2 is_stmt 1 view .LVU55
 204              	.LBB141:
 205              	.LBI141:
  19:include/ubtbr/system.h **** {
 206              		.loc 2 19 20 view .LVU56
 207              	.LBB142:
 208              		.loc 2 21 2 view .LVU57
 209              		.syntax unified
 210              	@ 21 "include/ubtbr/system.h" 1
 211 003e 85F31088 		msr primask, r5
 212              	@ 0 "" 2
 213              	.LVL10:
ARM GAS  /tmp/cc12GGuY.s 			page 9


 214              		.loc 2 21 2 is_stmt 0 view .LVU58
 215              		.thumb
 216              		.syntax unified
 217              	.LBE142:
 218              	.LBE141:
  46:src/util/console.c **** #endif
  47:src/util/console.c **** }
 219              		.loc 1 47 1 view .LVU59
 220 0042 03B0     		add	sp, sp, #12
 221              		.cfi_remember_state
 222              		.cfi_def_cfa_offset 12
 223              		@ sp needed
 224 0044 30BD     		pop	{r4, r5, pc}
 225              	.LVL11:
 226              	.L9:
 227              		.cfi_restore_state
 228              	.LBB143:
 229              	.LBB130:
  67:include/ubtbr/msg.h ****         msg->write += len;
 230              		.loc 3 67 3 is_stmt 1 view .LVU60
 231 0046 0548     		ldr	r0, .L11+8
 232 0048 FFF7FEFF 		bl	die
 233              	.LVL12:
 234              	.L10:
  67:include/ubtbr/msg.h ****         msg->write += len;
 235              		.loc 3 67 3 is_stmt 0 view .LVU61
 236              	.LBE130:
 237              	.LBE143:
 238              	.LBB144:
 239              	.LBI144:
  30:src/util/console.c **** {
 240              		.loc 1 30 6 is_stmt 1 view .LVU62
 241              	.LBB145:
  41:src/util/console.c **** 	}
 242              		.loc 1 41 3 view .LVU63
 243 004c 0448     		ldr	r0, .L11+12
 244 004e FFF7FEFF 		bl	die
 245              	.LVL13:
 246              	.L12:
 247 0052 00BF     		.align	2
 248              	.L11:
 249 0054 00000000 		.word	.LANCHOR0
 250 0058 2C000000 		.word	btctl+44
 251 005c 00000000 		.word	.LC0
 252 0060 1C000000 		.word	.LC1
 253              	.LBE145:
 254              	.LBE144:
 255              		.cfi_endproc
 256              	.LFE24:
 258              		.section	.text.console_putc,"ax",%progbits
 259              		.align	1
 260              		.p2align 2,,3
 261              		.global	console_putc
 262              		.syntax unified
 263              		.thumb
 264              		.thumb_func
 266              	console_putc:
ARM GAS  /tmp/cc12GGuY.s 			page 10


 267              	.LVL14:
 268              	.LFB25:
  48:src/util/console.c **** 
  49:src/util/console.c **** void console_putc(char c)
  50:src/util/console.c **** {
 269              		.loc 1 50 1 view -0
 270              		.cfi_startproc
 271              		@ args = 0, pretend = 0, frame = 8
 272              		@ frame_needed = 0, uses_anonymous_args = 0
 273              		.loc 1 50 1 is_stmt 0 view .LVU65
 274 0000 10B5     		push	{r4, lr}
 275              		.cfi_def_cfa_offset 8
 276              		.cfi_offset 4, -8
 277              		.cfi_offset 14, -4
 278 0002 82B0     		sub	sp, sp, #8
 279              		.cfi_def_cfa_offset 16
  51:src/util/console.c **** #ifdef USE_CONSOLE
  52:src/util/console.c **** 	uint32_t flags = irq_save_disable();
 280              		.loc 1 52 2 is_stmt 1 view .LVU66
 281              	.LBB146:
 282              	.LBI146:
   5:include/ubtbr/system.h **** {
 283              		.loc 2 5 24 view .LVU67
 284              	.LBB147:
   7:include/ubtbr/system.h **** 
 285              		.loc 2 7 2 view .LVU68
   9:include/ubtbr/system.h **** 	"\tmrs    %0, primask\n"
 286              		.loc 2 9 2 view .LVU69
 287              	.LBE147:
 288              	.LBE146:
  50:src/util/console.c **** #ifdef USE_CONSOLE
 289              		.loc 1 50 1 is_stmt 0 view .LVU70
 290 0004 0246     		mov	r2, r0
 291              	.LBB149:
 292              	.LBB148:
   9:include/ubtbr/system.h **** 	"\tmrs    %0, primask\n"
 293              		.loc 2 9 2 view .LVU71
 294              		.syntax unified
 295              	@ 9 "include/ubtbr/system.h" 1
 296 0006 EFF31084 			mrs    r4, primask
 297 000a 72B6     		cpsid  i
 298              	
 299              	@ 0 "" 2
  16:include/ubtbr/system.h **** }
 300              		.loc 2 16 2 is_stmt 1 view .LVU72
 301              	.LVL15:
  16:include/ubtbr/system.h **** }
 302              		.loc 2 16 2 is_stmt 0 view .LVU73
 303              		.thumb
 304              		.syntax unified
 305              	.LBE148:
 306              	.LBE149:
  53:src/util/console.c **** 	char *p;
 307              		.loc 1 53 2 is_stmt 1 view .LVU74
  54:src/util/console.c **** 
  55:src/util/console.c **** 	if (cur_msg == NULL)
 308              		.loc 1 55 2 view .LVU75
ARM GAS  /tmp/cc12GGuY.s 			page 11


 309              		.loc 1 55 14 is_stmt 0 view .LVU76
 310 000c 1D4B     		ldr	r3, .L23
 311 000e 1868     		ldr	r0, [r3]
 312              	.LVL16:
 313              		.loc 1 55 5 view .LVU77
 314 0010 F8B1     		cbz	r0, .L14
 315              	.LBB150:
 316              	.LBB151:
  64:include/ubtbr/msg.h **** 
 317              		.loc 3 64 18 view .LVU78
 318 0012 8368     		ldr	r3, [r0, #8]
 319              	.LBB152:
 320              	.LBB153:
  48:include/ubtbr/msg.h **** }
 321              		.loc 3 48 19 view .LVU79
 322 0014 B0F802C0 		ldrh	ip, [r0, #2]
 323 0018 00F10C01 		add	r1, r0, #12
 324              	.LVL17:
 325              	.L15:
  48:include/ubtbr/msg.h **** }
 326              		.loc 3 48 19 view .LVU80
 327              	.LBE153:
 328              	.LBE152:
 329              	.LBE151:
 330              	.LBE150:
  56:src/util/console.c **** 	{
  57:src/util/console.c **** 		cur_msg = btctl_msg_alloc(BTCTL_DEBUG);
  58:src/util/console.c **** 	}
  59:src/util/console.c **** 	p = (char*)msg_put(cur_msg, 1);
 331              		.loc 1 59 2 is_stmt 1 view .LVU81
 332              	.LBB161:
 333              	.LBI150:
  62:include/ubtbr/msg.h **** {
 334              		.loc 3 62 24 view .LVU82
 335              	.LBB158:
  64:include/ubtbr/msg.h **** 
 336              		.loc 3 64 9 view .LVU83
  66:include/ubtbr/msg.h **** 		DIE("msg_put: short buf\n");
 337              		.loc 3 66 9 view .LVU84
 338              	.LBB157:
 339              	.LBI152:
  46:include/ubtbr/msg.h **** {
 340              		.loc 3 46 19 view .LVU85
 341              	.LBB156:
  48:include/ubtbr/msg.h **** }
 342              		.loc 3 48 9 view .LVU86
 343              	.LBB154:
 344              	.LBI154:
  32:include/ubtbr/msg.h **** {
 345              		.loc 3 32 19 view .LVU87
 346              	.LBB155:
  34:include/ubtbr/msg.h **** }
 347              		.loc 3 34 2 view .LVU88
  34:include/ubtbr/msg.h **** }
 348              		.loc 3 34 9 is_stmt 0 view .LVU89
 349 001c A3EB010E 		sub	lr, r3, r1
 350              	.LBE155:
ARM GAS  /tmp/cc12GGuY.s 			page 12


 351              	.LBE154:
 352              	.LBE156:
 353              	.LBE157:
  66:include/ubtbr/msg.h **** 		DIE("msg_put: short buf\n");
 354              		.loc 3 66 12 discriminator 1 view .LVU90
 355 0020 F445     		cmp	ip, lr
 356 0022 2BDD     		ble	.L22
  68:include/ubtbr/msg.h **** 
 357              		.loc 3 68 9 is_stmt 1 view .LVU91
  68:include/ubtbr/msg.h **** 
 358              		.loc 3 68 20 is_stmt 0 view .LVU92
 359 0024 03F1010C 		add	ip, r3, #1
 360              	.LBE158:
 361              	.LBE161:
  60:src/util/console.c **** 	*p = c;
  61:src/util/console.c **** 
  62:src/util/console.c **** 	if (c == '\n' || msg_write_avail(cur_msg) == 1)
 362              		.loc 1 62 5 view .LVU93
 363 0028 0A2A     		cmp	r2, #10
 364              	.LBB162:
 365              	.LBB159:
  68:include/ubtbr/msg.h **** 
 366              		.loc 3 68 20 view .LVU94
 367 002a C0F808C0 		str	ip, [r0, #8]
 368              	.LVL18:
 369              		.loc 3 70 9 is_stmt 1 view .LVU95
 370              		.loc 3 70 9 is_stmt 0 view .LVU96
 371              	.LBE159:
 372              	.LBE162:
  60:src/util/console.c **** 	*p = c;
 373              		.loc 1 60 2 is_stmt 1 view .LVU97
  60:src/util/console.c **** 	*p = c;
 374              		.loc 1 60 5 is_stmt 0 view .LVU98
 375 002e 1A70     		strb	r2, [r3]
 376              		.loc 1 62 2 is_stmt 1 view .LVU99
 377              		.loc 1 62 5 is_stmt 0 view .LVU100
 378 0030 09D0     		beq	.L17
 379              	.LVL19:
 380              	.LBB163:
 381              	.LBI163:
  46:include/ubtbr/msg.h **** {
 382              		.loc 3 46 19 is_stmt 1 view .LVU101
 383              	.LBB164:
  48:include/ubtbr/msg.h **** }
 384              		.loc 3 48 9 view .LVU102
 385              	.LBB165:
 386              	.LBI165:
  32:include/ubtbr/msg.h **** {
 387              		.loc 3 32 19 view .LVU103
 388              	.LBB166:
  34:include/ubtbr/msg.h **** }
 389              		.loc 3 34 2 view .LVU104
  34:include/ubtbr/msg.h **** }
 390              		.loc 3 34 9 is_stmt 0 view .LVU105
 391 0032 8268     		ldr	r2, [r0, #8]
 392              	.LBE166:
 393              	.LBE165:
ARM GAS  /tmp/cc12GGuY.s 			page 13


  48:include/ubtbr/msg.h **** }
 394              		.loc 3 48 19 view .LVU106
 395 0034 4388     		ldrh	r3, [r0, #2]
 396              	.LBB168:
 397              	.LBB167:
  34:include/ubtbr/msg.h **** }
 398              		.loc 3 34 9 view .LVU107
 399 0036 521A     		subs	r2, r2, r1
 400              	.LBE167:
 401              	.LBE168:
  48:include/ubtbr/msg.h **** }
 402              		.loc 3 48 30 discriminator 1 view .LVU108
 403 0038 9B1A     		subs	r3, r3, r2
 404              	.LBE164:
 405              	.LBE163:
 406              		.loc 1 62 16 discriminator 2 view .LVU109
 407 003a 012B     		cmp	r3, #1
 408 003c 03D0     		beq	.L17
  63:src/util/console.c **** 	{
  64:src/util/console.c **** 		console_flush();
  65:src/util/console.c **** 	}
  66:src/util/console.c **** 	irq_restore(flags);
 409              		.loc 1 66 2 is_stmt 1 view .LVU110
 410              	.LVL20:
 411              	.LBB169:
 412              	.LBI169:
  19:include/ubtbr/system.h **** {
 413              		.loc 2 19 20 view .LVU111
 414              	.LBB170:
 415              		.loc 2 21 2 view .LVU112
 416              		.syntax unified
 417              	@ 21 "include/ubtbr/system.h" 1
 418 003e 84F31088 		msr primask, r4
 419              	@ 0 "" 2
 420              	.LVL21:
 421              		.loc 2 21 2 is_stmt 0 view .LVU113
 422              		.thumb
 423              		.syntax unified
 424              	.LBE170:
 425              	.LBE169:
  67:src/util/console.c **** #endif
  68:src/util/console.c **** }
 426              		.loc 1 68 1 view .LVU114
 427 0042 02B0     		add	sp, sp, #8
 428              		.cfi_remember_state
 429              		.cfi_def_cfa_offset 8
 430              		@ sp needed
 431 0044 10BD     		pop	{r4, pc}
 432              	.L17:
 433              		.cfi_restore_state
  64:src/util/console.c **** 	}
 434              		.loc 1 64 3 is_stmt 1 view .LVU115
 435 0046 FFF7FEFF 		bl	console_flush
 436              	.LVL22:
  66:src/util/console.c **** #endif
 437              		.loc 1 66 2 view .LVU116
 438              	.LBB172:
ARM GAS  /tmp/cc12GGuY.s 			page 14


  19:include/ubtbr/system.h **** {
 439              		.loc 2 19 20 view .LVU117
 440              	.LBB171:
 441              		.loc 2 21 2 view .LVU118
 442              		.syntax unified
 443              	@ 21 "include/ubtbr/system.h" 1
 444 004a 84F31088 		msr primask, r4
 445              	@ 0 "" 2
 446              	.LVL23:
 447              		.loc 2 21 2 is_stmt 0 view .LVU119
 448              		.thumb
 449              		.syntax unified
 450              	.LBE171:
 451              	.LBE172:
 452              		.loc 1 68 1 view .LVU120
 453 004e 02B0     		add	sp, sp, #8
 454              		.cfi_remember_state
 455              		.cfi_def_cfa_offset 8
 456              		@ sp needed
 457 0050 10BD     		pop	{r4, pc}
 458              	.LVL24:
 459              	.L14:
 460              		.cfi_restore_state
  57:src/util/console.c **** 	}
 461              		.loc 1 57 3 is_stmt 1 view .LVU121
 462              	.LBB173:
 463              	.LBI173:
  34:include/ubtbr/btctl_intf.h **** {
 464              		.loc 4 34 22 view .LVU122
 465              	.LBB174:
  36:include/ubtbr/btctl_intf.h **** 	btctl_hdr_t *hdr;
 466              		.loc 4 36 2 view .LVU123
  37:include/ubtbr/btctl_intf.h **** 
 467              		.loc 4 37 2 view .LVU124
  40:include/ubtbr/btctl_intf.h **** 	hdr = (btctl_hdr_t*) msg_put(msg, sizeof(*hdr));
 468              		.loc 4 40 2 view .LVU125
 469              	.LBB175:
 470              	.LBI175:
  15:include/ubtbr/msg.h **** {
 471              		.loc 3 15 22 view .LVU126
 472              	.LBB176:
  17:include/ubtbr/msg.h **** 
 473              		.loc 3 17 2 view .LVU127
  17:include/ubtbr/msg.h **** 
 474              		.loc 3 17 23 is_stmt 0 view .LVU128
 475 0052 4FF4BA70 		mov	r0, #372
 476 0056 0192     		str	r2, [sp, #4]
 477 0058 FFF7FEFF 		bl	mem_pool_alloc
 478              	.LVL25:
 479              	.LBE176:
 480              	.LBE175:
  42:include/ubtbr/btctl_intf.h **** 
 481              		.loc 4 42 12 view .LVU129
 482 005c 0021     		movs	r1, #0
 483              	.LVL26:
 484              	.LBB180:
 485              	.LBB177:
ARM GAS  /tmp/cc12GGuY.s 			page 15


  19:include/ubtbr/msg.h **** 	msg->read = msg->data;
 486              		.loc 3 19 2 is_stmt 1 view .LVU130
  20:include/ubtbr/msg.h **** 	msg->data_len = size;
 487              		.loc 3 20 2 view .LVU131
  21:include/ubtbr/msg.h **** 
 488              		.loc 3 21 16 is_stmt 0 view .LVU132
 489 005e 4FF4B47C 		mov	ip, #360
 490              	.LBE177:
 491              	.LBE180:
 492              	.LBE174:
 493              	.LBE173:
  57:src/util/console.c **** 	}
 494              		.loc 1 57 11 discriminator 1 view .LVU133
 495 0062 084B     		ldr	r3, .L23
 496              	.LBB191:
 497              	.LBB189:
  42:include/ubtbr/btctl_intf.h **** 
 498              		.loc 4 42 12 view .LVU134
 499 0064 0173     		strb	r1, [r0, #12]
 500              	.LBE189:
 501              	.LBE191:
  57:src/util/console.c **** 	}
 502              		.loc 1 57 11 discriminator 1 view .LVU135
 503 0066 1860     		str	r0, [r3]
 504              	.LBB192:
 505              	.LBB190:
 506              	.LBB181:
 507              	.LBB178:
  19:include/ubtbr/msg.h **** 	msg->read = msg->data;
 508              		.loc 3 19 15 view .LVU136
 509 0068 00F10C01 		add	r1, r0, #12
 510              	.LBE178:
 511              	.LBE181:
 512              	.LBB182:
 513              	.LBB183:
  68:include/ubtbr/msg.h **** 
 514              		.loc 3 68 20 view .LVU137
 515 006c 00F11003 		add	r3, r0, #16
 516 0070 019A     		ldr	r2, [sp, #4]
 517              	.LBE183:
 518              	.LBE182:
 519              	.LBB186:
 520              	.LBB179:
  20:include/ubtbr/msg.h **** 	msg->data_len = size;
 521              		.loc 3 20 12 view .LVU138
 522 0072 4160     		str	r1, [r0, #4]
  21:include/ubtbr/msg.h **** 
 523              		.loc 3 21 2 is_stmt 1 view .LVU139
  21:include/ubtbr/msg.h **** 
 524              		.loc 3 21 16 is_stmt 0 view .LVU140
 525 0074 A0F802C0 		strh	ip, [r0, #2]	@ movhi
  23:include/ubtbr/msg.h **** }
 526              		.loc 3 23 2 is_stmt 1 view .LVU141
 527              	.LVL27:
  23:include/ubtbr/msg.h **** }
 528              		.loc 3 23 2 is_stmt 0 view .LVU142
 529              	.LBE179:
ARM GAS  /tmp/cc12GGuY.s 			page 16


 530              	.LBE186:
  41:include/ubtbr/btctl_intf.h **** 	hdr->type = type;
 531              		.loc 4 41 2 is_stmt 1 view .LVU143
 532              	.LBB187:
 533              	.LBI182:
  62:include/ubtbr/msg.h **** {
 534              		.loc 3 62 24 view .LVU144
 535              	.LBB184:
  64:include/ubtbr/msg.h **** 
 536              		.loc 3 64 9 view .LVU145
  66:include/ubtbr/msg.h **** 		DIE("msg_put: short buf\n");
 537              		.loc 3 66 9 view .LVU146
  68:include/ubtbr/msg.h **** 
 538              		.loc 3 68 9 view .LVU147
 539              		.loc 3 70 9 view .LVU148
 540              		.loc 3 70 9 is_stmt 0 view .LVU149
 541              	.LBE184:
 542              	.LBE187:
  42:include/ubtbr/btctl_intf.h **** 
 543              		.loc 4 42 2 is_stmt 1 view .LVU150
  44:include/ubtbr/btctl_intf.h **** }
 544              		.loc 4 44 2 view .LVU151
 545              	.LBB188:
 546              	.LBB185:
  68:include/ubtbr/msg.h **** 
 547              		.loc 3 68 20 is_stmt 0 view .LVU152
 548 0078 8360     		str	r3, [r0, #8]
 549 007a CFE7     		b	.L15
 550              	.LVL28:
 551              	.L22:
  68:include/ubtbr/msg.h **** 
 552              		.loc 3 68 20 view .LVU153
 553              	.LBE185:
 554              	.LBE188:
 555              	.LBE190:
 556              	.LBE192:
 557              	.LBB193:
 558              	.LBB160:
  67:include/ubtbr/msg.h ****         msg->write += len;
 559              		.loc 3 67 3 is_stmt 1 view .LVU154
 560 007c 0248     		ldr	r0, .L23+4
 561 007e FFF7FEFF 		bl	die
 562              	.LVL29:
 563              	.L24:
  67:include/ubtbr/msg.h ****         msg->write += len;
 564              		.loc 3 67 3 is_stmt 0 view .LVU155
 565 0082 00BF     		.align	2
 566              	.L23:
 567 0084 00000000 		.word	.LANCHOR0
 568 0088 00000000 		.word	.LC0
 569              	.LBE160:
 570              	.LBE193:
 571              		.cfi_endproc
 572              	.LFE25:
 574              		.bss
 575              		.align	2
 576              		.set	.LANCHOR0,. + 0
ARM GAS  /tmp/cc12GGuY.s 			page 17


 579              	cur_msg:
 580 0000 00000000 		.space	4
 581              		.text
 582              	.Letext0:
 583              		.file 5 "/usr/arm-none-eabi/include/machine/_default_types.h"
 584              		.file 6 "/usr/arm-none-eabi/include/sys/_stdint.h"
 585              		.file 7 "../../host/libubertooth/src/ubertooth_interface.h"
 586              		.file 8 "include/ubtbr/queue.h"
 587              		.file 9 "include/ubtbr/mem_pool.h"
 588              		.file 10 "include/ubtbr/debug.h"
ARM GAS  /tmp/cc12GGuY.s 			page 18


DEFINED SYMBOLS
                            *ABS*:00000000 console.c
     /tmp/cc12GGuY.s:19     .rodata.str1.4:00000000 $d
     /tmp/cc12GGuY.s:26     .text.console_flush:00000000 $t
     /tmp/cc12GGuY.s:33     .text.console_flush:00000000 console_flush
     /tmp/cc12GGuY.s:249    .text.console_flush:00000054 $d
     /tmp/cc12GGuY.s:259    .text.console_putc:00000000 $t
     /tmp/cc12GGuY.s:266    .text.console_putc:00000000 console_putc
     /tmp/cc12GGuY.s:567    .text.console_putc:00000084 $d
     /tmp/cc12GGuY.s:575    .bss:00000000 $d
     /tmp/cc12GGuY.s:579    .bss:00000000 cur_msg

UNDEFINED SYMBOLS
msg_enqueue
die
btctl
mem_pool_alloc
