ARM GAS  /tmp/ccITgd88.s 			page 1


   1              		.cpu cortex-m3
   2              		.arch armv7-m
   3              		.fpu softvfp
   4              		.eabi_attribute 20, 1
   5              		.eabi_attribute 21, 1
   6              		.eabi_attribute 23, 3
   7              		.eabi_attribute 24, 1
   8              		.eabi_attribute 25, 1
   9              		.eabi_attribute 26, 1
  10              		.eabi_attribute 30, 2
  11              		.eabi_attribute 34, 1
  12              		.eabi_attribute 18, 4
  13              		.file	"queue.c"
  14              		.text
  15              	.Ltext0:
  16              		.cfi_sections	.debug_frame
  17              		.file 1 "src/util/queue.c"
  18              		.section	.text.msg_dequeue,"ax",%progbits
  19              		.align	1
  20              		.p2align 2,,3
  21              		.global	msg_dequeue
  22              		.syntax unified
  23              		.thumb
  24              		.thumb_func
  26              	msg_dequeue:
  27              	.LVL0:
  28              	.LFB11:
   1:src/util/queue.c **** /* Message queue
   2:src/util/queue.c ****  *
   3:src/util/queue.c ****  * Copyright 2020 Etienne Helluy-Lafont, Univ. Lille, CNRS.
   4:src/util/queue.c ****  *
   5:src/util/queue.c ****  * This file is part of Project Ubertooth.
   6:src/util/queue.c ****  *
   7:src/util/queue.c ****  * This program is free software; you can redistribute it and/or modify
   8:src/util/queue.c ****  * it under the terms of the GNU General Public License as published by
   9:src/util/queue.c ****  * the Free Software Foundation; either version 2, or (at your option)
  10:src/util/queue.c ****  * any later version.
  11:src/util/queue.c ****  *
  12:src/util/queue.c ****  * This program is distributed in the hope that it will be useful,
  13:src/util/queue.c ****  * but WITHOUT ANY WARRANTY; without even the implied warranty of
  14:src/util/queue.c ****  * MERCHANTABILITY or FITNESS FOR A PARTICULAR PURPOSE.  See the
  15:src/util/queue.c ****  * GNU General Public License for more details.
  16:src/util/queue.c ****  *
  17:src/util/queue.c ****  * You should have received a copy of the GNU General Public License
  18:src/util/queue.c ****  * along with this program; see the file COPYING.  If not, write to
  19:src/util/queue.c ****  * the Free Software Foundation, Inc., 51 Franklin Street,
  20:src/util/queue.c ****  * Boston, MA 02110-1301, USA.
  21:src/util/queue.c ****  */
  22:src/util/queue.c **** #include <stdlib.h>
  23:src/util/queue.c **** #include <ubtbr/defines.h>
  24:src/util/queue.c **** #include <ubtbr/debug.h>
  25:src/util/queue.c **** #include <ubtbr/queue.h>
  26:src/util/queue.c **** 
  27:src/util/queue.c **** msg_t *msg_dequeue(msg_queue_t*q)
  28:src/util/queue.c **** {
  29              		.loc 1 28 1 view -0
  30              		.cfi_startproc
ARM GAS  /tmp/ccITgd88.s 			page 2


  31              		@ args = 0, pretend = 0, frame = 0
  32              		@ frame_needed = 0, uses_anonymous_args = 0
  33              		@ link register save eliminated.
  34              		.loc 1 28 1 is_stmt 0 view .LVU1
  29:src/util/queue.c **** 	msg_t *p = NULL;
  35              		.loc 1 29 2 is_stmt 1 view .LVU2
  36              	.LVL1:
  30:src/util/queue.c **** 
  31:src/util/queue.c **** 	if (!msg_queue_empty(q))
  37              		.loc 1 31 2 view .LVU3
  38              		.loc 1 31 5 is_stmt 0 discriminator 1 view .LVU4
  39 0000 D0E90023 		ldrd	r2, r3, [r0]
  40 0004 9A42     		cmp	r2, r3
  28:src/util/queue.c **** 	msg_t *p = NULL;
  41              		.loc 1 28 1 view .LVU5
  42 0006 0146     		mov	r1, r0
  43              	.LVL2:
  44              	.LBB6:
  45              	.LBI6:
  46              		.file 2 "include/ubtbr/queue.h"
   1:include/ubtbr/queue.h **** #ifndef __QUEUE_H
   2:include/ubtbr/queue.h **** #define __QUEUE_H
   3:include/ubtbr/queue.h **** #include <ubertooth_interface.h>
   4:include/ubtbr/queue.h **** #include <ubtbr/bb_msg.h>
   5:include/ubtbr/queue.h **** 
   6:include/ubtbr/queue.h **** // must be power of two
   7:include/ubtbr/queue.h **** #define MSG_QUEUE_SIZE 8
   8:include/ubtbr/queue.h **** 
   9:include/ubtbr/queue.h **** typedef struct msg_queue_s {
  10:include/ubtbr/queue.h **** 	int head;
  11:include/ubtbr/queue.h **** 	int tail;
  12:include/ubtbr/queue.h **** 	msg_t *msg[MSG_QUEUE_SIZE];
  13:include/ubtbr/queue.h **** } msg_queue_t;
  14:include/ubtbr/queue.h **** 
  15:include/ubtbr/queue.h **** static inline int msg_queue_empty(msg_queue_t *q)
  47              		.loc 2 15 19 is_stmt 1 view .LVU6
  48              	.LBB7:
  16:include/ubtbr/queue.h **** {
  17:include/ubtbr/queue.h **** 	return q->head == q->tail;
  49              		.loc 2 17 2 view .LVU7
  50              	.LBE7:
  51              	.LBE6:
  52              		.loc 1 31 5 is_stmt 0 discriminator 1 view .LVU8
  53 0008 0DD0     		beq	.L3
  32:src/util/queue.c **** 	{
  33:src/util/queue.c **** 		p = q->msg[q->head];
  54              		.loc 1 33 3 is_stmt 1 view .LVU9
  34:src/util/queue.c **** 		q->head = (q->head+1)%MSG_QUEUE_SIZE;
  55              		.loc 1 34 21 is_stmt 0 view .LVU10
  56 000a 531C     		adds	r3, r2, #1
  57              		.loc 1 34 24 view .LVU11
  58 000c 5842     		rsbs	r0, r3, #0
  59              	.LVL3:
  60              		.loc 1 34 24 view .LVU12
  61 000e 00F00700 		and	r0, r0, #7
  62 0012 03F00703 		and	r3, r3, #7
  33:src/util/queue.c **** 		q->head = (q->head+1)%MSG_QUEUE_SIZE;
ARM GAS  /tmp/ccITgd88.s 			page 3


  63              		.loc 1 33 5 view .LVU13
  64 0016 02F10202 		add	r2, r2, #2
  65              		.loc 1 34 24 view .LVU14
  66 001a 58BF     		it	pl
  67 001c 4342     		rsbpl	r3, r0, #0
  33:src/util/queue.c **** 		q->head = (q->head+1)%MSG_QUEUE_SIZE;
  68              		.loc 1 33 5 view .LVU15
  69 001e 51F82200 		ldr	r0, [r1, r2, lsl #2]
  70              	.LVL4:
  71              		.loc 1 34 3 is_stmt 1 view .LVU16
  72              		.loc 1 34 11 is_stmt 0 view .LVU17
  73 0022 0B60     		str	r3, [r1]
  74 0024 7047     		bx	lr
  75              	.LVL5:
  76              	.L3:
  29:src/util/queue.c **** 
  77              		.loc 1 29 9 view .LVU18
  78 0026 0020     		movs	r0, #0
  79              	.LVL6:
  35:src/util/queue.c **** 	}
  36:src/util/queue.c **** 
  37:src/util/queue.c **** 	return p;
  80              		.loc 1 37 2 is_stmt 1 view .LVU19
  38:src/util/queue.c **** }
  81              		.loc 1 38 1 is_stmt 0 view .LVU20
  82 0028 7047     		bx	lr
  83              		.cfi_endproc
  84              	.LFE11:
  86 002a 00BF     		.section	.text.msg_enqueue,"ax",%progbits
  87              		.align	1
  88              		.p2align 2,,3
  89              		.global	msg_enqueue
  90              		.syntax unified
  91              		.thumb
  92              		.thumb_func
  94              	msg_enqueue:
  95              	.LVL7:
  96              	.LFB12:
  39:src/util/queue.c **** 
  40:src/util/queue.c **** int msg_enqueue(msg_queue_t *q, msg_t *p)
  41:src/util/queue.c **** {
  97              		.loc 1 41 1 is_stmt 1 view -0
  98              		.cfi_startproc
  99              		@ args = 0, pretend = 0, frame = 0
 100              		@ frame_needed = 0, uses_anonymous_args = 0
 101              		@ link register save eliminated.
 102              		.loc 1 41 1 is_stmt 0 view .LVU22
  42:src/util/queue.c **** 	if (msg_queue_full(q))
 103              		.loc 1 42 2 is_stmt 1 view .LVU23
  41:src/util/queue.c **** 	if (msg_queue_full(q))
 104              		.loc 1 41 1 is_stmt 0 view .LVU24
 105 0000 0246     		mov	r2, r0
 106              	.LVL8:
 107              	.LBB8:
 108              	.LBI8:
  18:include/ubtbr/queue.h **** }
  19:include/ubtbr/queue.h **** 
ARM GAS  /tmp/ccITgd88.s 			page 4


  20:include/ubtbr/queue.h **** static inline int msg_queue_full(msg_queue_t *q)
 109              		.loc 2 20 19 is_stmt 1 view .LVU25
 110              	.LBB9:
  21:include/ubtbr/queue.h **** {
  22:include/ubtbr/queue.h **** 	return (q->tail+1)%MSG_QUEUE_SIZE == q->head;
 111              		.loc 2 22 2 view .LVU26
 112              		.loc 2 22 11 is_stmt 0 view .LVU27
 113 0002 4068     		ldr	r0, [r0, #4]
 114              	.LVL9:
 115              		.loc 2 22 17 view .LVU28
 116 0004 431C     		adds	r3, r0, #1
 117              		.loc 2 22 20 view .LVU29
 118 0006 D3F1000C 		rsbs	ip, r3, #0
 119 000a 0CF0070C 		and	ip, ip, #7
 120 000e 03F00703 		and	r3, r3, #7
 121 0012 58BF     		it	pl
 122 0014 CCF10003 		rsbpl	r3, ip, #0
 123              	.LVL10:
 124              		.loc 2 22 20 view .LVU30
 125              	.LBE9:
 126              	.LBE8:
 127              		.loc 1 42 5 discriminator 1 view .LVU31
 128 0018 D2F800C0 		ldr	ip, [r2]
 129 001c 6345     		cmp	r3, ip
 130 001e 05D0     		beq	.L7
  43:src/util/queue.c **** 		return -1;
  44:src/util/queue.c **** 
  45:src/util/queue.c **** 	q->msg[q->tail] = p;
 131              		.loc 1 45 2 is_stmt 1 view .LVU32
 132              		.loc 1 45 18 is_stmt 0 view .LVU33
 133 0020 0230     		adds	r0, r0, #2
 134 0022 42F82010 		str	r1, [r2, r0, lsl #2]
  46:src/util/queue.c **** 	q->tail = (q->tail+1)%MSG_QUEUE_SIZE;
 135              		.loc 1 46 2 is_stmt 1 view .LVU34
  47:src/util/queue.c **** 
  48:src/util/queue.c **** 	return 0;
 136              		.loc 1 48 9 is_stmt 0 view .LVU35
 137 0026 0020     		movs	r0, #0
  46:src/util/queue.c **** 	q->tail = (q->tail+1)%MSG_QUEUE_SIZE;
 138              		.loc 1 46 10 view .LVU36
 139 0028 5360     		str	r3, [r2, #4]
 140              		.loc 1 48 2 is_stmt 1 view .LVU37
 141              		.loc 1 48 9 is_stmt 0 view .LVU38
 142 002a 7047     		bx	lr
 143              	.L7:
  43:src/util/queue.c **** 
 144              		.loc 1 43 10 view .LVU39
 145 002c 4FF0FF30 		mov	r0, #-1
  49:src/util/queue.c **** }
 146              		.loc 1 49 1 view .LVU40
 147 0030 7047     		bx	lr
 148              		.cfi_endproc
 149              	.LFE12:
 151 0032 00BF     		.section	.text.msg_queue_init,"ax",%progbits
 152              		.align	1
 153              		.p2align 2,,3
 154              		.global	msg_queue_init
ARM GAS  /tmp/ccITgd88.s 			page 5


 155              		.syntax unified
 156              		.thumb
 157              		.thumb_func
 159              	msg_queue_init:
 160              	.LVL11:
 161              	.LFB13:
  50:src/util/queue.c **** 
  51:src/util/queue.c **** void msg_queue_init(msg_queue_t *q)
  52:src/util/queue.c **** {
 162              		.loc 1 52 1 is_stmt 1 view -0
 163              		.cfi_startproc
 164              		@ args = 0, pretend = 0, frame = 0
 165              		@ frame_needed = 0, uses_anonymous_args = 0
 166              		@ link register save eliminated.
 167              		.loc 1 52 1 is_stmt 0 view .LVU42
  53:src/util/queue.c **** 	q->head = q->tail = 0;
 168              		.loc 1 53 2 is_stmt 1 view .LVU43
 169              		.loc 1 53 10 is_stmt 0 view .LVU44
 170 0000 0023     		movs	r3, #0
 171 0002 C0E90033 		strd	r3, r3, [r0]
  54:src/util/queue.c **** }
 172              		.loc 1 54 1 view .LVU45
 173 0006 7047     		bx	lr
 174              		.cfi_endproc
 175              	.LFE13:
 177              		.text
 178              	.Letext0:
 179              		.file 3 "/usr/arm-none-eabi/include/machine/_default_types.h"
 180              		.file 4 "/usr/arm-none-eabi/include/sys/_stdint.h"
 181              		.file 5 "include/ubtbr/msg.h"
ARM GAS  /tmp/ccITgd88.s 			page 6


DEFINED SYMBOLS
                            *ABS*:00000000 queue.c
     /tmp/ccITgd88.s:19     .text.msg_dequeue:00000000 $t
     /tmp/ccITgd88.s:26     .text.msg_dequeue:00000000 msg_dequeue
     /tmp/ccITgd88.s:87     .text.msg_enqueue:00000000 $t
     /tmp/ccITgd88.s:94     .text.msg_enqueue:00000000 msg_enqueue
     /tmp/ccITgd88.s:152    .text.msg_queue_init:00000000 $t
     /tmp/ccITgd88.s:159    .text.msg_queue_init:00000000 msg_queue_init

NO UNDEFINED SYMBOLS
