ARM GAS  /tmp/ccEMxnQM.s 			page 1


   1              		.cpu cortex-m3
   2              		.arch armv7-m
   3              		.fpu softvfp
   4              		.eabi_attribute 20, 1
   5              		.eabi_attribute 21, 1
   6              		.eabi_attribute 23, 3
   7              		.eabi_attribute 24, 1
   8              		.eabi_attribute 25, 1
   9              		.eabi_attribute 26, 1
  10              		.eabi_attribute 30, 4
  11              		.eabi_attribute 34, 1
  12              		.eabi_attribute 18, 4
  13              		.file	"queue.c"
  14              		.text
  15              	.Ltext0:
  16              		.cfi_sections	.debug_frame
  17              		.file 1 "queue.c"
  18              		.section	.text.queue_init,"ax",%progbits
  19              		.align	1
  20              		.global	queue_init
  21              		.syntax unified
  22              		.thumb
  23              		.thumb_func
  25              	queue_init:
  26              	.LVL0:
  27              	.LFB0:
   1:queue.c       **** /*
   2:queue.c       ****  * Copyright 2017 Mike Ryan
   3:queue.c       ****  *
   4:queue.c       ****  * This file is part of Project Ubertooth and is released under the
   5:queue.c       ****  * terms of the GPL. Refer to COPYING for more information.
   6:queue.c       ****  */
   7:queue.c       **** 
   8:queue.c       **** #include "queue.h"
   9:queue.c       **** 
  10:queue.c       **** // queue implementation is based heavily on Koopman's "Better Embedded
  11:queue.c       **** // Systems Software" section 20.3.3.1 pg 209
  12:queue.c       **** 
  13:queue.c       **** void queue_init(queue_t *f) {
  28              		.loc 1 13 29 view -0
  29              		.cfi_startproc
  30              		@ args = 0, pretend = 0, frame = 0
  31              		@ frame_needed = 0, uses_anonymous_args = 0
  32              		@ link register save eliminated.
  33              		.loc 1 13 29 is_stmt 0 view .LVU1
  14:queue.c       **** 	f->head = 0;
  34              		.loc 1 14 2 is_stmt 1 view .LVU2
  35              		.loc 1 14 10 is_stmt 0 view .LVU3
  36 0000 0023     		movs	r3, #0
  15:queue.c       **** 	f->tail = 0;
  37              		.loc 1 15 10 view .LVU4
  38 0002 C0E90A33 		strd	r3, r3, [r0, #40]
  16:queue.c       **** }
  39              		.loc 1 16 1 view .LVU5
  40 0006 7047     		bx	lr
  41              		.cfi_endproc
  42              	.LFE0:
ARM GAS  /tmp/ccEMxnQM.s 			page 2


  44              		.section	.text.queue_insert,"ax",%progbits
  45              		.align	1
  46              		.global	queue_insert
  47              		.syntax unified
  48              		.thumb
  49              		.thumb_func
  51              	queue_insert:
  52              	.LVL1:
  53              	.LFB1:
  17:queue.c       **** 
  18:queue.c       **** // insert
  19:queue.c       **** int queue_insert(queue_t *f, void *x) {
  54              		.loc 1 19 39 is_stmt 1 view -0
  55              		.cfi_startproc
  56              		@ args = 0, pretend = 0, frame = 0
  57              		@ frame_needed = 0, uses_anonymous_args = 0
  58              		@ link register save eliminated.
  59              		.loc 1 19 39 is_stmt 0 view .LVU7
  20:queue.c       **** 	unsigned newtail;
  60              		.loc 1 20 2 is_stmt 1 view .LVU8
  21:queue.c       **** 	// access next free element
  22:queue.c       **** 	newtail = f->tail + 1;
  61              		.loc 1 22 2 view .LVU9
  62              		.loc 1 22 10 is_stmt 0 view .LVU10
  63 0000 C36A     		ldr	r3, [r0, #44]
  23:queue.c       **** 
  24:queue.c       **** 	// wrap around to beginning if needed
  25:queue.c       **** 	if (newtail >= FIFOSIZE) { newtail = 0; }
  26:queue.c       **** 
  27:queue.c       **** 	// if head and tail are equal, queue is full
  28:queue.c       **** 	if (newtail == f->head) { return 0; }
  64              		.loc 1 28 5 view .LVU11
  65 0002 826A     		ldr	r2, [r0, #40]
  22:queue.c       **** 
  66              		.loc 1 22 10 view .LVU12
  67 0004 0133     		adds	r3, r3, #1
  68              	.LVL2:
  25:queue.c       **** 
  69              		.loc 1 25 2 is_stmt 1 view .LVU13
  25:queue.c       **** 
  70              		.loc 1 25 37 is_stmt 0 discriminator 1 view .LVU14
  71 0006 0A2B     		cmp	r3, #10
  72 0008 28BF     		it	cs
  73 000a 0023     		movcs	r3, #0
  74              	.LVL3:
  75              		.loc 1 28 2 is_stmt 1 view .LVU15
  76              		.loc 1 28 5 is_stmt 0 view .LVU16
  77 000c 9A42     		cmp	r2, r3
  29:queue.c       **** 
  30:queue.c       **** 	// write data before updating pointer
  31:queue.c       **** 	f->data[newtail] = x;
  78              		.loc 1 31 2 is_stmt 1 view .LVU17
  79              		.loc 1 31 19 is_stmt 0 view .LVU18
  80 000e 1DBF     		ittte	ne
  81 0010 40F82310 		strne	r1, [r0, r3, lsl #2]
  32:queue.c       **** 	f->tail = newtail;
  82              		.loc 1 32 2 is_stmt 1 view .LVU19
ARM GAS  /tmp/ccEMxnQM.s 			page 3


  83              		.loc 1 32 10 is_stmt 0 view .LVU20
  84 0014 C362     		strne	r3, [r0, #44]
  33:queue.c       **** 
  34:queue.c       **** 	return 1;
  85              		.loc 1 34 2 is_stmt 1 view .LVU21
  86              		.loc 1 34 9 is_stmt 0 view .LVU22
  87 0016 0120     		movne	r0, #1
  88              	.LVL4:
  28:queue.c       **** 
  89              		.loc 1 28 35 discriminator 1 view .LVU23
  90 0018 0020     		moveq	r0, #0
  35:queue.c       **** }
  91              		.loc 1 35 1 view .LVU24
  92 001a 7047     		bx	lr
  93              		.cfi_endproc
  94              	.LFE1:
  96              		.section	.text.queue_remove,"ax",%progbits
  97              		.align	1
  98              		.global	queue_remove
  99              		.syntax unified
 100              		.thumb
 101              		.thumb_func
 103              	queue_remove:
 104              	.LVL5:
 105              	.LFB2:
  36:queue.c       **** 
  37:queue.c       **** // TODO remove
  38:queue.c       **** int queue_remove(queue_t *f, void **x) {
 106              		.loc 1 38 40 is_stmt 1 view -0
 107              		.cfi_startproc
 108              		@ args = 0, pretend = 0, frame = 0
 109              		@ frame_needed = 0, uses_anonymous_args = 0
 110              		@ link register save eliminated.
 111              		.loc 1 38 40 is_stmt 0 view .LVU26
  39:queue.c       **** 	unsigned newhead;
 112              		.loc 1 39 2 is_stmt 1 view .LVU27
  40:queue.c       **** 
  41:queue.c       **** 	if (f->head == f->tail) { return 0; }
 113              		.loc 1 41 2 view .LVU28
 114              		.loc 1 41 5 is_stmt 0 view .LVU29
 115 0000 D0E90A32 		ldrd	r3, r2, [r0, #40]
 116 0004 9342     		cmp	r3, r2
 117 0006 09D0     		beq	.L10
  42:queue.c       **** 
  43:queue.c       **** 	newhead = f->head + 1;
 118              		.loc 1 43 2 is_stmt 1 view .LVU30
 119              		.loc 1 43 10 is_stmt 0 view .LVU31
 120 0008 0133     		adds	r3, r3, #1
 121              	.LVL6:
  44:queue.c       **** 
  45:queue.c       **** 	if (newhead >= FIFOSIZE) { newhead = 0; }
 122              		.loc 1 45 2 is_stmt 1 view .LVU32
 123              		.loc 1 45 37 is_stmt 0 discriminator 1 view .LVU33
 124 000a 0A2B     		cmp	r3, #10
 125 000c 28BF     		it	cs
 126 000e 0023     		movcs	r3, #0
 127              	.LVL7:
ARM GAS  /tmp/ccEMxnQM.s 			page 4


  46:queue.c       **** 
  47:queue.c       **** 	*x = f->data[newhead];
 128              		.loc 1 47 2 is_stmt 1 view .LVU34
 129              		.loc 1 47 14 is_stmt 0 view .LVU35
 130 0010 50F82320 		ldr	r2, [r0, r3, lsl #2]
 131              		.loc 1 47 5 view .LVU36
 132 0014 0A60     		str	r2, [r1]
  48:queue.c       **** 	f->head = newhead;
 133              		.loc 1 48 2 is_stmt 1 view .LVU37
 134              		.loc 1 48 10 is_stmt 0 view .LVU38
 135 0016 8362     		str	r3, [r0, #40]
  49:queue.c       **** 
  50:queue.c       **** 	return 1;
 136              		.loc 1 50 2 is_stmt 1 view .LVU39
 137              		.loc 1 50 9 is_stmt 0 view .LVU40
 138 0018 0120     		movs	r0, #1
 139              	.LVL8:
 140              		.loc 1 50 9 view .LVU41
 141 001a 7047     		bx	lr
 142              	.LVL9:
 143              	.L10:
  41:queue.c       **** 
 144              		.loc 1 41 35 discriminator 1 view .LVU42
 145 001c 0020     		movs	r0, #0
 146              	.LVL10:
  51:queue.c       **** }
 147              		.loc 1 51 1 view .LVU43
 148 001e 7047     		bx	lr
 149              		.cfi_endproc
 150              	.LFE2:
 152              		.text
 153              	.Letext0:
 154              		.file 2 "queue.h"
ARM GAS  /tmp/ccEMxnQM.s 			page 5


DEFINED SYMBOLS
                            *ABS*:00000000 queue.c
     /tmp/ccEMxnQM.s:19     .text.queue_init:00000000 $t
     /tmp/ccEMxnQM.s:25     .text.queue_init:00000000 queue_init
     /tmp/ccEMxnQM.s:45     .text.queue_insert:00000000 $t
     /tmp/ccEMxnQM.s:51     .text.queue_insert:00000000 queue_insert
     /tmp/ccEMxnQM.s:97     .text.queue_remove:00000000 $t
     /tmp/ccEMxnQM.s:103    .text.queue_remove:00000000 queue_remove

NO UNDEFINED SYMBOLS
