ARM GAS  /tmp/ccQBAtIr.s 			page 1


   1              		.cpu cortex-m3
   2              		.arch armv7-m
   3              		.fpu softvfp
   4              		.eabi_attribute 20, 1
   5              		.eabi_attribute 21, 1
   6              		.eabi_attribute 23, 3
   7              		.eabi_attribute 24, 1
   8              		.eabi_attribute 25, 1
   9              		.eabi_attribute 26, 1
  10              		.eabi_attribute 30, 4
  11              		.eabi_attribute 34, 1
  12              		.eabi_attribute 18, 4
  13              		.file	"xmas.c"
  14              		.text
  15              	.Ltext0:
  16              		.cfi_sections	.debug_frame
  17              		.file 1 "xmas.c"
  18              		.section	.text.xmas_main,"ax",%progbits
  19              		.align	1
  20              		.global	xmas_main
  21              		.syntax unified
  22              		.thumb
  23              		.thumb_func
  25              	xmas_main:
  26              	.LFB2:
   1:xmas.c        **** /*
   2:xmas.c        ****  * Copyright 2020 Mike Ryan
   3:xmas.c        ****  *
   4:xmas.c        ****  * This file is part of Project Ubertooth and is released under the
   5:xmas.c        ****  * terms of the GPL. Refer to COPYING for more information.
   6:xmas.c        ****  */
   7:xmas.c        **** 
   8:xmas.c        **** #include <stdlib.h>
   9:xmas.c        **** 
  10:xmas.c        **** #include "ubertooth.h"
  11:xmas.c        **** 
  12:xmas.c        **** extern volatile uint8_t requested_mode;
  13:xmas.c        **** 
  14:xmas.c        **** #define NOW T2TC
  15:xmas.c        **** 
  16:xmas.c        **** static void timer2_start(void) {
  17:xmas.c        **** 	PCONP |= PCONP_PCTIM2;
  18:xmas.c        **** 	T2TCR = TCR_Counter_Reset;
  19:xmas.c        **** 	T2PR = 50000-1; // 1 ms
  20:xmas.c        **** 	T2TCR = TCR_Counter_Enable;
  21:xmas.c        **** 
  22:xmas.c        **** 	// set up interrupt handler
  23:xmas.c        **** 	ISER0 = ISER0_ISE_TIMER2;
  24:xmas.c        **** }
  25:xmas.c        **** 
  26:xmas.c        **** static void timer2_stop(void) {
  27:xmas.c        **** 	T2TCR = TCR_Counter_Reset;
  28:xmas.c        **** 
  29:xmas.c        **** 	// clear interrupt handler
  30:xmas.c        **** 	ICER0 = ICER0_ICE_TIMER2;
  31:xmas.c        **** 
  32:xmas.c        **** 	PCONP &= ~PCONP_PCTIM2;
ARM GAS  /tmp/ccQBAtIr.s 			page 2


  33:xmas.c        **** }
  34:xmas.c        **** 
  35:xmas.c        **** #define BLINK (NOW + 400 + (rand() % 1200))
  36:xmas.c        **** 
  37:xmas.c        **** void xmas_main(void) {
  27              		.loc 1 37 22 view -0
  28              		.cfi_startproc
  29              		@ args = 0, pretend = 0, frame = 0
  30              		@ frame_needed = 0, uses_anonymous_args = 0
  31 0000 70B5     		push	{r4, r5, r6, lr}
  32              		.cfi_def_cfa_offset 16
  33              		.cfi_offset 4, -16
  34              		.cfi_offset 5, -12
  35              		.cfi_offset 6, -8
  36              		.cfi_offset 14, -4
  38:xmas.c        **** 	// enable USB interrupts
  39:xmas.c        **** 	ISER0 = ISER0_ISE_USB;
  37              		.loc 1 39 2 view .LVU1
  38              		.loc 1 39 8 is_stmt 0 view .LVU2
  39 0002 4FF0E022 		mov	r2, #-536813568
  40 0006 4FF08073 		mov	r3, #16777216
  41              	.LBB6:
  42              	.LBB7:
  17:xmas.c        **** 	T2TCR = TCR_Counter_Reset;
  43              		.loc 1 17 2 view .LVU3
  44 000a 2A49     		ldr	r1, .L4
  45              	.LBE7:
  46              	.LBE6:
  47              		.loc 1 39 8 view .LVU4
  48 000c C2F80031 		str	r3, [r2, #256]
  40:xmas.c        **** 
  41:xmas.c        **** 	timer2_start();
  49              		.loc 1 41 2 is_stmt 1 view .LVU5
  50              	.LBB9:
  51              	.LBI6:
  16:xmas.c        **** 	PCONP |= PCONP_PCTIM2;
  52              		.loc 1 16 13 view .LVU6
  53              	.LBB8:
  17:xmas.c        **** 	T2TCR = TCR_Counter_Reset;
  54              		.loc 1 17 2 view .LVU7
  55 0010 D1F8C430 		ldr	r3, [r1, #196]
  18:xmas.c        **** 	T2PR = 50000-1; // 1 ms
  56              		.loc 1 18 8 is_stmt 0 view .LVU8
  57 0014 284C     		ldr	r4, .L4+4
  17:xmas.c        **** 	T2TCR = TCR_Counter_Reset;
  58              		.loc 1 17 8 view .LVU9
  59 0016 43F48003 		orr	r3, r3, #4194304
  60 001a C1F8C430 		str	r3, [r1, #196]
  18:xmas.c        **** 	T2PR = 50000-1; // 1 ms
  61              		.loc 1 18 2 is_stmt 1 view .LVU10
  18:xmas.c        **** 	T2PR = 50000-1; // 1 ms
  62              		.loc 1 18 8 is_stmt 0 view .LVU11
  63 001e 0223     		movs	r3, #2
  64 0020 6360     		str	r3, [r4, #4]
  19:xmas.c        **** 	T2TCR = TCR_Counter_Enable;
  65              		.loc 1 19 2 is_stmt 1 view .LVU12
  19:xmas.c        **** 	T2TCR = TCR_Counter_Enable;
ARM GAS  /tmp/ccQBAtIr.s 			page 3


  66              		.loc 1 19 7 is_stmt 0 view .LVU13
  67 0022 4CF24F33 		movw	r3, #49999
  68 0026 E360     		str	r3, [r4, #12]
  20:xmas.c        **** 
  69              		.loc 1 20 2 is_stmt 1 view .LVU14
  20:xmas.c        **** 
  70              		.loc 1 20 8 is_stmt 0 view .LVU15
  71 0028 0123     		movs	r3, #1
  72 002a 6360     		str	r3, [r4, #4]
  23:xmas.c        **** }
  73              		.loc 1 23 2 is_stmt 1 view .LVU16
  23:xmas.c        **** }
  74              		.loc 1 23 8 is_stmt 0 view .LVU17
  75 002c 0823     		movs	r3, #8
  76 002e C2F80031 		str	r3, [r2, #256]
  77              	.LBE8:
  78              	.LBE9:
  42:xmas.c        **** 
  43:xmas.c        **** 	T2MR0 = BLINK;
  79              		.loc 1 43 2 is_stmt 1 view .LVU18
  80              		.loc 1 43 10 is_stmt 0 discriminator 1 view .LVU19
  81 0032 4FF49665 		mov	r5, #1200
  82              		.loc 1 43 10 view .LVU20
  83 0036 A668     		ldr	r6, [r4, #8]
  84 0038 FFF7FEFF 		bl	rand
  85              	.LVL0:
  86              		.loc 1 43 10 discriminator 1 view .LVU21
  87 003c 90FBF5F3 		sdiv	r3, r0, r5
  88 0040 03FB1500 		mls	r0, r3, r5, r0
  89 0044 06F5C876 		add	r6, r6, #400
  90 0048 3044     		add	r0, r0, r6
  91              		.loc 1 43 8 discriminator 1 view .LVU22
  92 004a A061     		str	r0, [r4, #24]
  44:xmas.c        **** 	T2MR1 = BLINK;
  93              		.loc 1 44 2 is_stmt 1 view .LVU23
  94              		.loc 1 44 10 is_stmt 0 view .LVU24
  95 004c A668     		ldr	r6, [r4, #8]
  96 004e FFF7FEFF 		bl	rand
  97              	.LVL1:
  98              		.loc 1 44 10 discriminator 1 view .LVU25
  99 0052 90FBF5F3 		sdiv	r3, r0, r5
 100 0056 03FB1500 		mls	r0, r3, r5, r0
 101 005a 06F5C876 		add	r6, r6, #400
 102 005e 3044     		add	r0, r0, r6
 103              		.loc 1 44 8 discriminator 1 view .LVU26
 104 0060 E061     		str	r0, [r4, #28]
  45:xmas.c        **** 	T2MR2 = BLINK;
 105              		.loc 1 45 2 is_stmt 1 view .LVU27
 106              		.loc 1 45 10 is_stmt 0 view .LVU28
 107 0062 A668     		ldr	r6, [r4, #8]
 108 0064 FFF7FEFF 		bl	rand
 109              	.LVL2:
 110              		.loc 1 45 10 discriminator 1 view .LVU29
 111 0068 90FBF5F3 		sdiv	r3, r0, r5
 112 006c 03FB1500 		mls	r0, r3, r5, r0
 113 0070 06F5C876 		add	r6, r6, #400
 114 0074 3044     		add	r0, r0, r6
ARM GAS  /tmp/ccQBAtIr.s 			page 4


 115              		.loc 1 45 8 discriminator 1 view .LVU30
 116 0076 2062     		str	r0, [r4, #32]
  46:xmas.c        **** 
  47:xmas.c        **** 	T2MCR |= TMCR_MR0I | TMCR_MR1I | TMCR_MR2I;
 117              		.loc 1 47 2 is_stmt 1 view .LVU31
 118 0078 6369     		ldr	r3, [r4, #20]
  48:xmas.c        **** 
  49:xmas.c        **** 	while (requested_mode == MODE_XMAS)
 119              		.loc 1 49 24 is_stmt 0 view .LVU32
 120 007a 104A     		ldr	r2, .L4+8
  47:xmas.c        **** 
 121              		.loc 1 47 8 view .LVU33
 122 007c 43F04903 		orr	r3, r3, #73
 123 0080 6361     		str	r3, [r4, #20]
 124              		.loc 1 49 2 is_stmt 1 view .LVU34
 125              	.L2:
 126              		.loc 1 49 24 view .LVU35
 127 0082 1378     		ldrb	r3, [r2]	@ zero_extendqisi2
 128 0084 112B     		cmp	r3, #17
 129 0086 12D0     		beq	.L3
  50:xmas.c        **** 		asm("WFI"); // wait for interrupt
  51:xmas.c        **** 
  52:xmas.c        **** 	timer2_stop();
 130              		.loc 1 52 2 view .LVU36
 131              	.LBB10:
 132              	.LBI10:
  26:xmas.c        **** 	T2TCR = TCR_Counter_Reset;
 133              		.loc 1 26 13 view .LVU37
 134              	.LBB11:
  27:xmas.c        **** 
 135              		.loc 1 27 2 view .LVU38
  27:xmas.c        **** 
 136              		.loc 1 27 8 is_stmt 0 view .LVU39
 137 0088 0223     		movs	r3, #2
  30:xmas.c        **** 
 138              		.loc 1 30 8 view .LVU40
 139 008a 4FF0E022 		mov	r2, #-536813568
  27:xmas.c        **** 
 140              		.loc 1 27 8 view .LVU41
 141 008e 6360     		str	r3, [r4, #4]
  30:xmas.c        **** 
 142              		.loc 1 30 2 is_stmt 1 view .LVU42
  30:xmas.c        **** 
 143              		.loc 1 30 8 is_stmt 0 view .LVU43
 144 0090 0823     		movs	r3, #8
  32:xmas.c        **** }
 145              		.loc 1 32 8 view .LVU44
 146 0092 0849     		ldr	r1, .L4
  30:xmas.c        **** 
 147              		.loc 1 30 8 view .LVU45
 148 0094 C2F88031 		str	r3, [r2, #384]
  32:xmas.c        **** }
 149              		.loc 1 32 2 is_stmt 1 view .LVU46
  32:xmas.c        **** }
 150              		.loc 1 32 8 is_stmt 0 view .LVU47
 151 0098 D1F8C430 		ldr	r3, [r1, #196]
 152 009c 23F48003 		bic	r3, r3, #4194304
ARM GAS  /tmp/ccQBAtIr.s 			page 5


 153 00a0 C1F8C430 		str	r3, [r1, #196]
 154              	.LBE11:
 155              	.LBE10:
  53:xmas.c        **** 
  54:xmas.c        **** 	// disable USB interrupts
  55:xmas.c        **** 	ICER0 = ICER0_ICE_USB;
 156              		.loc 1 55 2 is_stmt 1 view .LVU48
 157              		.loc 1 55 8 is_stmt 0 view .LVU49
 158 00a4 4FF08073 		mov	r3, #16777216
 159 00a8 C2F88031 		str	r3, [r2, #384]
  56:xmas.c        **** }
 160              		.loc 1 56 1 view .LVU50
 161 00ac 70BD     		pop	{r4, r5, r6, pc}
 162              	.L3:
  50:xmas.c        **** 
 163              		.loc 1 50 3 is_stmt 1 view .LVU51
 164              		.syntax unified
 165              	@ 50 "xmas.c" 1
 166 00ae 30BF     		WFI
 167              	@ 0 "" 2
 168              		.thumb
 169              		.syntax unified
 170 00b0 E7E7     		b	.L2
 171              	.L5:
 172 00b2 00BF     		.align	2
 173              	.L4:
 174 00b4 00C00F40 		.word	1074774016
 175 00b8 00000940 		.word	1074331648
 176 00bc 00000000 		.word	requested_mode
 177              		.cfi_endproc
 178              	.LFE2:
 180              		.section	.text.TIMER2_IRQHandler,"ax",%progbits
 181              		.align	1
 182              		.global	TIMER2_IRQHandler
 183              		.syntax unified
 184              		.thumb
 185              		.thumb_func
 187              	TIMER2_IRQHandler:
 188              	.LFB3:
  57:xmas.c        **** 
  58:xmas.c        **** void TIMER2_IRQHandler(void) {
 189              		.loc 1 58 30 view -0
 190              		.cfi_startproc
 191              		@ args = 0, pretend = 0, frame = 0
 192              		@ frame_needed = 0, uses_anonymous_args = 0
 193 0000 38B5     		push	{r3, r4, r5, lr}
 194              		.cfi_def_cfa_offset 16
 195              		.cfi_offset 3, -16
 196              		.cfi_offset 4, -12
 197              		.cfi_offset 5, -8
 198              		.cfi_offset 14, -4
  59:xmas.c        **** 	if (T2IR & TIR_MR0_Interrupt) {
 199              		.loc 1 59 2 view .LVU53
 200              		.loc 1 59 6 is_stmt 0 view .LVU54
 201 0002 2C4B     		ldr	r3, .L25
 202 0004 1A68     		ldr	r2, [r3]
 203              		.loc 1 59 5 view .LVU55
ARM GAS  /tmp/ccQBAtIr.s 			page 6


 204 0006 D007     		lsls	r0, r2, #31
 205 0008 18D5     		bpl	.L7
  60:xmas.c        **** 		T2IR = TIR_MR0_Interrupt;
 206              		.loc 1 60 3 is_stmt 1 view .LVU56
 207              		.loc 1 60 8 is_stmt 0 view .LVU57
 208 000a 0122     		movs	r2, #1
 209 000c 1A60     		str	r2, [r3]
  61:xmas.c        **** 		if (USRLED) USRLED_CLR; else USRLED_SET;
 210              		.loc 1 61 3 is_stmt 1 view .LVU58
 211              		.loc 1 61 7 is_stmt 0 view .LVU59
 212 000e 2A4B     		ldr	r3, .L25+4
  62:xmas.c        **** 		T2MR0 = BLINK;
 213              		.loc 1 62 11 view .LVU60
 214 0010 284D     		ldr	r5, .L25
  61:xmas.c        **** 		if (USRLED) USRLED_CLR; else USRLED_SET;
 215              		.loc 1 61 7 view .LVU61
 216 0012 5A6B     		ldr	r2, [r3, #52]
  61:xmas.c        **** 		if (USRLED) USRLED_CLR; else USRLED_SET;
 217              		.loc 1 61 6 view .LVU62
 218 0014 12F0020F 		tst	r2, #2
 219 0018 4FF00202 		mov	r2, #2
  61:xmas.c        **** 		if (USRLED) USRLED_CLR; else USRLED_SET;
 220              		.loc 1 61 15 is_stmt 1 discriminator 1 view .LVU63
 221 001c 14BF     		ite	ne
 222 001e DA63     		strne	r2, [r3, #60]
  61:xmas.c        **** 		if (USRLED) USRLED_CLR; else USRLED_SET;
 223              		.loc 1 61 32 discriminator 2 view .LVU64
 224 0020 9A63     		streq	r2, [r3, #56]
 225              		.loc 1 62 3 view .LVU65
 226              		.loc 1 62 11 is_stmt 0 view .LVU66
 227 0022 AC68     		ldr	r4, [r5, #8]
 228 0024 FFF7FEFF 		bl	rand
 229              	.LVL3:
 230              		.loc 1 62 11 discriminator 1 view .LVU67
 231 0028 4FF49663 		mov	r3, #1200
 232 002c 90FBF3F2 		sdiv	r2, r0, r3
 233 0030 02FB1300 		mls	r0, r2, r3, r0
 234 0034 04F5C874 		add	r4, r4, #400
 235 0038 2044     		add	r0, r0, r4
 236              		.loc 1 62 9 discriminator 1 view .LVU68
 237 003a A861     		str	r0, [r5, #24]
 238              	.L7:
  63:xmas.c        **** 	}
  64:xmas.c        **** 	if (T2IR & TIR_MR1_Interrupt) {
 239              		.loc 1 64 2 is_stmt 1 view .LVU69
 240              		.loc 1 64 6 is_stmt 0 view .LVU70
 241 003c 1D4B     		ldr	r3, .L25
 242 003e 1A68     		ldr	r2, [r3]
 243              		.loc 1 64 5 view .LVU71
 244 0040 9107     		lsls	r1, r2, #30
 245 0042 18D5     		bpl	.L10
  65:xmas.c        **** 		T2IR = TIR_MR1_Interrupt;
 246              		.loc 1 65 3 is_stmt 1 view .LVU72
 247              		.loc 1 65 8 is_stmt 0 view .LVU73
 248 0044 0222     		movs	r2, #2
 249 0046 1A60     		str	r2, [r3]
  66:xmas.c        **** 		if (RXLED) RXLED_CLR; else RXLED_SET;
ARM GAS  /tmp/ccQBAtIr.s 			page 7


 250              		.loc 1 66 3 is_stmt 1 view .LVU74
 251              		.loc 1 66 7 is_stmt 0 view .LVU75
 252 0048 1B4B     		ldr	r3, .L25+4
  67:xmas.c        **** 		T2MR1 = BLINK;
 253              		.loc 1 67 11 view .LVU76
 254 004a 1A4D     		ldr	r5, .L25
  66:xmas.c        **** 		if (RXLED) RXLED_CLR; else RXLED_SET;
 255              		.loc 1 66 7 view .LVU77
 256 004c 5A6B     		ldr	r2, [r3, #52]
  66:xmas.c        **** 		if (RXLED) RXLED_CLR; else RXLED_SET;
 257              		.loc 1 66 6 view .LVU78
 258 004e 12F0100F 		tst	r2, #16
 259 0052 4FF01002 		mov	r2, #16
  66:xmas.c        **** 		if (RXLED) RXLED_CLR; else RXLED_SET;
 260              		.loc 1 66 14 is_stmt 1 discriminator 1 view .LVU79
 261 0056 14BF     		ite	ne
 262 0058 DA63     		strne	r2, [r3, #60]
  66:xmas.c        **** 		if (RXLED) RXLED_CLR; else RXLED_SET;
 263              		.loc 1 66 30 discriminator 2 view .LVU80
 264 005a 9A63     		streq	r2, [r3, #56]
 265              		.loc 1 67 3 view .LVU81
 266              		.loc 1 67 11 is_stmt 0 view .LVU82
 267 005c AC68     		ldr	r4, [r5, #8]
 268 005e FFF7FEFF 		bl	rand
 269              	.LVL4:
 270              		.loc 1 67 11 discriminator 1 view .LVU83
 271 0062 4FF49663 		mov	r3, #1200
 272 0066 90FBF3F2 		sdiv	r2, r0, r3
 273 006a 02FB1300 		mls	r0, r2, r3, r0
 274 006e 04F5C874 		add	r4, r4, #400
 275 0072 2044     		add	r0, r0, r4
 276              		.loc 1 67 9 discriminator 1 view .LVU84
 277 0074 E861     		str	r0, [r5, #28]
 278              	.L10:
  68:xmas.c        **** 	}
  69:xmas.c        **** 	if (T2IR & TIR_MR2_Interrupt) {
 279              		.loc 1 69 2 is_stmt 1 view .LVU85
 280              		.loc 1 69 6 is_stmt 0 view .LVU86
 281 0076 0F4B     		ldr	r3, .L25
 282 0078 1A68     		ldr	r2, [r3]
 283              		.loc 1 69 5 view .LVU87
 284 007a 5207     		lsls	r2, r2, #29
 285 007c 18D5     		bpl	.L6
  70:xmas.c        **** 		T2IR = TIR_MR2_Interrupt;
 286              		.loc 1 70 3 is_stmt 1 view .LVU88
 287              		.loc 1 70 8 is_stmt 0 view .LVU89
 288 007e 0422     		movs	r2, #4
 289 0080 1A60     		str	r2, [r3]
  71:xmas.c        **** 		if (TXLED) TXLED_CLR; else TXLED_SET;
 290              		.loc 1 71 3 is_stmt 1 view .LVU90
 291              		.loc 1 71 7 is_stmt 0 view .LVU91
 292 0082 0D4B     		ldr	r3, .L25+4
  72:xmas.c        **** 		T2MR2 = BLINK;
 293              		.loc 1 72 11 view .LVU92
 294 0084 0B4D     		ldr	r5, .L25
  71:xmas.c        **** 		if (TXLED) TXLED_CLR; else TXLED_SET;
 295              		.loc 1 71 7 view .LVU93
ARM GAS  /tmp/ccQBAtIr.s 			page 8


 296 0086 5A6B     		ldr	r2, [r3, #52]
  71:xmas.c        **** 		if (TXLED) TXLED_CLR; else TXLED_SET;
 297              		.loc 1 71 6 view .LVU94
 298 0088 12F4807F 		tst	r2, #256
 299 008c 4FF48072 		mov	r2, #256
  71:xmas.c        **** 		if (TXLED) TXLED_CLR; else TXLED_SET;
 300              		.loc 1 71 14 is_stmt 1 discriminator 1 view .LVU95
 301 0090 14BF     		ite	ne
 302 0092 DA63     		strne	r2, [r3, #60]
  71:xmas.c        **** 		if (TXLED) TXLED_CLR; else TXLED_SET;
 303              		.loc 1 71 30 discriminator 2 view .LVU96
 304 0094 9A63     		streq	r2, [r3, #56]
 305              		.loc 1 72 3 view .LVU97
 306              		.loc 1 72 11 is_stmt 0 view .LVU98
 307 0096 AC68     		ldr	r4, [r5, #8]
 308 0098 FFF7FEFF 		bl	rand
 309              	.LVL5:
 310              		.loc 1 72 11 discriminator 1 view .LVU99
 311 009c 4FF49663 		mov	r3, #1200
 312 00a0 90FBF3F2 		sdiv	r2, r0, r3
 313 00a4 02FB1300 		mls	r0, r2, r3, r0
 314 00a8 04F5C874 		add	r4, r4, #400
 315 00ac 2044     		add	r0, r0, r4
 316              		.loc 1 72 9 discriminator 1 view .LVU100
 317 00ae 2862     		str	r0, [r5, #32]
 318              	.L6:
  73:xmas.c        **** 	}
  74:xmas.c        **** }
 319              		.loc 1 74 1 view .LVU101
 320 00b0 38BD     		pop	{r3, r4, r5, pc}
 321              	.L26:
 322 00b2 00BF     		.align	2
 323              	.L25:
 324 00b4 00000940 		.word	1074331648
 325 00b8 00C00920 		.word	537509888
 326              		.cfi_endproc
 327              	.LFE3:
 329              		.text
 330              	.Letext0:
 331              		.file 2 "/usr/arm-none-eabi/include/machine/_default_types.h"
 332              		.file 3 "/usr/arm-none-eabi/include/sys/_stdint.h"
 333              		.file 4 "../common/ubertooth.h"
 334              		.file 5 "/usr/arm-none-eabi/include/stdlib.h"
ARM GAS  /tmp/ccQBAtIr.s 			page 9


DEFINED SYMBOLS
                            *ABS*:00000000 xmas.c
     /tmp/ccQBAtIr.s:19     .text.xmas_main:00000000 $t
     /tmp/ccQBAtIr.s:25     .text.xmas_main:00000000 xmas_main
     /tmp/ccQBAtIr.s:174    .text.xmas_main:000000b4 $d
     /tmp/ccQBAtIr.s:181    .text.TIMER2_IRQHandler:00000000 $t
     /tmp/ccQBAtIr.s:187    .text.TIMER2_IRQHandler:00000000 TIMER2_IRQHandler
     /tmp/ccQBAtIr.s:324    .text.TIMER2_IRQHandler:000000b4 $d

UNDEFINED SYMBOLS
rand
requested_mode
