ARM GAS  /tmp/ccjrbXqt.s 			page 1


   1              		.cpu cortex-m3
   2              		.arch armv7-m
   3              		.fpu softvfp
   4              		.eabi_attribute 20, 1
   5              		.eabi_attribute 21, 1
   6              		.eabi_attribute 23, 3
   7              		.eabi_attribute 24, 1
   8              		.eabi_attribute 25, 1
   9              		.eabi_attribute 26, 1
  10              		.eabi_attribute 30, 2
  11              		.eabi_attribute 34, 1
  12              		.eabi_attribute 18, 4
  13              		.file	"perm5.c"
  14              		.text
  15              	.Ltext0:
  16              		.cfi_sections	.debug_frame
  17              		.file 1 "src/codec/perm5.c"
  18              		.global	perm5_lut
  19              		.section	.rodata
  20              		.align	2
  23              	perm5_lut:
  24 0000 00010203 		.ascii	"\000\001\002\003\004\005\006\007\010\011\012\013\014"
  24      04050607 
  24      08090A0B 
  24      0C
  25 000d 0D0E0F10 		.ascii	"\015\016\017\020\021\022\023\024\025\026\027\030\031"
  25      11121314 
  25      15161718 
  25      19
  26 001a 1A1B1C1D 		.ascii	"\032\033\034\035\036\037\000\001\002\003\004\005\006"
  26      1E1F0001 
  26      02030405 
  26      06
  27 0027 07101112 		.ascii	"\007\020\021\022\023\024\025\026\027\010\011\012\013"
  27      13141516 
  27      1708090A 
  27      0B
  28 0034 0C0D0E0F 		.ascii	"\014\015\016\017\030\031\032\033\034\035\036\037\000"
  28      18191A1B 
  28      1C1D1E1F 
  28      00
  29 0041 01101104 		.ascii	"\001\020\021\004\005\024\025\010\011\030\031\014\015"
  29      05141508 
  29      0918190C 
  29      0D
  30 004e 1C1D0203 		.ascii	"\034\035\002\003\022\023\006\007\026\027\012\013\032"
  30      12130607 
  30      16170A0B 
  30      1A
  31 005b 1B0E0F1E 		.ascii	"\033\016\017\036\037\000\001\010\011\004\005\014\015"
  31      1F000108 
  31      0904050C 
  31      0D
  32 0068 10111819 		.ascii	"\020\021\030\031\024\025\034\035\002\003\012\013\006"
  32      14151C1D 
  32      02030A0B 
  32      06
ARM GAS  /tmp/ccjrbXqt.s 			page 2


  33 0075 070E0F12 		.ascii	"\007\016\017\022\023\032\033\026\027\036\037\000\010"
  33      131A1B16 
  33      171E1F00 
  33      08
  34 0082 020A040C 		.ascii	"\002\012\004\014\006\016\001\011\003\013\005\015\007"
  34      060E0109 
  34      030B050D 
  34      07
  35 008f 0F101812 		.ascii	"\017\020\030\022\032\024\034\026\036\021\031\023\033"
  35      1A141C16 
  35      1E111913 
  35      1B
  36 009c 151D171F 		.ascii	"\025\035\027\037\000\020\002\022\004\024\006\026\001"
  36      00100212 
  36      04140616 
  36      01
  37 00a9 11031305 		.ascii	"\021\003\023\005\025\007\027\010\030\012\032\014\034"
  37      15071708 
  37      180A1A0C 
  37      1C
  38 00b6 0E1E0919 		.ascii	"\016\036\011\031\013\033\015\035\017\037\000\010\020"
  38      0B1B0D1D 
  38      0F1F0008 
  38      10
  39 00c3 18040C14 		.ascii	"\030\004\014\024\034\001\011\021\031\005\015\025\035"
  39      1C010911 
  39      19050D15 
  39      1D
  40 00d0 020A121A 		.ascii	"\002\012\022\032\006\016\026\036\003\013\023\033\007"
  40      060E161E 
  40      030B131B 
  40      07
  41 00dd 0F171F00 		.ascii	"\017\027\037\000\020\010\030\004\024\014\034\001\021"
  41      10081804 
  41      140C1C01 
  41      11
  42 00ea 09190515 		.ascii	"\011\031\005\025\015\035\002\022\012\032\006\026\016"
  42      0D1D0212 
  42      0A1A0616 
  42      0E
  43 00f7 1E03130B 		.ascii	"\036\003\023\013\033\007\027\017\037\000\001\002\003"
  43      1B07170F 
  43      1F000102 
  43      03
  44 0104 10111213 		.ascii	"\020\021\022\023\010\011\012\013\030\031\032\033\004"
  44      08090A0B 
  44      18191A1B 
  44      04
  45 0111 05060714 		.ascii	"\005\006\007\024\025\026\027\014\015\016\017\034\035"
  45      1516170C 
  45      0D0E0F1C 
  45      1D
  46 011e 1E1F0001 		.ascii	"\036\037\000\001\002\003\010\011\012\013\020\021\022"
  46      02030809 
  46      0A0B1011 
  46      12
  47 012b 1318191A 		.ascii	"\023\030\031\032\033\004\005\006\007\014\015\016\017"
ARM GAS  /tmp/ccjrbXqt.s 			page 3


  47      1B040506 
  47      070C0D0E 
  47      0F
  48 0138 14151617 		.ascii	"\024\025\026\027\034\035\036\037\000\001\020\021\002"
  48      1C1D1E1F 
  48      00011011 
  48      02
  49 0145 03121308 		.ascii	"\003\022\023\010\011\030\031\012\013\032\033\004\005"
  49      0918190A 
  49      0B1A1B04 
  49      05
  50 0152 14150607 		.ascii	"\024\025\006\007\026\027\014\015\034\035\016\017\036"
  50      16170C0D 
  50      1C1D0E0F 
  50      1E
  51 015f 1F000108 		.ascii	"\037\000\001\010\011\002\003\012\013\020\021\030\031"
  51      0902030A 
  51      0B101118 
  51      19
  52 016c 12131A1B 		.ascii	"\022\023\032\033\004\005\014\015\006\007\016\017\024"
  52      04050C0D 
  52      06070E0F 
  52      14
  53 0179 151C1D16 		.ascii	"\025\034\035\026\027\036\037\000\010\002\012\020\030"
  53      171E1F00 
  53      08020A10 
  53      18
  54 0186 121A0109 		.ascii	"\022\032\001\011\003\013\021\031\023\033\004\014\006"
  54      030B1119 
  54      131B040C 
  54      06
  55 0193 0E141C16 		.ascii	"\016\024\034\026\036\005\015\007\017\025\035\027\037"
  55      1E050D07 
  55      0F151D17 
  55      1F
  56 01a0 00100212 		.ascii	"\000\020\002\022\010\030\012\032\001\021\003\023\011"
  56      08180A1A 
  56      01110313 
  56      09
  57 01ad 190B1B04 		.ascii	"\031\013\033\004\024\006\026\014\034\016\036\005\025"
  57      1406160C 
  57      1C0E1E05 
  57      15
  58 01ba 07170D1D 		.ascii	"\007\027\015\035\017\037\000\010\020\030\002\012\022"
  58      0F1F0008 
  58      1018020A 
  58      12
  59 01c7 1A010911 		.ascii	"\032\001\011\021\031\003\013\023\033\004\014\024\034"
  59      19030B13 
  59      1B040C14 
  59      1C
  60 01d4 060E161E 		.ascii	"\006\016\026\036\005\015\025\035\007\017\027\037\000"
  60      050D151D 
  60      070F171F 
  60      00
  61 01e1 10081802 		.ascii	"\020\010\030\002\022\012\032\001\021\011\031\003\023"
  61      120A1A01 
ARM GAS  /tmp/ccjrbXqt.s 			page 4


  61      11091903 
  61      13
  62 01ee 0B1B0414 		.ascii	"\013\033\004\024\014\034\006\026\016\036\005\025\015"
  62      0C1C0616 
  62      0E1E0515 
  62      0D
  63 01fb 1D07170F 		.ascii	"\035\007\027\017\037\000\001\010\011\004\005\014\015"
  63      1F000108 
  63      0904050C 
  63      0D
  64 0208 02030A0B 		.ascii	"\002\003\012\013\006\007\016\017\020\021\030\031\024"
  64      06070E0F 
  64      10111819 
  64      14
  65 0215 151C1D12 		.ascii	"\025\034\035\022\023\032\033\026\027\036\037\000\001"
  65      131A1B16 
  65      171E1F00 
  65      01
  66 0222 10110405 		.ascii	"\020\021\004\005\024\025\002\003\022\023\006\007\026"
  66      14150203 
  66      12130607 
  66      16
  67 022f 17080918 		.ascii	"\027\010\011\030\031\014\015\034\035\012\013\032\033"
  67      190C0D1C 
  67      1D0A0B1A 
  67      1B
  68 023c 0E0F1E1F 		.ascii	"\016\017\036\037\000\001\010\011\004\005\014\015\020"
  68      00010809 
  68      04050C0D 
  68      10
  69 0249 11181914 		.ascii	"\021\030\031\024\025\034\035\002\003\012\013\006\007"
  69      151C1D02 
  69      030A0B06 
  69      07
  70 0256 0E0F1213 		.ascii	"\016\017\022\023\032\033\026\027\036\037\000\001\020"
  70      1A1B1617 
  70      1E1F0001 
  70      10
  71 0263 11040514 		.ascii	"\021\004\005\024\025\010\011\030\031\014\015\034\035"
  71      15080918 
  71      190C0D1C 
  71      1D
  72 0270 02031213 		.ascii	"\002\003\022\023\006\007\026\027\012\013\032\033\016"
  72      06071617 
  72      0A0B1A1B 
  72      0E
  73 027d 0F1E1F00 		.ascii	"\017\036\037\000\010\001\011\004\014\005\015\002\012"
  73      08010904 
  73      0C050D02 
  73      0A
  74 028a 030B060E 		.ascii	"\003\013\006\016\007\017\020\030\021\031\024\034\025"
  74      070F1018 
  74      1119141C 
  74      15
  75 0297 1D121A13 		.ascii	"\035\022\032\023\033\026\036\027\037\000\020\001\021"
  75      1B161E17 
  75      1F001001 
ARM GAS  /tmp/ccjrbXqt.s 			page 5


  75      11
  76 02a4 04140515 		.ascii	"\004\024\005\025\002\022\003\023\006\026\007\027\010"
  76      02120313 
  76      06160717 
  76      08
  77 02b1 1809190C 		.ascii	"\030\011\031\014\034\015\035\012\032\013\033\016\036"
  77      1C0D1D0A 
  77      1A0B1B0E 
  77      1E
  78 02be 0F1F0008 		.ascii	"\017\037\000\010\001\011\004\014\005\015\020\030\021"
  78      0109040C 
  78      050D1018 
  78      11
  79 02cb 19141C15 		.ascii	"\031\024\034\025\035\002\012\003\013\006\016\007\017"
  79      1D020A03 
  79      0B060E07 
  79      0F
  80 02d8 121A131B 		.ascii	"\022\032\023\033\026\036\027\037\000\020\001\021\004"
  80      161E171F 
  80      00100111 
  80      04
  81 02e5 14051508 		.ascii	"\024\005\025\010\030\011\031\014\034\015\035\002\022"
  81      1809190C 
  81      1C0D1D02 
  81      12
  82 02f2 03130616 		.ascii	"\003\023\006\026\007\027\012\032\013\033\016\036\017"
  82      07170A1A 
  82      0B1B0E1E 
  82      0F
  83 02ff 1F000108 		.ascii	"\037\000\001\010\011\020\021\030\031\002\003\012\013"
  83      09101118 
  83      1902030A 
  83      0B
  84 030c 12131A1B 		.ascii	"\022\023\032\033\004\005\014\015\024\025\034\035\006"
  84      04050C0D 
  84      14151C1D 
  84      06
  85 0319 070E0F16 		.ascii	"\007\016\017\026\027\036\037\000\001\020\021\010\011"
  85      171E1F00 
  85      01101108 
  85      09
  86 0326 18190203 		.ascii	"\030\031\002\003\022\023\012\013\032\033\004\005\024"
  86      12130A0B 
  86      1A1B0405 
  86      14
  87 0333 150C0D1C 		.ascii	"\025\014\015\034\035\006\007\026\027\016\017\036\037"
  87      1D060716 
  87      170E0F1E 
  87      1F
  88 0340 00010809 		.ascii	"\000\001\010\011\002\003\012\013\020\021\030\031\022"
  88      02030A0B 
  88      10111819 
  88      12
  89 034d 131A1B04 		.ascii	"\023\032\033\004\005\014\015\006\007\016\017\024\025"
  89      050C0D06 
  89      070E0F14 
  89      15
ARM GAS  /tmp/ccjrbXqt.s 			page 6


  90 035a 1C1D1617 		.ascii	"\034\035\026\027\036\037\000\001\020\021\002\003\022"
  90      1E1F0001 
  90      10110203 
  90      12
  91 0367 13080918 		.ascii	"\023\010\011\030\031\012\013\032\033\004\005\024\025"
  91      190A0B1A 
  91      1B040514 
  91      15
  92 0374 06071617 		.ascii	"\006\007\026\027\014\015\034\035\016\017\036\037\000"
  92      0C0D1C1D 
  92      0E0F1E1F 
  92      00
  93 0381 08010910 		.ascii	"\010\001\011\020\030\021\031\002\012\003\013\022\032"
  93      18111902 
  93      0A030B12 
  93      1A
  94 038e 131B040C 		.ascii	"\023\033\004\014\005\015\024\034\025\035\006\016\007"
  94      050D141C 
  94      151D060E 
  94      07
  95 039b 0F161E17 		.ascii	"\017\026\036\027\037\000\020\001\021\010\030\011\031"
  95      1F001001 
  95      11081809 
  95      19
  96 03a8 02120313 		.ascii	"\002\022\003\023\012\032\013\033\004\024\005\025\014"
  96      0A1A0B1B 
  96      04140515 
  96      0C
  97 03b5 1C0D1D06 		.ascii	"\034\015\035\006\026\007\027\016\036\017\037\000\010"
  97      1607170E 
  97      1E0F1F00 
  97      08
  98 03c2 0109020A 		.ascii	"\001\011\002\012\003\013\020\030\021\031\022\032\023"
  98      030B1018 
  98      1119121A 
  98      13
  99 03cf 1B040C05 		.ascii	"\033\004\014\005\015\006\016\007\017\024\034\025\035"
  99      0D060E07 
  99      0F141C15 
  99      1D
 100 03dc 161E171F 		.ascii	"\026\036\027\037\000\020\001\021\002\022\003\023\010"
 100      00100111 
 100      02120313 
 100      08
 101 03e9 1809190A 		.ascii	"\030\011\031\012\032\013\033\004\024\005\025\006\026"
 101      1A0B1B04 
 101      14051506 
 101      16
 102 03f6 07170C1C 		.ascii	"\007\027\014\034\015\035\016\036\017\037\000\010\002"
 102      0D1D0E1E 
 102      0F1F0008 
 102      02
 103 0403 0A040C06 		.ascii	"\012\004\014\006\016\001\011\003\013\005\015\007\017"
 103      0E010903 
 103      0B050D07 
 103      0F
 104 0410 1018121A 		.ascii	"\020\030\022\032\024\034\026\036\021\031\023\033\025"
ARM GAS  /tmp/ccjrbXqt.s 			page 7


 104      141C161E 
 104      1119131B 
 104      15
 105 041d 1D171F00 		.ascii	"\035\027\037\000\020\002\022\004\024\006\026\001\021"
 105      10021204 
 105      14061601 
 105      11
 106 042a 03130515 		.ascii	"\003\023\005\025\007\027\010\030\012\032\014\034\016"
 106      07170818 
 106      0A1A0C1C 
 106      0E
 107 0437 1E09190B 		.ascii	"\036\011\031\013\033\015\035\017\037\000\010\020\030"
 107      1B0D1D0F 
 107      1F000810 
 107      18
 108 0444 040C141C 		.ascii	"\004\014\024\034\001\011\021\031\005\015\025\035\002"
 108      01091119 
 108      050D151D 
 108      02
 109 0451 0A121A06 		.ascii	"\012\022\032\006\016\026\036\003\013\023\033\007\017"
 109      0E161E03 
 109      0B131B07 
 109      0F
 110 045e 171F0010 		.ascii	"\027\037\000\020\010\030\004\024\014\034\001\021\011"
 110      08180414 
 110      0C1C0111 
 110      09
 111 046b 1905150D 		.ascii	"\031\005\025\015\035\002\022\012\032\006\026\016\036"
 111      1D02120A 
 111      1A06160E 
 111      1E
 112 0478 03130B1B 		.ascii	"\003\023\013\033\007\027\017\037\000\001\002\003\004"
 112      07170F1F 
 112      00010203 
 112      04
 113 0485 05060708 		.ascii	"\005\006\007\010\011\012\013\014\015\016\017\020\021"
 113      090A0B0C 
 113      0D0E0F10 
 113      11
 114 0492 12131415 		.ascii	"\022\023\024\025\026\027\030\031\032\033\034\035\036"
 114      16171819 
 114      1A1B1C1D 
 114      1E
 115 049f 1F000102 		.ascii	"\037\000\001\002\003\004\005\006\007\020\021\022\023"
 115      03040506 
 115      07101112 
 115      13
 116 04ac 14151617 		.ascii	"\024\025\026\027\010\011\012\013\014\015\016\017\030"
 116      08090A0B 
 116      0C0D0E0F 
 116      18
 117 04b9 191A1B1C 		.ascii	"\031\032\033\034\035\036\037\000\001\020\021\004\005"
 117      1D1E1F00 
 117      01101104 
 117      05
 118 04c6 14150809 		.ascii	"\024\025\010\011\030\031\014\015\034\035\002\003\022"
 118      18190C0D 
ARM GAS  /tmp/ccjrbXqt.s 			page 8


 118      1C1D0203 
 118      12
 119 04d3 13060716 		.ascii	"\023\006\007\026\027\012\013\032\033\016\017\036\037"
 119      170A0B1A 
 119      1B0E0F1E 
 119      1F
 120 04e0 00010809 		.ascii	"\000\001\010\011\004\005\014\015\020\021\030\031\024"
 120      04050C0D 
 120      10111819 
 120      14
 121 04ed 151C1D02 		.ascii	"\025\034\035\002\003\012\013\006\007\016\017\022\023"
 121      030A0B06 
 121      070E0F12 
 121      13
 122 04fa 1A1B1617 		.ascii	"\032\033\026\027\036\037\000\010\002\012\020\030\022"
 122      1E1F0008 
 122      020A1018 
 122      12
 123 0507 1A010903 		.ascii	"\032\001\011\003\013\021\031\023\033\004\014\006\016"
 123      0B111913 
 123      1B040C06 
 123      0E
 124 0514 141C161E 		.ascii	"\024\034\026\036\005\015\007\017\025\035\027\037\000"
 124      050D070F 
 124      151D171F 
 124      00
 125 0521 10021208 		.ascii	"\020\002\022\010\030\012\032\001\021\003\023\011\031"
 125      180A1A01 
 125      11031309 
 125      19
 126 052e 0B1B0414 		.ascii	"\013\033\004\024\006\026\014\034\016\036\005\025\007"
 126      06160C1C 
 126      0E1E0515 
 126      07
 127 053b 170D1D0F 		.ascii	"\027\015\035\017\037\000\010\020\030\002\012\022\032"
 127      1F000810 
 127      18020A12 
 127      1A
 128 0548 01091119 		.ascii	"\001\011\021\031\003\013\023\033\004\014\024\034\006"
 128      030B131B 
 128      040C141C 
 128      06
 129 0555 0E161E05 		.ascii	"\016\026\036\005\015\025\035\007\017\027\037\000\020"
 129      0D151D07 
 129      0F171F00 
 129      10
 130 0562 08180212 		.ascii	"\010\030\002\022\012\032\001\021\011\031\003\023\013"
 130      0A1A0111 
 130      09190313 
 130      0B
 131 056f 1B04140C 		.ascii	"\033\004\024\014\034\006\026\016\036\005\025\015\035"
 131      1C06160E 
 131      1E05150D 
 131      1D
 132 057c 07170F1F 		.ascii	"\007\027\017\037\000\001\002\003\020\021\022\023\010"
 132      00010203 
 132      10111213 
ARM GAS  /tmp/ccjrbXqt.s 			page 9


 132      08
 133 0589 090A0B18 		.ascii	"\011\012\013\030\031\032\033\004\005\006\007\024\025"
 133      191A1B04 
 133      05060714 
 133      15
 134 0596 16170C0D 		.ascii	"\026\027\014\015\016\017\034\035\036\037\000\001\002"
 134      0E0F1C1D 
 134      1E1F0001 
 134      02
 135 05a3 0308090A 		.ascii	"\003\010\011\012\013\020\021\022\023\030\031\032\033"
 135      0B101112 
 135      1318191A 
 135      1B
 136 05b0 04050607 		.ascii	"\004\005\006\007\014\015\016\017\024\025\026\027\034"
 136      0C0D0E0F 
 136      14151617 
 136      1C
 137 05bd 1D1E1F00 		.ascii	"\035\036\037\000\001\020\021\002\003\022\023\010\011"
 137      01101102 
 137      03121308 
 137      09
 138 05ca 18190A0B 		.ascii	"\030\031\012\013\032\033\004\005\024\025\006\007\026"
 138      1A1B0405 
 138      14150607 
 138      16
 139 05d7 170C0D1C 		.ascii	"\027\014\015\034\035\016\017\036\037\000\001\010\011"
 139      1D0E0F1E 
 139      1F000108 
 139      09
 140 05e4 02030A0B 		.ascii	"\002\003\012\013\020\021\030\031\022\023\032\033\004"
 140      10111819 
 140      12131A1B 
 140      04
 141 05f1 050C0D06 		.ascii	"\005\014\015\006\007\016\017\024\025\034\035\026\027"
 141      070E0F14 
 141      151C1D16 
 141      17
 142 05fe 1E1F0002 		.ascii	"\036\037\000\002\010\012\004\006\014\016\001\003\011"
 142      080A0406 
 142      0C0E0103 
 142      09
 143 060b 0B05070D 		.ascii	"\013\005\007\015\017\020\022\030\032\024\026\034\036"
 143      0F101218 
 143      1A14161C 
 143      1E
 144 0618 1113191B 		.ascii	"\021\023\031\033\025\027\035\037\000\002\020\022\004"
 144      15171D1F 
 144      00021012 
 144      04
 145 0625 06141601 		.ascii	"\006\024\026\001\003\021\023\005\007\025\027\010\012"
 145      03111305 
 145      07151708 
 145      0A
 146 0632 181A0C0E 		.ascii	"\030\032\014\016\034\036\011\013\031\033\015\017\035"
 146      1C1E090B 
 146      191B0D0F 
 146      1D
ARM GAS  /tmp/ccjrbXqt.s 			page 10


 147 063f 1F001008 		.ascii	"\037\000\020\010\030\004\024\014\034\001\021\011\031"
 147      1804140C 
 147      1C011109 
 147      19
 148 064c 05150D1D 		.ascii	"\005\025\015\035\002\022\012\032\006\026\016\036\003"
 148      02120A1A 
 148      06160E1E 
 148      03
 149 0659 130B1B07 		.ascii	"\023\013\033\007\027\017\037\000\010\020\030\004\014"
 149      170F1F00 
 149      08101804 
 149      0C
 150 0666 141C0109 		.ascii	"\024\034\001\011\021\031\005\015\025\035\002\012\022"
 150      1119050D 
 150      151D020A 
 150      12
 151 0673 1A060E16 		.ascii	"\032\006\016\026\036\003\013\023\033\007\017\027\037"
 151      1E030B13 
 151      1B070F17 
 151      1F
 152 0680 00020103 		.ascii	"\000\002\001\003\004\006\005\007\010\012\011\013\014"
 152      04060507 
 152      080A090B 
 152      0C
 153 068d 0E0D0F10 		.ascii	"\016\015\017\020\022\021\023\024\026\025\027\030\032"
 153      12111314 
 153      16151718 
 153      1A
 154 069a 191B1C1E 		.ascii	"\031\033\034\036\035\037\000\002\001\003\004\006\005"
 154      1D1F0002 
 154      01030406 
 154      05
 155 06a7 07101211 		.ascii	"\007\020\022\021\023\024\026\025\027\010\012\011\013"
 155      13141615 
 155      17080A09 
 155      0B
 156 06b4 0C0E0D0F 		.ascii	"\014\016\015\017\030\032\031\033\034\036\035\037\000"
 156      181A191B 
 156      1C1E1D1F 
 156      00
 157 06c1 10011104 		.ascii	"\020\001\021\004\024\005\025\010\030\011\031\014\034"
 157      14051508 
 157      1809190C 
 157      1C
 158 06ce 0D1D0212 		.ascii	"\015\035\002\022\003\023\006\026\007\027\012\032\013"
 158      03130616 
 158      07170A1A 
 158      0B
 159 06db 1B0E1E0F 		.ascii	"\033\016\036\017\037\000\010\001\011\004\014\005\015"
 159      1F000801 
 159      09040C05 
 159      0D
 160 06e8 10181119 		.ascii	"\020\030\021\031\024\034\025\035\002\012\003\013\006"
 160      141C151D 
 160      020A030B 
 160      06
 161 06f5 0E070F12 		.ascii	"\016\007\017\022\032\023\033\026\036\027\037\000\002"
ARM GAS  /tmp/ccjrbXqt.s 			page 11


 161      1A131B16 
 161      1E171F00 
 161      02
 162 0702 080A1012 		.ascii	"\010\012\020\022\030\032\001\003\011\013\021\023\031"
 162      181A0103 
 162      090B1113 
 162      19
 163 070f 1B04060C 		.ascii	"\033\004\006\014\016\024\026\034\036\005\007\015\017"
 163      0E14161C 
 163      1E05070D 
 163      0F
 164 071c 15171D1F 		.ascii	"\025\027\035\037\000\002\020\022\010\012\030\032\001"
 164      00021012 
 164      080A181A 
 164      01
 165 0729 03111309 		.ascii	"\003\021\023\011\013\031\033\004\006\024\026\014\016"
 165      0B191B04 
 165      0614160C 
 165      0E
 166 0736 1C1E0507 		.ascii	"\034\036\005\007\025\027\015\017\035\037\000\020\010"
 166      15170D0F 
 166      1D1F0010 
 166      08
 167 0743 1802120A 		.ascii	"\030\002\022\012\032\001\021\011\031\003\023\013\033"
 167      1A011109 
 167      1903130B 
 167      1B
 168 0750 04140C1C 		.ascii	"\004\024\014\034\006\026\016\036\005\025\015\035\007"
 168      06160E1E 
 168      05150D1D 
 168      07
 169 075d 170F1F00 		.ascii	"\027\017\037\000\010\020\030\002\012\022\032\001\011"
 169      08101802 
 169      0A121A01 
 169      09
 170 076a 1119030B 		.ascii	"\021\031\003\013\023\033\004\014\024\034\006\016\026"
 170      131B040C 
 170      141C060E 
 170      16
 171 0777 1E050D15 		.ascii	"\036\005\015\025\035\007\017\027\037\000\002\001\003"
 171      1D070F17 
 171      1F000201 
 171      03
 172 0784 10121113 		.ascii	"\020\022\021\023\010\012\011\013\030\032\031\033\004"
 172      080A090B 
 172      181A191B 
 172      04
 173 0791 06050714 		.ascii	"\006\005\007\024\026\025\027\014\016\015\017\034\036"
 173      1615170C 
 173      0E0D0F1C 
 173      1E
 174 079e 1D1F0002 		.ascii	"\035\037\000\002\001\003\010\012\011\013\020\022\021"
 174      0103080A 
 174      090B1012 
 174      11
 175 07ab 13181A19 		.ascii	"\023\030\032\031\033\004\006\005\007\014\016\015\017"
 175      1B040605 
ARM GAS  /tmp/ccjrbXqt.s 			page 12


 175      070C0E0D 
 175      0F
 176 07b8 14161517 		.ascii	"\024\026\025\027\034\036\035\037\000\020\001\021\002"
 176      1C1E1D1F 
 176      00100111 
 176      02
 177 07c5 12031308 		.ascii	"\022\003\023\010\030\011\031\012\032\013\033\004\024"
 177      1809190A 
 177      1A0B1B04 
 177      14
 178 07d2 05150616 		.ascii	"\005\025\006\026\007\027\014\034\015\035\016\036\017"
 178      07170C1C 
 178      0D1D0E1E 
 178      0F
 179 07df 1F000801 		.ascii	"\037\000\010\001\011\002\012\003\013\020\030\021\031"
 179      09020A03 
 179      0B101811 
 179      19
 180 07ec 121A131B 		.ascii	"\022\032\023\033\004\014\005\015\006\016\007\017\024"
 180      040C050D 
 180      060E070F 
 180      14
 181 07f9 1C151D16 		.ascii	"\034\025\035\026\036\027\037\000\001\004\005\002\003"
 181      1E171F00 
 181      01040502 
 181      03
 182 0806 06070809 		.ascii	"\006\007\010\011\014\015\012\013\016\017\020\021\024"
 182      0C0D0A0B 
 182      0E0F1011 
 182      14
 183 0813 15121316 		.ascii	"\025\022\023\026\027\030\031\034\035\032\033\036\037"
 183      1718191C 
 183      1D1A1B1E 
 183      1F
 184 0820 00010405 		.ascii	"\000\001\004\005\002\003\006\007\020\021\024\025\022"
 184      02030607 
 184      10111415 
 184      12
 185 082d 13161708 		.ascii	"\023\026\027\010\011\014\015\012\013\016\017\030\031"
 185      090C0D0A 
 185      0B0E0F18 
 185      19
 186 083a 1C1D1A1B 		.ascii	"\034\035\032\033\036\037\000\001\004\005\020\021\024"
 186      1E1F0001 
 186      04051011 
 186      14
 187 0847 1508090C 		.ascii	"\025\010\011\014\015\030\031\034\035\002\003\006\007"
 187      0D18191C 
 187      1D020306 
 187      07
 188 0854 12131617 		.ascii	"\022\023\026\027\012\013\016\017\032\033\036\037\000"
 188      0A0B0E0F 
 188      1A1B1E1F 
 188      00
 189 0861 01040508 		.ascii	"\001\004\005\010\011\014\015\020\021\024\025\030\031"
 189      090C0D10 
 189      11141518 
ARM GAS  /tmp/ccjrbXqt.s 			page 13


 189      19
 190 086e 1C1D0203 		.ascii	"\034\035\002\003\006\007\012\013\016\017\022\023\026"
 190      06070A0B 
 190      0E0F1213 
 190      16
 191 087b 171A1B1E 		.ascii	"\027\032\033\036\037\000\010\004\014\002\012\006\016"
 191      1F000804 
 191      0C020A06 
 191      0E
 192 0888 0109050D 		.ascii	"\001\011\005\015\003\013\007\017\020\030\024\034\022"
 192      030B070F 
 192      1018141C 
 192      12
 193 0895 1A161E11 		.ascii	"\032\026\036\021\031\025\035\023\033\027\037\000\020"
 193      19151D13 
 193      1B171F00 
 193      10
 194 08a2 04140212 		.ascii	"\004\024\002\022\006\026\001\021\005\025\003\023\007"
 194      06160111 
 194      05150313 
 194      07
 195 08af 1708180C 		.ascii	"\027\010\030\014\034\012\032\016\036\011\031\015\035"
 195      1C0A1A0E 
 195      1E09190D 
 195      1D
 196 08bc 0B1B0F1F 		.ascii	"\013\033\017\037\000\010\004\014\020\030\024\034\001"
 196      0008040C 
 196      1018141C 
 196      01
 197 08c9 09050D11 		.ascii	"\011\005\015\021\031\025\035\002\012\006\016\022\032"
 197      19151D02 
 197      0A060E12 
 197      1A
 198 08d6 161E030B 		.ascii	"\026\036\003\013\007\017\023\033\027\037\000\020\004"
 198      070F131B 
 198      171F0010 
 198      04
 199 08e3 1408180C 		.ascii	"\024\010\030\014\034\001\021\005\025\011\031\015\035"
 199      1C011105 
 199      1509190D 
 199      1D
 200 08f0 02120616 		.ascii	"\002\022\006\026\012\032\016\036\003\023\007\027\013"
 200      0A1A0E1E 
 200      03130717 
 200      0B
 201 08fd 1B0F1F00 		.ascii	"\033\017\037\000\001\020\021\002\003\022\023\010\011"
 201      01101102 
 201      03121308 
 201      09
 202 090a 18190A0B 		.ascii	"\030\031\012\013\032\033\004\005\024\025\006\007\026"
 202      1A1B0405 
 202      14150607 
 202      16
 203 0917 170C0D1C 		.ascii	"\027\014\015\034\035\016\017\036\037\000\001\010\011"
 203      1D0E0F1E 
 203      1F000108 
 203      09
ARM GAS  /tmp/ccjrbXqt.s 			page 14


 204 0924 02030A0B 		.ascii	"\002\003\012\013\020\021\030\031\022\023\032\033\004"
 204      10111819 
 204      12131A1B 
 204      04
 205 0931 050C0D06 		.ascii	"\005\014\015\006\007\016\017\024\025\034\035\026\027"
 205      070E0F14 
 205      151C1D16 
 205      17
 206 093e 1E1F0001 		.ascii	"\036\037\000\001\002\003\020\021\022\023\010\011\012"
 206      02031011 
 206      12130809 
 206      0A
 207 094b 0B18191A 		.ascii	"\013\030\031\032\033\004\005\006\007\024\025\026\027"
 207      1B040506 
 207      07141516 
 207      17
 208 0958 0C0D0E0F 		.ascii	"\014\015\016\017\034\035\036\037\000\001\002\003\010"
 208      1C1D1E1F 
 208      00010203 
 208      08
 209 0965 090A0B10 		.ascii	"\011\012\013\020\021\022\023\030\031\032\033\004\005"
 209      11121318 
 209      191A1B04 
 209      05
 210 0972 06070C0D 		.ascii	"\006\007\014\015\016\017\024\025\026\027\034\035\036"
 210      0E0F1415 
 210      16171C1D 
 210      1E
 211 097f 1F000810 		.ascii	"\037\000\010\020\030\002\012\022\032\001\011\021\031"
 211      18020A12 
 211      1A010911 
 211      19
 212 098c 030B131B 		.ascii	"\003\013\023\033\004\014\024\034\006\016\026\036\005"
 212      040C141C 
 212      060E161E 
 212      05
 213 0999 0D151D07 		.ascii	"\015\025\035\007\017\027\037\000\020\010\030\002\022"
 213      0F171F00 
 213      10081802 
 213      12
 214 09a6 0A1A0111 		.ascii	"\012\032\001\021\011\031\003\023\013\033\004\024\014"
 214      09190313 
 214      0B1B0414 
 214      0C
 215 09b3 1C06160E 		.ascii	"\034\006\026\016\036\005\025\015\035\007\027\017\037"
 215      1E05150D 
 215      1D07170F 
 215      1F
 216 09c0 0008020A 		.ascii	"\000\010\002\012\020\030\022\032\001\011\003\013\021"
 216      1018121A 
 216      0109030B 
 216      11
 217 09cd 19131B04 		.ascii	"\031\023\033\004\014\006\016\024\034\026\036\005\015"
 217      0C060E14 
 217      1C161E05 
 217      0D
 218 09da 070F151D 		.ascii	"\007\017\025\035\027\037\000\020\002\022\010\030\012"
ARM GAS  /tmp/ccjrbXqt.s 			page 15


 218      171F0010 
 218      02120818 
 218      0A
 219 09e7 1A011103 		.ascii	"\032\001\021\003\023\011\031\013\033\004\024\006\026"
 219      1309190B 
 219      1B041406 
 219      16
 220 09f4 0C1C0E1E 		.ascii	"\014\034\016\036\005\025\007\027\015\035\017\037\000"
 220      05150717 
 220      0D1D0F1F 
 220      00
 221 0a01 01040508 		.ascii	"\001\004\005\010\011\014\015\002\003\006\007\012\013"
 221      090C0D02 
 221      0306070A 
 221      0B
 222 0a0e 0E0F1011 		.ascii	"\016\017\020\021\024\025\030\031\034\035\022\023\026"
 222      14151819 
 222      1C1D1213 
 222      16
 223 0a1b 171A1B1E 		.ascii	"\027\032\033\036\037\000\001\004\005\020\021\024\025"
 223      1F000104 
 223      05101114 
 223      15
 224 0a28 02030607 		.ascii	"\002\003\006\007\022\023\026\027\010\011\014\015\030"
 224      12131617 
 224      08090C0D 
 224      18
 225 0a35 191C1D0A 		.ascii	"\031\034\035\012\013\016\017\032\033\036\037\000\001"
 225      0B0E0F1A 
 225      1B1E1F00 
 225      01
 226 0a42 04050809 		.ascii	"\004\005\010\011\014\015\020\021\024\025\030\031\034"
 226      0C0D1011 
 226      14151819 
 226      1C
 227 0a4f 1D020306 		.ascii	"\035\002\003\006\007\012\013\016\017\022\023\026\027"
 227      070A0B0E 
 227      0F121316 
 227      17
 228 0a5c 1A1B1E1F 		.ascii	"\032\033\036\037\000\001\004\005\020\021\024\025\010"
 228      00010405 
 228      10111415 
 228      08
 229 0a69 090C0D18 		.ascii	"\011\014\015\030\031\034\035\002\003\006\007\022\023"
 229      191C1D02 
 229      03060712 
 229      13
 230 0a76 16170A0B 		.ascii	"\026\027\012\013\016\017\032\033\036\037\000\010\004"
 230      0E0F1A1B 
 230      1E1F0008 
 230      04
 231 0a83 0C010905 		.ascii	"\014\001\011\005\015\002\012\006\016\003\013\007\017"
 231      0D020A06 
 231      0E030B07 
 231      0F
 232 0a90 1018141C 		.ascii	"\020\030\024\034\021\031\025\035\022\032\026\036\023"
 232      1119151D 
ARM GAS  /tmp/ccjrbXqt.s 			page 16


 232      121A161E 
 232      13
 233 0a9d 1B171F00 		.ascii	"\033\027\037\000\020\004\024\001\021\005\025\002\022"
 233      10041401 
 233      11051502 
 233      12
 234 0aaa 06160313 		.ascii	"\006\026\003\023\007\027\010\030\014\034\011\031\015"
 234      07170818 
 234      0C1C0919 
 234      0D
 235 0ab7 1D0A1A0E 		.ascii	"\035\012\032\016\036\013\033\017\037\000\010\004\014"
 235      1E0B1B0F 
 235      1F000804 
 235      0C
 236 0ac4 0109050D 		.ascii	"\001\011\005\015\020\030\024\034\021\031\025\035\002"
 236      1018141C 
 236      1119151D 
 236      02
 237 0ad1 0A060E03 		.ascii	"\012\006\016\003\013\007\017\022\032\026\036\023\033"
 237      0B070F12 
 237      1A161E13 
 237      1B
 238 0ade 171F0010 		.ascii	"\027\037\000\020\004\024\001\021\005\025\010\030\014"
 238      04140111 
 238      05150818 
 238      0C
 239 0aeb 1C09190D 		.ascii	"\034\011\031\015\035\002\022\006\026\003\023\007\027"
 239      1D021206 
 239      16031307 
 239      17
 240 0af8 0A1A0E1E 		.ascii	"\012\032\016\036\013\033\017\037\000\001\020\021\010"
 240      0B1B0F1F 
 240      00011011 
 240      08
 241 0b05 09181902 		.ascii	"\011\030\031\002\003\022\023\012\013\032\033\004\005"
 241      0312130A 
 241      0B1A1B04 
 241      05
 242 0b12 14150C0D 		.ascii	"\024\025\014\015\034\035\006\007\026\027\016\017\036"
 242      1C1D0607 
 242      16170E0F 
 242      1E
 243 0b1f 1F000108 		.ascii	"\037\000\001\010\011\020\021\030\031\002\003\012\013"
 243      09101118 
 243      1902030A 
 243      0B
 244 0b2c 12131A1B 		.ascii	"\022\023\032\033\004\005\014\015\024\025\034\035\006"
 244      04050C0D 
 244      14151C1D 
 244      06
 245 0b39 070E0F16 		.ascii	"\007\016\017\026\027\036\037\000\001\002\003\010\011"
 245      171E1F00 
 245      01020308 
 245      09
 246 0b46 0A0B1011 		.ascii	"\012\013\020\021\022\023\030\031\032\033\004\005\006"
 246      12131819 
 246      1A1B0405 
ARM GAS  /tmp/ccjrbXqt.s 			page 17


 246      06
 247 0b53 070C0D0E 		.ascii	"\007\014\015\016\017\024\025\026\027\034\035\036\037"
 247      0F141516 
 247      171C1D1E 
 247      1F
 248 0b60 00010203 		.ascii	"\000\001\002\003\020\021\022\023\010\011\012\013\030"
 248      10111213 
 248      08090A0B 
 248      18
 249 0b6d 191A1B04 		.ascii	"\031\032\033\004\005\006\007\024\025\026\027\014\015"
 249      05060714 
 249      1516170C 
 249      0D
 250 0b7a 0E0F1C1D 		.ascii	"\016\017\034\035\036\037\000\010\020\030\001\011\021"
 250      1E1F0008 
 250      10180109 
 250      11
 251 0b87 19020A12 		.ascii	"\031\002\012\022\032\003\013\023\033\004\014\024\034"
 251      1A030B13 
 251      1B040C14 
 251      1C
 252 0b94 050D151D 		.ascii	"\005\015\025\035\006\016\026\036\007\017\027\037\000"
 252      060E161E 
 252      070F171F 
 252      00
 253 0ba1 10081801 		.ascii	"\020\010\030\001\021\011\031\002\022\012\032\003\023"
 253      11091902 
 253      120A1A03 
 253      13
 254 0bae 0B1B0414 		.ascii	"\013\033\004\024\014\034\005\025\015\035\006\026\016"
 254      0C1C0515 
 254      0D1D0616 
 254      0E
 255 0bbb 1E07170F 		.ascii	"\036\007\027\017\037\000\010\002\012\001\011\003\013"
 255      1F000802 
 255      0A010903 
 255      0B
 256 0bc8 1018121A 		.ascii	"\020\030\022\032\021\031\023\033\004\014\006\016\005"
 256      1119131B 
 256      040C060E 
 256      05
 257 0bd5 0D070F14 		.ascii	"\015\007\017\024\034\026\036\025\035\027\037\000\020"
 257      1C161E15 
 257      1D171F00 
 257      10
 258 0be2 02120111 		.ascii	"\002\022\001\021\003\023\010\030\012\032\011\031\013"
 258      03130818 
 258      0A1A0919 
 258      0B
 259 0bef 1B041406 		.ascii	"\033\004\024\006\026\005\025\007\027\014\034\016\036"
 259      16051507 
 259      170C1C0E 
 259      1E
 260 0bfc 0D1D0F1F 		.ascii	"\015\035\017\037\000\010\004\014\002\012\006\016\001"
 260      0008040C 
 260      020A060E 
 260      01
ARM GAS  /tmp/ccjrbXqt.s 			page 18


 261 0c09 09050D03 		.ascii	"\011\005\015\003\013\007\017\020\030\024\034\022\032"
 261      0B070F10 
 261      18141C12 
 261      1A
 262 0c16 161E1119 		.ascii	"\026\036\021\031\025\035\023\033\027\037\000\020\004"
 262      151D131B 
 262      171F0010 
 262      04
 263 0c23 14021206 		.ascii	"\024\002\022\006\026\001\021\005\025\003\023\007\027"
 263      16011105 
 263      15031307 
 263      17
 264 0c30 08180C1C 		.ascii	"\010\030\014\034\012\032\016\036\011\031\015\035\013"
 264      0A1A0E1E 
 264      09190D1D 
 264      0B
 265 0c3d 1B0F1F00 		.ascii	"\033\017\037\000\010\004\014\020\030\024\034\001\011"
 265      08040C10 
 265      18141C01 
 265      09
 266 0c4a 050D1119 		.ascii	"\005\015\021\031\025\035\002\012\006\016\022\032\026"
 266      151D020A 
 266      060E121A 
 266      16
 267 0c57 1E030B07 		.ascii	"\036\003\013\007\017\023\033\027\037\000\020\004\024"
 267      0F131B17 
 267      1F001004 
 267      14
 268 0c64 08180C1C 		.ascii	"\010\030\014\034\001\021\005\025\011\031\015\035\002"
 268      01110515 
 268      09190D1D 
 268      02
 269 0c71 1206160A 		.ascii	"\022\006\026\012\032\016\036\003\023\007\027\013\033"
 269      1A0E1E03 
 269      1307170B 
 269      1B
 270 0c7e 0F1F0001 		.ascii	"\017\037\000\001\004\005\002\003\006\007\010\011\014"
 270      04050203 
 270      06070809 
 270      0C
 271 0c8b 0D0A0B0E 		.ascii	"\015\012\013\016\017\020\021\024\025\022\023\026\027"
 271      0F101114 
 271      15121316 
 271      17
 272 0c98 18191C1D 		.ascii	"\030\031\034\035\032\033\036\037\000\001\004\005\002"
 272      1A1B1E1F 
 272      00010405 
 272      02
 273 0ca5 03060710 		.ascii	"\003\006\007\020\021\024\025\022\023\026\027\010\011"
 273      11141512 
 273      13161708 
 273      09
 274 0cb2 0C0D0A0B 		.ascii	"\014\015\012\013\016\017\030\031\034\035\032\033\036"
 274      0E0F1819 
 274      1C1D1A1B 
 274      1E
 275 0cbf 1F000104 		.ascii	"\037\000\001\004\005\020\021\024\025\010\011\014\015"
ARM GAS  /tmp/ccjrbXqt.s 			page 19


 275      05101114 
 275      1508090C 
 275      0D
 276 0ccc 18191C1D 		.ascii	"\030\031\034\035\002\003\006\007\022\023\026\027\012"
 276      02030607 
 276      12131617 
 276      0A
 277 0cd9 0B0E0F1A 		.ascii	"\013\016\017\032\033\036\037\000\001\004\005\010\011"
 277      1B1E1F00 
 277      01040508 
 277      09
 278 0ce6 0C0D1011 		.ascii	"\014\015\020\021\024\025\030\031\034\035\002\003\006"
 278      14151819 
 278      1C1D0203 
 278      06
 279 0cf3 070A0B0E 		.ascii	"\007\012\013\016\017\022\023\026\027\032\033\036\037"
 279      0F121316 
 279      171A1B1E 
 279      1F
 280 0d00 00081018 		.ascii	"\000\010\020\030\002\012\022\032\001\011\021\031\003"
 280      020A121A 
 280      01091119 
 280      03
 281 0d0d 0B131B04 		.ascii	"\013\023\033\004\014\024\034\006\016\026\036\005\015"
 281      0C141C06 
 281      0E161E05 
 281      0D
 282 0d1a 151D070F 		.ascii	"\025\035\007\017\027\037\000\020\010\030\002\022\012"
 282      171F0010 
 282      08180212 
 282      0A
 283 0d27 1A011109 		.ascii	"\032\001\021\011\031\003\023\013\033\004\024\014\034"
 283      1903130B 
 283      1B04140C 
 283      1C
 284 0d34 06160E1E 		.ascii	"\006\026\016\036\005\025\015\035\007\027\017\037\000"
 284      05150D1D 
 284      07170F1F 
 284      00
 285 0d41 08020A10 		.ascii	"\010\002\012\020\030\022\032\001\011\003\013\021\031"
 285      18121A01 
 285      09030B11 
 285      19
 286 0d4e 131B040C 		.ascii	"\023\033\004\014\006\016\024\034\026\036\005\015\007"
 286      060E141C 
 286      161E050D 
 286      07
 287 0d5b 0F151D17 		.ascii	"\017\025\035\027\037\000\020\002\022\010\030\012\032"
 287      1F001002 
 287      1208180A 
 287      1A
 288 0d68 01110313 		.ascii	"\001\021\003\023\011\031\013\033\004\024\006\026\014"
 288      09190B1B 
 288      04140616 
 288      0C
 289 0d75 1C0E1E05 		.ascii	"\034\016\036\005\025\007\027\015\035\017\037\000\001"
 289      1507170D 
ARM GAS  /tmp/ccjrbXqt.s 			page 20


 289      1D0F1F00 
 289      01
 290 0d82 10110203 		.ascii	"\020\021\002\003\022\023\010\011\030\031\012\013\032"
 290      12130809 
 290      18190A0B 
 290      1A
 291 0d8f 1B040514 		.ascii	"\033\004\005\024\025\006\007\026\027\014\015\034\035"
 291      15060716 
 291      170C0D1C 
 291      1D
 292 0d9c 0E0F1E1F 		.ascii	"\016\017\036\037\000\001\010\011\002\003\012\013\020"
 292      00010809 
 292      02030A0B 
 292      10
 293 0da9 11181912 		.ascii	"\021\030\031\022\023\032\033\004\005\014\015\006\007"
 293      131A1B04 
 293      050C0D06 
 293      07
 294 0db6 0E0F1415 		.ascii	"\016\017\024\025\034\035\026\027\036\037\000\001\002"
 294      1C1D1617 
 294      1E1F0001 
 294      02
 295 0dc3 03101112 		.ascii	"\003\020\021\022\023\010\011\012\013\030\031\032\033"
 295      1308090A 
 295      0B18191A 
 295      1B
 296 0dd0 04050607 		.ascii	"\004\005\006\007\024\025\026\027\014\015\016\017\034"
 296      14151617 
 296      0C0D0E0F 
 296      1C
 297 0ddd 1D1E1F00 		.ascii	"\035\036\037\000\001\002\003\010\011\012\013\020\021"
 297      01020308 
 297      090A0B10 
 297      11
 298 0dea 12131819 		.ascii	"\022\023\030\031\032\033\004\005\006\007\014\015\016"
 298      1A1B0405 
 298      06070C0D 
 298      0E
 299 0df7 0F141516 		.ascii	"\017\024\025\026\027\034\035\036\037\000\002\004\006"
 299      171C1D1E 
 299      1F000204 
 299      06
 300 0e04 080A0C0E 		.ascii	"\010\012\014\016\001\003\005\007\011\013\015\017\020"
 300      01030507 
 300      090B0D0F 
 300      10
 301 0e11 12141618 		.ascii	"\022\024\026\030\032\034\036\021\023\025\027\031\033"
 301      1A1C1E11 
 301      13151719 
 301      1B
 302 0e1e 1D1F0002 		.ascii	"\035\037\000\002\004\006\020\022\024\026\001\003\005"
 302      04061012 
 302      14160103 
 302      05
 303 0e2b 07111315 		.ascii	"\007\021\023\025\027\010\012\014\016\030\032\034\036"
 303      17080A0C 
 303      0E181A1C 
ARM GAS  /tmp/ccjrbXqt.s 			page 21


 303      1E
 304 0e38 090B0D0F 		.ascii	"\011\013\015\017\031\033\035\037\000\020\004\024\010"
 304      191B1D1F 
 304      00100414 
 304      08
 305 0e45 180C1C01 		.ascii	"\030\014\034\001\021\005\025\011\031\015\035\002\022"
 305      11051509 
 305      190D1D02 
 305      12
 306 0e52 06160A1A 		.ascii	"\006\026\012\032\016\036\003\023\007\027\013\033\017"
 306      0E1E0313 
 306      07170B1B 
 306      0F
 307 0e5f 1F000804 		.ascii	"\037\000\010\004\014\020\030\024\034\001\011\005\015"
 307      0C101814 
 307      1C010905 
 307      0D
 308 0e6c 1119151D 		.ascii	"\021\031\025\035\002\012\006\016\022\032\026\036\003"
 308      020A060E 
 308      121A161E 
 308      03
 309 0e79 0B070F13 		.ascii	"\013\007\017\023\033\027\037\000\002\004\006\001\003"
 309      1B171F00 
 309      02040601 
 309      03
 310 0e86 0507080A 		.ascii	"\005\007\010\012\014\016\011\013\015\017\020\022\024"
 310      0C0E090B 
 310      0D0F1012 
 310      14
 311 0e93 16111315 		.ascii	"\026\021\023\025\027\030\032\034\036\031\033\035\037"
 311      17181A1C 
 311      1E191B1D 
 311      1F
 312 0ea0 00020406 		.ascii	"\000\002\004\006\001\003\005\007\020\022\024\026\021"
 312      01030507 
 312      10121416 
 312      11
 313 0ead 13151708 		.ascii	"\023\025\027\010\012\014\016\011\013\015\017\030\032"
 313      0A0C0E09 
 313      0B0D0F18 
 313      1A
 314 0eba 1C1E191B 		.ascii	"\034\036\031\033\035\037\000\020\004\024\001\021\005"
 314      1D1F0010 
 314      04140111 
 314      05
 315 0ec7 1508180C 		.ascii	"\025\010\030\014\034\011\031\015\035\002\022\006\026"
 315      1C09190D 
 315      1D021206 
 315      16
 316 0ed4 03130717 		.ascii	"\003\023\007\027\012\032\016\036\013\033\017\037\000"
 316      0A1A0E1E 
 316      0B1B0F1F 
 316      00
 317 0ee1 08040C01 		.ascii	"\010\004\014\001\011\005\015\020\030\024\034\021\031"
 317      09050D10 
 317      18141C11 
 317      19
ARM GAS  /tmp/ccjrbXqt.s 			page 22


 318 0eee 151D020A 		.ascii	"\025\035\002\012\006\016\003\013\007\017\022\032\026"
 318      060E030B 
 318      070F121A 
 318      16
 319 0efb 1E131B17 		.ascii	"\036\023\033\027\037\000\002\020\022\010\012\030\032"
 319      1F000210 
 319      12080A18 
 319      1A
 320 0f08 01031113 		.ascii	"\001\003\021\023\011\013\031\033\004\006\024\026\014"
 320      090B191B 
 320      04061416 
 320      0C
 321 0f15 0E1C1E05 		.ascii	"\016\034\036\005\007\025\027\015\017\035\037\000\002"
 321      0715170D 
 321      0F1D1F00 
 321      02
 322 0f22 080A1012 		.ascii	"\010\012\020\022\030\032\001\003\011\013\021\023\031"
 322      181A0103 
 322      090B1113 
 322      19
 323 0f2f 1B04060C 		.ascii	"\033\004\006\014\016\024\026\034\036\005\007\015\017"
 323      0E14161C 
 323      1E05070D 
 323      0F
 324 0f3c 15171D1F 		.ascii	"\025\027\035\037\000\020\002\022\010\030\012\032\001"
 324      00100212 
 324      08180A1A 
 324      01
 325 0f49 11031309 		.ascii	"\021\003\023\011\031\013\033\004\024\006\026\014\034"
 325      190B1B04 
 325      1406160C 
 325      1C
 326 0f56 0E1E0515 		.ascii	"\016\036\005\025\007\027\015\035\017\037\000\010\002"
 326      07170D1D 
 326      0F1F0008 
 326      02
 327 0f63 0A101812 		.ascii	"\012\020\030\022\032\001\011\003\013\021\031\023\033"
 327      1A010903 
 327      0B111913 
 327      1B
 328 0f70 040C060E 		.ascii	"\004\014\006\016\024\034\026\036\005\015\007\017\025"
 328      141C161E 
 328      050D070F 
 328      15
 329 0f7d 1D171F00 		.ascii	"\035\027\037\000\002\020\022\001\003\021\023\010\012"
 329      02101201 
 329      03111308 
 329      0A
 330 0f8a 181A090B 		.ascii	"\030\032\011\013\031\033\004\006\024\026\005\007\025"
 330      191B0406 
 330      14160507 
 330      15
 331 0f97 170C0E1C 		.ascii	"\027\014\016\034\036\015\017\035\037\000\002\010\012"
 331      1E0D0F1D 
 331      1F000208 
 331      0A
 332 0fa4 0103090B 		.ascii	"\001\003\011\013\020\022\030\032\021\023\031\033\004"
ARM GAS  /tmp/ccjrbXqt.s 			page 23


 332      1012181A 
 332      1113191B 
 332      04
 333 0fb1 060C0E05 		.ascii	"\006\014\016\005\007\015\017\024\026\034\036\025\027"
 333      070D0F14 
 333      161C1E15 
 333      17
 334 0fbe 1D1F0010 		.ascii	"\035\037\000\020\002\022\001\021\003\023\010\030\012"
 334      02120111 
 334      03130818 
 334      0A
 335 0fcb 1A09190B 		.ascii	"\032\011\031\013\033\004\024\006\026\005\025\007\027"
 335      1B041406 
 335      16051507 
 335      17
 336 0fd8 0C1C0E1E 		.ascii	"\014\034\016\036\015\035\017\037\000\010\002\012\001"
 336      0D1D0F1F 
 336      0008020A 
 336      01
 337 0fe5 09030B10 		.ascii	"\011\003\013\020\030\022\032\021\031\023\033\004\014"
 337      18121A11 
 337      19131B04 
 337      0C
 338 0ff2 060E050D 		.ascii	"\006\016\005\015\007\017\024\034\026\036\025\035\027"
 338      070F141C 
 338      161E151D 
 338      17
 339 0fff 1F       		.ascii	"\037"
 340 1000 00010203 		.ascii	"\000\001\002\003\004\005\006\007\010\011\012\013\014"
 340      04050607 
 340      08090A0B 
 340      0C
 341 100d 0D0E0F10 		.ascii	"\015\016\017\020\021\022\023\024\025\026\027\030\031"
 341      11121314 
 341      15161718 
 341      19
 342 101a 1A1B1C1D 		.ascii	"\032\033\034\035\036\037\000\002\001\003\004\006\005"
 342      1E1F0002 
 342      01030406 
 342      05
 343 1027 07080A09 		.ascii	"\007\010\012\011\013\014\016\015\017\020\022\021\023"
 343      0B0C0E0D 
 343      0F101211 
 343      13
 344 1034 14161517 		.ascii	"\024\026\025\027\030\032\031\033\034\036\035\037\000"
 344      181A191B 
 344      1C1E1D1F 
 344      00
 345 1041 01020308 		.ascii	"\001\002\003\010\011\012\013\004\005\006\007\014\015"
 345      090A0B04 
 345      0506070C 
 345      0D
 346 104e 0E0F1011 		.ascii	"\016\017\020\021\022\023\030\031\032\033\024\025\026"
 346      12131819 
 346      1A1B1415 
 346      16
 347 105b 171C1D1E 		.ascii	"\027\034\035\036\037\000\002\001\003\010\012\011\013"
ARM GAS  /tmp/ccjrbXqt.s 			page 24


 347      1F000201 
 347      03080A09 
 347      0B
 348 1068 04060507 		.ascii	"\004\006\005\007\014\016\015\017\020\022\021\023\030"
 348      0C0E0D0F 
 348      10121113 
 348      18
 349 1075 1A191B14 		.ascii	"\032\031\033\024\026\025\027\034\036\035\037\000\001"
 349      1615171C 
 349      1E1D1F00 
 349      01
 350 1082 04050203 		.ascii	"\004\005\002\003\006\007\010\011\014\015\012\013\016"
 350      06070809 
 350      0C0D0A0B 
 350      0E
 351 108f 0F101114 		.ascii	"\017\020\021\024\025\022\023\026\027\030\031\034\035"
 351      15121316 
 351      1718191C 
 351      1D
 352 109c 1A1B1E1F 		.ascii	"\032\033\036\037\000\002\004\006\001\003\005\007\010"
 352      00020406 
 352      01030507 
 352      08
 353 10a9 0A0C0E09 		.ascii	"\012\014\016\011\013\015\017\020\022\024\026\021\023"
 353      0B0D0F10 
 353      12141611 
 353      13
 354 10b6 1517181A 		.ascii	"\025\027\030\032\034\036\031\033\035\037\000\001\010"
 354      1C1E191B 
 354      1D1F0001 
 354      08
 355 10c3 0902030A 		.ascii	"\011\002\003\012\013\004\005\014\015\006\007\016\017"
 355      0B04050C 
 355      0D06070E 
 355      0F
 356 10d0 10111819 		.ascii	"\020\021\030\031\022\023\032\033\024\025\034\035\026"
 356      12131A1B 
 356      14151C1D 
 356      16
 357 10dd 171E1F00 		.ascii	"\027\036\037\000\002\010\012\001\003\011\013\004\006"
 357      02080A01 
 357      03090B04 
 357      06
 358 10ea 0C0E0507 		.ascii	"\014\016\005\007\015\017\020\022\030\032\021\023\031"
 358      0D0F1012 
 358      181A1113 
 358      19
 359 10f7 1B14161C 		.ascii	"\033\024\026\034\036\025\027\035\037\000\001\002\003"
 359      1E15171D 
 359      1F000102 
 359      03
 360 1104 04050607 		.ascii	"\004\005\006\007\020\021\022\023\024\025\026\027\010"
 360      10111213 
 360      14151617 
 360      08
 361 1111 090A0B0C 		.ascii	"\011\012\013\014\015\016\017\030\031\032\033\034\035"
 361      0D0E0F18 
ARM GAS  /tmp/ccjrbXqt.s 			page 25


 361      191A1B1C 
 361      1D
 362 111e 1E1F0002 		.ascii	"\036\037\000\002\001\003\004\006\005\007\020\022\021"
 362      01030406 
 362      05071012 
 362      11
 363 112b 13141615 		.ascii	"\023\024\026\025\027\010\012\011\013\014\016\015\017"
 363      17080A09 
 363      0B0C0E0D 
 363      0F
 364 1138 181A191B 		.ascii	"\030\032\031\033\034\036\035\037\000\001\002\003\010"
 364      1C1E1D1F 
 364      00010203 
 364      08
 365 1145 090A0B10 		.ascii	"\011\012\013\020\021\022\023\030\031\032\033\004\005"
 365      11121318 
 365      191A1B04 
 365      05
 366 1152 06070C0D 		.ascii	"\006\007\014\015\016\017\024\025\026\027\034\035\036"
 366      0E0F1415 
 366      16171C1D 
 366      1E
 367 115f 1F000201 		.ascii	"\037\000\002\001\003\010\012\011\013\020\022\021\023"
 367      03080A09 
 367      0B101211 
 367      13
 368 116c 181A191B 		.ascii	"\030\032\031\033\004\006\005\007\014\016\015\017\024"
 368      04060507 
 368      0C0E0D0F 
 368      14
 369 1179 1615171C 		.ascii	"\026\025\027\034\036\035\037\000\001\004\005\002\003"
 369      1E1D1F00 
 369      01040502 
 369      03
 370 1186 06071011 		.ascii	"\006\007\020\021\024\025\022\023\026\027\010\011\014"
 370      14151213 
 370      16170809 
 370      0C
 371 1193 0D0A0B0E 		.ascii	"\015\012\013\016\017\030\031\034\035\032\033\036\037"
 371      0F18191C 
 371      1D1A1B1E 
 371      1F
 372 11a0 00020406 		.ascii	"\000\002\004\006\001\003\005\007\020\022\024\026\021"
 372      01030507 
 372      10121416 
 372      11
 373 11ad 13151708 		.ascii	"\023\025\027\010\012\014\016\011\013\015\017\030\032"
 373      0A0C0E09 
 373      0B0D0F18 
 373      1A
 374 11ba 1C1E191B 		.ascii	"\034\036\031\033\035\037\000\001\010\011\002\003\012"
 374      1D1F0001 
 374      08090203 
 374      0A
 375 11c7 0B101118 		.ascii	"\013\020\021\030\031\022\023\032\033\004\005\014\015"
 375      1912131A 
 375      1B04050C 
ARM GAS  /tmp/ccjrbXqt.s 			page 26


 375      0D
 376 11d4 06070E0F 		.ascii	"\006\007\016\017\024\025\034\035\026\027\036\037\000"
 376      14151C1D 
 376      16171E1F 
 376      00
 377 11e1 02080A01 		.ascii	"\002\010\012\001\003\011\013\020\022\030\032\021\023"
 377      03090B10 
 377      12181A11 
 377      13
 378 11ee 191B0406 		.ascii	"\031\033\004\006\014\016\005\007\015\017\024\026\034"
 378      0C0E0507 
 378      0D0F1416 
 378      1C
 379 11fb 1E15171D 		.ascii	"\036\025\027\035\037\000\020\002\022\004\024\006\026"
 379      1F001002 
 379      12041406 
 379      16
 380 1208 08180A1A 		.ascii	"\010\030\012\032\014\034\016\036\001\021\003\023\005"
 380      0C1C0E1E 
 380      01110313 
 380      05
 381 1215 15071709 		.ascii	"\025\007\027\011\031\013\033\015\035\017\037\000\020"
 381      190B1B0D 
 381      1D0F1F00 
 381      10
 382 1222 01110414 		.ascii	"\001\021\004\024\005\025\010\030\011\031\014\034\015"
 382      05150818 
 382      09190C1C 
 382      0D
 383 122f 1D021203 		.ascii	"\035\002\022\003\023\006\026\007\027\012\032\013\033"
 383      13061607 
 383      170A1A0B 
 383      1B
 384 123c 0E1E0F1F 		.ascii	"\016\036\017\037\000\020\002\022\010\030\012\032\004"
 384      00100212 
 384      08180A1A 
 384      04
 385 1249 1406160C 		.ascii	"\024\006\026\014\034\016\036\001\021\003\023\011\031"
 385      1C0E1E01 
 385      11031309 
 385      19
 386 1256 0B1B0515 		.ascii	"\013\033\005\025\007\027\015\035\017\037\000\020\001"
 386      07170D1D 
 386      0F1F0010 
 386      01
 387 1263 11081809 		.ascii	"\021\010\030\011\031\004\024\005\025\014\034\015\035"
 387      19041405 
 387      150C1C0D 
 387      1D
 388 1270 02120313 		.ascii	"\002\022\003\023\012\032\013\033\006\026\007\027\016"
 388      0A1A0B1B 
 388      06160717 
 388      0E
 389 127d 1E0F1F00 		.ascii	"\036\017\037\000\020\004\024\002\022\006\026\010\030"
 389      10041402 
 389      12061608 
 389      18
ARM GAS  /tmp/ccjrbXqt.s 			page 27


 390 128a 0C1C0A1A 		.ascii	"\014\034\012\032\016\036\001\021\005\025\003\023\007"
 390      0E1E0111 
 390      05150313 
 390      07
 391 1297 1709190D 		.ascii	"\027\011\031\015\035\013\033\017\037\000\020\004\024"
 391      1D0B1B0F 
 391      1F001004 
 391      14
 392 12a4 01110515 		.ascii	"\001\021\005\025\010\030\014\034\011\031\015\035\002"
 392      08180C1C 
 392      09190D1D 
 392      02
 393 12b1 12061603 		.ascii	"\022\006\026\003\023\007\027\012\032\016\036\013\033"
 393      1307170A 
 393      1A0E1E0B 
 393      1B
 394 12be 0F1F0010 		.ascii	"\017\037\000\020\010\030\002\022\012\032\004\024\014"
 394      08180212 
 394      0A1A0414 
 394      0C
 395 12cb 1C06160E 		.ascii	"\034\006\026\016\036\001\021\011\031\003\023\013\033"
 395      1E011109 
 395      1903130B 
 395      1B
 396 12d8 05150D1D 		.ascii	"\005\025\015\035\007\027\017\037\000\020\010\030\001"
 396      07170F1F 
 396      00100818 
 396      01
 397 12e5 11091904 		.ascii	"\021\011\031\004\024\014\034\005\025\015\035\002\022"
 397      140C1C05 
 397      150D1D02 
 397      12
 398 12f2 0A1A0313 		.ascii	"\012\032\003\023\013\033\006\026\016\036\007\027\017"
 398      0B1B0616 
 398      0E1E0717 
 398      0F
 399 12ff 1F000802 		.ascii	"\037\000\010\002\012\004\014\006\016\020\030\022\032"
 399      0A040C06 
 399      0E101812 
 399      1A
 400 130c 141C161E 		.ascii	"\024\034\026\036\001\011\003\013\005\015\007\017\021"
 400      0109030B 
 400      050D070F 
 400      11
 401 1319 19131B15 		.ascii	"\031\023\033\025\035\027\037\000\010\001\011\004\014"
 401      1D171F00 
 401      08010904 
 401      0C
 402 1326 050D1018 		.ascii	"\005\015\020\030\021\031\024\034\025\035\002\012\003"
 402      1119141C 
 402      151D020A 
 402      03
 403 1333 0B060E07 		.ascii	"\013\006\016\007\017\022\032\023\033\026\036\027\037"
 403      0F121A13 
 403      1B161E17 
 403      1F
 404 1340 00040206 		.ascii	"\000\004\002\006\010\014\012\016\020\024\022\026\030"
ARM GAS  /tmp/ccjrbXqt.s 			page 28


 404      080C0A0E 
 404      10141216 
 404      18
 405 134d 1C1A1E01 		.ascii	"\034\032\036\001\005\003\007\011\015\013\017\021\025"
 405      05030709 
 405      0D0B0F11 
 405      15
 406 135a 1317191D 		.ascii	"\023\027\031\035\033\037\000\004\001\005\010\014\011"
 406      1B1F0004 
 406      0105080C 
 406      09
 407 1367 0D101411 		.ascii	"\015\020\024\021\025\030\034\031\035\002\006\003\007"
 407      15181C19 
 407      1D020603 
 407      07
 408 1374 0A0E0B0F 		.ascii	"\012\016\013\017\022\026\023\027\032\036\033\037\000"
 408      12161317 
 408      1A1E1B1F 
 408      00
 409 1381 08040C02 		.ascii	"\010\004\014\002\012\006\016\020\030\024\034\022\032"
 409      0A060E10 
 409      18141C12 
 409      1A
 410 138e 161E0109 		.ascii	"\026\036\001\011\005\015\003\013\007\017\021\031\025"
 410      050D030B 
 410      070F1119 
 410      15
 411 139b 1D131B17 		.ascii	"\035\023\033\027\037\000\010\004\014\001\011\005\015"
 411      1F000804 
 411      0C010905 
 411      0D
 412 13a8 1018141C 		.ascii	"\020\030\024\034\021\031\025\035\002\012\006\016\003"
 412      1119151D 
 412      020A060E 
 412      03
 413 13b5 0B070F12 		.ascii	"\013\007\017\022\032\026\036\023\033\027\037\000\004"
 413      1A161E13 
 413      1B171F00 
 413      04
 414 13c2 080C0206 		.ascii	"\010\014\002\006\012\016\020\024\030\034\022\026\032"
 414      0A0E1014 
 414      181C1216 
 414      1A
 415 13cf 1E010509 		.ascii	"\036\001\005\011\015\003\007\013\017\021\025\031\035"
 415      0D03070B 
 415      0F111519 
 415      1D
 416 13dc 13171B1F 		.ascii	"\023\027\033\037\000\004\010\014\001\005\011\015\020"
 416      0004080C 
 416      0105090D 
 416      10
 417 13e9 14181C11 		.ascii	"\024\030\034\021\025\031\035\002\006\012\016\003\007"
 417      15191D02 
 417      060A0E03 
 417      07
 418 13f6 0B0F1216 		.ascii	"\013\017\022\026\032\036\023\027\033\037\000\001\010"
 418      1A1E1317 
ARM GAS  /tmp/ccjrbXqt.s 			page 29


 418      1B1F0001 
 418      08
 419 1403 0904050C 		.ascii	"\011\004\005\014\015\002\003\012\013\006\007\016\017"
 419      0D02030A 
 419      0B06070E 
 419      0F
 420 1410 10111819 		.ascii	"\020\021\030\031\024\025\034\035\022\023\032\033\026"
 420      14151C1D 
 420      12131A1B 
 420      16
 421 141d 171E1F00 		.ascii	"\027\036\037\000\002\010\012\004\006\014\016\001\003"
 421      02080A04 
 421      060C0E01 
 421      03
 422 142a 090B0507 		.ascii	"\011\013\005\007\015\017\020\022\030\032\024\026\034"
 422      0D0F1012 
 422      181A1416 
 422      1C
 423 1437 1E111319 		.ascii	"\036\021\023\031\033\025\027\035\037\000\001\004\005"
 423      1B15171D 
 423      1F000104 
 423      05
 424 1444 08090C0D 		.ascii	"\010\011\014\015\002\003\006\007\012\013\016\017\020"
 424      02030607 
 424      0A0B0E0F 
 424      10
 425 1451 11141518 		.ascii	"\021\024\025\030\031\034\035\022\023\026\027\032\033"
 425      191C1D12 
 425      1316171A 
 425      1B
 426 145e 1E1F0002 		.ascii	"\036\037\000\002\004\006\010\012\014\016\001\003\005"
 426      0406080A 
 426      0C0E0103 
 426      05
 427 146b 07090B0D 		.ascii	"\007\011\013\015\017\020\022\024\026\030\032\034\036"
 427      0F101214 
 427      16181A1C 
 427      1E
 428 1478 11131517 		.ascii	"\021\023\025\027\031\033\035\037\000\001\010\011\002"
 428      191B1D1F 
 428      00010809 
 428      02
 429 1485 030A0B04 		.ascii	"\003\012\013\004\005\014\015\006\007\016\017\020\021"
 429      050C0D06 
 429      070E0F10 
 429      11
 430 1492 18191213 		.ascii	"\030\031\022\023\032\033\024\025\034\035\026\027\036"
 430      1A1B1415 
 430      1C1D1617 
 430      1E
 431 149f 1F000208 		.ascii	"\037\000\002\010\012\001\003\011\013\004\006\014\016"
 431      0A010309 
 431      0B04060C 
 431      0E
 432 14ac 05070D0F 		.ascii	"\005\007\015\017\020\022\030\032\021\023\031\033\024"
 432      1012181A 
 432      1113191B 
ARM GAS  /tmp/ccjrbXqt.s 			page 30


 432      14
 433 14b9 161C1E15 		.ascii	"\026\034\036\025\027\035\037\000\001\004\005\002\003"
 433      171D1F00 
 433      01040502 
 433      03
 434 14c6 06070809 		.ascii	"\006\007\010\011\014\015\012\013\016\017\020\021\024"
 434      0C0D0A0B 
 434      0E0F1011 
 434      14
 435 14d3 15121316 		.ascii	"\025\022\023\026\027\030\031\034\035\032\033\036\037"
 435      1718191C 
 435      1D1A1B1E 
 435      1F
 436 14e0 00020406 		.ascii	"\000\002\004\006\001\003\005\007\010\012\014\016\011"
 436      01030507 
 436      080A0C0E 
 436      09
 437 14ed 0B0D0F10 		.ascii	"\013\015\017\020\022\024\026\021\023\025\027\030\032"
 437      12141611 
 437      13151718 
 437      1A
 438 14fa 1C1E191B 		.ascii	"\034\036\031\033\035\037\000\001\020\021\004\005\024"
 438      1D1F0001 
 438      10110405 
 438      14
 439 1507 15020312 		.ascii	"\025\002\003\022\023\006\007\026\027\010\011\030\031"
 439      13060716 
 439      17080918 
 439      19
 440 1514 0C0D1C1D 		.ascii	"\014\015\034\035\012\013\032\033\016\017\036\037\000"
 440      0A0B1A1B 
 440      0E0F1E1F 
 440      00
 441 1521 02101204 		.ascii	"\002\020\022\004\006\024\026\001\003\021\023\005\007"
 441      06141601 
 441      03111305 
 441      07
 442 152e 1517080A 		.ascii	"\025\027\010\012\030\032\014\016\034\036\011\013\031"
 442      181A0C0E 
 442      1C1E090B 
 442      19
 443 153b 1B0D0F1D 		.ascii	"\033\015\017\035\037\000\001\020\021\010\011\030\031"
 443      1F000110 
 443      11080918 
 443      19
 444 1548 02031213 		.ascii	"\002\003\022\023\012\013\032\033\004\005\024\025\014"
 444      0A0B1A1B 
 444      04051415 
 444      0C
 445 1555 0D1C1D06 		.ascii	"\015\034\035\006\007\026\027\016\017\036\037\000\002"
 445      0716170E 
 445      0F1E1F00 
 445      02
 446 1562 1012080A 		.ascii	"\020\022\010\012\030\032\001\003\021\023\011\013\031"
 446      181A0103 
 446      1113090B 
 446      19
ARM GAS  /tmp/ccjrbXqt.s 			page 31


 447 156f 1B040614 		.ascii	"\033\004\006\024\026\014\016\034\036\005\007\025\027"
 447      160C0E1C 
 447      1E050715 
 447      17
 448 157c 0D0F1D1F 		.ascii	"\015\017\035\037\000\001\020\021\002\003\022\023\004"
 448      00011011 
 448      02031213 
 448      04
 449 1589 05141506 		.ascii	"\005\024\025\006\007\026\027\010\011\030\031\012\013"
 449      07161708 
 449      0918190A 
 449      0B
 450 1596 1A1B0C0D 		.ascii	"\032\033\014\015\034\035\016\017\036\037\000\002\020"
 450      1C1D0E0F 
 450      1E1F0002 
 450      10
 451 15a3 12010311 		.ascii	"\022\001\003\021\023\004\006\024\026\005\007\025\027"
 451      13040614 
 451      16050715 
 451      17
 452 15b0 080A181A 		.ascii	"\010\012\030\032\011\013\031\033\014\016\034\036\015"
 452      090B191B 
 452      0C0E1C1E 
 452      0D
 453 15bd 0F1D1F00 		.ascii	"\017\035\037\000\001\020\021\002\003\022\023\010\011"
 453      01101102 
 453      03121308 
 453      09
 454 15ca 18190A0B 		.ascii	"\030\031\012\013\032\033\004\005\024\025\006\007\026"
 454      1A1B0405 
 454      14150607 
 454      16
 455 15d7 170C0D1C 		.ascii	"\027\014\015\034\035\016\017\036\037\000\002\020\022"
 455      1D0E0F1E 
 455      1F000210 
 455      12
 456 15e4 01031113 		.ascii	"\001\003\021\023\010\012\030\032\011\013\031\033\004"
 456      080A181A 
 456      090B191B 
 456      04
 457 15f1 06141605 		.ascii	"\006\024\026\005\007\025\027\014\016\034\036\015\017"
 457      0715170C 
 457      0E1C1E0D 
 457      0F
 458 15fe 1D1F0010 		.ascii	"\035\037\000\020\010\030\004\024\014\034\002\022\012"
 458      08180414 
 458      0C1C0212 
 458      0A
 459 160b 1A06160E 		.ascii	"\032\006\026\016\036\001\021\011\031\005\025\015\035"
 459      1E011109 
 459      1905150D 
 459      1D
 460 1618 03130B1B 		.ascii	"\003\023\013\033\007\027\017\037\000\020\010\030\004"
 460      07170F1F 
 460      00100818 
 460      04
 461 1625 140C1C01 		.ascii	"\024\014\034\001\021\011\031\005\025\015\035\002\022"
ARM GAS  /tmp/ccjrbXqt.s 			page 32


 461      11091905 
 461      150D1D02 
 461      12
 462 1632 0A1A0616 		.ascii	"\012\032\006\026\016\036\003\023\013\033\007\027\017"
 462      0E1E0313 
 462      0B1B0717 
 462      0F
 463 163f 1F001004 		.ascii	"\037\000\020\004\024\010\030\014\034\002\022\006\026"
 463      1408180C 
 463      1C021206 
 463      16
 464 164c 0A1A0E1E 		.ascii	"\012\032\016\036\001\021\005\025\011\031\015\035\003"
 464      01110515 
 464      09190D1D 
 464      03
 465 1659 1307170B 		.ascii	"\023\007\027\013\033\017\037\000\020\004\024\010\030"
 465      1B0F1F00 
 465      10041408 
 465      18
 466 1666 0C1C0111 		.ascii	"\014\034\001\021\005\025\011\031\015\035\002\022\006"
 466      05150919 
 466      0D1D0212 
 466      06
 467 1673 160A1A0E 		.ascii	"\026\012\032\016\036\003\023\007\027\013\033\017\037"
 467      1E031307 
 467      170B1B0F 
 467      1F
 468 1680 00100818 		.ascii	"\000\020\010\030\002\022\012\032\004\024\014\034\006"
 468      02120A1A 
 468      04140C1C 
 468      06
 469 168d 160E1E01 		.ascii	"\026\016\036\001\021\011\031\003\023\013\033\005\025"
 469      11091903 
 469      130B1B05 
 469      15
 470 169a 0D1D0717 		.ascii	"\015\035\007\027\017\037\000\020\010\030\001\021\011"
 470      0F1F0010 
 470      08180111 
 470      09
 471 16a7 1904140C 		.ascii	"\031\004\024\014\034\005\025\015\035\002\022\012\032"
 471      1C05150D 
 471      1D02120A 
 471      1A
 472 16b4 03130B1B 		.ascii	"\003\023\013\033\006\026\016\036\007\027\017\037\000"
 472      06160E1E 
 472      07170F1F 
 472      00
 473 16c1 10041402 		.ascii	"\020\004\024\002\022\006\026\010\030\014\034\012\032"
 473      12061608 
 473      180C1C0A 
 473      1A
 474 16ce 0E1E0111 		.ascii	"\016\036\001\021\005\025\003\023\007\027\011\031\015"
 474      05150313 
 474      07170919 
 474      0D
 475 16db 1D0B1B0F 		.ascii	"\035\013\033\017\037\000\020\004\024\001\021\005\025"
 475      1F001004 
ARM GAS  /tmp/ccjrbXqt.s 			page 33


 475      14011105 
 475      15
 476 16e8 08180C1C 		.ascii	"\010\030\014\034\011\031\015\035\002\022\006\026\003"
 476      09190D1D 
 476      02120616 
 476      03
 477 16f5 1307170A 		.ascii	"\023\007\027\012\032\016\036\013\033\017\037\000\010"
 477      1A0E1E0B 
 477      1B0F1F00 
 477      08
 478 1702 1018040C 		.ascii	"\020\030\004\014\024\034\002\012\022\032\006\016\026"
 478      141C020A 
 478      121A060E 
 478      16
 479 170f 1E010911 		.ascii	"\036\001\011\021\031\005\015\025\035\003\013\023\033"
 479      19050D15 
 479      1D030B13 
 479      1B
 480 171c 070F171F 		.ascii	"\007\017\027\037\000\010\020\030\004\014\024\034\001"
 480      00081018 
 480      040C141C 
 480      01
 481 1729 09111905 		.ascii	"\011\021\031\005\015\025\035\002\012\022\032\006\016"
 481      0D151D02 
 481      0A121A06 
 481      0E
 482 1736 161E030B 		.ascii	"\026\036\003\013\023\033\007\017\027\037\000\004\020"
 482      131B070F 
 482      171F0004 
 482      10
 483 1743 14080C18 		.ascii	"\024\010\014\030\034\002\006\022\026\012\016\032\036"
 483      1C020612 
 483      160A0E1A 
 483      1E
 484 1750 01051115 		.ascii	"\001\005\021\025\011\015\031\035\003\007\023\027\013"
 484      090D191D 
 484      03071317 
 484      0B
 485 175d 0F1B1F00 		.ascii	"\017\033\037\000\004\020\024\010\014\030\034\001\005"
 485      04101408 
 485      0C181C01 
 485      05
 486 176a 1115090D 		.ascii	"\021\025\011\015\031\035\002\006\022\026\012\016\032"
 486      191D0206 
 486      12160A0E 
 486      1A
 487 1777 1E030713 		.ascii	"\036\003\007\023\027\013\017\033\037\000\010\020\030"
 487      170B0F1B 
 487      1F000810 
 487      18
 488 1784 020A121A 		.ascii	"\002\012\022\032\004\014\024\034\006\016\026\036\001"
 488      040C141C 
 488      060E161E 
 488      01
 489 1791 09111903 		.ascii	"\011\021\031\003\013\023\033\005\015\025\035\007\017"
 489      0B131B05 
 489      0D151D07 
ARM GAS  /tmp/ccjrbXqt.s 			page 34


 489      0F
 490 179e 171F0008 		.ascii	"\027\037\000\010\020\030\001\011\021\031\004\014\024"
 490      10180109 
 490      1119040C 
 490      14
 491 17ab 1C050D15 		.ascii	"\034\005\015\025\035\002\012\022\032\003\013\023\033"
 491      1D020A12 
 491      1A030B13 
 491      1B
 492 17b8 060E161E 		.ascii	"\006\016\026\036\007\017\027\037\000\004\020\024\002"
 492      070F171F 
 492      00041014 
 492      02
 493 17c5 06121608 		.ascii	"\006\022\026\010\014\030\034\012\016\032\036\001\005"
 493      0C181C0A 
 493      0E1A1E01 
 493      05
 494 17d2 11150307 		.ascii	"\021\025\003\007\023\027\011\015\031\035\013\017\033"
 494      1317090D 
 494      191D0B0F 
 494      1B
 495 17df 1F000410 		.ascii	"\037\000\004\020\024\001\005\021\025\010\014\030\034"
 495      14010511 
 495      15080C18 
 495      1C
 496 17ec 090D191D 		.ascii	"\011\015\031\035\002\006\022\026\003\007\023\027\012"
 496      02061216 
 496      03071317 
 496      0A
 497 17f9 0E1A1E0B 		.ascii	"\016\032\036\013\017\033\037\000\004\002\006\001\005"
 497      0F1B1F00 
 497      04020601 
 497      05
 498 1806 0307080C 		.ascii	"\003\007\010\014\012\016\011\015\013\017\020\024\022"
 498      0A0E090D 
 498      0B0F1014 
 498      12
 499 1813 16111513 		.ascii	"\026\021\025\023\027\030\034\032\036\031\035\033\037"
 499      17181C1A 
 499      1E191D1B 
 499      1F
 500 1820 00040105 		.ascii	"\000\004\001\005\002\006\003\007\010\014\011\015\012"
 500      02060307 
 500      080C090D 
 500      0A
 501 182d 0E0B0F10 		.ascii	"\016\013\017\020\024\021\025\022\026\023\027\030\034"
 501      14111512 
 501      16131718 
 501      1C
 502 183a 191D1A1E 		.ascii	"\031\035\032\036\033\037\000\010\002\012\001\011\003"
 502      1B1F0008 
 502      020A0109 
 502      03
 503 1847 0B040C06 		.ascii	"\013\004\014\006\016\005\015\007\017\020\030\022\032"
 503      0E050D07 
 503      0F101812 
 503      1A
ARM GAS  /tmp/ccjrbXqt.s 			page 35


 504 1854 1119131B 		.ascii	"\021\031\023\033\024\034\026\036\025\035\027\037\000"
 504      141C161E 
 504      151D171F 
 504      00
 505 1861 08010902 		.ascii	"\010\001\011\002\012\003\013\004\014\005\015\006\016"
 505      0A030B04 
 505      0C050D06 
 505      0E
 506 186e 070F1018 		.ascii	"\007\017\020\030\021\031\022\032\023\033\024\034\025"
 506      1119121A 
 506      131B141C 
 506      15
 507 187b 1D161E17 		.ascii	"\035\026\036\027\037\000\002\004\006\001\003\005\007"
 507      1F000204 
 507      06010305 
 507      07
 508 1888 080A0C0E 		.ascii	"\010\012\014\016\011\013\015\017\020\022\024\026\021"
 508      090B0D0F 
 508      10121416 
 508      11
 509 1895 13151718 		.ascii	"\023\025\027\030\032\034\036\031\033\035\037\000\001"
 509      1A1C1E19 
 509      1B1D1F00 
 509      01
 510 18a2 04050203 		.ascii	"\004\005\002\003\006\007\010\011\014\015\012\013\016"
 510      06070809 
 510      0C0D0A0B 
 510      0E
 511 18af 0F101114 		.ascii	"\017\020\021\024\025\022\023\026\027\030\031\034\035"
 511      15121316 
 511      1718191C 
 511      1D
 512 18bc 1A1B1E1F 		.ascii	"\032\033\036\037\000\002\010\012\001\003\011\013\004"
 512      0002080A 
 512      0103090B 
 512      04
 513 18c9 060C0E05 		.ascii	"\006\014\016\005\007\015\017\020\022\030\032\021\023"
 513      070D0F10 
 513      12181A11 
 513      13
 514 18d6 191B1416 		.ascii	"\031\033\024\026\034\036\025\027\035\037\000\001\010"
 514      1C1E1517 
 514      1D1F0001 
 514      08
 515 18e3 0902030A 		.ascii	"\011\002\003\012\013\004\005\014\015\006\007\016\017"
 515      0B04050C 
 515      0D06070E 
 515      0F
 516 18f0 10111819 		.ascii	"\020\021\030\031\022\023\032\033\024\025\034\035\026"
 516      12131A1B 
 516      14151C1D 
 516      16
 517 18fd 171E1F00 		.ascii	"\027\036\037\000\004\002\006\001\005\003\007\020\024"
 517      04020601 
 517      05030710 
 517      14
 518 190a 12161115 		.ascii	"\022\026\021\025\023\027\010\014\012\016\011\015\013"
ARM GAS  /tmp/ccjrbXqt.s 			page 36


 518      1317080C 
 518      0A0E090D 
 518      0B
 519 1917 0F181C1A 		.ascii	"\017\030\034\032\036\031\035\033\037\000\004\001\005"
 519      1E191D1B 
 519      1F000401 
 519      05
 520 1924 02060307 		.ascii	"\002\006\003\007\020\024\021\025\022\026\023\027\010"
 520      10141115 
 520      12161317 
 520      08
 521 1931 0C090D0A 		.ascii	"\014\011\015\012\016\013\017\030\034\031\035\032\036"
 521      0E0B0F18 
 521      1C191D1A 
 521      1E
 522 193e 1B1F0008 		.ascii	"\033\037\000\010\002\012\001\011\003\013\020\030\022"
 522      020A0109 
 522      030B1018 
 522      12
 523 194b 1A111913 		.ascii	"\032\021\031\023\033\004\014\006\016\005\015\007\017"
 523      1B040C06 
 523      0E050D07 
 523      0F
 524 1958 141C161E 		.ascii	"\024\034\026\036\025\035\027\037\000\010\001\011\002"
 524      151D171F 
 524      00080109 
 524      02
 525 1965 0A030B10 		.ascii	"\012\003\013\020\030\021\031\022\032\023\033\004\014"
 525      18111912 
 525      1A131B04 
 525      0C
 526 1972 050D060E 		.ascii	"\005\015\006\016\007\017\024\034\025\035\026\036\027"
 526      070F141C 
 526      151D161E 
 526      17
 527 197f 1F000204 		.ascii	"\037\000\002\004\006\001\003\005\007\020\022\024\026"
 527      06010305 
 527      07101214 
 527      16
 528 198c 11131517 		.ascii	"\021\023\025\027\010\012\014\016\011\013\015\017\030"
 528      080A0C0E 
 528      090B0D0F 
 528      18
 529 1999 1A1C1E19 		.ascii	"\032\034\036\031\033\035\037\000\001\004\005\002\003"
 529      1B1D1F00 
 529      01040502 
 529      03
 530 19a6 06071011 		.ascii	"\006\007\020\021\024\025\022\023\026\027\010\011\014"
 530      14151213 
 530      16170809 
 530      0C
 531 19b3 0D0A0B0E 		.ascii	"\015\012\013\016\017\030\031\034\035\032\033\036\037"
 531      0F18191C 
 531      1D1A1B1E 
 531      1F
 532 19c0 0002080A 		.ascii	"\000\002\010\012\001\003\011\013\020\022\030\032\021"
 532      0103090B 
ARM GAS  /tmp/ccjrbXqt.s 			page 37


 532      1012181A 
 532      11
 533 19cd 13191B04 		.ascii	"\023\031\033\004\006\014\016\005\007\015\017\024\026"
 533      060C0E05 
 533      070D0F14 
 533      16
 534 19da 1C1E1517 		.ascii	"\034\036\025\027\035\037\000\001\010\011\002\003\012"
 534      1D1F0001 
 534      08090203 
 534      0A
 535 19e7 0B101118 		.ascii	"\013\020\021\030\031\022\023\032\033\004\005\014\015"
 535      1912131A 
 535      1B04050C 
 535      0D
 536 19f4 06070E0F 		.ascii	"\006\007\016\017\024\025\034\035\026\027\036\037\000"
 536      14151C1D 
 536      16171E1F 
 536      00
 537 1a01 04020610 		.ascii	"\004\002\006\020\024\022\026\010\014\012\016\030\034"
 537      14121608 
 537      0C0A0E18 
 537      1C
 538 1a0e 1A1E0105 		.ascii	"\032\036\001\005\003\007\021\025\023\027\011\015\013"
 538      03071115 
 538      1317090D 
 538      0B
 539 1a1b 0F191D1B 		.ascii	"\017\031\035\033\037\000\004\001\005\020\024\021\025"
 539      1F000401 
 539      05101411 
 539      15
 540 1a28 080C090D 		.ascii	"\010\014\011\015\030\034\031\035\002\006\003\007\022"
 540      181C191D 
 540      02060307 
 540      12
 541 1a35 1613170A 		.ascii	"\026\023\027\012\016\013\017\032\036\033\037\000\010"
 541      0E0B0F1A 
 541      1E1B1F00 
 541      08
 542 1a42 020A1018 		.ascii	"\002\012\020\030\022\032\004\014\006\016\024\034\026"
 542      121A040C 
 542      060E141C 
 542      16
 543 1a4f 1E010903 		.ascii	"\036\001\011\003\013\021\031\023\033\005\015\007\017"
 543      0B111913 
 543      1B050D07 
 543      0F
 544 1a5c 151D171F 		.ascii	"\025\035\027\037\000\010\001\011\020\030\021\031\004"
 544      00080109 
 544      10181119 
 544      04
 545 1a69 0C050D14 		.ascii	"\014\005\015\024\034\025\035\002\012\003\013\022\032"
 545      1C151D02 
 545      0A030B12 
 545      1A
 546 1a76 131B060E 		.ascii	"\023\033\006\016\007\017\026\036\027\037\000\002\004"
 546      070F161E 
 546      171F0002 
ARM GAS  /tmp/ccjrbXqt.s 			page 38


 546      04
 547 1a83 06101214 		.ascii	"\006\020\022\024\026\010\012\014\016\030\032\034\036"
 547      16080A0C 
 547      0E181A1C 
 547      1E
 548 1a90 01030507 		.ascii	"\001\003\005\007\021\023\025\027\011\013\015\017\031"
 548      11131517 
 548      090B0D0F 
 548      19
 549 1a9d 1B1D1F00 		.ascii	"\033\035\037\000\001\004\005\020\021\024\025\010\011"
 549      01040510 
 549      11141508 
 549      09
 550 1aaa 0C0D1819 		.ascii	"\014\015\030\031\034\035\002\003\006\007\022\023\026"
 550      1C1D0203 
 550      06071213 
 550      16
 551 1ab7 170A0B0E 		.ascii	"\027\012\013\016\017\032\033\036\037\000\002\010\012"
 551      0F1A1B1E 
 551      1F000208 
 551      0A
 552 1ac4 1012181A 		.ascii	"\020\022\030\032\004\006\014\016\024\026\034\036\001"
 552      04060C0E 
 552      14161C1E 
 552      01
 553 1ad1 03090B11 		.ascii	"\003\011\013\021\023\031\033\005\007\015\017\025\027"
 553      13191B05 
 553      070D0F15 
 553      17
 554 1ade 1D1F0001 		.ascii	"\035\037\000\001\010\011\020\021\030\031\004\005\014"
 554      08091011 
 554      18190405 
 554      0C
 555 1aeb 0D14151C 		.ascii	"\015\024\025\034\035\002\003\012\013\022\023\032\033"
 555      1D02030A 
 555      0B12131A 
 555      1B
 556 1af8 06070E0F 		.ascii	"\006\007\016\017\026\027\036\037\000\004\002\006\010"
 556      16171E1F 
 556      00040206 
 556      08
 557 1b05 0C0A0E10 		.ascii	"\014\012\016\020\024\022\026\030\034\032\036\001\005"
 557      14121618 
 557      1C1A1E01 
 557      05
 558 1b12 0307090D 		.ascii	"\003\007\011\015\013\017\021\025\023\027\031\035\033"
 558      0B0F1115 
 558      1317191D 
 558      1B
 559 1b1f 1F000401 		.ascii	"\037\000\004\001\005\010\014\011\015\020\024\021\025"
 559      05080C09 
 559      0D101411 
 559      15
 560 1b2c 181C191D 		.ascii	"\030\034\031\035\002\006\003\007\012\016\013\017\022"
 560      02060307 
 560      0A0E0B0F 
 560      12
ARM GAS  /tmp/ccjrbXqt.s 			page 39


 561 1b39 1613171A 		.ascii	"\026\023\027\032\036\033\037\000\010\002\012\004\014"
 561      1E1B1F00 
 561      08020A04 
 561      0C
 562 1b46 060E1018 		.ascii	"\006\016\020\030\022\032\024\034\026\036\001\011\003"
 562      121A141C 
 562      161E0109 
 562      03
 563 1b53 0B050D07 		.ascii	"\013\005\015\007\017\021\031\023\033\025\035\027\037"
 563      0F111913 
 563      1B151D17 
 563      1F
 564 1b60 00080109 		.ascii	"\000\010\001\011\004\014\005\015\020\030\021\031\024"
 564      040C050D 
 564      10181119 
 564      14
 565 1b6d 1C151D02 		.ascii	"\034\025\035\002\012\003\013\006\016\007\017\022\032"
 565      0A030B06 
 565      0E070F12 
 565      1A
 566 1b7a 131B161E 		.ascii	"\023\033\026\036\027\037\000\002\004\006\010\012\014"
 566      171F0002 
 566      0406080A 
 566      0C
 567 1b87 0E101214 		.ascii	"\016\020\022\024\026\030\032\034\036\001\003\005\007"
 567      16181A1C 
 567      1E010305 
 567      07
 568 1b94 090B0D0F 		.ascii	"\011\013\015\017\021\023\025\027\031\033\035\037\000"
 568      11131517 
 568      191B1D1F 
 568      00
 569 1ba1 01040508 		.ascii	"\001\004\005\010\011\014\015\020\021\024\025\030\031"
 569      090C0D10 
 569      11141518 
 569      19
 570 1bae 1C1D0203 		.ascii	"\034\035\002\003\006\007\012\013\016\017\022\023\026"
 570      06070A0B 
 570      0E0F1213 
 570      16
 571 1bbb 171A1B1E 		.ascii	"\027\032\033\036\037\000\002\010\012\004\006\014\016"
 571      1F000208 
 571      0A04060C 
 571      0E
 572 1bc8 1012181A 		.ascii	"\020\022\030\032\024\026\034\036\001\003\011\013\005"
 572      14161C1E 
 572      0103090B 
 572      05
 573 1bd5 070D0F11 		.ascii	"\007\015\017\021\023\031\033\025\027\035\037\000\001"
 573      13191B15 
 573      171D1F00 
 573      01
 574 1be2 08090405 		.ascii	"\010\011\004\005\014\015\020\021\030\031\024\025\034"
 574      0C0D1011 
 574      18191415 
 574      1C
 575 1bef 1D02030A 		.ascii	"\035\002\003\012\013\006\007\016\017\022\023\032\033"
ARM GAS  /tmp/ccjrbXqt.s 			page 40


 575      0B06070E 
 575      0F12131A 
 575      1B
 576 1bfc 16171E1F 		.ascii	"\026\027\036\037\000\004\010\014\001\005\011\015\002"
 576      0004080C 
 576      0105090D 
 576      02
 577 1c09 060A0E03 		.ascii	"\006\012\016\003\007\013\017\020\024\030\034\021\025"
 577      070B0F10 
 577      14181C11 
 577      15
 578 1c16 191D1216 		.ascii	"\031\035\022\026\032\036\023\027\033\037\000\004\010"
 578      1A1E1317 
 578      1B1F0004 
 578      08
 579 1c23 0C02060A 		.ascii	"\014\002\006\012\016\001\005\011\015\003\007\013\017"
 579      0E010509 
 579      0D03070B 
 579      0F
 580 1c30 1014181C 		.ascii	"\020\024\030\034\022\026\032\036\021\025\031\035\023"
 580      12161A1E 
 580      1115191D 
 580      13
 581 1c3d 171B1F00 		.ascii	"\027\033\037\000\010\004\014\001\011\005\015\002\012"
 581      08040C01 
 581      09050D02 
 581      0A
 582 1c4a 060E030B 		.ascii	"\006\016\003\013\007\017\020\030\024\034\021\031\025"
 582      070F1018 
 582      141C1119 
 582      15
 583 1c57 1D121A16 		.ascii	"\035\022\032\026\036\023\033\027\037\000\010\004\014"
 583      1E131B17 
 583      1F000804 
 583      0C
 584 1c64 020A060E 		.ascii	"\002\012\006\016\001\011\005\015\003\013\007\017\020"
 584      0109050D 
 584      030B070F 
 584      10
 585 1c71 18141C12 		.ascii	"\030\024\034\022\032\026\036\021\031\025\035\023\033"
 585      1A161E11 
 585      19151D13 
 585      1B
 586 1c7e 171F0002 		.ascii	"\027\037\000\002\010\012\001\003\011\013\004\006\014"
 586      080A0103 
 586      090B0406 
 586      0C
 587 1c8b 0E05070D 		.ascii	"\016\005\007\015\017\020\022\030\032\021\023\031\033"
 587      0F101218 
 587      1A111319 
 587      1B
 588 1c98 14161C1E 		.ascii	"\024\026\034\036\025\027\035\037\000\001\010\011\002"
 588      15171D1F 
 588      00010809 
 588      02
 589 1ca5 030A0B04 		.ascii	"\003\012\013\004\005\014\015\006\007\016\017\020\021"
 589      050C0D06 
ARM GAS  /tmp/ccjrbXqt.s 			page 41


 589      070E0F10 
 589      11
 590 1cb2 18191213 		.ascii	"\030\031\022\023\032\033\024\025\034\035\026\027\036"
 590      1A1B1415 
 590      1C1D1617 
 590      1E
 591 1cbf 1F000204 		.ascii	"\037\000\002\004\006\001\003\005\007\010\012\014\016"
 591      06010305 
 591      07080A0C 
 591      0E
 592 1ccc 090B0D0F 		.ascii	"\011\013\015\017\020\022\024\026\021\023\025\027\030"
 592      10121416 
 592      11131517 
 592      18
 593 1cd9 1A1C1E19 		.ascii	"\032\034\036\031\033\035\037\000\001\004\005\002\003"
 593      1B1D1F00 
 593      01040502 
 593      03
 594 1ce6 06070809 		.ascii	"\006\007\010\011\014\015\012\013\016\017\020\021\024"
 594      0C0D0A0B 
 594      0E0F1011 
 594      14
 595 1cf3 15121316 		.ascii	"\025\022\023\026\027\030\031\034\035\032\033\036\037"
 595      1718191C 
 595      1D1A1B1E 
 595      1F
 596 1d00 00041014 		.ascii	"\000\004\020\024\001\005\021\025\002\006\022\026\003"
 596      01051115 
 596      02061216 
 596      03
 597 1d0d 07131708 		.ascii	"\007\023\027\010\014\030\034\011\015\031\035\012\016"
 597      0C181C09 
 597      0D191D0A 
 597      0E
 598 1d1a 1A1E0B0F 		.ascii	"\032\036\013\017\033\037\000\004\020\024\002\006\022"
 598      1B1F0004 
 598      10140206 
 598      12
 599 1d27 16010511 		.ascii	"\026\001\005\021\025\003\007\023\027\010\014\030\034"
 599      15030713 
 599      17080C18 
 599      1C
 600 1d34 0A0E1A1E 		.ascii	"\012\016\032\036\011\015\031\035\013\017\033\037\000"
 600      090D191D 
 600      0B0F1B1F 
 600      00
 601 1d41 08101801 		.ascii	"\010\020\030\001\011\021\031\002\012\022\032\003\013"
 601      09111902 
 601      0A121A03 
 601      0B
 602 1d4e 131B040C 		.ascii	"\023\033\004\014\024\034\005\015\025\035\006\016\026"
 602      141C050D 
 602      151D060E 
 602      16
 603 1d5b 1E070F17 		.ascii	"\036\007\017\027\037\000\010\020\030\002\012\022\032"
 603      1F000810 
 603      18020A12 
ARM GAS  /tmp/ccjrbXqt.s 			page 42


 603      1A
 604 1d68 01091119 		.ascii	"\001\011\021\031\003\013\023\033\004\014\024\034\006"
 604      030B131B 
 604      040C141C 
 604      06
 605 1d75 0E161E05 		.ascii	"\016\026\036\005\015\025\035\007\017\027\037\000\002"
 605      0D151D07 
 605      0F171F00 
 605      02
 606 1d82 10120103 		.ascii	"\020\022\001\003\021\023\004\006\024\026\005\007\025"
 606      11130406 
 606      14160507 
 606      15
 607 1d8f 17080A18 		.ascii	"\027\010\012\030\032\011\013\031\033\014\016\034\036"
 607      1A090B19 
 607      1B0C0E1C 
 607      1E
 608 1d9c 0D0F1D1F 		.ascii	"\015\017\035\037\000\001\020\021\002\003\022\023\004"
 608      00011011 
 608      02031213 
 608      04
 609 1da9 05141506 		.ascii	"\005\024\025\006\007\026\027\010\011\030\031\012\013"
 609      07161708 
 609      0918190A 
 609      0B
 610 1db6 1A1B0C0D 		.ascii	"\032\033\014\015\034\035\016\017\036\037\000\002\020"
 610      1C1D0E0F 
 610      1E1F0002 
 610      10
 611 1dc3 12010311 		.ascii	"\022\001\003\021\023\010\012\030\032\011\013\031\033"
 611      13080A18 
 611      1A090B19 
 611      1B
 612 1dd0 04061416 		.ascii	"\004\006\024\026\005\007\025\027\014\016\034\036\015"
 612      05071517 
 612      0C0E1C1E 
 612      0D
 613 1ddd 0F1D1F00 		.ascii	"\017\035\037\000\001\020\021\002\003\022\023\010\011"
 613      01101102 
 613      03121308 
 613      09
 614 1dea 18190A0B 		.ascii	"\030\031\012\013\032\033\004\005\024\025\006\007\026"
 614      1A1B0405 
 614      14150607 
 614      16
 615 1df7 170C0D1C 		.ascii	"\027\014\015\034\035\016\017\036\037\000\004\010\014"
 615      1D0E0F1E 
 615      1F000408 
 615      0C
 616 1e04 1014181C 		.ascii	"\020\024\030\034\002\006\012\016\022\026\032\036\001"
 616      02060A0E 
 616      12161A1E 
 616      01
 617 1e11 05090D11 		.ascii	"\005\011\015\021\025\031\035\003\007\013\017\023\027"
 617      15191D03 
 617      070B0F13 
 617      17
ARM GAS  /tmp/ccjrbXqt.s 			page 43


 618 1e1e 1B1F0004 		.ascii	"\033\037\000\004\010\014\020\024\030\034\001\005\011"
 618      080C1014 
 618      181C0105 
 618      09
 619 1e2b 0D111519 		.ascii	"\015\021\025\031\035\002\006\012\016\022\026\032\036"
 619      1D02060A 
 619      0E12161A 
 619      1E
 620 1e38 03070B0F 		.ascii	"\003\007\013\017\023\027\033\037\000\010\004\014\020"
 620      13171B1F 
 620      0008040C 
 620      10
 621 1e45 18141C02 		.ascii	"\030\024\034\002\012\006\016\022\032\026\036\001\011"
 621      0A060E12 
 621      1A161E01 
 621      09
 622 1e52 050D1119 		.ascii	"\005\015\021\031\025\035\003\013\007\017\023\033\027"
 622      151D030B 
 622      070F131B 
 622      17
 623 1e5f 1F000804 		.ascii	"\037\000\010\004\014\020\030\024\034\001\011\005\015"
 623      0C101814 
 623      1C010905 
 623      0D
 624 1e6c 1119151D 		.ascii	"\021\031\025\035\002\012\006\016\022\032\026\036\003"
 624      020A060E 
 624      121A161E 
 624      03
 625 1e79 0B070F13 		.ascii	"\013\007\017\023\033\027\037\000\002\010\012\020\022"
 625      1B171F00 
 625      02080A10 
 625      12
 626 1e86 181A0406 		.ascii	"\030\032\004\006\014\016\024\026\034\036\001\003\011"
 626      0C0E1416 
 626      1C1E0103 
 626      09
 627 1e93 0B111319 		.ascii	"\013\021\023\031\033\005\007\015\017\025\027\035\037"
 627      1B05070D 
 627      0F15171D 
 627      1F
 628 1ea0 00010809 		.ascii	"\000\001\010\011\020\021\030\031\004\005\014\015\024"
 628      10111819 
 628      04050C0D 
 628      14
 629 1ead 151C1D02 		.ascii	"\025\034\035\002\003\012\013\022\023\032\033\006\007"
 629      030A0B12 
 629      131A1B06 
 629      07
 630 1eba 0E0F1617 		.ascii	"\016\017\026\027\036\037\000\002\004\006\020\022\024"
 630      1E1F0002 
 630      04061012 
 630      14
 631 1ec7 16080A0C 		.ascii	"\026\010\012\014\016\030\032\034\036\001\003\005\007"
 631      0E181A1C 
 631      1E010305 
 631      07
 632 1ed4 11131517 		.ascii	"\021\023\025\027\011\013\015\017\031\033\035\037\000"
ARM GAS  /tmp/ccjrbXqt.s 			page 44


 632      090B0D0F 
 632      191B1D1F 
 632      00
 633 1ee1 01040510 		.ascii	"\001\004\005\020\021\024\025\010\011\014\015\030\031"
 633      11141508 
 633      090C0D18 
 633      19
 634 1eee 1C1D0203 		.ascii	"\034\035\002\003\006\007\022\023\026\027\012\013\016"
 634      06071213 
 634      16170A0B 
 634      0E
 635 1efb 0F1A1B1E 		.ascii	"\017\032\033\036\037\000\004\020\024\010\014\030\034"
 635      1F000410 
 635      14080C18 
 635      1C
 636 1f08 02061216 		.ascii	"\002\006\022\026\012\016\032\036\001\005\021\025\011"
 636      0A0E1A1E 
 636      01051115 
 636      09
 637 1f15 0D191D03 		.ascii	"\015\031\035\003\007\023\027\013\017\033\037\000\004"
 637      0713170B 
 637      0F1B1F00 
 637      04
 638 1f22 1014080C 		.ascii	"\020\024\010\014\030\034\001\005\021\025\011\015\031"
 638      181C0105 
 638      1115090D 
 638      19
 639 1f2f 1D020612 		.ascii	"\035\002\006\022\026\012\016\032\036\003\007\023\027"
 639      160A0E1A 
 639      1E030713 
 639      17
 640 1f3c 0B0F1B1F 		.ascii	"\013\017\033\037\000\010\020\030\004\014\024\034\002"
 640      00081018 
 640      040C141C 
 640      02
 641 1f49 0A121A06 		.ascii	"\012\022\032\006\016\026\036\001\011\021\031\005\015"
 641      0E161E01 
 641      09111905 
 641      0D
 642 1f56 151D030B 		.ascii	"\025\035\003\013\023\033\007\017\027\037\000\010\020"
 642      131B070F 
 642      171F0008 
 642      10
 643 1f63 18040C14 		.ascii	"\030\004\014\024\034\001\011\021\031\005\015\025\035"
 643      1C010911 
 643      19050D15 
 643      1D
 644 1f70 020A121A 		.ascii	"\002\012\022\032\006\016\026\036\003\013\023\033\007"
 644      060E161E 
 644      030B131B 
 644      07
 645 1f7d 0F171F00 		.ascii	"\017\027\037\000\002\020\022\010\012\030\032\004\006"
 645      02101208 
 645      0A181A04 
 645      06
 646 1f8a 14160C0E 		.ascii	"\024\026\014\016\034\036\001\003\021\023\011\013\031"
 646      1C1E0103 
ARM GAS  /tmp/ccjrbXqt.s 			page 45


 646      1113090B 
 646      19
 647 1f97 1B050715 		.ascii	"\033\005\007\025\027\015\017\035\037\000\001\020\021"
 647      170D0F1D 
 647      1F000110 
 647      11
 648 1fa4 08091819 		.ascii	"\010\011\030\031\004\005\024\025\014\015\034\035\002"
 648      04051415 
 648      0C0D1C1D 
 648      02
 649 1fb1 0312130A 		.ascii	"\003\022\023\012\013\032\033\006\007\026\027\016\017"
 649      0B1A1B06 
 649      0716170E 
 649      0F
 650 1fbe 1E1F0002 		.ascii	"\036\037\000\002\020\022\004\006\024\026\010\012\030"
 650      10120406 
 650      1416080A 
 650      18
 651 1fcb 1A0C0E1C 		.ascii	"\032\014\016\034\036\001\003\021\023\005\007\025\027"
 651      1E010311 
 651      13050715 
 651      17
 652 1fd8 090B191B 		.ascii	"\011\013\031\033\015\017\035\037\000\001\020\021\004"
 652      0D0F1D1F 
 652      00011011 
 652      04
 653 1fe5 05141508 		.ascii	"\005\024\025\010\011\030\031\014\015\034\035\002\003"
 653      0918190C 
 653      0D1C1D02 
 653      03
 654 1ff2 12130607 		.ascii	"\022\023\006\007\026\027\012\013\032\033\016\017\036"
 654      16170A0B 
 654      1A1B0E0F 
 654      1E
 655 1fff 1F       		.ascii	"\037"
 656              		.text
 657              	.Letext0:
 658              		.file 2 "/usr/arm-none-eabi/include/machine/_default_types.h"
 659              		.file 3 "/usr/arm-none-eabi/include/sys/_stdint.h"
ARM GAS  /tmp/ccjrbXqt.s 			page 46


DEFINED SYMBOLS
                            *ABS*:00000000 perm5.c
     /tmp/ccjrbXqt.s:23     .rodata:00000000 perm5_lut
     /tmp/ccjrbXqt.s:20     .rodata:00000000 $d

NO UNDEFINED SYMBOLS
